<!doctype html public "-//w3c//dtd html 4.0 transitional//en">
<html><head>
<title>Static Call Graph - [OSAHS_project\OSAHS_project.axf]</title></head>
<body><HR>
<H1>Static Call Graph for image OSAHS_project\OSAHS_project.axf</H1><HR>
<BR><P>#&#060CALLGRAPH&#062# ARM Linker, 5060061: Last Updated: Sat Jul 23 21:42:33 2022
<BR><P>
<H3>Maximum Stack Usage =        984 bytes + Unknown(Functions without stacksize, Cycles, Untraceable Function Pointers)</H3><H3>
Call chain for Maximum Stack Depth:</H3>
StartADS_Task &rArr; ADS_RDATA &rArr; transferSPI &rArr; HAL_SPI_TransmitReceive &rArr; SPI_EndRxTxTransaction &rArr; SPI_WaitFlagStateUntilTimeout
<P>
<H3>
Functions with no stack information
</H3><UL>
 <LI><a href="#[84]">M8266WIFI_SPI_Interface_Communication_Stress_Test</a>
 <LI><a href="#[85]">M8266WIFI_SPI_Send_Data</a>
 <LI><a href="#[87]">M8266WIFI_SPI_Send_Udp_Data</a>
 <LI><a href="#[88]">M8266WIFI_SPI_Send_Data_to_TcpClient</a>
 <LI><a href="#[89]">M8266WIFI_SPI_StartModuleSmartConfig</a>
 <LI><a href="#[9f]">M8266HostIf_SPI_Select</a>
 <LI><a href="#[a1]">M8266WIFI_SPI_Config_STA_Param</a>
 <LI><a href="#[a2]">M8266WIFI_SPI_Delete_Connection</a>
 <LI><a href="#[a0]">M8266WIFI_SPI_Get_Module_Info</a>
 <LI><a href="#[a3]">M8266WIFI_SPI_Get_Opmode</a>
 <LI><a href="#[a4]">M8266WIFI_SPI_Get_STA_Connection_Status</a>
 <LI><a href="#[a5]">M8266WIFI_SPI_Get_STA_IP_Addr</a>
 <LI><a href="#[9b]">M8266WIFI_SPI_Query_Connection</a>
 <LI><a href="#[a6]">M8266WIFI_SPI_Query_Tcp_Mss</a>
 <LI><a href="#[a7]">M8266WIFI_SPI_Query_Tcp_Window_num</a>
 <LI><a href="#[a8]">M8266WIFI_SPI_STA_Connect_Ap</a>
 <LI><a href="#[a9]">M8266WIFI_SPI_STA_DisConnect_Ap</a>
 <LI><a href="#[98]">M8266WIFI_SPI_STA_Get_HostIP_by_HostName</a>
 <LI><a href="#[aa]">M8266WIFI_SPI_Send_BlockData</a>
 <LI><a href="#[ab]">M8266WIFI_SPI_Set_Opmode</a>
 <LI><a href="#[ac]">M8266WIFI_SPI_Setup_Connection</a>
 <LI><a href="#[76]">M8266WIFI_SPI_ffwsbza</a>
 <LI><a href="#[78]">M8266WIFI_SPI_hjdxctmm</a>
 <LI><a href="#[79]">M8266WIFI_SPI_gbcwzsr</a>
 <LI><a href="#[7b]">M8266WIFI_SPI_szbcxst</a>
 <LI><a href="#[7c]">M8266WIFI_SPI_ssut</a>
 <LI><a href="#[7d]">M8266WIFI_SPI_wscbf</a>
 <LI><a href="#[7e]">M8266WIFI_SPI_twsfad</a>
 <LI><a href="#[7f]">M8266WIFI_SPI_pirouaw.part.3</a>
 <LI><a href="#[81]">fvcp.constprop.25</a>
 <LI><a href="#[80]">fvdnstap</a>
 <LI><a href="#[82]">M8266WIFI_SPI_skbldxsj</a>
 <LI><a href="#[83]">M8266WIFI_SPI_ssmd</a>
 <LI><a href="#[9d]">M8266WIFI_SPI_capstp</a>
 <LI><a href="#[9e]">M8266WIFI_SPI_sptdt</a>
 <LI><a href="#[99]">M8266WIFI_SPI_qacal</a>
 <LI><a href="#[9c]">M8266WIFI_SPI_qtpsp</a>
 <LI><a href="#[86]">M8266WIFI_SPI_sdfal</a>
 <LI><a href="#[9a]">M8266WIFI_SPI_dlodc</a>
</UL>
</UL>
<P>
<H3>
Mutually Recursive functions
</H3> <LI><a href="#[1c]">ADC_IRQHandler</a>&nbsp;&nbsp;&nbsp;&rArr;&nbsp;&nbsp;&nbsp;<a href="#[1c]">ADC_IRQHandler</a><BR>
</UL>
<P>
<H3>
Function Pointers
</H3><UL>
 <LI><a href="#[5e]">ADC_DMAConvCplt</a> from stm32f4xx_hal_adc.o(i.ADC_DMAConvCplt) referenced from stm32f4xx_hal_adc.o(i.HAL_ADC_Start_DMA)
 <LI><a href="#[60]">ADC_DMAError</a> from stm32f4xx_hal_adc.o(i.ADC_DMAError) referenced from stm32f4xx_hal_adc.o(i.HAL_ADC_Start_DMA)
 <LI><a href="#[5f]">ADC_DMAHalfConvCplt</a> from stm32f4xx_hal_adc.o(i.ADC_DMAHalfConvCplt) referenced from stm32f4xx_hal_adc.o(i.HAL_ADC_Start_DMA)
 <LI><a href="#[1c]">ADC_IRQHandler</a> from startup_stm32f407xx.o(.text) referenced from startup_stm32f407xx.o(RESET)
 <LI><a href="#[4]">BusFault_Handler</a> from stm32f4xx_it.o(i.BusFault_Handler) referenced from startup_stm32f407xx.o(RESET)
 <LI><a href="#[1e]">CAN1_RX0_IRQHandler</a> from startup_stm32f407xx.o(.text) referenced from startup_stm32f407xx.o(RESET)
 <LI><a href="#[1f]">CAN1_RX1_IRQHandler</a> from startup_stm32f407xx.o(.text) referenced from startup_stm32f407xx.o(RESET)
 <LI><a href="#[20]">CAN1_SCE_IRQHandler</a> from startup_stm32f407xx.o(.text) referenced from startup_stm32f407xx.o(RESET)
 <LI><a href="#[1d]">CAN1_TX_IRQHandler</a> from startup_stm32f407xx.o(.text) referenced from startup_stm32f407xx.o(RESET)
 <LI><a href="#[4a]">CAN2_RX0_IRQHandler</a> from startup_stm32f407xx.o(.text) referenced from startup_stm32f407xx.o(RESET)
 <LI><a href="#[4b]">CAN2_RX1_IRQHandler</a> from startup_stm32f407xx.o(.text) referenced from startup_stm32f407xx.o(RESET)
 <LI><a href="#[4c]">CAN2_SCE_IRQHandler</a> from startup_stm32f407xx.o(.text) referenced from startup_stm32f407xx.o(RESET)
 <LI><a href="#[49]">CAN2_TX_IRQHandler</a> from startup_stm32f407xx.o(.text) referenced from startup_stm32f407xx.o(RESET)
 <LI><a href="#[58]">DCMI_IRQHandler</a> from startup_stm32f407xx.o(.text) referenced from startup_stm32f407xx.o(RESET)
 <LI><a href="#[15]">DMA1_Stream0_IRQHandler</a> from stm32f4xx_it.o(i.DMA1_Stream0_IRQHandler) referenced from startup_stm32f407xx.o(RESET)
 <LI><a href="#[16]">DMA1_Stream1_IRQHandler</a> from stm32f4xx_it.o(i.DMA1_Stream1_IRQHandler) referenced from startup_stm32f407xx.o(RESET)
 <LI><a href="#[17]">DMA1_Stream2_IRQHandler</a> from startup_stm32f407xx.o(.text) referenced from startup_stm32f407xx.o(RESET)
 <LI><a href="#[18]">DMA1_Stream3_IRQHandler</a> from startup_stm32f407xx.o(.text) referenced from startup_stm32f407xx.o(RESET)
 <LI><a href="#[19]">DMA1_Stream4_IRQHandler</a> from startup_stm32f407xx.o(.text) referenced from startup_stm32f407xx.o(RESET)
 <LI><a href="#[1a]">DMA1_Stream5_IRQHandler</a> from stm32f4xx_it.o(i.DMA1_Stream5_IRQHandler) referenced from startup_stm32f407xx.o(RESET)
 <LI><a href="#[1b]">DMA1_Stream6_IRQHandler</a> from startup_stm32f407xx.o(.text) referenced from startup_stm32f407xx.o(RESET)
 <LI><a href="#[39]">DMA1_Stream7_IRQHandler</a> from startup_stm32f407xx.o(.text) referenced from startup_stm32f407xx.o(RESET)
 <LI><a href="#[42]">DMA2_Stream0_IRQHandler</a> from startup_stm32f407xx.o(.text) referenced from startup_stm32f407xx.o(RESET)
 <LI><a href="#[43]">DMA2_Stream1_IRQHandler</a> from startup_stm32f407xx.o(.text) referenced from startup_stm32f407xx.o(RESET)
 <LI><a href="#[44]">DMA2_Stream2_IRQHandler</a> from stm32f4xx_it.o(i.DMA2_Stream2_IRQHandler) referenced from startup_stm32f407xx.o(RESET)
 <LI><a href="#[45]">DMA2_Stream3_IRQHandler</a> from startup_stm32f407xx.o(.text) referenced from startup_stm32f407xx.o(RESET)
 <LI><a href="#[46]">DMA2_Stream4_IRQHandler</a> from stm32f4xx_it.o(i.DMA2_Stream4_IRQHandler) referenced from startup_stm32f407xx.o(RESET)
 <LI><a href="#[4e]">DMA2_Stream5_IRQHandler</a> from startup_stm32f407xx.o(.text) referenced from startup_stm32f407xx.o(RESET)
 <LI><a href="#[4f]">DMA2_Stream6_IRQHandler</a> from startup_stm32f407xx.o(.text) referenced from startup_stm32f407xx.o(RESET)
 <LI><a href="#[50]">DMA2_Stream7_IRQHandler</a> from startup_stm32f407xx.o(.text) referenced from startup_stm32f407xx.o(RESET)
 <LI><a href="#[7]">DebugMon_Handler</a> from stm32f4xx_it.o(i.DebugMon_Handler) referenced from startup_stm32f407xx.o(RESET)
 <LI><a href="#[47]">ETH_IRQHandler</a> from startup_stm32f407xx.o(.text) referenced from startup_stm32f407xx.o(RESET)
 <LI><a href="#[48]">ETH_WKUP_IRQHandler</a> from startup_stm32f407xx.o(.text) referenced from startup_stm32f407xx.o(RESET)
 <LI><a href="#[10]">EXTI0_IRQHandler</a> from startup_stm32f407xx.o(.text) referenced from startup_stm32f407xx.o(RESET)
 <LI><a href="#[32]">EXTI15_10_IRQHandler</a> from stm32f4xx_it.o(i.EXTI15_10_IRQHandler) referenced from startup_stm32f407xx.o(RESET)
 <LI><a href="#[11]">EXTI1_IRQHandler</a> from startup_stm32f407xx.o(.text) referenced from startup_stm32f407xx.o(RESET)
 <LI><a href="#[12]">EXTI2_IRQHandler</a> from startup_stm32f407xx.o(.text) referenced from startup_stm32f407xx.o(RESET)
 <LI><a href="#[13]">EXTI3_IRQHandler</a> from startup_stm32f407xx.o(.text) referenced from startup_stm32f407xx.o(RESET)
 <LI><a href="#[14]">EXTI4_IRQHandler</a> from startup_stm32f407xx.o(.text) referenced from startup_stm32f407xx.o(RESET)
 <LI><a href="#[21]">EXTI9_5_IRQHandler</a> from startup_stm32f407xx.o(.text) referenced from startup_stm32f407xx.o(RESET)
 <LI><a href="#[e]">FLASH_IRQHandler</a> from startup_stm32f407xx.o(.text) referenced from startup_stm32f407xx.o(RESET)
 <LI><a href="#[3a]">FMC_IRQHandler</a> from startup_stm32f407xx.o(.text) referenced from startup_stm32f407xx.o(RESET)
 <LI><a href="#[5a]">FPU_IRQHandler</a> from startup_stm32f407xx.o(.text) referenced from startup_stm32f407xx.o(RESET)
 <LI><a href="#[59]">HASH_RNG_IRQHandler</a> from startup_stm32f407xx.o(.text) referenced from startup_stm32f407xx.o(RESET)
 <LI><a href="#[2]">HardFault_Handler</a> from stm32f4xx_it.o(i.HardFault_Handler) referenced from startup_stm32f407xx.o(RESET)
 <LI><a href="#[2a]">I2C1_ER_IRQHandler</a> from startup_stm32f407xx.o(.text) referenced from startup_stm32f407xx.o(RESET)
 <LI><a href="#[29]">I2C1_EV_IRQHandler</a> from startup_stm32f407xx.o(.text) referenced from startup_stm32f407xx.o(RESET)
 <LI><a href="#[2c]">I2C2_ER_IRQHandler</a> from startup_stm32f407xx.o(.text) referenced from startup_stm32f407xx.o(RESET)
 <LI><a href="#[2b]">I2C2_EV_IRQHandler</a> from startup_stm32f407xx.o(.text) referenced from startup_stm32f407xx.o(RESET)
 <LI><a href="#[53]">I2C3_ER_IRQHandler</a> from startup_stm32f407xx.o(.text) referenced from startup_stm32f407xx.o(RESET)
 <LI><a href="#[52]">I2C3_EV_IRQHandler</a> from startup_stm32f407xx.o(.text) referenced from startup_stm32f407xx.o(RESET)
 <LI><a href="#[3]">MemManage_Handler</a> from stm32f4xx_it.o(i.MemManage_Handler) referenced from startup_stm32f407xx.o(RESET)
 <LI><a href="#[1]">NMI_Handler</a> from stm32f4xx_it.o(i.NMI_Handler) referenced from startup_stm32f407xx.o(RESET)
 <LI><a href="#[4d]">OTG_FS_IRQHandler</a> from startup_stm32f407xx.o(.text) referenced from startup_stm32f407xx.o(RESET)
 <LI><a href="#[34]">OTG_FS_WKUP_IRQHandler</a> from startup_stm32f407xx.o(.text) referenced from startup_stm32f407xx.o(RESET)
 <LI><a href="#[55]">OTG_HS_EP1_IN_IRQHandler</a> from startup_stm32f407xx.o(.text) referenced from startup_stm32f407xx.o(RESET)
 <LI><a href="#[54]">OTG_HS_EP1_OUT_IRQHandler</a> from startup_stm32f407xx.o(.text) referenced from startup_stm32f407xx.o(RESET)
 <LI><a href="#[57]">OTG_HS_IRQHandler</a> from startup_stm32f407xx.o(.text) referenced from startup_stm32f407xx.o(RESET)
 <LI><a href="#[56]">OTG_HS_WKUP_IRQHandler</a> from startup_stm32f407xx.o(.text) referenced from startup_stm32f407xx.o(RESET)
 <LI><a href="#[b]">PVD_IRQHandler</a> from startup_stm32f407xx.o(.text) referenced from startup_stm32f407xx.o(RESET)
 <LI><a href="#[8]">PendSV_Handler</a> from port.o(.emb_text) referenced from startup_stm32f407xx.o(RESET)
 <LI><a href="#[f]">RCC_IRQHandler</a> from startup_stm32f407xx.o(.text) referenced from startup_stm32f407xx.o(RESET)
 <LI><a href="#[33]">RTC_Alarm_IRQHandler</a> from startup_stm32f407xx.o(.text) referenced from startup_stm32f407xx.o(RESET)
 <LI><a href="#[d]">RTC_WKUP_IRQHandler</a> from startup_stm32f407xx.o(.text) referenced from startup_stm32f407xx.o(RESET)
 <LI><a href="#[0]">Reset_Handler</a> from startup_stm32f407xx.o(.text) referenced from startup_stm32f407xx.o(RESET)
 <LI><a href="#[3b]">SDIO_IRQHandler</a> from startup_stm32f407xx.o(.text) referenced from startup_stm32f407xx.o(RESET)
 <LI><a href="#[62]">SD_DMAError</a> from stm32f4xx_hal_sd.o(i.SD_DMAError) referenced from stm32f4xx_hal_sd.o(i.HAL_SD_ReadBlocks_DMA)
 <LI><a href="#[62]">SD_DMAError</a> from stm32f4xx_hal_sd.o(i.SD_DMAError) referenced from stm32f4xx_hal_sd.o(i.HAL_SD_WriteBlocks_DMA)
 <LI><a href="#[61]">SD_DMAReceiveCplt</a> from stm32f4xx_hal_sd.o(i.SD_DMAReceiveCplt) referenced from stm32f4xx_hal_sd.o(i.HAL_SD_ReadBlocks_DMA)
 <LI><a href="#[63]">SD_DMATransmitCplt</a> from stm32f4xx_hal_sd.o(i.SD_DMATransmitCplt) referenced from stm32f4xx_hal_sd.o(i.HAL_SD_WriteBlocks_DMA)
 <LI><a href="#[6e]">SD_initialize</a> from sd_diskio.o(i.SD_initialize) referenced from sd_diskio.o(.constdata)
 <LI><a href="#[72]">SD_ioctl</a> from sd_diskio.o(i.SD_ioctl) referenced from sd_diskio.o(.constdata)
 <LI><a href="#[70]">SD_read</a> from sd_diskio.o(i.SD_read) referenced from sd_diskio.o(.constdata)
 <LI><a href="#[6f]">SD_status</a> from sd_diskio.o(i.SD_status) referenced from sd_diskio.o(.constdata)
 <LI><a href="#[71]">SD_write</a> from sd_diskio.o(i.SD_write) referenced from sd_diskio.o(.constdata)
 <LI><a href="#[2d]">SPI1_IRQHandler</a> from startup_stm32f407xx.o(.text) referenced from startup_stm32f407xx.o(RESET)
 <LI><a href="#[2e]">SPI2_IRQHandler</a> from startup_stm32f407xx.o(.text) referenced from startup_stm32f407xx.o(RESET)
 <LI><a href="#[3d]">SPI3_IRQHandler</a> from startup_stm32f407xx.o(.text) referenced from startup_stm32f407xx.o(RESET)
 <LI><a href="#[6]">SVC_Handler</a> from port.o(.emb_text) referenced from startup_stm32f407xx.o(RESET)
 <LI><a href="#[6d]">StartADS_Task</a> from freertos.o(i.StartADS_Task) referenced from freertos.o(.constdata)
 <LI><a href="#[6c]">StartBreath_Task</a> from freertos.o(i.StartBreath_Task) referenced from freertos.o(.constdata)
 <LI><a href="#[6a]">StartDefaultTask</a> from freertos.o(i.StartDefaultTask) referenced from freertos.o(.constdata)
 <LI><a href="#[6b]">StartRT_Task</a> from freertos.o(i.StartRT_Task) referenced from freertos.o(.constdata)
 <LI><a href="#[9]">SysTick_Handler</a> from port.o(i.SysTick_Handler) referenced from startup_stm32f407xx.o(RESET)
 <LI><a href="#[5c]">SystemInit</a> from system_stm32f4xx.o(i.SystemInit) referenced from startup_stm32f407xx.o(.text)
 <LI><a href="#[c]">TAMP_STAMP_IRQHandler</a> from startup_stm32f407xx.o(.text) referenced from startup_stm32f407xx.o(RESET)
 <LI><a href="#[22]">TIM1_BRK_TIM9_IRQHandler</a> from startup_stm32f407xx.o(.text) referenced from startup_stm32f407xx.o(RESET)
 <LI><a href="#[25]">TIM1_CC_IRQHandler</a> from startup_stm32f407xx.o(.text) referenced from startup_stm32f407xx.o(RESET)
 <LI><a href="#[24]">TIM1_TRG_COM_TIM11_IRQHandler</a> from startup_stm32f407xx.o(.text) referenced from startup_stm32f407xx.o(RESET)
 <LI><a href="#[23]">TIM1_UP_TIM10_IRQHandler</a> from stm32f4xx_it.o(i.TIM1_UP_TIM10_IRQHandler) referenced from startup_stm32f407xx.o(RESET)
 <LI><a href="#[26]">TIM2_IRQHandler</a> from startup_stm32f407xx.o(.text) referenced from startup_stm32f407xx.o(RESET)
 <LI><a href="#[27]">TIM3_IRQHandler</a> from startup_stm32f407xx.o(.text) referenced from startup_stm32f407xx.o(RESET)
 <LI><a href="#[28]">TIM4_IRQHandler</a> from startup_stm32f407xx.o(.text) referenced from startup_stm32f407xx.o(RESET)
 <LI><a href="#[3c]">TIM5_IRQHandler</a> from startup_stm32f407xx.o(.text) referenced from startup_stm32f407xx.o(RESET)
 <LI><a href="#[40]">TIM6_DAC_IRQHandler</a> from startup_stm32f407xx.o(.text) referenced from startup_stm32f407xx.o(RESET)
 <LI><a href="#[41]">TIM7_IRQHandler</a> from startup_stm32f407xx.o(.text) referenced from startup_stm32f407xx.o(RESET)
 <LI><a href="#[35]">TIM8_BRK_TIM12_IRQHandler</a> from startup_stm32f407xx.o(.text) referenced from startup_stm32f407xx.o(RESET)
 <LI><a href="#[38]">TIM8_CC_IRQHandler</a> from startup_stm32f407xx.o(.text) referenced from startup_stm32f407xx.o(RESET)
 <LI><a href="#[37]">TIM8_TRG_COM_TIM14_IRQHandler</a> from startup_stm32f407xx.o(.text) referenced from startup_stm32f407xx.o(RESET)
 <LI><a href="#[36]">TIM8_UP_TIM13_IRQHandler</a> from startup_stm32f407xx.o(.text) referenced from startup_stm32f407xx.o(RESET)
 <LI><a href="#[3e]">UART4_IRQHandler</a> from startup_stm32f407xx.o(.text) referenced from startup_stm32f407xx.o(RESET)
 <LI><a href="#[3f]">UART5_IRQHandler</a> from startup_stm32f407xx.o(.text) referenced from startup_stm32f407xx.o(RESET)
 <LI><a href="#[64]">UART_DMAAbortOnError</a> from stm32f4xx_hal_uart.o(i.UART_DMAAbortOnError) referenced from stm32f4xx_hal_uart.o(i.HAL_UART_IRQHandler)
 <LI><a href="#[67]">UART_DMAError</a> from stm32f4xx_hal_uart.o(i.UART_DMAError) referenced from stm32f4xx_hal_uart.o(i.UART_Start_Receive_DMA)
 <LI><a href="#[65]">UART_DMAReceiveCplt</a> from stm32f4xx_hal_uart.o(i.UART_DMAReceiveCplt) referenced from stm32f4xx_hal_uart.o(i.UART_Start_Receive_DMA)
 <LI><a href="#[66]">UART_DMARxHalfCplt</a> from stm32f4xx_hal_uart.o(i.UART_DMARxHalfCplt) referenced from stm32f4xx_hal_uart.o(i.UART_Start_Receive_DMA)
 <LI><a href="#[2f]">USART1_IRQHandler</a> from startup_stm32f407xx.o(.text) referenced from startup_stm32f407xx.o(RESET)
 <LI><a href="#[30]">USART2_IRQHandler</a> from startup_stm32f407xx.o(.text) referenced from startup_stm32f407xx.o(RESET)
 <LI><a href="#[31]">USART3_IRQHandler</a> from stm32f4xx_it.o(i.USART3_IRQHandler) referenced from startup_stm32f407xx.o(RESET)
 <LI><a href="#[51]">USART6_IRQHandler</a> from startup_stm32f407xx.o(.text) referenced from startup_stm32f407xx.o(RESET)
 <LI><a href="#[5]">UsageFault_Handler</a> from stm32f4xx_it.o(i.UsageFault_Handler) referenced from startup_stm32f407xx.o(RESET)
 <LI><a href="#[a]">WWDG_IRQHandler</a> from startup_stm32f407xx.o(.text) referenced from startup_stm32f407xx.o(RESET)
 <LI><a href="#[5d]">__main</a> from entry.o(.ARM.Collect$$$$00000000) referenced from startup_stm32f407xx.o(.text)
 <LI><a href="#[5b]">main</a> from main.o(i.main) referenced from entry9a.o(.ARM.Collect$$$$0000000B)
 <LI><a href="#[69]">prvIdleTask</a> from tasks.o(i.prvIdleTask) referenced from tasks.o(i.vTaskStartScheduler)
 <LI><a href="#[68]">prvTaskExitError</a> from port.o(i.prvTaskExitError) referenced from port.o(i.pxPortInitialiseStack)
</UL>
<P>
<H3>
Global Symbols
</H3>
<P><STRONG><a name="[5d]"></a>__main</STRONG> (Thumb, 0 bytes, Stack size unknown bytes, entry.o(.ARM.Collect$$$$00000000))
<BR>[Address Reference Count : 1]<UL><LI> startup_stm32f407xx.o(.text)
</UL>
<P><STRONG><a name="[1b9]"></a>_main_stk</STRONG> (Thumb, 0 bytes, Stack size unknown bytes, entry2.o(.ARM.Collect$$$$00000001))

<P><STRONG><a name="[73]"></a>_main_scatterload</STRONG> (Thumb, 0 bytes, Stack size unknown bytes, entry5.o(.ARM.Collect$$$$00000004))
<BR><BR>[Calls]<UL><LI><a href="#[74]">&gt;&gt;</a>&nbsp;&nbsp;&nbsp;__scatterload
</UL>

<P><STRONG><a name="[97]"></a>__main_after_scatterload</STRONG> (Thumb, 0 bytes, Stack size unknown bytes, entry5.o(.ARM.Collect$$$$00000004))
<BR><BR>[Called By]<UL><LI><a href="#[74]">&gt;&gt;</a>&nbsp;&nbsp;&nbsp;__scatterload
</UL>

<P><STRONG><a name="[1ba]"></a>_main_clock</STRONG> (Thumb, 0 bytes, Stack size unknown bytes, entry7b.o(.ARM.Collect$$$$00000008))

<P><STRONG><a name="[1bb]"></a>_main_cpp_init</STRONG> (Thumb, 0 bytes, Stack size unknown bytes, entry8b.o(.ARM.Collect$$$$0000000A))

<P><STRONG><a name="[1bc]"></a>_main_init</STRONG> (Thumb, 0 bytes, Stack size unknown bytes, entry9a.o(.ARM.Collect$$$$0000000B))

<P><STRONG><a name="[1bd]"></a>__rt_final_cpp</STRONG> (Thumb, 0 bytes, Stack size unknown bytes, entry10a.o(.ARM.Collect$$$$0000000D))

<P><STRONG><a name="[1be]"></a>__rt_final_exit</STRONG> (Thumb, 0 bytes, Stack size unknown bytes, entry11a.o(.ARM.Collect$$$$0000000F))

<P><STRONG><a name="[6]"></a>SVC_Handler</STRONG> (Thumb, 28 bytes, Stack size 0 bytes, port.o(.emb_text))
<BR>[Address Reference Count : 1]<UL><LI> startup_stm32f407xx.o(RESET)
</UL>
<P><STRONG><a name="[1b3]"></a>__asm___6_port_c_39a90d8d__prvStartFirstTask</STRONG> (Thumb, 36 bytes, Stack size 0 bytes, port.o(.emb_text))
<BR><BR>[Called By]<UL><LI><a href="#[1b0]">&gt;&gt;</a>&nbsp;&nbsp;&nbsp;xPortStartScheduler
</UL>

<P><STRONG><a name="[1b2]"></a>__asm___6_port_c_39a90d8d__prvEnableVFP</STRONG> (Thumb, 16 bytes, Stack size 0 bytes, port.o(.emb_text))
<BR><BR>[Called By]<UL><LI><a href="#[1b0]">&gt;&gt;</a>&nbsp;&nbsp;&nbsp;xPortStartScheduler
</UL>

<P><STRONG><a name="[8]"></a>PendSV_Handler</STRONG> (Thumb, 88 bytes, Stack size 0 bytes, port.o(.emb_text))
<BR><BR>[Calls]<UL><LI><a href="#[75]">&gt;&gt;</a>&nbsp;&nbsp;&nbsp;vTaskSwitchContext
</UL>
<BR>[Address Reference Count : 1]<UL><LI> startup_stm32f407xx.o(RESET)
</UL>
<P><STRONG><a name="[1ab]"></a>vPortGetIPSR</STRONG> (Thumb, 6 bytes, Stack size 0 bytes, port.o(.emb_text))
<BR><BR>[Called By]<UL><LI><a href="#[1aa]">&gt;&gt;</a>&nbsp;&nbsp;&nbsp;vPortValidateInterruptPriority
</UL>

<P><STRONG><a name="[0]"></a>Reset_Handler</STRONG> (Thumb, 8 bytes, Stack size 0 bytes, startup_stm32f407xx.o(.text))
<BR>[Address Reference Count : 1]<UL><LI> startup_stm32f407xx.o(RESET)
</UL>
<P><STRONG><a name="[1c]"></a>ADC_IRQHandler</STRONG> (Thumb, 0 bytes, Stack size 0 bytes, startup_stm32f407xx.o(.text))
<BR><BR>[Calls]<UL><LI><a href="#[1c]">&gt;&gt;</a>&nbsp;&nbsp;&nbsp;ADC_IRQHandler
</UL>
<BR>[Called By]<UL><LI><a href="#[1c]">&gt;&gt;</a>&nbsp;&nbsp;&nbsp;ADC_IRQHandler
</UL>
<BR>[Address Reference Count : 1]<UL><LI> startup_stm32f407xx.o(RESET)
</UL>
<P><STRONG><a name="[1e]"></a>CAN1_RX0_IRQHandler</STRONG> (Thumb, 0 bytes, Stack size 0 bytes, startup_stm32f407xx.o(.text))
<BR>[Address Reference Count : 1]<UL><LI> startup_stm32f407xx.o(RESET)
</UL>
<P><STRONG><a name="[1f]"></a>CAN1_RX1_IRQHandler</STRONG> (Thumb, 0 bytes, Stack size 0 bytes, startup_stm32f407xx.o(.text))
<BR>[Address Reference Count : 1]<UL><LI> startup_stm32f407xx.o(RESET)
</UL>
<P><STRONG><a name="[20]"></a>CAN1_SCE_IRQHandler</STRONG> (Thumb, 0 bytes, Stack size 0 bytes, startup_stm32f407xx.o(.text))
<BR>[Address Reference Count : 1]<UL><LI> startup_stm32f407xx.o(RESET)
</UL>
<P><STRONG><a name="[1d]"></a>CAN1_TX_IRQHandler</STRONG> (Thumb, 0 bytes, Stack size 0 bytes, startup_stm32f407xx.o(.text))
<BR>[Address Reference Count : 1]<UL><LI> startup_stm32f407xx.o(RESET)
</UL>
<P><STRONG><a name="[4a]"></a>CAN2_RX0_IRQHandler</STRONG> (Thumb, 0 bytes, Stack size 0 bytes, startup_stm32f407xx.o(.text))
<BR>[Address Reference Count : 1]<UL><LI> startup_stm32f407xx.o(RESET)
</UL>
<P><STRONG><a name="[4b]"></a>CAN2_RX1_IRQHandler</STRONG> (Thumb, 0 bytes, Stack size 0 bytes, startup_stm32f407xx.o(.text))
<BR>[Address Reference Count : 1]<UL><LI> startup_stm32f407xx.o(RESET)
</UL>
<P><STRONG><a name="[4c]"></a>CAN2_SCE_IRQHandler</STRONG> (Thumb, 0 bytes, Stack size 0 bytes, startup_stm32f407xx.o(.text))
<BR>[Address Reference Count : 1]<UL><LI> startup_stm32f407xx.o(RESET)
</UL>
<P><STRONG><a name="[49]"></a>CAN2_TX_IRQHandler</STRONG> (Thumb, 0 bytes, Stack size 0 bytes, startup_stm32f407xx.o(.text))
<BR>[Address Reference Count : 1]<UL><LI> startup_stm32f407xx.o(RESET)
</UL>
<P><STRONG><a name="[58]"></a>DCMI_IRQHandler</STRONG> (Thumb, 0 bytes, Stack size 0 bytes, startup_stm32f407xx.o(.text))
<BR>[Address Reference Count : 1]<UL><LI> startup_stm32f407xx.o(RESET)
</UL>
<P><STRONG><a name="[17]"></a>DMA1_Stream2_IRQHandler</STRONG> (Thumb, 0 bytes, Stack size 0 bytes, startup_stm32f407xx.o(.text))
<BR>[Address Reference Count : 1]<UL><LI> startup_stm32f407xx.o(RESET)
</UL>
<P><STRONG><a name="[18]"></a>DMA1_Stream3_IRQHandler</STRONG> (Thumb, 0 bytes, Stack size 0 bytes, startup_stm32f407xx.o(.text))
<BR>[Address Reference Count : 1]<UL><LI> startup_stm32f407xx.o(RESET)
</UL>
<P><STRONG><a name="[19]"></a>DMA1_Stream4_IRQHandler</STRONG> (Thumb, 0 bytes, Stack size 0 bytes, startup_stm32f407xx.o(.text))
<BR>[Address Reference Count : 1]<UL><LI> startup_stm32f407xx.o(RESET)
</UL>
<P><STRONG><a name="[1b]"></a>DMA1_Stream6_IRQHandler</STRONG> (Thumb, 0 bytes, Stack size 0 bytes, startup_stm32f407xx.o(.text))
<BR>[Address Reference Count : 1]<UL><LI> startup_stm32f407xx.o(RESET)
</UL>
<P><STRONG><a name="[39]"></a>DMA1_Stream7_IRQHandler</STRONG> (Thumb, 0 bytes, Stack size 0 bytes, startup_stm32f407xx.o(.text))
<BR>[Address Reference Count : 1]<UL><LI> startup_stm32f407xx.o(RESET)
</UL>
<P><STRONG><a name="[42]"></a>DMA2_Stream0_IRQHandler</STRONG> (Thumb, 0 bytes, Stack size 0 bytes, startup_stm32f407xx.o(.text))
<BR>[Address Reference Count : 1]<UL><LI> startup_stm32f407xx.o(RESET)
</UL>
<P><STRONG><a name="[43]"></a>DMA2_Stream1_IRQHandler</STRONG> (Thumb, 0 bytes, Stack size 0 bytes, startup_stm32f407xx.o(.text))
<BR>[Address Reference Count : 1]<UL><LI> startup_stm32f407xx.o(RESET)
</UL>
<P><STRONG><a name="[45]"></a>DMA2_Stream3_IRQHandler</STRONG> (Thumb, 0 bytes, Stack size 0 bytes, startup_stm32f407xx.o(.text))
<BR>[Address Reference Count : 1]<UL><LI> startup_stm32f407xx.o(RESET)
</UL>
<P><STRONG><a name="[4e]"></a>DMA2_Stream5_IRQHandler</STRONG> (Thumb, 0 bytes, Stack size 0 bytes, startup_stm32f407xx.o(.text))
<BR>[Address Reference Count : 1]<UL><LI> startup_stm32f407xx.o(RESET)
</UL>
<P><STRONG><a name="[4f]"></a>DMA2_Stream6_IRQHandler</STRONG> (Thumb, 0 bytes, Stack size 0 bytes, startup_stm32f407xx.o(.text))
<BR>[Address Reference Count : 1]<UL><LI> startup_stm32f407xx.o(RESET)
</UL>
<P><STRONG><a name="[50]"></a>DMA2_Stream7_IRQHandler</STRONG> (Thumb, 0 bytes, Stack size 0 bytes, startup_stm32f407xx.o(.text))
<BR>[Address Reference Count : 1]<UL><LI> startup_stm32f407xx.o(RESET)
</UL>
<P><STRONG><a name="[47]"></a>ETH_IRQHandler</STRONG> (Thumb, 0 bytes, Stack size 0 bytes, startup_stm32f407xx.o(.text))
<BR>[Address Reference Count : 1]<UL><LI> startup_stm32f407xx.o(RESET)
</UL>
<P><STRONG><a name="[48]"></a>ETH_WKUP_IRQHandler</STRONG> (Thumb, 0 bytes, Stack size 0 bytes, startup_stm32f407xx.o(.text))
<BR>[Address Reference Count : 1]<UL><LI> startup_stm32f407xx.o(RESET)
</UL>
<P><STRONG><a name="[10]"></a>EXTI0_IRQHandler</STRONG> (Thumb, 0 bytes, Stack size 0 bytes, startup_stm32f407xx.o(.text))
<BR>[Address Reference Count : 1]<UL><LI> startup_stm32f407xx.o(RESET)
</UL>
<P><STRONG><a name="[11]"></a>EXTI1_IRQHandler</STRONG> (Thumb, 0 bytes, Stack size 0 bytes, startup_stm32f407xx.o(.text))
<BR>[Address Reference Count : 1]<UL><LI> startup_stm32f407xx.o(RESET)
</UL>
<P><STRONG><a name="[12]"></a>EXTI2_IRQHandler</STRONG> (Thumb, 0 bytes, Stack size 0 bytes, startup_stm32f407xx.o(.text))
<BR>[Address Reference Count : 1]<UL><LI> startup_stm32f407xx.o(RESET)
</UL>
<P><STRONG><a name="[13]"></a>EXTI3_IRQHandler</STRONG> (Thumb, 0 bytes, Stack size 0 bytes, startup_stm32f407xx.o(.text))
<BR>[Address Reference Count : 1]<UL><LI> startup_stm32f407xx.o(RESET)
</UL>
<P><STRONG><a name="[14]"></a>EXTI4_IRQHandler</STRONG> (Thumb, 0 bytes, Stack size 0 bytes, startup_stm32f407xx.o(.text))
<BR>[Address Reference Count : 1]<UL><LI> startup_stm32f407xx.o(RESET)
</UL>
<P><STRONG><a name="[21]"></a>EXTI9_5_IRQHandler</STRONG> (Thumb, 0 bytes, Stack size 0 bytes, startup_stm32f407xx.o(.text))
<BR>[Address Reference Count : 1]<UL><LI> startup_stm32f407xx.o(RESET)
</UL>
<P><STRONG><a name="[e]"></a>FLASH_IRQHandler</STRONG> (Thumb, 0 bytes, Stack size 0 bytes, startup_stm32f407xx.o(.text))
<BR>[Address Reference Count : 1]<UL><LI> startup_stm32f407xx.o(RESET)
</UL>
<P><STRONG><a name="[3a]"></a>FMC_IRQHandler</STRONG> (Thumb, 0 bytes, Stack size 0 bytes, startup_stm32f407xx.o(.text))
<BR>[Address Reference Count : 1]<UL><LI> startup_stm32f407xx.o(RESET)
</UL>
<P><STRONG><a name="[5a]"></a>FPU_IRQHandler</STRONG> (Thumb, 0 bytes, Stack size 0 bytes, startup_stm32f407xx.o(.text))
<BR>[Address Reference Count : 1]<UL><LI> startup_stm32f407xx.o(RESET)
</UL>
<P><STRONG><a name="[59]"></a>HASH_RNG_IRQHandler</STRONG> (Thumb, 0 bytes, Stack size 0 bytes, startup_stm32f407xx.o(.text))
<BR>[Address Reference Count : 1]<UL><LI> startup_stm32f407xx.o(RESET)
</UL>
<P><STRONG><a name="[2a]"></a>I2C1_ER_IRQHandler</STRONG> (Thumb, 0 bytes, Stack size 0 bytes, startup_stm32f407xx.o(.text))
<BR>[Address Reference Count : 1]<UL><LI> startup_stm32f407xx.o(RESET)
</UL>
<P><STRONG><a name="[29]"></a>I2C1_EV_IRQHandler</STRONG> (Thumb, 0 bytes, Stack size 0 bytes, startup_stm32f407xx.o(.text))
<BR>[Address Reference Count : 1]<UL><LI> startup_stm32f407xx.o(RESET)
</UL>
<P><STRONG><a name="[2c]"></a>I2C2_ER_IRQHandler</STRONG> (Thumb, 0 bytes, Stack size 0 bytes, startup_stm32f407xx.o(.text))
<BR>[Address Reference Count : 1]<UL><LI> startup_stm32f407xx.o(RESET)
</UL>
<P><STRONG><a name="[2b]"></a>I2C2_EV_IRQHandler</STRONG> (Thumb, 0 bytes, Stack size 0 bytes, startup_stm32f407xx.o(.text))
<BR>[Address Reference Count : 1]<UL><LI> startup_stm32f407xx.o(RESET)
</UL>
<P><STRONG><a name="[53]"></a>I2C3_ER_IRQHandler</STRONG> (Thumb, 0 bytes, Stack size 0 bytes, startup_stm32f407xx.o(.text))
<BR>[Address Reference Count : 1]<UL><LI> startup_stm32f407xx.o(RESET)
</UL>
<P><STRONG><a name="[52]"></a>I2C3_EV_IRQHandler</STRONG> (Thumb, 0 bytes, Stack size 0 bytes, startup_stm32f407xx.o(.text))
<BR>[Address Reference Count : 1]<UL><LI> startup_stm32f407xx.o(RESET)
</UL>
<P><STRONG><a name="[4d]"></a>OTG_FS_IRQHandler</STRONG> (Thumb, 0 bytes, Stack size 0 bytes, startup_stm32f407xx.o(.text))
<BR>[Address Reference Count : 1]<UL><LI> startup_stm32f407xx.o(RESET)
</UL>
<P><STRONG><a name="[34]"></a>OTG_FS_WKUP_IRQHandler</STRONG> (Thumb, 0 bytes, Stack size 0 bytes, startup_stm32f407xx.o(.text))
<BR>[Address Reference Count : 1]<UL><LI> startup_stm32f407xx.o(RESET)
</UL>
<P><STRONG><a name="[55]"></a>OTG_HS_EP1_IN_IRQHandler</STRONG> (Thumb, 0 bytes, Stack size 0 bytes, startup_stm32f407xx.o(.text))
<BR>[Address Reference Count : 1]<UL><LI> startup_stm32f407xx.o(RESET)
</UL>
<P><STRONG><a name="[54]"></a>OTG_HS_EP1_OUT_IRQHandler</STRONG> (Thumb, 0 bytes, Stack size 0 bytes, startup_stm32f407xx.o(.text))
<BR>[Address Reference Count : 1]<UL><LI> startup_stm32f407xx.o(RESET)
</UL>
<P><STRONG><a name="[57]"></a>OTG_HS_IRQHandler</STRONG> (Thumb, 0 bytes, Stack size 0 bytes, startup_stm32f407xx.o(.text))
<BR>[Address Reference Count : 1]<UL><LI> startup_stm32f407xx.o(RESET)
</UL>
<P><STRONG><a name="[56]"></a>OTG_HS_WKUP_IRQHandler</STRONG> (Thumb, 0 bytes, Stack size 0 bytes, startup_stm32f407xx.o(.text))
<BR>[Address Reference Count : 1]<UL><LI> startup_stm32f407xx.o(RESET)
</UL>
<P><STRONG><a name="[b]"></a>PVD_IRQHandler</STRONG> (Thumb, 0 bytes, Stack size 0 bytes, startup_stm32f407xx.o(.text))
<BR>[Address Reference Count : 1]<UL><LI> startup_stm32f407xx.o(RESET)
</UL>
<P><STRONG><a name="[f]"></a>RCC_IRQHandler</STRONG> (Thumb, 0 bytes, Stack size 0 bytes, startup_stm32f407xx.o(.text))
<BR>[Address Reference Count : 1]<UL><LI> startup_stm32f407xx.o(RESET)
</UL>
<P><STRONG><a name="[33]"></a>RTC_Alarm_IRQHandler</STRONG> (Thumb, 0 bytes, Stack size 0 bytes, startup_stm32f407xx.o(.text))
<BR>[Address Reference Count : 1]<UL><LI> startup_stm32f407xx.o(RESET)
</UL>
<P><STRONG><a name="[d]"></a>RTC_WKUP_IRQHandler</STRONG> (Thumb, 0 bytes, Stack size 0 bytes, startup_stm32f407xx.o(.text))
<BR>[Address Reference Count : 1]<UL><LI> startup_stm32f407xx.o(RESET)
</UL>
<P><STRONG><a name="[3b]"></a>SDIO_IRQHandler</STRONG> (Thumb, 0 bytes, Stack size 0 bytes, startup_stm32f407xx.o(.text))
<BR>[Address Reference Count : 1]<UL><LI> startup_stm32f407xx.o(RESET)
</UL>
<P><STRONG><a name="[2d]"></a>SPI1_IRQHandler</STRONG> (Thumb, 0 bytes, Stack size 0 bytes, startup_stm32f407xx.o(.text))
<BR>[Address Reference Count : 1]<UL><LI> startup_stm32f407xx.o(RESET)
</UL>
<P><STRONG><a name="[2e]"></a>SPI2_IRQHandler</STRONG> (Thumb, 0 bytes, Stack size 0 bytes, startup_stm32f407xx.o(.text))
<BR>[Address Reference Count : 1]<UL><LI> startup_stm32f407xx.o(RESET)
</UL>
<P><STRONG><a name="[3d]"></a>SPI3_IRQHandler</STRONG> (Thumb, 0 bytes, Stack size 0 bytes, startup_stm32f407xx.o(.text))
<BR>[Address Reference Count : 1]<UL><LI> startup_stm32f407xx.o(RESET)
</UL>
<P><STRONG><a name="[c]"></a>TAMP_STAMP_IRQHandler</STRONG> (Thumb, 0 bytes, Stack size 0 bytes, startup_stm32f407xx.o(.text))
<BR>[Address Reference Count : 1]<UL><LI> startup_stm32f407xx.o(RESET)
</UL>
<P><STRONG><a name="[22]"></a>TIM1_BRK_TIM9_IRQHandler</STRONG> (Thumb, 0 bytes, Stack size 0 bytes, startup_stm32f407xx.o(.text))
<BR>[Address Reference Count : 1]<UL><LI> startup_stm32f407xx.o(RESET)
</UL>
<P><STRONG><a name="[25]"></a>TIM1_CC_IRQHandler</STRONG> (Thumb, 0 bytes, Stack size 0 bytes, startup_stm32f407xx.o(.text))
<BR>[Address Reference Count : 1]<UL><LI> startup_stm32f407xx.o(RESET)
</UL>
<P><STRONG><a name="[24]"></a>TIM1_TRG_COM_TIM11_IRQHandler</STRONG> (Thumb, 0 bytes, Stack size 0 bytes, startup_stm32f407xx.o(.text))
<BR>[Address Reference Count : 1]<UL><LI> startup_stm32f407xx.o(RESET)
</UL>
<P><STRONG><a name="[26]"></a>TIM2_IRQHandler</STRONG> (Thumb, 0 bytes, Stack size 0 bytes, startup_stm32f407xx.o(.text))
<BR>[Address Reference Count : 1]<UL><LI> startup_stm32f407xx.o(RESET)
</UL>
<P><STRONG><a name="[27]"></a>TIM3_IRQHandler</STRONG> (Thumb, 0 bytes, Stack size 0 bytes, startup_stm32f407xx.o(.text))
<BR>[Address Reference Count : 1]<UL><LI> startup_stm32f407xx.o(RESET)
</UL>
<P><STRONG><a name="[28]"></a>TIM4_IRQHandler</STRONG> (Thumb, 0 bytes, Stack size 0 bytes, startup_stm32f407xx.o(.text))
<BR>[Address Reference Count : 1]<UL><LI> startup_stm32f407xx.o(RESET)
</UL>
<P><STRONG><a name="[3c]"></a>TIM5_IRQHandler</STRONG> (Thumb, 0 bytes, Stack size 0 bytes, startup_stm32f407xx.o(.text))
<BR>[Address Reference Count : 1]<UL><LI> startup_stm32f407xx.o(RESET)
</UL>
<P><STRONG><a name="[40]"></a>TIM6_DAC_IRQHandler</STRONG> (Thumb, 0 bytes, Stack size 0 bytes, startup_stm32f407xx.o(.text))
<BR>[Address Reference Count : 1]<UL><LI> startup_stm32f407xx.o(RESET)
</UL>
<P><STRONG><a name="[41]"></a>TIM7_IRQHandler</STRONG> (Thumb, 0 bytes, Stack size 0 bytes, startup_stm32f407xx.o(.text))
<BR>[Address Reference Count : 1]<UL><LI> startup_stm32f407xx.o(RESET)
</UL>
<P><STRONG><a name="[35]"></a>TIM8_BRK_TIM12_IRQHandler</STRONG> (Thumb, 0 bytes, Stack size 0 bytes, startup_stm32f407xx.o(.text))
<BR>[Address Reference Count : 1]<UL><LI> startup_stm32f407xx.o(RESET)
</UL>
<P><STRONG><a name="[38]"></a>TIM8_CC_IRQHandler</STRONG> (Thumb, 0 bytes, Stack size 0 bytes, startup_stm32f407xx.o(.text))
<BR>[Address Reference Count : 1]<UL><LI> startup_stm32f407xx.o(RESET)
</UL>
<P><STRONG><a name="[37]"></a>TIM8_TRG_COM_TIM14_IRQHandler</STRONG> (Thumb, 0 bytes, Stack size 0 bytes, startup_stm32f407xx.o(.text))
<BR>[Address Reference Count : 1]<UL><LI> startup_stm32f407xx.o(RESET)
</UL>
<P><STRONG><a name="[36]"></a>TIM8_UP_TIM13_IRQHandler</STRONG> (Thumb, 0 bytes, Stack size 0 bytes, startup_stm32f407xx.o(.text))
<BR>[Address Reference Count : 1]<UL><LI> startup_stm32f407xx.o(RESET)
</UL>
<P><STRONG><a name="[3e]"></a>UART4_IRQHandler</STRONG> (Thumb, 0 bytes, Stack size 0 bytes, startup_stm32f407xx.o(.text))
<BR>[Address Reference Count : 1]<UL><LI> startup_stm32f407xx.o(RESET)
</UL>
<P><STRONG><a name="[3f]"></a>UART5_IRQHandler</STRONG> (Thumb, 0 bytes, Stack size 0 bytes, startup_stm32f407xx.o(.text))
<BR>[Address Reference Count : 1]<UL><LI> startup_stm32f407xx.o(RESET)
</UL>
<P><STRONG><a name="[2f]"></a>USART1_IRQHandler</STRONG> (Thumb, 0 bytes, Stack size 0 bytes, startup_stm32f407xx.o(.text))
<BR>[Address Reference Count : 1]<UL><LI> startup_stm32f407xx.o(RESET)
</UL>
<P><STRONG><a name="[30]"></a>USART2_IRQHandler</STRONG> (Thumb, 0 bytes, Stack size 0 bytes, startup_stm32f407xx.o(.text))
<BR>[Address Reference Count : 1]<UL><LI> startup_stm32f407xx.o(RESET)
</UL>
<P><STRONG><a name="[51]"></a>USART6_IRQHandler</STRONG> (Thumb, 0 bytes, Stack size 0 bytes, startup_stm32f407xx.o(.text))
<BR>[Address Reference Count : 1]<UL><LI> startup_stm32f407xx.o(RESET)
</UL>
<P><STRONG><a name="[a]"></a>WWDG_IRQHandler</STRONG> (Thumb, 0 bytes, Stack size 0 bytes, startup_stm32f407xx.o(.text))
<BR>[Address Reference Count : 1]<UL><LI> startup_stm32f407xx.o(RESET)
</UL>
<P><STRONG><a name="[84]"></a>M8266WIFI_SPI_Interface_Communication_Stress_Test</STRONG> (Thumb, 102 bytes, Stack size unknown bytes, M8266WIFIDrv_STM32F4xx.o(.text), UNUSED)
<BR><BR>[Calls]<UL><LI><a href="#[7a]">&gt;&gt;</a>&nbsp;&nbsp;&nbsp;M8266HostIf_delay_us
<LI><a href="#[78]">&gt;&gt;</a>&nbsp;&nbsp;&nbsp;M8266WIFI_SPI_hjdxctmm
<LI><a href="#[76]">&gt;&gt;</a>&nbsp;&nbsp;&nbsp;M8266WIFI_SPI_ffwsbza
</UL>

<P><STRONG><a name="[85]"></a>M8266WIFI_SPI_Send_Data</STRONG> (Thumb, 20 bytes, Stack size unknown bytes, M8266WIFIDrv_STM32F4xx.o(.text), UNUSED)
<BR><BR>[Calls]<UL><LI><a href="#[86]">&gt;&gt;</a>&nbsp;&nbsp;&nbsp;M8266WIFI_SPI_sdfal
</UL>

<P><STRONG><a name="[87]"></a>M8266WIFI_SPI_Send_Udp_Data</STRONG> (Thumb, 62 bytes, Stack size unknown bytes, M8266WIFIDrv_STM32F4xx.o(.text), UNUSED)
<BR><BR>[Calls]<UL><LI><a href="#[86]">&gt;&gt;</a>&nbsp;&nbsp;&nbsp;M8266WIFI_SPI_sdfal
<LI><a href="#[80]">&gt;&gt;</a>&nbsp;&nbsp;&nbsp;fvdnstap
</UL>

<P><STRONG><a name="[88]"></a>M8266WIFI_SPI_Send_Data_to_TcpClient</STRONG> (Thumb, 68 bytes, Stack size unknown bytes, M8266WIFIDrv_STM32F4xx.o(.text), UNUSED)
<BR><BR>[Calls]<UL><LI><a href="#[86]">&gt;&gt;</a>&nbsp;&nbsp;&nbsp;M8266WIFI_SPI_sdfal
<LI><a href="#[80]">&gt;&gt;</a>&nbsp;&nbsp;&nbsp;fvdnstap
</UL>

<P><STRONG><a name="[89]"></a>M8266WIFI_SPI_StartModuleSmartConfig</STRONG> (Thumb, 84 bytes, Stack size unknown bytes, M8266WIFIDrv_STM32F4xx.o(.text), UNUSED)
<BR><BR>[Calls]<UL><LI><a href="#[82]">&gt;&gt;</a>&nbsp;&nbsp;&nbsp;M8266WIFI_SPI_skbldxsj
<LI><a href="#[7d]">&gt;&gt;</a>&nbsp;&nbsp;&nbsp;M8266WIFI_SPI_wscbf
<LI><a href="#[7b]">&gt;&gt;</a>&nbsp;&nbsp;&nbsp;M8266WIFI_SPI_szbcxst
<LI><a href="#[79]">&gt;&gt;</a>&nbsp;&nbsp;&nbsp;M8266WIFI_SPI_gbcwzsr
</UL>

<P><STRONG><a name="[8a]"></a>__aeabi_uldivmod</STRONG> (Thumb, 98 bytes, Stack size 40 bytes, uldiv.o(.text))
<BR><BR>[Stack]<UL><LI>Max Depth = 40<LI>Call Chain = __aeabi_uldivmod
</UL>
<BR>[Calls]<UL><LI><a href="#[8b]">&gt;&gt;</a>&nbsp;&nbsp;&nbsp;__aeabi_llsr
<LI><a href="#[8c]">&gt;&gt;</a>&nbsp;&nbsp;&nbsp;__aeabi_llsl
</UL>
<BR>[Called By]<UL><LI><a href="#[ef]">&gt;&gt;</a>&nbsp;&nbsp;&nbsp;HAL_RCC_GetSysClockFreq
<LI><a href="#[127]">&gt;&gt;</a>&nbsp;&nbsp;&nbsp;UART_SetConfig
</UL>

<P><STRONG><a name="[197]"></a>__aeabi_memcpy</STRONG> (Thumb, 36 bytes, Stack size 0 bytes, memcpya.o(.text))
<BR><BR>[Called By]<UL><LI><a href="#[198]">&gt;&gt;</a>&nbsp;&nbsp;&nbsp;prvCopyDataToQueue
<LI><a href="#[196]">&gt;&gt;</a>&nbsp;&nbsp;&nbsp;prvCopyDataFromQueue
</UL>

<P><STRONG><a name="[13b]"></a>__aeabi_memcpy4</STRONG> (Thumb, 0 bytes, Stack size 0 bytes, memcpya.o(.text))
<BR><BR>[Called By]<UL><LI><a href="#[139]">&gt;&gt;</a>&nbsp;&nbsp;&nbsp;MX_FREERTOS_Init
</UL>

<P><STRONG><a name="[1bf]"></a>__aeabi_memcpy8</STRONG> (Thumb, 0 bytes, Stack size 0 bytes, memcpya.o(.text), UNUSED)

<P><STRONG><a name="[8e]"></a>__aeabi_memset</STRONG> (Thumb, 14 bytes, Stack size 0 bytes, memseta.o(.text))
<BR><BR>[Called By]<UL><LI><a href="#[8f]">&gt;&gt;</a>&nbsp;&nbsp;&nbsp;memset
<LI><a href="#[8d]">&gt;&gt;</a>&nbsp;&nbsp;&nbsp;__aeabi_memclr
</UL>

<P><STRONG><a name="[1c0]"></a>__aeabi_memset4</STRONG> (Thumb, 0 bytes, Stack size 0 bytes, memseta.o(.text), UNUSED)

<P><STRONG><a name="[1c1]"></a>__aeabi_memset8</STRONG> (Thumb, 0 bytes, Stack size 0 bytes, memseta.o(.text), UNUSED)

<P><STRONG><a name="[8d]"></a>__aeabi_memclr</STRONG> (Thumb, 4 bytes, Stack size 0 bytes, memseta.o(.text), UNUSED)
<BR><BR>[Calls]<UL><LI><a href="#[8e]">&gt;&gt;</a>&nbsp;&nbsp;&nbsp;__aeabi_memset
</UL>

<P><STRONG><a name="[d5]"></a>__aeabi_memclr4</STRONG> (Thumb, 0 bytes, Stack size 0 bytes, memseta.o(.text))
<BR><BR>[Called By]<UL><LI><a href="#[d3]">&gt;&gt;</a>&nbsp;&nbsp;&nbsp;HAL_ADC_MspInit
<LI><a href="#[143]">&gt;&gt;</a>&nbsp;&nbsp;&nbsp;MX_TIM3_Init
<LI><a href="#[141]">&gt;&gt;</a>&nbsp;&nbsp;&nbsp;MX_TIM2_Init
<LI><a href="#[13d]">&gt;&gt;</a>&nbsp;&nbsp;&nbsp;MX_GPIO_Init
<LI><a href="#[174]">&gt;&gt;</a>&nbsp;&nbsp;&nbsp;SystemClock_Config
<LI><a href="#[126]">&gt;&gt;</a>&nbsp;&nbsp;&nbsp;HAL_UART_MspInit
<LI><a href="#[104]">&gt;&gt;</a>&nbsp;&nbsp;&nbsp;HAL_SPI_MspInit
<LI><a href="#[f8]">&gt;&gt;</a>&nbsp;&nbsp;&nbsp;HAL_SD_MspInit
</UL>

<P><STRONG><a name="[1c2]"></a>__aeabi_memclr8</STRONG> (Thumb, 0 bytes, Stack size 0 bytes, memseta.o(.text), UNUSED)

<P><STRONG><a name="[8f]"></a>memset</STRONG> (Thumb, 18 bytes, Stack size 8 bytes, memseta.o(.text))
<BR><BR>[Stack]<UL><LI>Max Depth = 8<LI>Call Chain = memset
</UL>
<BR>[Calls]<UL><LI><a href="#[8e]">&gt;&gt;</a>&nbsp;&nbsp;&nbsp;__aeabi_memset
</UL>
<BR>[Called By]<UL><LI><a href="#[ac]">&gt;&gt;</a>&nbsp;&nbsp;&nbsp;M8266WIFI_SPI_Setup_Connection
<LI><a href="#[9b]">&gt;&gt;</a>&nbsp;&nbsp;&nbsp;M8266WIFI_SPI_Query_Connection
<LI><a href="#[a8]">&gt;&gt;</a>&nbsp;&nbsp;&nbsp;M8266WIFI_SPI_STA_Connect_Ap
<LI><a href="#[a5]">&gt;&gt;</a>&nbsp;&nbsp;&nbsp;M8266WIFI_SPI_Get_STA_IP_Addr
<LI><a href="#[a4]">&gt;&gt;</a>&nbsp;&nbsp;&nbsp;M8266WIFI_SPI_Get_STA_Connection_Status
<LI><a href="#[a0]">&gt;&gt;</a>&nbsp;&nbsp;&nbsp;M8266WIFI_SPI_Get_Module_Info
<LI><a href="#[a6]">&gt;&gt;</a>&nbsp;&nbsp;&nbsp;M8266WIFI_SPI_Query_Tcp_Mss
<LI><a href="#[98]">&gt;&gt;</a>&nbsp;&nbsp;&nbsp;M8266WIFI_SPI_STA_Get_HostIP_by_HostName
<LI><a href="#[a9]">&gt;&gt;</a>&nbsp;&nbsp;&nbsp;M8266WIFI_SPI_STA_DisConnect_Ap
<LI><a href="#[86]">&gt;&gt;</a>&nbsp;&nbsp;&nbsp;M8266WIFI_SPI_sdfal
<LI><a href="#[99]">&gt;&gt;</a>&nbsp;&nbsp;&nbsp;M8266WIFI_SPI_qacal
<LI><a href="#[9e]">&gt;&gt;</a>&nbsp;&nbsp;&nbsp;M8266WIFI_SPI_sptdt
<LI><a href="#[9d]">&gt;&gt;</a>&nbsp;&nbsp;&nbsp;M8266WIFI_SPI_capstp
</UL>

<P><STRONG><a name="[131]"></a>strcmp</STRONG> (Thumb, 28 bytes, Stack size 8 bytes, strcmp.o(.text))
<BR><BR>[Stack]<UL><LI>Max Depth = 8<LI>Call Chain = strcmp
</UL>
<BR>[Called By]<UL><LI><a href="#[130]">&gt;&gt;</a>&nbsp;&nbsp;&nbsp;M8266WIFI_SPI_wait_sta_connecting_to_ap_and_get_ip
</UL>

<P><STRONG><a name="[90]"></a>__aeabi_dmul</STRONG> (Thumb, 228 bytes, Stack size 48 bytes, dmul.o(.text))
<BR><BR>[Stack]<UL><LI>Max Depth = 88<LI>Call Chain = __aeabi_dmul &rArr; _double_epilogue &rArr; _double_round
</UL>
<BR>[Calls]<UL><LI><a href="#[91]">&gt;&gt;</a>&nbsp;&nbsp;&nbsp;_double_epilogue
</UL>
<BR>[Called By]<UL><LI><a href="#[16d]">&gt;&gt;</a>&nbsp;&nbsp;&nbsp;power_detect
</UL>

<P><STRONG><a name="[92]"></a>__aeabi_ddiv</STRONG> (Thumb, 222 bytes, Stack size 32 bytes, ddiv.o(.text))
<BR><BR>[Stack]<UL><LI>Max Depth = 40<LI>Call Chain = __aeabi_ddiv &rArr; _double_round
</UL>
<BR>[Calls]<UL><LI><a href="#[93]">&gt;&gt;</a>&nbsp;&nbsp;&nbsp;_double_round
</UL>
<BR>[Called By]<UL><LI><a href="#[16d]">&gt;&gt;</a>&nbsp;&nbsp;&nbsp;power_detect
</UL>

<P><STRONG><a name="[94]"></a>__aeabi_ui2d</STRONG> (Thumb, 26 bytes, Stack size 16 bytes, dfltui.o(.text))
<BR><BR>[Stack]<UL><LI>Max Depth = 56<LI>Call Chain = __aeabi_ui2d &rArr; _double_epilogue &rArr; _double_round
</UL>
<BR>[Calls]<UL><LI><a href="#[91]">&gt;&gt;</a>&nbsp;&nbsp;&nbsp;_double_epilogue
</UL>
<BR>[Called By]<UL><LI><a href="#[16d]">&gt;&gt;</a>&nbsp;&nbsp;&nbsp;power_detect
</UL>

<P><STRONG><a name="[95]"></a>__aeabi_d2f</STRONG> (Thumb, 56 bytes, Stack size 8 bytes, d2f.o(.text))
<BR><BR>[Stack]<UL><LI>Max Depth = 8<LI>Call Chain = __aeabi_d2f
</UL>
<BR>[Calls]<UL><LI><a href="#[96]">&gt;&gt;</a>&nbsp;&nbsp;&nbsp;_float_round
</UL>
<BR>[Called By]<UL><LI><a href="#[16d]">&gt;&gt;</a>&nbsp;&nbsp;&nbsp;power_detect
</UL>

<P><STRONG><a name="[8c]"></a>__aeabi_llsl</STRONG> (Thumb, 30 bytes, Stack size 0 bytes, llshl.o(.text))
<BR><BR>[Called By]<UL><LI><a href="#[91]">&gt;&gt;</a>&nbsp;&nbsp;&nbsp;_double_epilogue
<LI><a href="#[8a]">&gt;&gt;</a>&nbsp;&nbsp;&nbsp;__aeabi_uldivmod
</UL>

<P><STRONG><a name="[1c3]"></a>_ll_shift_l</STRONG> (Thumb, 0 bytes, Stack size 0 bytes, llshl.o(.text), UNUSED)

<P><STRONG><a name="[8b]"></a>__aeabi_llsr</STRONG> (Thumb, 32 bytes, Stack size 0 bytes, llushr.o(.text))
<BR><BR>[Called By]<UL><LI><a href="#[91]">&gt;&gt;</a>&nbsp;&nbsp;&nbsp;_double_epilogue
<LI><a href="#[8a]">&gt;&gt;</a>&nbsp;&nbsp;&nbsp;__aeabi_uldivmod
</UL>

<P><STRONG><a name="[1c4]"></a>_ll_ushift_r</STRONG> (Thumb, 0 bytes, Stack size 0 bytes, llushr.o(.text), UNUSED)

<P><STRONG><a name="[1c5]"></a>__I$use$fp</STRONG> (Thumb, 0 bytes, Stack size 0 bytes, iusefp.o(.text), UNUSED)

<P><STRONG><a name="[96]"></a>_float_round</STRONG> (Thumb, 18 bytes, Stack size 0 bytes, fepilogue.o(.text))
<BR><BR>[Called By]<UL><LI><a href="#[95]">&gt;&gt;</a>&nbsp;&nbsp;&nbsp;__aeabi_d2f
</UL>

<P><STRONG><a name="[1c6]"></a>_float_epilogue</STRONG> (Thumb, 92 bytes, Stack size 4 bytes, fepilogue.o(.text), UNUSED)

<P><STRONG><a name="[93]"></a>_double_round</STRONG> (Thumb, 30 bytes, Stack size 8 bytes, depilogue.o(.text))
<BR><BR>[Stack]<UL><LI>Max Depth = 8<LI>Call Chain = _double_round
</UL>
<BR>[Called By]<UL><LI><a href="#[92]">&gt;&gt;</a>&nbsp;&nbsp;&nbsp;__aeabi_ddiv
<LI><a href="#[91]">&gt;&gt;</a>&nbsp;&nbsp;&nbsp;_double_epilogue
</UL>

<P><STRONG><a name="[91]"></a>_double_epilogue</STRONG> (Thumb, 156 bytes, Stack size 32 bytes, depilogue.o(.text))
<BR><BR>[Stack]<UL><LI>Max Depth = 40<LI>Call Chain = _double_epilogue &rArr; _double_round
</UL>
<BR>[Calls]<UL><LI><a href="#[8b]">&gt;&gt;</a>&nbsp;&nbsp;&nbsp;__aeabi_llsr
<LI><a href="#[8c]">&gt;&gt;</a>&nbsp;&nbsp;&nbsp;__aeabi_llsl
<LI><a href="#[93]">&gt;&gt;</a>&nbsp;&nbsp;&nbsp;_double_round
</UL>
<BR>[Called By]<UL><LI><a href="#[94]">&gt;&gt;</a>&nbsp;&nbsp;&nbsp;__aeabi_ui2d
<LI><a href="#[90]">&gt;&gt;</a>&nbsp;&nbsp;&nbsp;__aeabi_dmul
</UL>

<P><STRONG><a name="[74]"></a>__scatterload</STRONG> (Thumb, 28 bytes, Stack size 0 bytes, init.o(.text))
<BR><BR>[Calls]<UL><LI><a href="#[97]">&gt;&gt;</a>&nbsp;&nbsp;&nbsp;__main_after_scatterload
</UL>
<BR>[Called By]<UL><LI><a href="#[73]">&gt;&gt;</a>&nbsp;&nbsp;&nbsp;_main_scatterload
</UL>

<P><STRONG><a name="[1c7]"></a>__scatterload_rt2</STRONG> (Thumb, 0 bytes, Stack size 0 bytes, init.o(.text), UNUSED)

<P><STRONG><a name="[9f]"></a>M8266HostIf_SPI_Select</STRONG> (Thumb, 216 bytes, Stack size unknown bytes, M8266WIFIDrv_STM32F4xx.o(.text.M8266HostIf_SPI_Select))
<BR><BR>[Stack]<UL><LI>Max Depth = 16 + Unknown Stack Size
<LI>Call Chain = M8266HostIf_SPI_Select &rArr; M8266HostIf_delay_us &rArr; RCCdelay_us
</UL>
<BR>[Calls]<UL><LI><a href="#[7a]">&gt;&gt;</a>&nbsp;&nbsp;&nbsp;M8266HostIf_delay_us
<LI><a href="#[a0]">&gt;&gt;</a>&nbsp;&nbsp;&nbsp;M8266WIFI_SPI_Get_Module_Info
<LI><a href="#[83]">&gt;&gt;</a>&nbsp;&nbsp;&nbsp;M8266WIFI_SPI_ssmd
<LI><a href="#[81]">&gt;&gt;</a>&nbsp;&nbsp;&nbsp;fvcp.constprop.25
</UL>
<BR>[Called By]<UL><LI><a href="#[12e]">&gt;&gt;</a>&nbsp;&nbsp;&nbsp;M8266WIFI_Module_Init_Via_SPI
</UL>

<P><STRONG><a name="[a1]"></a>M8266WIFI_SPI_Config_STA_Param</STRONG> (Thumb, 24 bytes, Stack size unknown bytes, M8266WIFIDrv_STM32F4xx.o(.text.M8266WIFI_SPI_Config_STA_Param))
<BR><BR>[Stack]<UL><LI>Max Depth = 16 + Unknown Stack Size
<LI>Call Chain = M8266WIFI_SPI_Config_STA_Param &rArr; M8266WIFI_SPI_capstp &rArr; M8266WIFI_SPI_skbldxsj &rArr; M8266HostIf_delay_us &rArr; RCCdelay_us
</UL>
<BR>[Calls]<UL><LI><a href="#[9d]">&gt;&gt;</a>&nbsp;&nbsp;&nbsp;M8266WIFI_SPI_capstp
</UL>
<BR>[Called By]<UL><LI><a href="#[a8]">&gt;&gt;</a>&nbsp;&nbsp;&nbsp;M8266WIFI_SPI_STA_Connect_Ap
</UL>

<P><STRONG><a name="[a2]"></a>M8266WIFI_SPI_Delete_Connection</STRONG> (Thumb, 22 bytes, Stack size unknown bytes, M8266WIFIDrv_STM32F4xx.o(.text.M8266WIFI_SPI_Delete_Connection))
<BR><BR>[Stack]<UL><LI>Max Depth = 16 + Unknown Stack Size
<LI>Call Chain = M8266WIFI_SPI_Delete_Connection &rArr; M8266WIFI_SPI_dlodc &rArr; M8266WIFI_SPI_Query_Connection &rArr; M8266WIFI_SPI_skbldxsj &rArr; M8266HostIf_delay_us &rArr; RCCdelay_us
</UL>
<BR>[Calls]<UL><LI><a href="#[9a]">&gt;&gt;</a>&nbsp;&nbsp;&nbsp;M8266WIFI_SPI_dlodc
</UL>
<BR>[Called By]<UL><LI><a href="#[ac]">&gt;&gt;</a>&nbsp;&nbsp;&nbsp;M8266WIFI_SPI_Setup_Connection
</UL>

<P><STRONG><a name="[a0]"></a>M8266WIFI_SPI_Get_Module_Info</STRONG> (Thumb, 158 bytes, Stack size unknown bytes, M8266WIFIDrv_STM32F4xx.o(.text.M8266WIFI_SPI_Get_Module_Info))
<BR><BR>[Stack]<UL><LI>Max Depth = 16 + Unknown Stack Size
<LI>Call Chain = M8266WIFI_SPI_Get_Module_Info &rArr; M8266WIFI_SPI_skbldxsj &rArr; M8266HostIf_delay_us &rArr; RCCdelay_us
</UL>
<BR>[Calls]<UL><LI><a href="#[8f]">&gt;&gt;</a>&nbsp;&nbsp;&nbsp;memset
<LI><a href="#[82]">&gt;&gt;</a>&nbsp;&nbsp;&nbsp;M8266WIFI_SPI_skbldxsj
<LI><a href="#[7d]">&gt;&gt;</a>&nbsp;&nbsp;&nbsp;M8266WIFI_SPI_wscbf
<LI><a href="#[7b]">&gt;&gt;</a>&nbsp;&nbsp;&nbsp;M8266WIFI_SPI_szbcxst
<LI><a href="#[79]">&gt;&gt;</a>&nbsp;&nbsp;&nbsp;M8266WIFI_SPI_gbcwzsr
</UL>
<BR>[Called By]<UL><LI><a href="#[9f]">&gt;&gt;</a>&nbsp;&nbsp;&nbsp;M8266HostIf_SPI_Select
</UL>

<P><STRONG><a name="[a3]"></a>M8266WIFI_SPI_Get_Opmode</STRONG> (Thumb, 72 bytes, Stack size unknown bytes, M8266WIFIDrv_STM32F4xx.o(.text.M8266WIFI_SPI_Get_Opmode))
<BR><BR>[Stack]<UL><LI>Max Depth = 16 + Unknown Stack Size
<LI>Call Chain = M8266WIFI_SPI_Get_Opmode &rArr; M8266WIFI_SPI_skbldxsj &rArr; M8266HostIf_delay_us &rArr; RCCdelay_us
</UL>
<BR>[Calls]<UL><LI><a href="#[82]">&gt;&gt;</a>&nbsp;&nbsp;&nbsp;M8266WIFI_SPI_skbldxsj
<LI><a href="#[7d]">&gt;&gt;</a>&nbsp;&nbsp;&nbsp;M8266WIFI_SPI_wscbf
<LI><a href="#[7b]">&gt;&gt;</a>&nbsp;&nbsp;&nbsp;M8266WIFI_SPI_szbcxst
<LI><a href="#[79]">&gt;&gt;</a>&nbsp;&nbsp;&nbsp;M8266WIFI_SPI_gbcwzsr
</UL>
<BR>[Called By]<UL><LI><a href="#[12e]">&gt;&gt;</a>&nbsp;&nbsp;&nbsp;M8266WIFI_Module_Init_Via_SPI
</UL>

<P><STRONG><a name="[a4]"></a>M8266WIFI_SPI_Get_STA_Connection_Status</STRONG> (Thumb, 88 bytes, Stack size unknown bytes, M8266WIFIDrv_STM32F4xx.o(.text.M8266WIFI_SPI_Get_STA_Connection_Status))
<BR><BR>[Stack]<UL><LI>Max Depth = 16 + Unknown Stack Size
<LI>Call Chain = M8266WIFI_SPI_Get_STA_Connection_Status &rArr; M8266WIFI_SPI_skbldxsj &rArr; M8266HostIf_delay_us &rArr; RCCdelay_us
</UL>
<BR>[Calls]<UL><LI><a href="#[8f]">&gt;&gt;</a>&nbsp;&nbsp;&nbsp;memset
<LI><a href="#[82]">&gt;&gt;</a>&nbsp;&nbsp;&nbsp;M8266WIFI_SPI_skbldxsj
<LI><a href="#[7d]">&gt;&gt;</a>&nbsp;&nbsp;&nbsp;M8266WIFI_SPI_wscbf
<LI><a href="#[7b]">&gt;&gt;</a>&nbsp;&nbsp;&nbsp;M8266WIFI_SPI_szbcxst
<LI><a href="#[79]">&gt;&gt;</a>&nbsp;&nbsp;&nbsp;M8266WIFI_SPI_gbcwzsr
</UL>
<BR>[Called By]<UL><LI><a href="#[a8]">&gt;&gt;</a>&nbsp;&nbsp;&nbsp;M8266WIFI_SPI_STA_Connect_Ap
<LI><a href="#[1a9]">&gt;&gt;</a>&nbsp;&nbsp;&nbsp;query_connectWIFI_state
</UL>

<P><STRONG><a name="[a5]"></a>M8266WIFI_SPI_Get_STA_IP_Addr</STRONG> (Thumb, 110 bytes, Stack size unknown bytes, M8266WIFIDrv_STM32F4xx.o(.text.M8266WIFI_SPI_Get_STA_IP_Addr))
<BR><BR>[Stack]<UL><LI>Max Depth = 16 + Unknown Stack Size
<LI>Call Chain = M8266WIFI_SPI_Get_STA_IP_Addr &rArr; M8266WIFI_SPI_skbldxsj &rArr; M8266HostIf_delay_us &rArr; RCCdelay_us
</UL>
<BR>[Calls]<UL><LI><a href="#[8f]">&gt;&gt;</a>&nbsp;&nbsp;&nbsp;memset
<LI><a href="#[82]">&gt;&gt;</a>&nbsp;&nbsp;&nbsp;M8266WIFI_SPI_skbldxsj
<LI><a href="#[7d]">&gt;&gt;</a>&nbsp;&nbsp;&nbsp;M8266WIFI_SPI_wscbf
<LI><a href="#[7b]">&gt;&gt;</a>&nbsp;&nbsp;&nbsp;M8266WIFI_SPI_szbcxst
<LI><a href="#[79]">&gt;&gt;</a>&nbsp;&nbsp;&nbsp;M8266WIFI_SPI_gbcwzsr
</UL>
<BR>[Called By]<UL><LI><a href="#[130]">&gt;&gt;</a>&nbsp;&nbsp;&nbsp;M8266WIFI_SPI_wait_sta_connecting_to_ap_and_get_ip
</UL>

<P><STRONG><a name="[9b]"></a>M8266WIFI_SPI_Query_Connection</STRONG> (Thumb, 216 bytes, Stack size unknown bytes, M8266WIFIDrv_STM32F4xx.o(.text.M8266WIFI_SPI_Query_Connection))
<BR><BR>[Stack]<UL><LI>Max Depth = 16 + Unknown Stack Size
<LI>Call Chain = M8266WIFI_SPI_Query_Connection &rArr; M8266WIFI_SPI_skbldxsj &rArr; M8266HostIf_delay_us &rArr; RCCdelay_us
</UL>
<BR>[Calls]<UL><LI><a href="#[8f]">&gt;&gt;</a>&nbsp;&nbsp;&nbsp;memset
<LI><a href="#[82]">&gt;&gt;</a>&nbsp;&nbsp;&nbsp;M8266WIFI_SPI_skbldxsj
<LI><a href="#[7d]">&gt;&gt;</a>&nbsp;&nbsp;&nbsp;M8266WIFI_SPI_wscbf
<LI><a href="#[7b]">&gt;&gt;</a>&nbsp;&nbsp;&nbsp;M8266WIFI_SPI_szbcxst
<LI><a href="#[79]">&gt;&gt;</a>&nbsp;&nbsp;&nbsp;M8266WIFI_SPI_gbcwzsr
</UL>
<BR>[Called By]<UL><LI><a href="#[168]">&gt;&gt;</a>&nbsp;&nbsp;&nbsp;query_M8266_state
<LI><a href="#[ac]">&gt;&gt;</a>&nbsp;&nbsp;&nbsp;M8266WIFI_SPI_Setup_Connection
<LI><a href="#[9a]">&gt;&gt;</a>&nbsp;&nbsp;&nbsp;M8266WIFI_SPI_dlodc
</UL>

<P><STRONG><a name="[a6]"></a>M8266WIFI_SPI_Query_Tcp_Mss</STRONG> (Thumb, 114 bytes, Stack size unknown bytes, M8266WIFIDrv_STM32F4xx.o(.text.M8266WIFI_SPI_Query_Tcp_Mss))
<BR><BR>[Stack]<UL><LI>Max Depth = 16 + Unknown Stack Size
<LI>Call Chain = M8266WIFI_SPI_Query_Tcp_Mss &rArr; M8266WIFI_SPI_qtpsp &rArr; M8266WIFI_SPI_skbldxsj &rArr; M8266HostIf_delay_us &rArr; RCCdelay_us
</UL>
<BR>[Calls]<UL><LI><a href="#[8f]">&gt;&gt;</a>&nbsp;&nbsp;&nbsp;memset
<LI><a href="#[9c]">&gt;&gt;</a>&nbsp;&nbsp;&nbsp;M8266WIFI_SPI_qtpsp
</UL>
<BR>[Called By]<UL><LI><a href="#[aa]">&gt;&gt;</a>&nbsp;&nbsp;&nbsp;M8266WIFI_SPI_Send_BlockData
</UL>

<P><STRONG><a name="[a7]"></a>M8266WIFI_SPI_Query_Tcp_Window_num</STRONG> (Thumb, 26 bytes, Stack size unknown bytes, M8266WIFIDrv_STM32F4xx.o(.text.M8266WIFI_SPI_Query_Tcp_Window_num))
<BR><BR>[Stack]<UL><LI>Max Depth = 16 + Unknown Stack Size
<LI>Call Chain = M8266WIFI_SPI_Query_Tcp_Window_num &rArr; M8266WIFI_SPI_qtpsp &rArr; M8266WIFI_SPI_skbldxsj &rArr; M8266HostIf_delay_us &rArr; RCCdelay_us
</UL>
<BR>[Calls]<UL><LI><a href="#[9c]">&gt;&gt;</a>&nbsp;&nbsp;&nbsp;M8266WIFI_SPI_qtpsp
</UL>
<BR>[Called By]<UL><LI><a href="#[aa]">&gt;&gt;</a>&nbsp;&nbsp;&nbsp;M8266WIFI_SPI_Send_BlockData
</UL>

<P><STRONG><a name="[a8]"></a>M8266WIFI_SPI_STA_Connect_Ap</STRONG> (Thumb, 832 bytes, Stack size unknown bytes, M8266WIFIDrv_STM32F4xx.o(.text.M8266WIFI_SPI_STA_Connect_Ap))
<BR><BR>[Stack]<UL><LI>Max Depth = 16 + Unknown Stack Size
<LI>Call Chain = M8266WIFI_SPI_STA_Connect_Ap &rArr; M8266WIFI_SPI_Get_STA_Connection_Status &rArr; M8266WIFI_SPI_skbldxsj &rArr; M8266HostIf_delay_us &rArr; RCCdelay_us
</UL>
<BR>[Calls]<UL><LI><a href="#[a4]">&gt;&gt;</a>&nbsp;&nbsp;&nbsp;M8266WIFI_SPI_Get_STA_Connection_Status
<LI><a href="#[7a]">&gt;&gt;</a>&nbsp;&nbsp;&nbsp;M8266HostIf_delay_us
<LI><a href="#[8f]">&gt;&gt;</a>&nbsp;&nbsp;&nbsp;memset
<LI><a href="#[a9]">&gt;&gt;</a>&nbsp;&nbsp;&nbsp;M8266WIFI_SPI_STA_DisConnect_Ap
<LI><a href="#[a1]">&gt;&gt;</a>&nbsp;&nbsp;&nbsp;M8266WIFI_SPI_Config_STA_Param
<LI><a href="#[82]">&gt;&gt;</a>&nbsp;&nbsp;&nbsp;M8266WIFI_SPI_skbldxsj
<LI><a href="#[81]">&gt;&gt;</a>&nbsp;&nbsp;&nbsp;fvcp.constprop.25
<LI><a href="#[7d]">&gt;&gt;</a>&nbsp;&nbsp;&nbsp;M8266WIFI_SPI_wscbf
<LI><a href="#[7b]">&gt;&gt;</a>&nbsp;&nbsp;&nbsp;M8266WIFI_SPI_szbcxst
<LI><a href="#[79]">&gt;&gt;</a>&nbsp;&nbsp;&nbsp;M8266WIFI_SPI_gbcwzsr
<LI><a href="#[76]">&gt;&gt;</a>&nbsp;&nbsp;&nbsp;M8266WIFI_SPI_ffwsbza
</UL>
<BR>[Called By]<UL><LI><a href="#[12e]">&gt;&gt;</a>&nbsp;&nbsp;&nbsp;M8266WIFI_Module_Init_Via_SPI
<LI><a href="#[178]">&gt;&gt;</a>&nbsp;&nbsp;&nbsp;connect_wifi
</UL>

<P><STRONG><a name="[a9]"></a>M8266WIFI_SPI_STA_DisConnect_Ap</STRONG> (Thumb, 120 bytes, Stack size unknown bytes, M8266WIFIDrv_STM32F4xx.o(.text.M8266WIFI_SPI_STA_DisConnect_Ap))
<BR><BR>[Stack]<UL><LI>Max Depth = 16 + Unknown Stack Size
<LI>Call Chain = M8266WIFI_SPI_STA_DisConnect_Ap &rArr; M8266WIFI_SPI_skbldxsj &rArr; M8266HostIf_delay_us &rArr; RCCdelay_us
</UL>
<BR>[Calls]<UL><LI><a href="#[8f]">&gt;&gt;</a>&nbsp;&nbsp;&nbsp;memset
<LI><a href="#[82]">&gt;&gt;</a>&nbsp;&nbsp;&nbsp;M8266WIFI_SPI_skbldxsj
<LI><a href="#[80]">&gt;&gt;</a>&nbsp;&nbsp;&nbsp;fvdnstap
<LI><a href="#[7d]">&gt;&gt;</a>&nbsp;&nbsp;&nbsp;M8266WIFI_SPI_wscbf
<LI><a href="#[7b]">&gt;&gt;</a>&nbsp;&nbsp;&nbsp;M8266WIFI_SPI_szbcxst
<LI><a href="#[79]">&gt;&gt;</a>&nbsp;&nbsp;&nbsp;M8266WIFI_SPI_gbcwzsr
<LI><a href="#[76]">&gt;&gt;</a>&nbsp;&nbsp;&nbsp;M8266WIFI_SPI_ffwsbza
</UL>
<BR>[Called By]<UL><LI><a href="#[a8]">&gt;&gt;</a>&nbsp;&nbsp;&nbsp;M8266WIFI_SPI_STA_Connect_Ap
</UL>

<P><STRONG><a name="[98]"></a>M8266WIFI_SPI_STA_Get_HostIP_by_HostName</STRONG> (Thumb, 668 bytes, Stack size unknown bytes, M8266WIFIDrv_STM32F4xx.o(.text.M8266WIFI_SPI_STA_Get_HostIP_by_HostName))
<BR><BR>[Stack]<UL><LI>Max Depth = 16 + Unknown Stack Size
<LI>Call Chain = M8266WIFI_SPI_STA_Get_HostIP_by_HostName &rArr; M8266WIFI_SPI_sptdt &rArr; M8266WIFI_SPI_skbldxsj &rArr; M8266HostIf_delay_us &rArr; RCCdelay_us
</UL>
<BR>[Calls]<UL><LI><a href="#[8f]">&gt;&gt;</a>&nbsp;&nbsp;&nbsp;memset
<LI><a href="#[9e]">&gt;&gt;</a>&nbsp;&nbsp;&nbsp;M8266WIFI_SPI_sptdt
<LI><a href="#[82]">&gt;&gt;</a>&nbsp;&nbsp;&nbsp;M8266WIFI_SPI_skbldxsj
<LI><a href="#[80]">&gt;&gt;</a>&nbsp;&nbsp;&nbsp;fvdnstap
<LI><a href="#[7d]">&gt;&gt;</a>&nbsp;&nbsp;&nbsp;M8266WIFI_SPI_wscbf
<LI><a href="#[7b]">&gt;&gt;</a>&nbsp;&nbsp;&nbsp;M8266WIFI_SPI_szbcxst
<LI><a href="#[79]">&gt;&gt;</a>&nbsp;&nbsp;&nbsp;M8266WIFI_SPI_gbcwzsr
<LI><a href="#[76]">&gt;&gt;</a>&nbsp;&nbsp;&nbsp;M8266WIFI_SPI_ffwsbza
</UL>
<BR>[Called By]<UL><LI><a href="#[ac]">&gt;&gt;</a>&nbsp;&nbsp;&nbsp;M8266WIFI_SPI_Setup_Connection
<LI><a href="#[86]">&gt;&gt;</a>&nbsp;&nbsp;&nbsp;M8266WIFI_SPI_sdfal
</UL>

<P><STRONG><a name="[aa]"></a>M8266WIFI_SPI_Send_BlockData</STRONG> (Thumb, 316 bytes, Stack size unknown bytes, M8266WIFIDrv_STM32F4xx.o(.text.M8266WIFI_SPI_Send_BlockData))
<BR><BR>[Stack]<UL><LI>Max Depth = 16 + Unknown Stack Size
<LI>Call Chain = M8266WIFI_SPI_Send_BlockData &rArr; M8266HostIf_delay_us &rArr; RCCdelay_us
</UL>
<BR>[Calls]<UL><LI><a href="#[7a]">&gt;&gt;</a>&nbsp;&nbsp;&nbsp;M8266HostIf_delay_us
<LI><a href="#[a7]">&gt;&gt;</a>&nbsp;&nbsp;&nbsp;M8266WIFI_SPI_Query_Tcp_Window_num
<LI><a href="#[a6]">&gt;&gt;</a>&nbsp;&nbsp;&nbsp;M8266WIFI_SPI_Query_Tcp_Mss
<LI><a href="#[86]">&gt;&gt;</a>&nbsp;&nbsp;&nbsp;M8266WIFI_SPI_sdfal
<LI><a href="#[80]">&gt;&gt;</a>&nbsp;&nbsp;&nbsp;fvdnstap
</UL>
<BR>[Called By]<UL><LI><a href="#[16e]">&gt;&gt;</a>&nbsp;&nbsp;&nbsp;breath_send
<LI><a href="#[6d]">&gt;&gt;</a>&nbsp;&nbsp;&nbsp;StartADS_Task
<LI><a href="#[16c]">&gt;&gt;</a>&nbsp;&nbsp;&nbsp;send_spo2
</UL>

<P><STRONG><a name="[ab]"></a>M8266WIFI_SPI_Set_Opmode</STRONG> (Thumb, 118 bytes, Stack size unknown bytes, M8266WIFIDrv_STM32F4xx.o(.text.M8266WIFI_SPI_Set_Opmode))
<BR><BR>[Stack]<UL><LI>Max Depth = 16 + Unknown Stack Size
<LI>Call Chain = M8266WIFI_SPI_Set_Opmode &rArr; M8266HostIf_delay_us &rArr; RCCdelay_us
</UL>
<BR>[Calls]<UL><LI><a href="#[7a]">&gt;&gt;</a>&nbsp;&nbsp;&nbsp;M8266HostIf_delay_us
<LI><a href="#[82]">&gt;&gt;</a>&nbsp;&nbsp;&nbsp;M8266WIFI_SPI_skbldxsj
<LI><a href="#[7d]">&gt;&gt;</a>&nbsp;&nbsp;&nbsp;M8266WIFI_SPI_wscbf
<LI><a href="#[7b]">&gt;&gt;</a>&nbsp;&nbsp;&nbsp;M8266WIFI_SPI_szbcxst
<LI><a href="#[79]">&gt;&gt;</a>&nbsp;&nbsp;&nbsp;M8266WIFI_SPI_gbcwzsr
</UL>
<BR>[Called By]<UL><LI><a href="#[12e]">&gt;&gt;</a>&nbsp;&nbsp;&nbsp;M8266WIFI_Module_Init_Via_SPI
</UL>

<P><STRONG><a name="[ac]"></a>M8266WIFI_SPI_Setup_Connection</STRONG> (Thumb, 544 bytes, Stack size unknown bytes, M8266WIFIDrv_STM32F4xx.o(.text.M8266WIFI_SPI_Setup_Connection))
<BR><BR>[Stack]<UL><LI>Max Depth = 16 + Unknown Stack Size
<LI>Call Chain = M8266WIFI_SPI_Setup_Connection &rArr; M8266WIFI_SPI_Query_Connection &rArr; M8266WIFI_SPI_skbldxsj &rArr; M8266HostIf_delay_us &rArr; RCCdelay_us
</UL>
<BR>[Calls]<UL><LI><a href="#[9b]">&gt;&gt;</a>&nbsp;&nbsp;&nbsp;M8266WIFI_SPI_Query_Connection
<LI><a href="#[7a]">&gt;&gt;</a>&nbsp;&nbsp;&nbsp;M8266HostIf_delay_us
<LI><a href="#[8f]">&gt;&gt;</a>&nbsp;&nbsp;&nbsp;memset
<LI><a href="#[a2]">&gt;&gt;</a>&nbsp;&nbsp;&nbsp;M8266WIFI_SPI_Delete_Connection
<LI><a href="#[98]">&gt;&gt;</a>&nbsp;&nbsp;&nbsp;M8266WIFI_SPI_STA_Get_HostIP_by_HostName
<LI><a href="#[82]">&gt;&gt;</a>&nbsp;&nbsp;&nbsp;M8266WIFI_SPI_skbldxsj
<LI><a href="#[80]">&gt;&gt;</a>&nbsp;&nbsp;&nbsp;fvdnstap
<LI><a href="#[81]">&gt;&gt;</a>&nbsp;&nbsp;&nbsp;fvcp.constprop.25
<LI><a href="#[7d]">&gt;&gt;</a>&nbsp;&nbsp;&nbsp;M8266WIFI_SPI_wscbf
<LI><a href="#[7b]">&gt;&gt;</a>&nbsp;&nbsp;&nbsp;M8266WIFI_SPI_szbcxst
<LI><a href="#[79]">&gt;&gt;</a>&nbsp;&nbsp;&nbsp;M8266WIFI_SPI_gbcwzsr
<LI><a href="#[76]">&gt;&gt;</a>&nbsp;&nbsp;&nbsp;M8266WIFI_SPI_ffwsbza
</UL>
<BR>[Called By]<UL><LI><a href="#[132]">&gt;&gt;</a>&nbsp;&nbsp;&nbsp;M8266WIFI_Test
<LI><a href="#[133]">&gt;&gt;</a>&nbsp;&nbsp;&nbsp;connect_PC
</UL>

<P><STRONG><a name="[b0]"></a>ADS_Init</STRONG> (Thumb, 516 bytes, Stack size 8 bytes, ads1298.o(i.ADS_Init))
<BR><BR>[Stack]<UL><LI>Max Depth = 168<LI>Call Chain = ADS_Init &rArr; ADS_WREG &rArr; transferSPI &rArr; HAL_SPI_TransmitReceive &rArr; SPI_EndRxTxTransaction &rArr; SPI_WaitFlagStateUntilTimeout
</UL>
<BR>[Calls]<UL><LI><a href="#[b8]">&gt;&gt;</a>&nbsp;&nbsp;&nbsp;ADS_START
<LI><a href="#[b1]">&gt;&gt;</a>&nbsp;&nbsp;&nbsp;HAL_GPIO_WritePin
<LI><a href="#[b6]">&gt;&gt;</a>&nbsp;&nbsp;&nbsp;ADS_WREG
<LI><a href="#[b4]">&gt;&gt;</a>&nbsp;&nbsp;&nbsp;ADS_SDATAC
<LI><a href="#[b7]">&gt;&gt;</a>&nbsp;&nbsp;&nbsp;ADS_RREGS
<LI><a href="#[b5]">&gt;&gt;</a>&nbsp;&nbsp;&nbsp;ADS_RREG
<LI><a href="#[b3]">&gt;&gt;</a>&nbsp;&nbsp;&nbsp;ADS_RESET
<LI><a href="#[b2]">&gt;&gt;</a>&nbsp;&nbsp;&nbsp;HAL_Delay
</UL>
<BR>[Called By]<UL><LI><a href="#[6a]">&gt;&gt;</a>&nbsp;&nbsp;&nbsp;StartDefaultTask
</UL>

<P><STRONG><a name="[b9]"></a>ADS_RDATA</STRONG> (Thumb, 252 bytes, Stack size 32 bytes, ads1298.o(i.ADS_RDATA))
<BR><BR>[Stack]<UL><LI>Max Depth = 168<LI>Call Chain = ADS_RDATA &rArr; transferSPI &rArr; HAL_SPI_TransmitReceive &rArr; SPI_EndRxTxTransaction &rArr; SPI_WaitFlagStateUntilTimeout
</UL>
<BR>[Calls]<UL><LI><a href="#[b1]">&gt;&gt;</a>&nbsp;&nbsp;&nbsp;HAL_GPIO_WritePin
<LI><a href="#[ba]">&gt;&gt;</a>&nbsp;&nbsp;&nbsp;transferSPI
</UL>
<BR>[Called By]<UL><LI><a href="#[6d]">&gt;&gt;</a>&nbsp;&nbsp;&nbsp;StartADS_Task
</UL>

<P><STRONG><a name="[b3]"></a>ADS_RESET</STRONG> (Thumb, 44 bytes, Stack size 8 bytes, ads1298.o(i.ADS_RESET))
<BR><BR>[Stack]<UL><LI>Max Depth = 144<LI>Call Chain = ADS_RESET &rArr; transferSPI &rArr; HAL_SPI_TransmitReceive &rArr; SPI_EndRxTxTransaction &rArr; SPI_WaitFlagStateUntilTimeout
</UL>
<BR>[Calls]<UL><LI><a href="#[b1]">&gt;&gt;</a>&nbsp;&nbsp;&nbsp;HAL_GPIO_WritePin
<LI><a href="#[ba]">&gt;&gt;</a>&nbsp;&nbsp;&nbsp;transferSPI
<LI><a href="#[b2]">&gt;&gt;</a>&nbsp;&nbsp;&nbsp;HAL_Delay
</UL>
<BR>[Called By]<UL><LI><a href="#[b0]">&gt;&gt;</a>&nbsp;&nbsp;&nbsp;ADS_Init
</UL>

<P><STRONG><a name="[b5]"></a>ADS_RREG</STRONG> (Thumb, 60 bytes, Stack size 16 bytes, ads1298.o(i.ADS_RREG))
<BR><BR>[Stack]<UL><LI>Max Depth = 152<LI>Call Chain = ADS_RREG &rArr; transferSPI &rArr; HAL_SPI_TransmitReceive &rArr; SPI_EndRxTxTransaction &rArr; SPI_WaitFlagStateUntilTimeout
</UL>
<BR>[Calls]<UL><LI><a href="#[b1]">&gt;&gt;</a>&nbsp;&nbsp;&nbsp;HAL_GPIO_WritePin
<LI><a href="#[ba]">&gt;&gt;</a>&nbsp;&nbsp;&nbsp;transferSPI
</UL>
<BR>[Called By]<UL><LI><a href="#[b0]">&gt;&gt;</a>&nbsp;&nbsp;&nbsp;ADS_Init
</UL>

<P><STRONG><a name="[b7]"></a>ADS_RREGS</STRONG> (Thumb, 74 bytes, Stack size 24 bytes, ads1298.o(i.ADS_RREGS))
<BR><BR>[Stack]<UL><LI>Max Depth = 160<LI>Call Chain = ADS_RREGS &rArr; transferSPI &rArr; HAL_SPI_TransmitReceive &rArr; SPI_EndRxTxTransaction &rArr; SPI_WaitFlagStateUntilTimeout
</UL>
<BR>[Calls]<UL><LI><a href="#[b1]">&gt;&gt;</a>&nbsp;&nbsp;&nbsp;HAL_GPIO_WritePin
<LI><a href="#[ba]">&gt;&gt;</a>&nbsp;&nbsp;&nbsp;transferSPI
</UL>
<BR>[Called By]<UL><LI><a href="#[b0]">&gt;&gt;</a>&nbsp;&nbsp;&nbsp;ADS_Init
</UL>

<P><STRONG><a name="[b4]"></a>ADS_SDATAC</STRONG> (Thumb, 32 bytes, Stack size 8 bytes, ads1298.o(i.ADS_SDATAC))
<BR><BR>[Stack]<UL><LI>Max Depth = 144<LI>Call Chain = ADS_SDATAC &rArr; transferSPI &rArr; HAL_SPI_TransmitReceive &rArr; SPI_EndRxTxTransaction &rArr; SPI_WaitFlagStateUntilTimeout
</UL>
<BR>[Calls]<UL><LI><a href="#[b1]">&gt;&gt;</a>&nbsp;&nbsp;&nbsp;HAL_GPIO_WritePin
<LI><a href="#[ba]">&gt;&gt;</a>&nbsp;&nbsp;&nbsp;transferSPI
</UL>
<BR>[Called By]<UL><LI><a href="#[b0]">&gt;&gt;</a>&nbsp;&nbsp;&nbsp;ADS_Init
</UL>

<P><STRONG><a name="[b8]"></a>ADS_START</STRONG> (Thumb, 32 bytes, Stack size 8 bytes, ads1298.o(i.ADS_START))
<BR><BR>[Stack]<UL><LI>Max Depth = 144<LI>Call Chain = ADS_START &rArr; transferSPI &rArr; HAL_SPI_TransmitReceive &rArr; SPI_EndRxTxTransaction &rArr; SPI_WaitFlagStateUntilTimeout
</UL>
<BR>[Calls]<UL><LI><a href="#[b1]">&gt;&gt;</a>&nbsp;&nbsp;&nbsp;HAL_GPIO_WritePin
<LI><a href="#[ba]">&gt;&gt;</a>&nbsp;&nbsp;&nbsp;transferSPI
</UL>
<BR>[Called By]<UL><LI><a href="#[b0]">&gt;&gt;</a>&nbsp;&nbsp;&nbsp;ADS_Init
<LI><a href="#[6d]">&gt;&gt;</a>&nbsp;&nbsp;&nbsp;StartADS_Task
</UL>

<P><STRONG><a name="[bb]"></a>ADS_SendDataBuff</STRONG> (Thumb, 142 bytes, Stack size 8 bytes, ads1298.o(i.ADS_SendDataBuff))
<BR><BR>[Stack]<UL><LI>Max Depth = 8<LI>Call Chain = ADS_SendDataBuff
</UL>
<BR>[Calls]<UL><LI><a href="#[bc]">&gt;&gt;</a>&nbsp;&nbsp;&nbsp;Uint24ToUint32
</UL>
<BR>[Called By]<UL><LI><a href="#[6d]">&gt;&gt;</a>&nbsp;&nbsp;&nbsp;StartADS_Task
</UL>

<P><STRONG><a name="[b6]"></a>ADS_WREG</STRONG> (Thumb, 62 bytes, Stack size 24 bytes, ads1298.o(i.ADS_WREG))
<BR><BR>[Stack]<UL><LI>Max Depth = 160<LI>Call Chain = ADS_WREG &rArr; transferSPI &rArr; HAL_SPI_TransmitReceive &rArr; SPI_EndRxTxTransaction &rArr; SPI_WaitFlagStateUntilTimeout
</UL>
<BR>[Calls]<UL><LI><a href="#[b1]">&gt;&gt;</a>&nbsp;&nbsp;&nbsp;HAL_GPIO_WritePin
<LI><a href="#[ba]">&gt;&gt;</a>&nbsp;&nbsp;&nbsp;transferSPI
</UL>
<BR>[Called By]<UL><LI><a href="#[b0]">&gt;&gt;</a>&nbsp;&nbsp;&nbsp;ADS_Init
</UL>

<P><STRONG><a name="[bd]"></a>BSP_PlatformIsDetected</STRONG> (Thumb, 20 bytes, Stack size 8 bytes, fatfs_platform.o(i.BSP_PlatformIsDetected))
<BR><BR>[Stack]<UL><LI>Max Depth = 8<LI>Call Chain = BSP_PlatformIsDetected
</UL>
<BR>[Calls]<UL><LI><a href="#[be]">&gt;&gt;</a>&nbsp;&nbsp;&nbsp;HAL_GPIO_ReadPin
</UL>
<BR>[Called By]<UL><LI><a href="#[c4]">&gt;&gt;</a>&nbsp;&nbsp;&nbsp;BSP_SD_IsDetected
</UL>

<P><STRONG><a name="[bf]"></a>BSP_SD_GetCardInfo</STRONG> (Thumb, 14 bytes, Stack size 8 bytes, bsp_driver_sd.o(i.BSP_SD_GetCardInfo))
<BR><BR>[Stack]<UL><LI>Max Depth = 8<LI>Call Chain = BSP_SD_GetCardInfo
</UL>
<BR>[Calls]<UL><LI><a href="#[c0]">&gt;&gt;</a>&nbsp;&nbsp;&nbsp;HAL_SD_GetCardInfo
</UL>
<BR>[Called By]<UL><LI><a href="#[72]">&gt;&gt;</a>&nbsp;&nbsp;&nbsp;SD_ioctl
</UL>

<P><STRONG><a name="[c1]"></a>BSP_SD_GetCardState</STRONG> (Thumb, 20 bytes, Stack size 8 bytes, bsp_driver_sd.o(i.BSP_SD_GetCardState))
<BR><BR>[Stack]<UL><LI>Max Depth = 116<LI>Call Chain = BSP_SD_GetCardState &rArr; HAL_SD_GetCardState &rArr; SD_SendStatus &rArr; SDMMC_CmdSendStatus &rArr; SDMMC_GetCmdResp1
</UL>
<BR>[Calls]<UL><LI><a href="#[c2]">&gt;&gt;</a>&nbsp;&nbsp;&nbsp;HAL_SD_GetCardState
</UL>
<BR>[Called By]<UL><LI><a href="#[15a]">&gt;&gt;</a>&nbsp;&nbsp;&nbsp;SD_CheckStatus
<LI><a href="#[71]">&gt;&gt;</a>&nbsp;&nbsp;&nbsp;SD_write
<LI><a href="#[70]">&gt;&gt;</a>&nbsp;&nbsp;&nbsp;SD_read
<LI><a href="#[15b]">&gt;&gt;</a>&nbsp;&nbsp;&nbsp;SD_CheckStatusWithTimeout
</UL>

<P><STRONG><a name="[c3]"></a>BSP_SD_Init</STRONG> (Thumb, 44 bytes, Stack size 8 bytes, bsp_driver_sd.o(i.BSP_SD_Init))
<BR><BR>[Stack]<UL><LI>Max Depth = 220<LI>Call Chain = BSP_SD_Init &rArr; HAL_SD_ConfigWideBusOperation &rArr; SD_WideBus_Enable &rArr; SD_FindSCR &rArr; SDMMC_CmdBlockLength &rArr; SDMMC_GetCmdResp1
</UL>
<BR>[Calls]<UL><LI><a href="#[c4]">&gt;&gt;</a>&nbsp;&nbsp;&nbsp;BSP_SD_IsDetected
<LI><a href="#[c5]">&gt;&gt;</a>&nbsp;&nbsp;&nbsp;HAL_SD_Init
<LI><a href="#[c6]">&gt;&gt;</a>&nbsp;&nbsp;&nbsp;HAL_SD_ConfigWideBusOperation
</UL>
<BR>[Called By]<UL><LI><a href="#[6e]">&gt;&gt;</a>&nbsp;&nbsp;&nbsp;SD_initialize
</UL>

<P><STRONG><a name="[c4]"></a>BSP_SD_IsDetected</STRONG> (Thumb, 22 bytes, Stack size 8 bytes, bsp_driver_sd.o(i.BSP_SD_IsDetected))
<BR><BR>[Stack]<UL><LI>Max Depth = 16<LI>Call Chain = BSP_SD_IsDetected &rArr; BSP_PlatformIsDetected
</UL>
<BR>[Calls]<UL><LI><a href="#[bd]">&gt;&gt;</a>&nbsp;&nbsp;&nbsp;BSP_PlatformIsDetected
</UL>
<BR>[Called By]<UL><LI><a href="#[c3]">&gt;&gt;</a>&nbsp;&nbsp;&nbsp;BSP_SD_Init
</UL>

<P><STRONG><a name="[c7]"></a>BSP_SD_ReadBlocks_DMA</STRONG> (Thumb, 34 bytes, Stack size 24 bytes, bsp_driver_sd.o(i.BSP_SD_ReadBlocks_DMA))
<BR><BR>[Stack]<UL><LI>Max Depth = 148<LI>Call Chain = BSP_SD_ReadBlocks_DMA &rArr; HAL_SD_ReadBlocks_DMA &rArr; SDMMC_CmdReadSingleBlock &rArr; SDMMC_GetCmdResp1
</UL>
<BR>[Calls]<UL><LI><a href="#[c8]">&gt;&gt;</a>&nbsp;&nbsp;&nbsp;HAL_SD_ReadBlocks_DMA
</UL>
<BR>[Called By]<UL><LI><a href="#[70]">&gt;&gt;</a>&nbsp;&nbsp;&nbsp;SD_read
</UL>

<P><STRONG><a name="[c9]"></a>BSP_SD_ReadCpltCallback</STRONG> (Thumb, 16 bytes, Stack size 8 bytes, sd_diskio.o(i.BSP_SD_ReadCpltCallback))
<BR><BR>[Stack]<UL><LI>Max Depth = 144<LI>Call Chain = BSP_SD_ReadCpltCallback &rArr; osMessagePut &rArr; xQueueGenericSend &rArr; vTaskPlaceOnEventList &rArr; prvAddCurrentTaskToDelayedList &rArr; vListInsert
</UL>
<BR>[Calls]<UL><LI><a href="#[ca]">&gt;&gt;</a>&nbsp;&nbsp;&nbsp;osMessagePut
</UL>
<BR>[Called By]<UL><LI><a href="#[100]">&gt;&gt;</a>&nbsp;&nbsp;&nbsp;HAL_SD_RxCpltCallback
</UL>

<P><STRONG><a name="[cb]"></a>BSP_SD_WriteBlocks_DMA</STRONG> (Thumb, 34 bytes, Stack size 24 bytes, bsp_driver_sd.o(i.BSP_SD_WriteBlocks_DMA))
<BR><BR>[Stack]<UL><LI>Max Depth = 148<LI>Call Chain = BSP_SD_WriteBlocks_DMA &rArr; HAL_SD_WriteBlocks_DMA &rArr; SDMMC_CmdWriteSingleBlock &rArr; SDMMC_GetCmdResp1
</UL>
<BR>[Calls]<UL><LI><a href="#[cc]">&gt;&gt;</a>&nbsp;&nbsp;&nbsp;HAL_SD_WriteBlocks_DMA
</UL>
<BR>[Called By]<UL><LI><a href="#[71]">&gt;&gt;</a>&nbsp;&nbsp;&nbsp;SD_write
</UL>

<P><STRONG><a name="[4]"></a>BusFault_Handler</STRONG> (Thumb, 4 bytes, Stack size 0 bytes, stm32f4xx_it.o(i.BusFault_Handler))
<BR>[Address Reference Count : 1]<UL><LI> startup_stm32f407xx.o(RESET)
</UL>
<P><STRONG><a name="[15]"></a>DMA1_Stream0_IRQHandler</STRONG> (Thumb, 10 bytes, Stack size 8 bytes, stm32f4xx_it.o(i.DMA1_Stream0_IRQHandler))
<BR><BR>[Stack]<UL><LI>Max Depth = 32<LI>Call Chain = DMA1_Stream0_IRQHandler &rArr; HAL_DMA_IRQHandler
</UL>
<BR>[Calls]<UL><LI><a href="#[cd]">&gt;&gt;</a>&nbsp;&nbsp;&nbsp;HAL_DMA_IRQHandler
</UL>
<BR>[Address Reference Count : 1]<UL><LI> startup_stm32f407xx.o(RESET)
</UL>
<P><STRONG><a name="[16]"></a>DMA1_Stream1_IRQHandler</STRONG> (Thumb, 10 bytes, Stack size 8 bytes, stm32f4xx_it.o(i.DMA1_Stream1_IRQHandler))
<BR><BR>[Stack]<UL><LI>Max Depth = 32<LI>Call Chain = DMA1_Stream1_IRQHandler &rArr; HAL_DMA_IRQHandler
</UL>
<BR>[Calls]<UL><LI><a href="#[cd]">&gt;&gt;</a>&nbsp;&nbsp;&nbsp;HAL_DMA_IRQHandler
</UL>
<BR>[Address Reference Count : 1]<UL><LI> startup_stm32f407xx.o(RESET)
</UL>
<P><STRONG><a name="[1a]"></a>DMA1_Stream5_IRQHandler</STRONG> (Thumb, 10 bytes, Stack size 8 bytes, stm32f4xx_it.o(i.DMA1_Stream5_IRQHandler))
<BR><BR>[Stack]<UL><LI>Max Depth = 32<LI>Call Chain = DMA1_Stream5_IRQHandler &rArr; HAL_DMA_IRQHandler
</UL>
<BR>[Calls]<UL><LI><a href="#[cd]">&gt;&gt;</a>&nbsp;&nbsp;&nbsp;HAL_DMA_IRQHandler
</UL>
<BR>[Address Reference Count : 1]<UL><LI> startup_stm32f407xx.o(RESET)
</UL>
<P><STRONG><a name="[44]"></a>DMA2_Stream2_IRQHandler</STRONG> (Thumb, 10 bytes, Stack size 8 bytes, stm32f4xx_it.o(i.DMA2_Stream2_IRQHandler))
<BR><BR>[Stack]<UL><LI>Max Depth = 32<LI>Call Chain = DMA2_Stream2_IRQHandler &rArr; HAL_DMA_IRQHandler
</UL>
<BR>[Calls]<UL><LI><a href="#[cd]">&gt;&gt;</a>&nbsp;&nbsp;&nbsp;HAL_DMA_IRQHandler
</UL>
<BR>[Address Reference Count : 1]<UL><LI> startup_stm32f407xx.o(RESET)
</UL>
<P><STRONG><a name="[46]"></a>DMA2_Stream4_IRQHandler</STRONG> (Thumb, 10 bytes, Stack size 8 bytes, stm32f4xx_it.o(i.DMA2_Stream4_IRQHandler))
<BR><BR>[Stack]<UL><LI>Max Depth = 32<LI>Call Chain = DMA2_Stream4_IRQHandler &rArr; HAL_DMA_IRQHandler
</UL>
<BR>[Calls]<UL><LI><a href="#[cd]">&gt;&gt;</a>&nbsp;&nbsp;&nbsp;HAL_DMA_IRQHandler
</UL>
<BR>[Address Reference Count : 1]<UL><LI> startup_stm32f407xx.o(RESET)
</UL>
<P><STRONG><a name="[7]"></a>DebugMon_Handler</STRONG> (Thumb, 2 bytes, Stack size 0 bytes, stm32f4xx_it.o(i.DebugMon_Handler))
<BR>[Address Reference Count : 1]<UL><LI> startup_stm32f407xx.o(RESET)
</UL>
<P><STRONG><a name="[32]"></a>EXTI15_10_IRQHandler</STRONG> (Thumb, 12 bytes, Stack size 8 bytes, stm32f4xx_it.o(i.EXTI15_10_IRQHandler))
<BR><BR>[Stack]<UL><LI>Max Depth = 80<LI>Call Chain = EXTI15_10_IRQHandler &rArr; HAL_GPIO_EXTI_IRQHandler &rArr; HAL_GPIO_EXTI_Callback &rArr; xQueueGiveFromISR &rArr; xTaskRemoveFromEventList
</UL>
<BR>[Calls]<UL><LI><a href="#[ce]">&gt;&gt;</a>&nbsp;&nbsp;&nbsp;HAL_GPIO_EXTI_IRQHandler
</UL>
<BR>[Address Reference Count : 1]<UL><LI> startup_stm32f407xx.o(RESET)
</UL>
<P><STRONG><a name="[d8]"></a>Error_Handler</STRONG> (Thumb, 6 bytes, Stack size 0 bytes, main.o(i.Error_Handler))
<BR><BR>[Called By]<UL><LI><a href="#[d3]">&gt;&gt;</a>&nbsp;&nbsp;&nbsp;HAL_ADC_MspInit
<LI><a href="#[144]">&gt;&gt;</a>&nbsp;&nbsp;&nbsp;MX_USART3_UART_Init
<LI><a href="#[143]">&gt;&gt;</a>&nbsp;&nbsp;&nbsp;MX_TIM3_Init
<LI><a href="#[141]">&gt;&gt;</a>&nbsp;&nbsp;&nbsp;MX_TIM2_Init
<LI><a href="#[140]">&gt;&gt;</a>&nbsp;&nbsp;&nbsp;MX_SPI3_Init
<LI><a href="#[13f]">&gt;&gt;</a>&nbsp;&nbsp;&nbsp;MX_SPI2_Init
<LI><a href="#[13e]">&gt;&gt;</a>&nbsp;&nbsp;&nbsp;MX_SPI1_Init
<LI><a href="#[136]">&gt;&gt;</a>&nbsp;&nbsp;&nbsp;MX_ADC2_Init
<LI><a href="#[134]">&gt;&gt;</a>&nbsp;&nbsp;&nbsp;MX_ADC1_Init
<LI><a href="#[174]">&gt;&gt;</a>&nbsp;&nbsp;&nbsp;SystemClock_Config
<LI><a href="#[126]">&gt;&gt;</a>&nbsp;&nbsp;&nbsp;HAL_UART_MspInit
<LI><a href="#[104]">&gt;&gt;</a>&nbsp;&nbsp;&nbsp;HAL_SPI_MspInit
</UL>

<P><STRONG><a name="[cf]"></a>FATFS_LinkDriver</STRONG> (Thumb, 18 bytes, Stack size 12 bytes, ff_gen_drv.o(i.FATFS_LinkDriver))
<BR><BR>[Stack]<UL><LI>Max Depth = 32<LI>Call Chain = FATFS_LinkDriver &rArr; FATFS_LinkDriverEx
</UL>
<BR>[Calls]<UL><LI><a href="#[d0]">&gt;&gt;</a>&nbsp;&nbsp;&nbsp;FATFS_LinkDriverEx
</UL>
<BR>[Called By]<UL><LI><a href="#[138]">&gt;&gt;</a>&nbsp;&nbsp;&nbsp;MX_FATFS_Init
</UL>

<P><STRONG><a name="[d0]"></a>FATFS_LinkDriverEx</STRONG> (Thumb, 78 bytes, Stack size 20 bytes, ff_gen_drv.o(i.FATFS_LinkDriverEx))
<BR><BR>[Stack]<UL><LI>Max Depth = 20<LI>Call Chain = FATFS_LinkDriverEx
</UL>
<BR>[Called By]<UL><LI><a href="#[cf]">&gt;&gt;</a>&nbsp;&nbsp;&nbsp;FATFS_LinkDriver
</UL>

<P><STRONG><a name="[135]"></a>HAL_ADC_ConfigChannel</STRONG> (Thumb, 380 bytes, Stack size 16 bytes, stm32f4xx_hal_adc.o(i.HAL_ADC_ConfigChannel))
<BR><BR>[Stack]<UL><LI>Max Depth = 16<LI>Call Chain = HAL_ADC_ConfigChannel
</UL>
<BR>[Called By]<UL><LI><a href="#[136]">&gt;&gt;</a>&nbsp;&nbsp;&nbsp;MX_ADC2_Init
<LI><a href="#[134]">&gt;&gt;</a>&nbsp;&nbsp;&nbsp;MX_ADC1_Init
</UL>

<P><STRONG><a name="[ad]"></a>HAL_ADC_ConvCpltCallback</STRONG> (Thumb, 38 bytes, Stack size 8 bytes, adc.o(i.HAL_ADC_ConvCpltCallback))
<BR><BR>[Stack]<UL><LI>Max Depth = 128<LI>Call Chain = HAL_ADC_ConvCpltCallback &rArr; osSemaphoreRelease &rArr; xQueueGenericSend &rArr; vTaskPlaceOnEventList &rArr; prvAddCurrentTaskToDelayedList &rArr; vListInsert
</UL>
<BR>[Calls]<UL><LI><a href="#[d1]">&gt;&gt;</a>&nbsp;&nbsp;&nbsp;osSemaphoreRelease
</UL>
<BR>[Called By]<UL><LI><a href="#[5e]">&gt;&gt;</a>&nbsp;&nbsp;&nbsp;ADC_DMAConvCplt
</UL>

<P><STRONG><a name="[af]"></a>HAL_ADC_ConvHalfCpltCallback</STRONG> (Thumb, 2 bytes, Stack size 0 bytes, stm32f4xx_hal_adc.o(i.HAL_ADC_ConvHalfCpltCallback))
<BR><BR>[Called By]<UL><LI><a href="#[5f]">&gt;&gt;</a>&nbsp;&nbsp;&nbsp;ADC_DMAHalfConvCplt
</UL>

<P><STRONG><a name="[ae]"></a>HAL_ADC_ErrorCallback</STRONG> (Thumb, 2 bytes, Stack size 0 bytes, stm32f4xx_hal_adc.o(i.HAL_ADC_ErrorCallback))
<BR><BR>[Called By]<UL><LI><a href="#[60]">&gt;&gt;</a>&nbsp;&nbsp;&nbsp;ADC_DMAError
<LI><a href="#[5e]">&gt;&gt;</a>&nbsp;&nbsp;&nbsp;ADC_DMAConvCplt
</UL>

<P><STRONG><a name="[d2]"></a>HAL_ADC_Init</STRONG> (Thumb, 100 bytes, Stack size 16 bytes, stm32f4xx_hal_adc.o(i.HAL_ADC_Init))
<BR><BR>[Stack]<UL><LI>Max Depth = 72<LI>Call Chain = HAL_ADC_Init &rArr; HAL_ADC_MspInit &rArr; HAL_DMA_Init
</UL>
<BR>[Calls]<UL><LI><a href="#[d3]">&gt;&gt;</a>&nbsp;&nbsp;&nbsp;HAL_ADC_MspInit
<LI><a href="#[d4]">&gt;&gt;</a>&nbsp;&nbsp;&nbsp;ADC_Init
</UL>
<BR>[Called By]<UL><LI><a href="#[136]">&gt;&gt;</a>&nbsp;&nbsp;&nbsp;MX_ADC2_Init
<LI><a href="#[134]">&gt;&gt;</a>&nbsp;&nbsp;&nbsp;MX_ADC1_Init
</UL>

<P><STRONG><a name="[d3]"></a>HAL_ADC_MspInit</STRONG> (Thumb, 340 bytes, Stack size 32 bytes, adc.o(i.HAL_ADC_MspInit))
<BR><BR>[Stack]<UL><LI>Max Depth = 56<LI>Call Chain = HAL_ADC_MspInit &rArr; HAL_DMA_Init
</UL>
<BR>[Calls]<UL><LI><a href="#[d7]">&gt;&gt;</a>&nbsp;&nbsp;&nbsp;HAL_DMA_Init
<LI><a href="#[d6]">&gt;&gt;</a>&nbsp;&nbsp;&nbsp;HAL_GPIO_Init
<LI><a href="#[d8]">&gt;&gt;</a>&nbsp;&nbsp;&nbsp;Error_Handler
<LI><a href="#[d5]">&gt;&gt;</a>&nbsp;&nbsp;&nbsp;__aeabi_memclr4
</UL>
<BR>[Called By]<UL><LI><a href="#[d2]">&gt;&gt;</a>&nbsp;&nbsp;&nbsp;HAL_ADC_Init
</UL>

<P><STRONG><a name="[d9]"></a>HAL_ADC_Start_DMA</STRONG> (Thumb, 398 bytes, Stack size 24 bytes, stm32f4xx_hal_adc.o(i.HAL_ADC_Start_DMA))
<BR><BR>[Stack]<UL><LI>Max Depth = 68<LI>Call Chain = HAL_ADC_Start_DMA &rArr; HAL_DMA_Start_IT &rArr; DMA_SetConfig
</UL>
<BR>[Calls]<UL><LI><a href="#[da]">&gt;&gt;</a>&nbsp;&nbsp;&nbsp;HAL_DMA_Start_IT
</UL>
<BR>[Called By]<UL><LI><a href="#[170]">&gt;&gt;</a>&nbsp;&nbsp;&nbsp;breath_init
<LI><a href="#[6a]">&gt;&gt;</a>&nbsp;&nbsp;&nbsp;StartDefaultTask
</UL>

<P><STRONG><a name="[db]"></a>HAL_DMA_Abort</STRONG> (Thumb, 172 bytes, Stack size 16 bytes, stm32f4xx_hal_dma.o(i.HAL_DMA_Abort))
<BR><BR>[Stack]<UL><LI>Max Depth = 16<LI>Call Chain = HAL_DMA_Abort
</UL>
<BR>[Calls]<UL><LI><a href="#[dc]">&gt;&gt;</a>&nbsp;&nbsp;&nbsp;HAL_GetTick
</UL>
<BR>[Called By]<UL><LI><a href="#[11e]">&gt;&gt;</a>&nbsp;&nbsp;&nbsp;HAL_UART_IRQHandler
<LI><a href="#[11b]">&gt;&gt;</a>&nbsp;&nbsp;&nbsp;HAL_UART_DMAStop
</UL>

<P><STRONG><a name="[120]"></a>HAL_DMA_Abort_IT</STRONG> (Thumb, 40 bytes, Stack size 0 bytes, stm32f4xx_hal_dma.o(i.HAL_DMA_Abort_IT))
<BR><BR>[Called By]<UL><LI><a href="#[11e]">&gt;&gt;</a>&nbsp;&nbsp;&nbsp;HAL_UART_IRQHandler
</UL>

<P><STRONG><a name="[15d]"></a>HAL_DMA_GetError</STRONG> (Thumb, 6 bytes, Stack size 0 bytes, stm32f4xx_hal_dma.o(i.HAL_DMA_GetError))
<BR><BR>[Called By]<UL><LI><a href="#[62]">&gt;&gt;</a>&nbsp;&nbsp;&nbsp;SD_DMAError
</UL>

<P><STRONG><a name="[cd]"></a>HAL_DMA_IRQHandler</STRONG> (Thumb, 570 bytes, Stack size 24 bytes, stm32f4xx_hal_dma.o(i.HAL_DMA_IRQHandler))
<BR><BR>[Stack]<UL><LI>Max Depth = 24<LI>Call Chain = HAL_DMA_IRQHandler
</UL>
<BR>[Called By]<UL><LI><a href="#[46]">&gt;&gt;</a>&nbsp;&nbsp;&nbsp;DMA2_Stream4_IRQHandler
<LI><a href="#[44]">&gt;&gt;</a>&nbsp;&nbsp;&nbsp;DMA2_Stream2_IRQHandler
<LI><a href="#[1a]">&gt;&gt;</a>&nbsp;&nbsp;&nbsp;DMA1_Stream5_IRQHandler
<LI><a href="#[16]">&gt;&gt;</a>&nbsp;&nbsp;&nbsp;DMA1_Stream1_IRQHandler
<LI><a href="#[15]">&gt;&gt;</a>&nbsp;&nbsp;&nbsp;DMA1_Stream0_IRQHandler
</UL>

<P><STRONG><a name="[d7]"></a>HAL_DMA_Init</STRONG> (Thumb, 232 bytes, Stack size 24 bytes, stm32f4xx_hal_dma.o(i.HAL_DMA_Init))
<BR><BR>[Stack]<UL><LI>Max Depth = 24<LI>Call Chain = HAL_DMA_Init
</UL>
<BR>[Calls]<UL><LI><a href="#[dc]">&gt;&gt;</a>&nbsp;&nbsp;&nbsp;HAL_GetTick
<LI><a href="#[dd]">&gt;&gt;</a>&nbsp;&nbsp;&nbsp;DMA_CheckFifoParam
<LI><a href="#[de]">&gt;&gt;</a>&nbsp;&nbsp;&nbsp;DMA_CalcBaseAndBitshift
</UL>
<BR>[Called By]<UL><LI><a href="#[d3]">&gt;&gt;</a>&nbsp;&nbsp;&nbsp;HAL_ADC_MspInit
<LI><a href="#[126]">&gt;&gt;</a>&nbsp;&nbsp;&nbsp;HAL_UART_MspInit
<LI><a href="#[104]">&gt;&gt;</a>&nbsp;&nbsp;&nbsp;HAL_SPI_MspInit
</UL>

<P><STRONG><a name="[da]"></a>HAL_DMA_Start_IT</STRONG> (Thumb, 146 bytes, Stack size 32 bytes, stm32f4xx_hal_dma.o(i.HAL_DMA_Start_IT))
<BR><BR>[Stack]<UL><LI>Max Depth = 44<LI>Call Chain = HAL_DMA_Start_IT &rArr; DMA_SetConfig
</UL>
<BR>[Calls]<UL><LI><a href="#[df]">&gt;&gt;</a>&nbsp;&nbsp;&nbsp;DMA_SetConfig
</UL>
<BR>[Called By]<UL><LI><a href="#[d9]">&gt;&gt;</a>&nbsp;&nbsp;&nbsp;HAL_ADC_Start_DMA
<LI><a href="#[cc]">&gt;&gt;</a>&nbsp;&nbsp;&nbsp;HAL_SD_WriteBlocks_DMA
<LI><a href="#[c8]">&gt;&gt;</a>&nbsp;&nbsp;&nbsp;HAL_SD_ReadBlocks_DMA
<LI><a href="#[129]">&gt;&gt;</a>&nbsp;&nbsp;&nbsp;UART_Start_Receive_DMA
</UL>

<P><STRONG><a name="[b2]"></a>HAL_Delay</STRONG> (Thumb, 36 bytes, Stack size 16 bytes, stm32f4xx_hal.o(i.HAL_Delay))
<BR><BR>[Stack]<UL><LI>Max Depth = 16<LI>Call Chain = HAL_Delay
</UL>
<BR>[Calls]<UL><LI><a href="#[dc]">&gt;&gt;</a>&nbsp;&nbsp;&nbsp;HAL_GetTick
</UL>
<BR>[Called By]<UL><LI><a href="#[12e]">&gt;&gt;</a>&nbsp;&nbsp;&nbsp;M8266WIFI_Module_Init_Via_SPI
<LI><a href="#[b0]">&gt;&gt;</a>&nbsp;&nbsp;&nbsp;ADS_Init
[...]
<LI><a href="#[a8]">&gt;&gt;</a>&nbsp;&nbsp;&nbsp;M8266WIFI_SPI_STA_Connect_Ap
<LI><a href="#[98]">&gt;&gt;</a>&nbsp;&nbsp;&nbsp;M8266WIFI_SPI_STA_Get_HostIP_by_HostName
<LI><a href="#[a9]">&gt;&gt;</a>&nbsp;&nbsp;&nbsp;M8266WIFI_SPI_STA_DisConnect_Ap
<LI><a href="#[84]">&gt;&gt;</a>&nbsp;&nbsp;&nbsp;M8266WIFI_SPI_Interface_Communication_Stress_Test
<LI><a href="#[9a]">&gt;&gt;</a>&nbsp;&nbsp;&nbsp;M8266WIFI_SPI_dlodc
<LI><a href="#[86]">&gt;&gt;</a>&nbsp;&nbsp;&nbsp;M8266WIFI_SPI_sdfal
<LI><a href="#[9c]">&gt;&gt;</a>&nbsp;&nbsp;&nbsp;M8266WIFI_SPI_qtpsp
<LI><a href="#[99]">&gt;&gt;</a>&nbsp;&nbsp;&nbsp;M8266WIFI_SPI_qacal
<LI><a href="#[9d]">&gt;&gt;</a>&nbsp;&nbsp;&nbsp;M8266WIFI_SPI_capstp
<LI><a href="#[82]">&gt;&gt;</a>&nbsp;&nbsp;&nbsp;M8266WIFI_SPI_skbldxsj
<LI><a href="#[80]">&gt;&gt;</a>&nbsp;&nbsp;&nbsp;fvdnstap
<LI><a href="#[7e]">&gt;&gt;</a>&nbsp;&nbsp;&nbsp;M8266WIFI_SPI_twsfad
<LI><a href="#[7d]">&gt;&gt;</a>&nbsp;&nbsp;&nbsp;M8266WIFI_SPI_wscbf
<LI><a href="#[7b]">&gt;&gt;</a>&nbsp;&nbsp;&nbsp;M8266WIFI_SPI_szbcxst
<LI><a href="#[79]">&gt;&gt;</a>&nbsp;&nbsp;&nbsp;M8266WIFI_SPI_gbcwzsr
</UL>

<P><STRONG><a name="[78]"></a>M8266WIFI_SPI_hjdxctmm</STRONG> (Thumb, 32 bytes, Stack size unknown bytes, M8266WIFIDrv_STM32F4xx.o(.text))
<BR><BR>[Stack]<UL><LI>Max Depth = 8 + Unknown Stack Size
<LI>Call Chain = M8266WIFI_SPI_hjdxctmm &rArr; M8266HostIf_Set_SPI_nCS_Pin
</UL>
<BR>[Calls]<UL><LI><a href="#[77]">&gt;&gt;</a>&nbsp;&nbsp;&nbsp;M8266HostIf_Set_SPI_nCS_Pin
</UL>
<BR>[Called By]<UL><LI><a href="#[84]">&gt;&gt;</a>&nbsp;&nbsp;&nbsp;M8266WIFI_SPI_Interface_Communication_Stress_Test
<LI><a href="#[86]">&gt;&gt;</a>&nbsp;&nbsp;&nbsp;M8266WIFI_SPI_sdfal
<LI><a href="#[7b]">&gt;&gt;</a>&nbsp;&nbsp;&nbsp;M8266WIFI_SPI_szbcxst
<LI><a href="#[79]">&gt;&gt;</a>&nbsp;&nbsp;&nbsp;M8266WIFI_SPI_gbcwzsr
</UL>

<P><STRONG><a name="[79]"></a>M8266WIFI_SPI_gbcwzsr</STRONG> (Thumb, 88 bytes, Stack size unknown bytes, M8266WIFIDrv_STM32F4xx.o(.text))
<BR><BR>[Stack]<UL><LI>Max Depth = 16 + Unknown Stack Size
<LI>Call Chain = M8266WIFI_SPI_gbcwzsr &rArr; M8266HostIf_delay_us &rArr; RCCdelay_us
</UL>
<BR>[Calls]<UL><LI><a href="#[7a]">&gt;&gt;</a>&nbsp;&nbsp;&nbsp;M8266HostIf_delay_us
<LI><a href="#[78]">&gt;&gt;</a>&nbsp;&nbsp;&nbsp;M8266WIFI_SPI_hjdxctmm
<LI><a href="#[76]">&gt;&gt;</a>&nbsp;&nbsp;&nbsp;M8266WIFI_SPI_ffwsbza
</UL>
<BR>[Called By]<UL><LI><a href="#[ac]">&gt;&gt;</a>&nbsp;&nbsp;&nbsp;M8266WIFI_SPI_Setup_Connection
<LI><a href="#[9b]">&gt;&gt;</a>&nbsp;&nbsp;&nbsp;M8266WIFI_SPI_Query_Connection
<LI><a href="#[ab]">&gt;&gt;</a>&nbsp;&nbsp;&nbsp;M8266WIFI_SPI_Set_Opmode
<LI><a href="#[a8]">&gt;&gt;</a>&nbsp;&nbsp;&nbsp;M8266WIFI_SPI_STA_Connect_Ap
<LI><a href="#[a5]">&gt;&gt;</a>&nbsp;&nbsp;&nbsp;M8266WIFI_SPI_Get_STA_IP_Addr
<LI><a href="#[a4]">&gt;&gt;</a>&nbsp;&nbsp;&nbsp;M8266WIFI_SPI_Get_STA_Connection_Status
<LI><a href="#[a3]">&gt;&gt;</a>&nbsp;&nbsp;&nbsp;M8266WIFI_SPI_Get_Opmode
<LI><a href="#[a0]">&gt;&gt;</a>&nbsp;&nbsp;&nbsp;M8266WIFI_SPI_Get_Module_Info
<LI><a href="#[89]">&gt;&gt;</a>&nbsp;&nbsp;&nbsp;M8266WIFI_SPI_StartModuleSmartConfig
<LI><a href="#[98]">&gt;&gt;</a>&nbsp;&nbsp;&nbsp;M8266WIFI_SPI_STA_Get_HostIP_by_HostName
<LI><a href="#[a9]">&gt;&gt;</a>&nbsp;&nbsp;&nbsp;M8266WIFI_SPI_STA_DisConnect_Ap
<LI><a href="#[9a]">&gt;&gt;</a>&nbsp;&nbsp;&nbsp;M8266WIFI_SPI_dlodc
<LI><a href="#[9c]">&gt;&gt;</a>&nbsp;&nbsp;&nbsp;M8266WIFI_SPI_qtpsp
<LI><a href="#[99]">&gt;&gt;</a>&nbsp;&nbsp;&nbsp;M8266WIFI_SPI_qacal
<LI><a href="#[9e]">&gt;&gt;</a>&nbsp;&nbsp;&nbsp;M8266WIFI_SPI_sptdt
<LI><a href="#[9d]">&gt;&gt;</a>&nbsp;&nbsp;&nbsp;M8266WIFI_SPI_capstp
<LI><a href="#[83]">&gt;&gt;</a>&nbsp;&nbsp;&nbsp;M8266WIFI_SPI_ssmd
<LI><a href="#[82]">&gt;&gt;</a>&nbsp;&nbsp;&nbsp;M8266WIFI_SPI_skbldxsj
</UL>

<P><STRONG><a name="[7b]"></a>M8266WIFI_SPI_szbcxst</STRONG> (Thumb, 112 bytes, Stack size unknown bytes, M8266WIFIDrv_STM32F4xx.o(.text))
<BR><BR>[Stack]<UL><LI>Max Depth = 16 + Unknown Stack Size
<LI>Call Chain = M8266WIFI_SPI_szbcxst &rArr; M8266HostIf_delay_us &rArr; RCCdelay_us
</UL>
<BR>[Calls]<UL><LI><a href="#[7a]">&gt;&gt;</a>&nbsp;&nbsp;&nbsp;M8266HostIf_delay_us
<LI><a href="#[78]">&gt;&gt;</a>&nbsp;&nbsp;&nbsp;M8266WIFI_SPI_hjdxctmm
<LI><a href="#[76]">&gt;&gt;</a>&nbsp;&nbsp;&nbsp;M8266WIFI_SPI_ffwsbza
</UL>
<BR>[Called By]<UL><LI><a href="#[ac]">&gt;&gt;</a>&nbsp;&nbsp;&nbsp;M8266WIFI_SPI_Setup_Connection
<LI><a href="#[9b]">&gt;&gt;</a>&nbsp;&nbsp;&nbsp;M8266WIFI_SPI_Query_Connection
<LI><a href="#[ab]">&gt;&gt;</a>&nbsp;&nbsp;&nbsp;M8266WIFI_SPI_Set_Opmode
<LI><a href="#[a8]">&gt;&gt;</a>&nbsp;&nbsp;&nbsp;M8266WIFI_SPI_STA_Connect_Ap
<LI><a href="#[a5]">&gt;&gt;</a>&nbsp;&nbsp;&nbsp;M8266WIFI_SPI_Get_STA_IP_Addr
<LI><a href="#[a4]">&gt;&gt;</a>&nbsp;&nbsp;&nbsp;M8266WIFI_SPI_Get_STA_Connection_Status
<LI><a href="#[a3]">&gt;&gt;</a>&nbsp;&nbsp;&nbsp;M8266WIFI_SPI_Get_Opmode
<LI><a href="#[a0]">&gt;&gt;</a>&nbsp;&nbsp;&nbsp;M8266WIFI_SPI_Get_Module_Info
<LI><a href="#[89]">&gt;&gt;</a>&nbsp;&nbsp;&nbsp;M8266WIFI_SPI_StartModuleSmartConfig
<LI><a href="#[98]">&gt;&gt;</a>&nbsp;&nbsp;&nbsp;M8266WIFI_SPI_STA_Get_HostIP_by_HostName
<LI><a href="#[a9]">&gt;&gt;</a>&nbsp;&nbsp;&nbsp;M8266WIFI_SPI_STA_DisConnect_Ap
<LI><a href="#[9a]">&gt;&gt;</a>&nbsp;&nbsp;&nbsp;M8266WIFI_SPI_dlodc
<LI><a href="#[86]">&gt;&gt;</a>&nbsp;&nbsp;&nbsp;M8266WIFI_SPI_sdfal
<LI><a href="#[9c]">&gt;&gt;</a>&nbsp;&nbsp;&nbsp;M8266WIFI_SPI_qtpsp
<LI><a href="#[99]">&gt;&gt;</a>&nbsp;&nbsp;&nbsp;M8266WIFI_SPI_qacal
<LI><a href="#[9e]">&gt;&gt;</a>&nbsp;&nbsp;&nbsp;M8266WIFI_SPI_sptdt
<LI><a href="#[9d]">&gt;&gt;</a>&nbsp;&nbsp;&nbsp;M8266WIFI_SPI_capstp
<LI><a href="#[83]">&gt;&gt;</a>&nbsp;&nbsp;&nbsp;M8266WIFI_SPI_ssmd
</UL>

<P><STRONG><a name="[7c]"></a>M8266WIFI_SPI_ssut</STRONG> (Thumb, 112 bytes, Stack size unknown bytes, M8266WIFIDrv_STM32F4xx.o(.text))
<BR><BR>[Stack]<UL><LI>Max Depth = 8 + Unknown Stack Size
<LI>Call Chain = M8266WIFI_SPI_ssut &rArr; M8266HostIf_Set_SPI_nCS_Pin
</UL>
<BR>[Calls]<UL><LI><a href="#[77]">&gt;&gt;</a>&nbsp;&nbsp;&nbsp;M8266HostIf_Set_SPI_nCS_Pin
</UL>
<BR>[Called By]<UL><LI><a href="#[86]">&gt;&gt;</a>&nbsp;&nbsp;&nbsp;M8266WIFI_SPI_sdfal
<LI><a href="#[82]">&gt;&gt;</a>&nbsp;&nbsp;&nbsp;M8266WIFI_SPI_skbldxsj
</UL>

<P><STRONG><a name="[7d]"></a>M8266WIFI_SPI_wscbf</STRONG> (Thumb, 60 bytes, Stack size unknown bytes, M8266WIFIDrv_STM32F4xx.o(.text))
<BR><BR>[Stack]<UL><LI>Max Depth = 16 + Unknown Stack Size
<LI>Call Chain = M8266WIFI_SPI_wscbf &rArr; M8266HostIf_delay_us &rArr; RCCdelay_us
</UL>
<BR>[Calls]<UL><LI><a href="#[7a]">&gt;&gt;</a>&nbsp;&nbsp;&nbsp;M8266HostIf_delay_us
<LI><a href="#[76]">&gt;&gt;</a>&nbsp;&nbsp;&nbsp;M8266WIFI_SPI_ffwsbza
</UL>
<BR>[Called By]<UL><LI><a href="#[ac]">&gt;&gt;</a>&nbsp;&nbsp;&nbsp;M8266WIFI_SPI_Setup_Connection
<LI><a href="#[9b]">&gt;&gt;</a>&nbsp;&nbsp;&nbsp;M8266WIFI_SPI_Query_Connection
<LI><a href="#[ab]">&gt;&gt;</a>&nbsp;&nbsp;&nbsp;M8266WIFI_SPI_Set_Opmode
<LI><a href="#[a8]">&gt;&gt;</a>&nbsp;&nbsp;&nbsp;M8266WIFI_SPI_STA_Connect_Ap
<LI><a href="#[a5]">&gt;&gt;</a>&nbsp;&nbsp;&nbsp;M8266WIFI_SPI_Get_STA_IP_Addr
<LI><a href="#[a4]">&gt;&gt;</a>&nbsp;&nbsp;&nbsp;M8266WIFI_SPI_Get_STA_Connection_Status
<LI><a href="#[a3]">&gt;&gt;</a>&nbsp;&nbsp;&nbsp;M8266WIFI_SPI_Get_Opmode
<LI><a href="#[a0]">&gt;&gt;</a>&nbsp;&nbsp;&nbsp;M8266WIFI_SPI_Get_Module_Info
<LI><a href="#[89]">&gt;&gt;</a>&nbsp;&nbsp;&nbsp;M8266WIFI_SPI_StartModuleSmartConfig
<LI><a href="#[98]">&gt;&gt;</a>&nbsp;&nbsp;&nbsp;M8266WIFI_SPI_STA_Get_HostIP_by_HostName
<LI><a href="#[a9]">&gt;&gt;</a>&nbsp;&nbsp;&nbsp;M8266WIFI_SPI_STA_DisConnect_Ap
<LI><a href="#[9a]">&gt;&gt;</a>&nbsp;&nbsp;&nbsp;M8266WIFI_SPI_dlodc
<LI><a href="#[86]">&gt;&gt;</a>&nbsp;&nbsp;&nbsp;M8266WIFI_SPI_sdfal
<LI><a href="#[9c]">&gt;&gt;</a>&nbsp;&nbsp;&nbsp;M8266WIFI_SPI_qtpsp
<LI><a href="#[99]">&gt;&gt;</a>&nbsp;&nbsp;&nbsp;M8266WIFI_SPI_qacal
<LI><a href="#[9e]">&gt;&gt;</a>&nbsp;&nbsp;&nbsp;M8266WIFI_SPI_sptdt
<LI><a href="#[9d]">&gt;&gt;</a>&nbsp;&nbsp;&nbsp;M8266WIFI_SPI_capstp
<LI><a href="#[83]">&gt;&gt;</a>&nbsp;&nbsp;&nbsp;M8266WIFI_SPI_ssmd
</UL>

<P><STRONG><a name="[7e]"></a>M8266WIFI_SPI_twsfad</STRONG> (Thumb, 56 bytes, Stack size unknown bytes, M8266WIFIDrv_STM32F4xx.o(.text))
<BR><BR>[Stack]<UL><LI>Max Depth = 16 + Unknown Stack Size
<LI>Call Chain = M8266WIFI_SPI_twsfad &rArr; M8266HostIf_delay_us &rArr; RCCdelay_us
</UL>
<BR>[Calls]<UL><LI><a href="#[7a]">&gt;&gt;</a>&nbsp;&nbsp;&nbsp;M8266HostIf_delay_us
<LI><a href="#[76]">&gt;&gt;</a>&nbsp;&nbsp;&nbsp;M8266WIFI_SPI_ffwsbza
</UL>
<BR>[Called By]<UL><LI><a href="#[86]">&gt;&gt;</a>&nbsp;&nbsp;&nbsp;M8266WIFI_SPI_sdfal
<LI><a href="#[82]">&gt;&gt;</a>&nbsp;&nbsp;&nbsp;M8266WIFI_SPI_skbldxsj
</UL>

<P><STRONG><a name="[7f]"></a>M8266WIFI_SPI_pirouaw.part.3</STRONG> (Thumb, 62 bytes, Stack size unknown bytes, M8266WIFIDrv_STM32F4xx.o(.text))
<BR><BR>[Stack]<UL><LI>Max Depth = 8 + Unknown Stack Size
<LI>Call Chain = M8266WIFI_SPI_pirouaw.part.3 &rArr; M8266HostIf_Set_SPI_nCS_Pin
</UL>
<BR>[Calls]<UL><LI><a href="#[77]">&gt;&gt;</a>&nbsp;&nbsp;&nbsp;M8266HostIf_Set_SPI_nCS_Pin
</UL>
<BR>[Called By]<UL><LI><a href="#[82]">&gt;&gt;</a>&nbsp;&nbsp;&nbsp;M8266WIFI_SPI_skbldxsj
</UL>

<P><STRONG><a name="[81]"></a>fvcp.constprop.25</STRONG> (Thumb, 80 bytes, Stack size unknown bytes, M8266WIFIDrv_STM32F4xx.o(.text))
<BR><BR>[Called By]<UL><LI><a href="#[ac]">&gt;&gt;</a>&nbsp;&nbsp;&nbsp;M8266WIFI_SPI_Setup_Connection
<LI><a href="#[a8]">&gt;&gt;</a>&nbsp;&nbsp;&nbsp;M8266WIFI_SPI_STA_Connect_Ap
<LI><a href="#[9f]">&gt;&gt;</a>&nbsp;&nbsp;&nbsp;M8266HostIf_SPI_Select
<LI><a href="#[86]">&gt;&gt;</a>&nbsp;&nbsp;&nbsp;M8266WIFI_SPI_sdfal
<LI><a href="#[80]">&gt;&gt;</a>&nbsp;&nbsp;&nbsp;fvdnstap
</UL>

<P><STRONG><a name="[80]"></a>fvdnstap</STRONG> (Thumb, 34 bytes, Stack size unknown bytes, M8266WIFIDrv_STM32F4xx.o(.text))
<BR><BR>[Stack]<UL><LI>Max Depth = 8 + Unknown Stack Size
<LI>Call Chain = fvdnstap &rArr; M8266WIFI_SPI_ffwsbza &rArr; M8266HostIf_Set_SPI_nCS_Pin
</UL>
<BR>[Calls]<UL><LI><a href="#[81]">&gt;&gt;</a>&nbsp;&nbsp;&nbsp;fvcp.constprop.25
<LI><a href="#[76]">&gt;&gt;</a>&nbsp;&nbsp;&nbsp;M8266WIFI_SPI_ffwsbza
</UL>
<BR>[Called By]<UL><LI><a href="#[aa]">&gt;&gt;</a>&nbsp;&nbsp;&nbsp;M8266WIFI_SPI_Send_BlockData
<LI><a href="#[ac]">&gt;&gt;</a>&nbsp;&nbsp;&nbsp;M8266WIFI_SPI_Setup_Connection
<LI><a href="#[88]">&gt;&gt;</a>&nbsp;&nbsp;&nbsp;M8266WIFI_SPI_Send_Data_to_TcpClient
<LI><a href="#[87]">&gt;&gt;</a>&nbsp;&nbsp;&nbsp;M8266WIFI_SPI_Send_Udp_Data
<LI><a href="#[98]">&gt;&gt;</a>&nbsp;&nbsp;&nbsp;M8266WIFI_SPI_STA_Get_HostIP_by_HostName
<LI><a href="#[a9]">&gt;&gt;</a>&nbsp;&nbsp;&nbsp;M8266WIFI_SPI_STA_DisConnect_Ap
<LI><a href="#[9c]">&gt;&gt;</a>&nbsp;&nbsp;&nbsp;M8266WIFI_SPI_qtpsp
<LI><a href="#[9d]">&gt;&gt;</a>&nbsp;&nbsp;&nbsp;M8266WIFI_SPI_capstp
<LI><a href="#[82]">&gt;&gt;</a>&nbsp;&nbsp;&nbsp;M8266WIFI_SPI_skbldxsj
</UL>

<P><STRONG><a name="[82]"></a>M8266WIFI_SPI_skbldxsj</STRONG> (Thumb, 366 bytes, Stack size unknown bytes, M8266WIFIDrv_STM32F4xx.o(.text))
<BR><BR>[Stack]<UL><LI>Max Depth = 16 + Unknown Stack Size
<LI>Call Chain = M8266WIFI_SPI_skbldxsj &rArr; M8266HostIf_delay_us &rArr; RCCdelay_us
</UL>
<BR>[Calls]<UL><LI><a href="#[7a]">&gt;&gt;</a>&nbsp;&nbsp;&nbsp;M8266HostIf_delay_us
<LI><a href="#[80]">&gt;&gt;</a>&nbsp;&nbsp;&nbsp;fvdnstap
<LI><a href="#[7f]">&gt;&gt;</a>&nbsp;&nbsp;&nbsp;M8266WIFI_SPI_pirouaw.part.3
<LI><a href="#[7e]">&gt;&gt;</a>&nbsp;&nbsp;&nbsp;M8266WIFI_SPI_twsfad
<LI><a href="#[7c]">&gt;&gt;</a>&nbsp;&nbsp;&nbsp;M8266WIFI_SPI_ssut
<LI><a href="#[79]">&gt;&gt;</a>&nbsp;&nbsp;&nbsp;M8266WIFI_SPI_gbcwzsr
<LI><a href="#[76]">&gt;&gt;</a>&nbsp;&nbsp;&nbsp;M8266WIFI_SPI_ffwsbza
</UL>
<BR>[Called By]<UL><LI><a href="#[ac]">&gt;&gt;</a>&nbsp;&nbsp;&nbsp;M8266WIFI_SPI_Setup_Connection
<LI><a href="#[9b]">&gt;&gt;</a>&nbsp;&nbsp;&nbsp;M8266WIFI_SPI_Query_Connection
<LI><a href="#[ab]">&gt;&gt;</a>&nbsp;&nbsp;&nbsp;M8266WIFI_SPI_Set_Opmode
<LI><a href="#[a8]">&gt;&gt;</a>&nbsp;&nbsp;&nbsp;M8266WIFI_SPI_STA_Connect_Ap
<LI><a href="#[a5]">&gt;&gt;</a>&nbsp;&nbsp;&nbsp;M8266WIFI_SPI_Get_STA_IP_Addr
<LI><a href="#[a4]">&gt;&gt;</a>&nbsp;&nbsp;&nbsp;M8266WIFI_SPI_Get_STA_Connection_Status
<LI><a href="#[a3]">&gt;&gt;</a>&nbsp;&nbsp;&nbsp;M8266WIFI_SPI_Get_Opmode
<LI><a href="#[a0]">&gt;&gt;</a>&nbsp;&nbsp;&nbsp;M8266WIFI_SPI_Get_Module_Info
<LI><a href="#[89]">&gt;&gt;</a>&nbsp;&nbsp;&nbsp;M8266WIFI_SPI_StartModuleSmartConfig
<LI><a href="#[98]">&gt;&gt;</a>&nbsp;&nbsp;&nbsp;M8266WIFI_SPI_STA_Get_HostIP_by_HostName
<LI><a href="#[a9]">&gt;&gt;</a>&nbsp;&nbsp;&nbsp;M8266WIFI_SPI_STA_DisConnect_Ap
<LI><a href="#[9a]">&gt;&gt;</a>&nbsp;&nbsp;&nbsp;M8266WIFI_SPI_dlodc
<LI><a href="#[86]">&gt;&gt;</a>&nbsp;&nbsp;&nbsp;M8266WIFI_SPI_sdfal
<LI><a href="#[9c]">&gt;&gt;</a>&nbsp;&nbsp;&nbsp;M8266WIFI_SPI_qtpsp
<LI><a href="#[99]">&gt;&gt;</a>&nbsp;&nbsp;&nbsp;M8266WIFI_SPI_qacal
<LI><a href="#[9e]">&gt;&gt;</a>&nbsp;&nbsp;&nbsp;M8266WIFI_SPI_sptdt
<LI><a href="#[9d]">&gt;&gt;</a>&nbsp;&nbsp;&nbsp;M8266WIFI_SPI_capstp
<LI><a href="#[83]">&gt;&gt;</a>&nbsp;&nbsp;&nbsp;M8266WIFI_SPI_ssmd
</UL>

<P><STRONG><a name="[83]"></a>M8266WIFI_SPI_ssmd</STRONG> (Thumb, 156 bytes, Stack size unknown bytes, M8266WIFIDrv_STM32F4xx.o(.text))
<BR><BR>[Stack]<UL><LI>Max Depth = 16 + Unknown Stack Size
<LI>Call Chain = M8266WIFI_SPI_ssmd &rArr; M8266WIFI_SPI_skbldxsj &rArr; M8266HostIf_delay_us &rArr; RCCdelay_us
</UL>
<BR>[Calls]<UL><LI><a href="#[82]">&gt;&gt;</a>&nbsp;&nbsp;&nbsp;M8266WIFI_SPI_skbldxsj
<LI><a href="#[7d]">&gt;&gt;</a>&nbsp;&nbsp;&nbsp;M8266WIFI_SPI_wscbf
<LI><a href="#[7b]">&gt;&gt;</a>&nbsp;&nbsp;&nbsp;M8266WIFI_SPI_szbcxst
<LI><a href="#[79]">&gt;&gt;</a>&nbsp;&nbsp;&nbsp;M8266WIFI_SPI_gbcwzsr
</UL>
<BR>[Called By]<UL><LI><a href="#[9f]">&gt;&gt;</a>&nbsp;&nbsp;&nbsp;M8266HostIf_SPI_Select
</UL>

<P><STRONG><a name="[9d]"></a>M8266WIFI_SPI_capstp</STRONG> (Thumb, 244 bytes, Stack size unknown bytes, M8266WIFIDrv_STM32F4xx.o(.text.5))
<BR><BR>[Stack]<UL><LI>Max Depth = 16 + Unknown Stack Size
<LI>Call Chain = M8266WIFI_SPI_capstp &rArr; M8266WIFI_SPI_skbldxsj &rArr; M8266HostIf_delay_us &rArr; RCCdelay_us
</UL>
<BR>[Calls]<UL><LI><a href="#[8f]">&gt;&gt;</a>&nbsp;&nbsp;&nbsp;memset
<LI><a href="#[82]">&gt;&gt;</a>&nbsp;&nbsp;&nbsp;M8266WIFI_SPI_skbldxsj
<LI><a href="#[80]">&gt;&gt;</a>&nbsp;&nbsp;&nbsp;fvdnstap
<LI><a href="#[7d]">&gt;&gt;</a>&nbsp;&nbsp;&nbsp;M8266WIFI_SPI_wscbf
<LI><a href="#[7b]">&gt;&gt;</a>&nbsp;&nbsp;&nbsp;M8266WIFI_SPI_szbcxst
<LI><a href="#[79]">&gt;&gt;</a>&nbsp;&nbsp;&nbsp;M8266WIFI_SPI_gbcwzsr
<LI><a href="#[76]">&gt;&gt;</a>&nbsp;&nbsp;&nbsp;M8266WIFI_SPI_ffwsbza
</UL>
<BR>[Called By]<UL><LI><a href="#[a1]">&gt;&gt;</a>&nbsp;&nbsp;&nbsp;M8266WIFI_SPI_Config_STA_Param
</UL>

<P><STRONG><a name="[9e]"></a>M8266WIFI_SPI_sptdt</STRONG> (Thumb, 250 bytes, Stack size unknown bytes, M8266WIFIDrv_STM32F4xx.o(.text.9))
<BR><BR>[Stack]<UL><LI>Max Depth = 16 + Unknown Stack Size
<LI>Call Chain = M8266WIFI_SPI_sptdt &rArr; M8266WIFI_SPI_skbldxsj &rArr; M8266HostIf_delay_us &rArr; RCCdelay_us
</UL>
<BR>[Calls]<UL><LI><a href="#[8f]">&gt;&gt;</a>&nbsp;&nbsp;&nbsp;memset
<LI><a href="#[82]">&gt;&gt;</a>&nbsp;&nbsp;&nbsp;M8266WIFI_SPI_skbldxsj
<LI><a href="#[7d]">&gt;&gt;</a>&nbsp;&nbsp;&nbsp;M8266WIFI_SPI_wscbf
<LI><a href="#[7b]">&gt;&gt;</a>&nbsp;&nbsp;&nbsp;M8266WIFI_SPI_szbcxst
<LI><a href="#[79]">&gt;&gt;</a>&nbsp;&nbsp;&nbsp;M8266WIFI_SPI_gbcwzsr
</UL>
<BR>[Called By]<UL><LI><a href="#[98]">&gt;&gt;</a>&nbsp;&nbsp;&nbsp;M8266WIFI_SPI_STA_Get_HostIP_by_HostName
</UL>

<P><STRONG><a name="[99]"></a>M8266WIFI_SPI_qacal</STRONG> (Thumb, 238 bytes, Stack size unknown bytes, M8266WIFIDrv_STM32F4xx.o(.text.12))
<BR><BR>[Stack]<UL><LI>Max Depth = 16 + Unknown Stack Size
<LI>Call Chain = M8266WIFI_SPI_qacal &rArr; M8266WIFI_SPI_skbldxsj &rArr; M8266HostIf_delay_us &rArr; RCCdelay_us
</UL>
<BR>[Calls]<UL><LI><a href="#[8f]">&gt;&gt;</a>&nbsp;&nbsp;&nbsp;memset
<LI><a href="#[82]">&gt;&gt;</a>&nbsp;&nbsp;&nbsp;M8266WIFI_SPI_skbldxsj
<LI><a href="#[7d]">&gt;&gt;</a>&nbsp;&nbsp;&nbsp;M8266WIFI_SPI_wscbf
<LI><a href="#[7b]">&gt;&gt;</a>&nbsp;&nbsp;&nbsp;M8266WIFI_SPI_szbcxst
<LI><a href="#[79]">&gt;&gt;</a>&nbsp;&nbsp;&nbsp;M8266WIFI_SPI_gbcwzsr
<LI><a href="#[76]">&gt;&gt;</a>&nbsp;&nbsp;&nbsp;M8266WIFI_SPI_ffwsbza
</UL>
<BR>[Called By]<UL><LI><a href="#[9a]">&gt;&gt;</a>&nbsp;&nbsp;&nbsp;M8266WIFI_SPI_dlodc
</UL>

<P><STRONG><a name="[9c]"></a>M8266WIFI_SPI_qtpsp</STRONG> (Thumb, 252 bytes, Stack size unknown bytes, M8266WIFIDrv_STM32F4xx.o(.text.14))
<BR><BR>[Stack]<UL><LI>Max Depth = 16 + Unknown Stack Size
<LI>Call Chain = M8266WIFI_SPI_qtpsp &rArr; M8266WIFI_SPI_skbldxsj &rArr; M8266HostIf_delay_us &rArr; RCCdelay_us
</UL>
<BR>[Calls]<UL><LI><a href="#[82]">&gt;&gt;</a>&nbsp;&nbsp;&nbsp;M8266WIFI_SPI_skbldxsj
<LI><a href="#[80]">&gt;&gt;</a>&nbsp;&nbsp;&nbsp;fvdnstap
<LI><a href="#[7d]">&gt;&gt;</a>&nbsp;&nbsp;&nbsp;M8266WIFI_SPI_wscbf
<LI><a href="#[7b]">&gt;&gt;</a>&nbsp;&nbsp;&nbsp;M8266WIFI_SPI_szbcxst
<LI><a href="#[79]">&gt;&gt;</a>&nbsp;&nbsp;&nbsp;M8266WIFI_SPI_gbcwzsr
<LI><a href="#[76]">&gt;&gt;</a>&nbsp;&nbsp;&nbsp;M8266WIFI_SPI_ffwsbza
</UL>
<BR>[Called By]<UL><LI><a href="#[a7]">&gt;&gt;</a>&nbsp;&nbsp;&nbsp;M8266WIFI_SPI_Query_Tcp_Window_num
<LI><a href="#[a6]">&gt;&gt;</a>&nbsp;&nbsp;&nbsp;M8266WIFI_SPI_Query_Tcp_Mss
</UL>

<P><STRONG><a name="[86]"></a>M8266WIFI_SPI_sdfal</STRONG> (Thumb, 708 bytes, Stack size unknown bytes, M8266WIFIDrv_STM32F4xx.o(.text.1))
<BR><BR>[Stack]<UL><LI>Max Depth = 16 + Unknown Stack Size
<LI>Call Chain = M8266WIFI_SPI_sdfal &rArr; M8266HostIf_delay_us &rArr; RCCdelay_us
</UL>
<BR>[Calls]<UL><LI><a href="#[7a]">&gt;&gt;</a>&nbsp;&nbsp;&nbsp;M8266HostIf_delay_us
<LI><a href="#[8f]">&gt;&gt;</a>&nbsp;&nbsp;&nbsp;memset
<LI><a href="#[98]">&gt;&gt;</a>&nbsp;&nbsp;&nbsp;M8266WIFI_SPI_STA_Get_HostIP_by_HostName
<LI><a href="#[82]">&gt;&gt;</a>&nbsp;&nbsp;&nbsp;M8266WIFI_SPI_skbldxsj
<LI><a href="#[81]">&gt;&gt;</a>&nbsp;&nbsp;&nbsp;fvcp.constprop.25
<LI><a href="#[7e]">&gt;&gt;</a>&nbsp;&nbsp;&nbsp;M8266WIFI_SPI_twsfad
<LI><a href="#[7d]">&gt;&gt;</a>&nbsp;&nbsp;&nbsp;M8266WIFI_SPI_wscbf
<LI><a href="#[7c]">&gt;&gt;</a>&nbsp;&nbsp;&nbsp;M8266WIFI_SPI_ssut
<LI><a href="#[7b]">&gt;&gt;</a>&nbsp;&nbsp;&nbsp;M8266WIFI_SPI_szbcxst
<LI><a href="#[78]">&gt;&gt;</a>&nbsp;&nbsp;&nbsp;M8266WIFI_SPI_hjdxctmm
<LI><a href="#[76]">&gt;&gt;</a>&nbsp;&nbsp;&nbsp;M8266WIFI_SPI_ffwsbza
</UL>
<BR>[Called By]<UL><LI><a href="#[aa]">&gt;&gt;</a>&nbsp;&nbsp;&nbsp;M8266WIFI_SPI_Send_BlockData
<LI><a href="#[88]">&gt;&gt;</a>&nbsp;&nbsp;&nbsp;M8266WIFI_SPI_Send_Data_to_TcpClient
<LI><a href="#[87]">&gt;&gt;</a>&nbsp;&nbsp;&nbsp;M8266WIFI_SPI_Send_Udp_Data
<LI><a href="#[85]">&gt;&gt;</a>&nbsp;&nbsp;&nbsp;M8266WIFI_SPI_Send_Data
</UL>

<P><STRONG><a name="[9a]"></a>M8266WIFI_SPI_dlodc</STRONG> (Thumb, 340 bytes, Stack size unknown bytes, M8266WIFIDrv_STM32F4xx.o(.text.13))
<BR><BR>[Stack]<UL><LI>Max Depth = 16 + Unknown Stack Size
<LI>Call Chain = M8266WIFI_SPI_dlodc &rArr; M8266WIFI_SPI_Query_Connection &rArr; M8266WIFI_SPI_skbldxsj &rArr; M8266HostIf_delay_us &rArr; RCCdelay_us
</UL>
<BR>[Calls]<UL><LI><a href="#[9b]">&gt;&gt;</a>&nbsp;&nbsp;&nbsp;M8266WIFI_SPI_Query_Connection
<LI><a href="#[7a]">&gt;&gt;</a>&nbsp;&nbsp;&nbsp;M8266HostIf_delay_us
<LI><a href="#[99]">&gt;&gt;</a>&nbsp;&nbsp;&nbsp;M8266WIFI_SPI_qacal
<LI><a href="#[82]">&gt;&gt;</a>&nbsp;&nbsp;&nbsp;M8266WIFI_SPI_skbldxsj
<LI><a href="#[7d]">&gt;&gt;</a>&nbsp;&nbsp;&nbsp;M8266WIFI_SPI_wscbf
<LI><a href="#[7b]">&gt;&gt;</a>&nbsp;&nbsp;&nbsp;M8266WIFI_SPI_szbcxst
<LI><a href="#[79]">&gt;&gt;</a>&nbsp;&nbsp;&nbsp;M8266WIFI_SPI_gbcwzsr
<LI><a href="#[76]">&gt;&gt;</a>&nbsp;&nbsp;&nbsp;M8266WIFI_SPI_ffwsbza
</UL>
<BR>[Called By]<UL><LI><a href="#[a2]">&gt;&gt;</a>&nbsp;&nbsp;&nbsp;M8266WIFI_SPI_Delete_Connection
</UL>
<P>
<H3>
Undefined Global Symbols
</H3><HR></body></html>
