Component: ARM Compiler 5.06 update 1 (build 61) Tool: armlink [4d35a8]

==============================================================================

Section Cross References

    startup_stm32f407xx.o(RESET) refers to startup_stm32f407xx.o(STACK) for __initial_sp
    startup_stm32f407xx.o(RESET) refers to startup_stm32f407xx.o(.text) for Reset_Handler
    startup_stm32f407xx.o(RESET) refers to stm32f4xx_it.o(i.NMI_Handler) for NMI_Handler
    startup_stm32f407xx.o(RESET) refers to stm32f4xx_it.o(i.HardFault_Handler) for HardFault_Handler
    startup_stm32f407xx.o(RESET) refers to stm32f4xx_it.o(i.MemManage_Handler) for MemManage_Handler
    startup_stm32f407xx.o(RESET) refers to stm32f4xx_it.o(i.BusFault_Handler) for BusFault_Handler
    startup_stm32f407xx.o(RESET) refers to stm32f4xx_it.o(i.UsageFault_Handler) for UsageFault_Handler
    startup_stm32f407xx.o(RESET) refers to port.o(.emb_text) for SVC_Handler
    startup_stm32f407xx.o(RESET) refers to stm32f4xx_it.o(i.DebugMon_Handler) for DebugMon_Handler
    startup_stm32f407xx.o(RESET) refers to port.o(i.SysTick_Handler) for SysTick_Handler
    startup_stm32f407xx.o(RESET) refers to stm32f4xx_it.o(i.DMA1_Stream0_IRQHandler) for DMA1_Stream0_IRQHandler
    startup_stm32f407xx.o(RESET) refers to stm32f4xx_it.o(i.DMA1_Stream1_IRQHandler) for DMA1_Stream1_IRQHandler
    startup_stm32f407xx.o(RESET) refers to stm32f4xx_it.o(i.DMA1_Stream5_IRQHandler) for DMA1_Stream5_IRQHandler
    startup_stm32f407xx.o(RESET) refers to stm32f4xx_it.o(i.TIM1_UP_TIM10_IRQHandler) for TIM1_UP_TIM10_IRQHandler
    startup_stm32f407xx.o(RESET) refers to stm32f4xx_it.o(i.USART3_IRQHandler) for USART3_IRQHandler
    startup_stm32f407xx.o(RESET) refers to stm32f4xx_it.o(i.EXTI15_10_IRQHandler) for EXTI15_10_IRQHandler
    startup_stm32f407xx.o(RESET) refers to stm32f4xx_it.o(i.DMA2_Stream2_IRQHandler) for DMA2_Stream2_IRQHandler
    startup_stm32f407xx.o(RESET) refers to stm32f4xx_it.o(i.DMA2_Stream4_IRQHandler) for DMA2_Stream4_IRQHandler
    startup_stm32f407xx.o(.text) refers to system_stm32f4xx.o(i.SystemInit) for SystemInit
    startup_stm32f407xx.o(.text) refers to entry.o(.ARM.Collect$$$$00000000) for __main
    spo2.o(i.receive_spo2) refers to spo2.o(.data) for spo2_rec2Flag
    spo2.o(i.receive_spo2) refers to spo2.o(.bss) for spo2_rx2Buffer
    spo2.o(i.send_spo2) refers to M8266WIFIDrv_STM32F4xx.o(.text.M8266WIFI_SPI_Send_BlockData) for M8266WIFI_SPI_Send_BlockData
    spo2.o(i.send_spo2) refers to spo2.o(.data) for spo2_value
    spo2.o(i.spo2_init) refers to stm32f4xx_hal_uart.o(i.HAL_UART_Receive_DMA) for HAL_UART_Receive_DMA
    spo2.o(i.spo2_init) refers to usart.o(.bss) for huart3
    spo2.o(i.spo2_init) refers to spo2.o(.bss) for spo2_rx2Buffer
    spo2.o(i.spo2_init) refers to spo2.o(.data) for spo2_sendbuff
    main.o(i.HAL_GPIO_EXTI_Callback) refers to queue.o(i.xQueueGiveFromISR) for xQueueGiveFromISR
    main.o(i.HAL_GPIO_EXTI_Callback) refers to freertos.o(.data) for ADS_BinarySemHandle
    main.o(i.HAL_TIM_PeriodElapsedCallback) refers to stm32f4xx_hal.o(i.HAL_IncTick) for HAL_IncTick
    main.o(i.Notching50Hz) refers to dmul.o(.text) for __aeabi_dmul
    main.o(i.Notching50Hz) refers to dadd.o(.text) for __aeabi_dadd
    main.o(i.Notching50Hz) refers to d2f.o(.text) for __aeabi_d2f
    main.o(i.Notching50Hz) refers to f2d.o(.text) for __aeabi_f2d
    main.o(i.Notching50Hz) refers to main.o(.constdata) for DEN
    main.o(i.SystemClock_Config) refers to memseta.o(.text) for __aeabi_memclr4
    main.o(i.SystemClock_Config) refers to stm32f4xx_hal_rcc.o(i.HAL_RCC_OscConfig) for HAL_RCC_OscConfig
    main.o(i.SystemClock_Config) refers to main.o(i.Error_Handler) for Error_Handler
    main.o(i.SystemClock_Config) refers to stm32f4xx_hal_rcc.o(i.HAL_RCC_ClockConfig) for HAL_RCC_ClockConfig
    main.o(i.highpass_80hz_5jie) refers to dmul.o(.text) for __aeabi_dmul
    main.o(i.highpass_80hz_5jie) refers to dadd.o(.text) for __aeabi_dadd
    main.o(i.highpass_80hz_5jie) refers to d2f.o(.text) for __aeabi_d2f
    main.o(i.highpass_80hz_5jie) refers to f2d.o(.text) for __aeabi_f2d
    main.o(i.highpass_80hz_5jie) refers to main.o(.constdata) for DEN2
    main.o(i.lowpass_1200hz_5jie) refers to dmul.o(.text) for __aeabi_dmul
    main.o(i.lowpass_1200hz_5jie) refers to dadd.o(.text) for __aeabi_dadd
    main.o(i.lowpass_1200hz_5jie) refers to d2f.o(.text) for __aeabi_d2f
    main.o(i.lowpass_1200hz_5jie) refers to f2d.o(.text) for __aeabi_f2d
    main.o(i.lowpass_1200hz_5jie) refers to main.o(.constdata) for DEN_1200hzlp5jie
    main.o(i.main) refers to stm32f4xx_hal.o(i.HAL_Init) for HAL_Init
    main.o(i.main) refers to main.o(i.SystemClock_Config) for SystemClock_Config
    main.o(i.main) refers to gpio.o(i.MX_GPIO_Init) for MX_GPIO_Init
    main.o(i.main) refers to dma.o(i.MX_DMA_Init) for MX_DMA_Init
    main.o(i.main) refers to adc.o(i.MX_ADC1_Init) for MX_ADC1_Init
    main.o(i.main) refers to adc.o(i.MX_ADC2_Init) for MX_ADC2_Init
[...]
    TIM4_IRQHandler                          0x08000277   Thumb Code     0  startup_stm32f407xx.o(.text)
    TIM5_IRQHandler                          0x08000277   Thumb Code     0  startup_stm32f407xx.o(.text)
    TIM6_DAC_IRQHandler                      0x08000277   Thumb Code     0  startup_stm32f407xx.o(.text)
    TIM7_IRQHandler                          0x08000277   Thumb Code     0  startup_stm32f407xx.o(.text)
    TIM8_BRK_TIM12_IRQHandler                0x08000277   Thumb Code     0  startup_stm32f407xx.o(.text)
    TIM8_CC_IRQHandler                       0x08000277   Thumb Code     0  startup_stm32f407xx.o(.text)
    TIM8_TRG_COM_TIM14_IRQHandler            0x08000277   Thumb Code     0  startup_stm32f407xx.o(.text)
    TIM8_UP_TIM13_IRQHandler                 0x08000277   Thumb Code     0  startup_stm32f407xx.o(.text)
    UART4_IRQHandler                         0x08000277   Thumb Code     0  startup_stm32f407xx.o(.text)
    UART5_IRQHandler                         0x08000277   Thumb Code     0  startup_stm32f407xx.o(.text)
    USART1_IRQHandler                        0x08000277   Thumb Code     0  startup_stm32f407xx.o(.text)
    USART2_IRQHandler                        0x08000277   Thumb Code     0  startup_stm32f407xx.o(.text)
    USART6_IRQHandler                        0x08000277   Thumb Code     0  startup_stm32f407xx.o(.text)
    WWDG_IRQHandler                          0x08000277   Thumb Code     0  startup_stm32f407xx.o(.text)
    M8266WIFI_SPI_Interface_Communication_Stress_Test 0x080007d9   Thumb Code   102  M8266WIFIDrv_STM32F4xx.o(.text)
    M8266WIFI_SPI_Send_Data                  0x0800083f   Thumb Code    20  M8266WIFIDrv_STM32F4xx.o(.text)
    M8266WIFI_SPI_Send_Udp_Data              0x08000853   Thumb Code    62  M8266WIFIDrv_STM32F4xx.o(.text)
    M8266WIFI_SPI_Send_Data_to_TcpClient     0x08000891   Thumb Code    68  M8266WIFIDrv_STM32F4xx.o(.text)
    M8266WIFI_SPI_StartModuleSmartConfig     0x080008d5   Thumb Code    84  M8266WIFIDrv_STM32F4xx.o(.text)
    __aeabi_uldivmod                         0x08000929   Thumb Code    98  uldiv.o(.text)
    __aeabi_memcpy                           0x0800098b   Thumb Code    36  memcpya.o(.text)
    __aeabi_memcpy4                          0x0800098b   Thumb Code     0  memcpya.o(.text)
    __aeabi_memcpy8                          0x0800098b   Thumb Code     0  memcpya.o(.text)
    __aeabi_memset                           0x080009af   Thumb Code    14  memseta.o(.text)
    __aeabi_memset4                          0x080009af   Thumb Code     0  memseta.o(.text)
    __aeabi_memset8                          0x080009af   Thumb Code     0  memseta.o(.text)
    __aeabi_memclr                           0x080009bd   Thumb Code     4  memseta.o(.text)
    __aeabi_memclr4                          0x080009bd   Thumb Code     0  memseta.o(.text)
    __aeabi_memclr8                          0x080009bd   Thumb Code     0  memseta.o(.text)
    memset                                   0x080009c1   Thumb Code    18  memseta.o(.text)
    strcmp                                   0x080009d3   Thumb Code    28  strcmp.o(.text)
    __aeabi_dmul                             0x080009ef   Thumb Code   228  dmul.o(.text)
    __aeabi_ddiv                             0x08000ad3   Thumb Code   222  ddiv.o(.text)
    __aeabi_ui2d                             0x08000bb1   Thumb Code    26  dfltui.o(.text)
    __aeabi_d2f                              0x08000bcb   Thumb Code    56  d2f.o(.text)
    __aeabi_llsl                             0x08000c03   Thumb Code    30  llshl.o(.text)
    _ll_shift_l                              0x08000c03   Thumb Code     0  llshl.o(.text)
    __aeabi_llsr                             0x08000c21   Thumb Code    32  llushr.o(.text)
    _ll_ushift_r                             0x08000c21   Thumb Code     0  llushr.o(.text)
    __I$use$fp                               0x08000c41   Thumb Code     0  iusefp.o(.text)
    _float_round                             0x08000c41   Thumb Code    18  fepilogue.o(.text)
    _float_epilogue                          0x08000c53   Thumb Code    92  fepilogue.o(.text)
    _double_round                            0x08000caf   Thumb Code    30  depilogue.o(.text)
    _double_epilogue                         0x08000ccd   Thumb Code   156  depilogue.o(.text)
    __scatterload                            0x08000d69   Thumb Code    28  init.o(.text)
    __scatterload_rt2                        0x08000d69   Thumb Code     0  init.o(.text)
    M8266HostIf_SPI_Select                   0x08001581   Thumb Code   216  M8266WIFIDrv_STM32F4xx.o(.text.M8266HostIf_SPI_Select)
    M8266WIFI_SPI_Config_STA_Param           0x08001659   Thumb Code    24  M8266WIFIDrv_STM32F4xx.o(.text.M8266WIFI_SPI_Config_STA_Param)
    M8266WIFI_SPI_Delete_Connection          0x08001671   Thumb Code    22  M8266WIFIDrv_STM32F4xx.o(.text.M8266WIFI_SPI_Delete_Connection)
    M8266WIFI_SPI_Get_Module_Info            0x08001687   Thumb Code   158  M8266WIFIDrv_STM32F4xx.o(.text.M8266WIFI_SPI_Get_Module_Info)
    M8266WIFI_SPI_Get_Opmode                 0x08001725   Thumb Code    72  M8266WIFIDrv_STM32F4xx.o(.text.M8266WIFI_SPI_Get_Opmode)
    M8266WIFI_SPI_Get_STA_Connection_Status  0x0800176d   Thumb Code    88  M8266WIFIDrv_STM32F4xx.o(.text.M8266WIFI_SPI_Get_STA_Connection_Status)
    M8266WIFI_SPI_Get_STA_IP_Addr            0x080017c5   Thumb Code   110  M8266WIFIDrv_STM32F4xx.o(.text.M8266WIFI_SPI_Get_STA_IP_Addr)
    M8266WIFI_SPI_Query_Connection           0x08001833   Thumb Code   216  M8266WIFIDrv_STM32F4xx.o(.text.M8266WIFI_SPI_Query_Connection)
    M8266WIFI_SPI_Query_Tcp_Mss              0x0800190b   Thumb Code   114  M8266WIFIDrv_STM32F4xx.o(.text.M8266WIFI_SPI_Query_Tcp_Mss)
    M8266WIFI_SPI_Query_Tcp_Window_num       0x0800197d   Thumb Code    26  M8266WIFIDrv_STM32F4xx.o(.text.M8266WIFI_SPI_Query_Tcp_Window_num)
    M8266WIFI_SPI_STA_Connect_Ap             0x08001999   Thumb Code   832  M8266WIFIDrv_STM32F4xx.o(.text.M8266WIFI_SPI_STA_Connect_Ap)
    M8266WIFI_SPI_STA_DisConnect_Ap          0x08001cd9   Thumb Code   120  M8266WIFIDrv_STM32F4xx.o(.text.M8266WIFI_SPI_STA_DisConnect_Ap)
    M8266WIFI_SPI_STA_Get_HostIP_by_HostName 0x08001d51   Thumb Code   668  M8266WIFIDrv_STM32F4xx.o(.text.M8266WIFI_SPI_STA_Get_HostIP_by_HostName)
    M8266WIFI_SPI_Send_BlockData             0x08001fed   Thumb Code   316  M8266WIFIDrv_STM32F4xx.o(.text.M8266WIFI_SPI_Send_BlockData)
    M8266WIFI_SPI_Set_Opmode                 0x08002129   Thumb Code   118  M8266WIFIDrv_STM32F4xx.o(.text.M8266WIFI_SPI_Set_Opmode)
    M8266WIFI_SPI_Setup_Connection           0x080021a1   Thumb Code   544  M8266WIFIDrv_STM32F4xx.o(.text.M8266WIFI_SPI_Setup_Connection)
    ADS_Init                                 0x080025c9   Thumb Code   516  ads1298.o(i.ADS_Init)
    ADS_RDATA                                0x080027d9   Thumb Code   252  ads1298.o(i.ADS_RDATA)
    ADS_RESET                                0x080028e5   Thumb Code    44  ads1298.o(i.ADS_RESET)
    ADS_RREG                                 0x08002915   Thumb Code    60  ads1298.o(i.ADS_RREG)
    ADS_RREGS                                0x08002959   Thumb Code    74  ads1298.o(i.ADS_RREGS)
    ADS_SDATAC                               0x080029ad   Thumb Code    32  ads1298.o(i.ADS_SDATAC)
    ADS_START                                0x080029d1   Thumb Code    32  ads1298.o(i.ADS_START)
    ADS_SendDataBuff                         0x080029f5   Thumb Code   142  ads1298.o(i.ADS_SendDataBuff)
    ADS_WREG                                 0x08002a95   Thumb Code    62  ads1298.o(i.ADS_WREG)
    BSP_PlatformIsDetected                   0x08002add   Thumb Code    20  fatfs_platform.o(i.BSP_PlatformIsDetected)
    BSP_SD_GetCardInfo                       0x08002af5   Thumb Code    14  bsp_driver_sd.o(i.BSP_SD_GetCardInfo)
    BSP_SD_GetCardState                      0x08002b09   Thumb Code    20  bsp_driver_sd.o(i.BSP_SD_GetCardState)
    BSP_SD_Init                              0x08002b21   Thumb Code    44  bsp_driver_sd.o(i.BSP_SD_Init)
    BSP_SD_IsDetected                        0x08002b51   Thumb Code    22  bsp_driver_sd.o(i.BSP_SD_IsDetected)
    BSP_SD_ReadBlocks_DMA                    0x08002b69   Thumb Code    34  bsp_driver_sd.o(i.BSP_SD_ReadBlocks_DMA)
    BSP_SD_ReadCpltCallback                  0x08002b91   Thumb Code    16  sd_diskio.o(i.BSP_SD_ReadCpltCallback)
    BSP_SD_WriteBlocks_DMA                   0x08002ba5   Thumb Code    34  bsp_driver_sd.o(i.BSP_SD_WriteBlocks_DMA)
    BusFault_Handler                         0x08002bcd   Thumb Code     4  stm32f4xx_it.o(i.BusFault_Handler)
    DMA1_Stream0_IRQHandler                  0x08002bd1   Thumb Code    10  stm32f4xx_it.o(i.DMA1_Stream0_IRQHandler)
    DMA1_Stream1_IRQHandler                  0x08002be1   Thumb Code    10  stm32f4xx_it.o(i.DMA1_Stream1_IRQHandler)
    DMA1_Stream5_IRQHandler                  0x08002bf1   Thumb Code    10  stm32f4xx_it.o(i.DMA1_Stream5_IRQHandler)
    DMA2_Stream2_IRQHandler                  0x08002c01   Thumb Code    10  stm32f4xx_it.o(i.DMA2_Stream2_IRQHandler)
    DMA2_Stream4_IRQHandler                  0x08002c11   Thumb Code    10  stm32f4xx_it.o(i.DMA2_Stream4_IRQHandler)
    DebugMon_Handler                         0x08002d2b   Thumb Code     2  stm32f4xx_it.o(i.DebugMon_Handler)
    EXTI15_10_IRQHandler                     0x08002d2d   Thumb Code    12  stm32f4xx_it.o(i.EXTI15_10_IRQHandler)
    Error_Handler                            0x08002d39   Thumb Code     6  main.o(i.Error_Handler)
    FATFS_LinkDriver                         0x08002d3f   Thumb Code    18  ff_gen_drv.o(i.FATFS_LinkDriver)
    FATFS_LinkDriverEx                       0x08002d51   Thumb Code    78  ff_gen_drv.o(i.FATFS_LinkDriverEx)
    HAL_ADC_ConfigChannel                    0x08002da5   Thumb Code   380  stm32f4xx_hal_adc.o(i.HAL_ADC_ConfigChannel)
    HAL_ADC_ConvCpltCallback                 0x08002f31   Thumb Code    38  adc.o(i.HAL_ADC_ConvCpltCallback)
    HAL_ADC_ConvHalfCpltCallback             0x08002f6d   Thumb Code     2  stm32f4xx_hal_adc.o(i.HAL_ADC_ConvHalfCpltCallback)
    HAL_ADC_ErrorCallback                    0x08002f6f   Thumb Code     2  stm32f4xx_hal_adc.o(i.HAL_ADC_ErrorCallback)
    HAL_ADC_Init                             0x08002f71   Thumb Code   100  stm32f4xx_hal_adc.o(i.HAL_ADC_Init)
    HAL_ADC_MspInit                          0x08002fd9   Thumb Code   340  adc.o(i.HAL_ADC_MspInit)
    HAL_ADC_Start_DMA                        0x08003149   Thumb Code   398  stm32f4xx_hal_adc.o(i.HAL_ADC_Start_DMA)
    HAL_DMA_Abort                            0x080032fd   Thumb Code   172  stm32f4xx_hal_dma.o(i.HAL_DMA_Abort)
    HAL_DMA_Abort_IT                         0x080033a9   Thumb Code    40  stm32f4xx_hal_dma.o(i.HAL_DMA_Abort_IT)
    HAL_DMA_GetError                         0x080033d1   Thumb Code     6  stm32f4xx_hal_dma.o(i.HAL_DMA_GetError)
    HAL_DMA_IRQHandler                       0x080033d9   Thumb Code   570  stm32f4xx_hal_dma.o(i.HAL_DMA_IRQHandler)
    HAL_DMA_Init                             0x08003619   Thumb Code   232  stm32f4xx_hal_dma.o(i.HAL_DMA_Init)
    HAL_DMA_Start_IT                         0x08003705   Thumb Code   146  stm32f4xx_hal_dma.o(i.HAL_DMA_Start_IT)
    HAL_Delay                                0x08003799   Thumb Code    36  stm32f4xx_hal.o(i.HAL_Delay)
    HAL_GPIO_EXTI_Callback                   0x080037c1   Thumb Code    24  main.o(i.HAL_GPIO_EXTI_Callback)
    HAL_GPIO_EXTI_IRQHandler                 0x080037dd   Thumb Code    24  stm32f4xx_hal_gpio.o(i.HAL_GPIO_EXTI_IRQHandler)
    HAL_GPIO_Init                            0x080037f9   Thumb Code   452  stm32f4xx_hal_gpio.o(i.HAL_GPIO_Init)
    HAL_GPIO_ReadPin                         0x080039e9   Thumb Code    16  stm32f4xx_hal_gpio.o(i.HAL_GPIO_ReadPin)
    HAL_GPIO_WritePin                        0x080039f9   Thumb Code    12  stm32f4xx_hal_gpio.o(i.HAL_GPIO_WritePin)
    HAL_GetTick                              0x08003a05   Thumb Code     6  stm32f4xx_hal.o(i.HAL_GetTick)
    HAL_IncTick                              0x08003a11   Thumb Code    16  stm32f4xx_hal.o(i.HAL_IncTick)
    HAL_Init                                 0x08003a29   Thumb Code    54  stm32f4xx_hal.o(i.HAL_Init)
    HAL_InitTick                             0x08003a65   Thumb Code   122  stm32f4xx_hal_timebase_tim.o(i.HAL_InitTick)
    HAL_MspInit                              0x08003af1   Thumb Code    78  stm32f4xx_hal_msp.o(i.HAL_MspInit)
    HAL_NVIC_EnableIRQ                       0x08003b45   Thumb Code    32  stm32f4xx_hal_cortex.o(i.HAL_NVIC_EnableIRQ)
    HAL_NVIC_SetPriority                     0x08003b65   Thumb Code   124  stm32f4xx_hal_cortex.o(i.HAL_NVIC_SetPriority)
    HAL_NVIC_SetPriorityGrouping             0x08003be1   Thumb Code    32  stm32f4xx_hal_cortex.o(i.HAL_NVIC_SetPriorityGrouping)
    HAL_RCC_ClockConfig                      0x08003c09   Thumb Code   368  stm32f4xx_hal_rcc.o(i.HAL_RCC_ClockConfig)
    HAL_RCC_GetClockConfig                   0x08003d8d   Thumb Code    58  stm32f4xx_hal_rcc.o(i.HAL_RCC_GetClockConfig)
    HAL_RCC_GetHCLKFreq                      0x08003dd1   Thumb Code     6  stm32f4xx_hal_rcc.o(i.HAL_RCC_GetHCLKFreq)
    HAL_RCC_GetPCLK1Freq                     0x08003ddd   Thumb Code    22  stm32f4xx_hal_rcc.o(i.HAL_RCC_GetPCLK1Freq)
    HAL_RCC_GetPCLK2Freq                     0x08003dfd   Thumb Code    22  stm32f4xx_hal_rcc.o(i.HAL_RCC_GetPCLK2Freq)
    HAL_RCC_GetSysClockFreq                  0x08003e1d   Thumb Code   162  stm32f4xx_hal_rcc.o(i.HAL_RCC_GetSysClockFreq)
    HAL_RCC_OscConfig                        0x08003ecd   Thumb Code  1172  stm32f4xx_hal_rcc.o(i.HAL_RCC_OscConfig)
    HAL_SD_ConfigWideBusOperation            0x08004369   Thumb Code   196  stm32f4xx_hal_sd.o(i.HAL_SD_ConfigWideBusOperation)
    HAL_SD_ErrorCallback                     0x08004431   Thumb Code     2  stm32f4xx_hal_sd.o(i.HAL_SD_ErrorCallback)
    HAL_SD_GetCardCSD                        0x08004435   Thumb Code   450  stm32f4xx_hal_sd.o(i.HAL_SD_GetCardCSD)
    HAL_SD_GetCardInfo                       0x080045fd   Thumb Code    38  stm32f4xx_hal_sd.o(i.HAL_SD_GetCardInfo)
    HAL_SD_GetCardState                      0x08004623   Thumb Code    36  stm32f4xx_hal_sd.o(i.HAL_SD_GetCardState)
    HAL_SD_Init                              0x08004647   Thumb Code    60  stm32f4xx_hal_sd.o(i.HAL_SD_Init)
    HAL_SD_InitCard                          0x08004685   Thumb Code   162  stm32f4xx_hal_sd.o(i.HAL_SD_InitCard)
    HAL_SD_MspInit                           0x08004731   Thumb Code   182  sdio.o(i.HAL_SD_MspInit)
    HAL_SD_ReadBlocks_DMA                    0x080047f9   Thumb Code   318  stm32f4xx_hal_sd.o(i.HAL_SD_ReadBlocks_DMA)
    HAL_SD_RxCpltCallback                    0x08004949   Thumb Code    10  bsp_driver_sd.o(i.HAL_SD_RxCpltCallback)
    HAL_SD_WriteBlocks_DMA                   0x08004955   Thumb Code   322  stm32f4xx_hal_sd.o(i.HAL_SD_WriteBlocks_DMA)
    HAL_SPI_Init                             0x08004aa9   Thumb Code   200  stm32f4xx_hal_spi.o(i.HAL_SPI_Init)
    HAL_SPI_MspInit                          0x08004b71   Thumb Code   480  spi.o(i.HAL_SPI_MspInit)
    HAL_SPI_TransmitReceive                  0x08004d75   Thumb Code   554  stm32f4xx_hal_spi.o(i.HAL_SPI_TransmitReceive)
    HAL_TIMEx_BreakCallback                  0x08004f9f   Thumb Code     2  stm32f4xx_hal_tim_ex.o(i.HAL_TIMEx_BreakCallback)
    HAL_TIMEx_CommutCallback                 0x08004fa1   Thumb Code     2  stm32f4xx_hal_tim_ex.o(i.HAL_TIMEx_CommutCallback)
    HAL_TIMEx_MasterConfigSynchronization    0x08004fa5   Thumb Code   150  stm32f4xx_hal_tim_ex.o(i.HAL_TIMEx_MasterConfigSynchronization)
    HAL_TIM_Base_Init                        0x08005059   Thumb Code   102  stm32f4xx_hal_tim.o(i.HAL_TIM_Base_Init)
    HAL_TIM_Base_MspInit                     0x080050bf   Thumb Code     2  stm32f4xx_hal_tim.o(i.HAL_TIM_Base_MspInit)
    HAL_TIM_Base_Start_IT                    0x080050c1   Thumb Code   138  stm32f4xx_hal_tim.o(i.HAL_TIM_Base_Start_IT)
    HAL_TIM_IC_CaptureCallback               0x08005169   Thumb Code     2  stm32f4xx_hal_tim.o(i.HAL_TIM_IC_CaptureCallback)
    HAL_TIM_IRQHandler                       0x0800516b   Thumb Code   406  stm32f4xx_hal_tim.o(i.HAL_TIM_IRQHandler)
    HAL_TIM_OC_DelayElapsedCallback          0x08005301   Thumb Code     2  stm32f4xx_hal_tim.o(i.HAL_TIM_OC_DelayElapsedCallback)
    HAL_TIM_PWM_ConfigChannel                0x08005303   Thumb Code   260  stm32f4xx_hal_tim.o(i.HAL_TIM_PWM_ConfigChannel)
    HAL_TIM_PWM_Init                         0x08005407   Thumb Code   102  stm32f4xx_hal_tim.o(i.HAL_TIM_PWM_Init)
    HAL_TIM_PWM_MspInit                      0x0800546d   Thumb Code    84  tim.o(i.HAL_TIM_PWM_MspInit)
    HAL_TIM_PWM_PulseFinishedCallback        0x080054c9   Thumb Code     2  stm32f4xx_hal_tim.o(i.HAL_TIM_PWM_PulseFinishedCallback)
    HAL_TIM_PWM_Start                        0x080054cd   Thumb Code   238  stm32f4xx_hal_tim.o(i.HAL_TIM_PWM_Start)
    HAL_TIM_PeriodElapsedCallback            0x080055d9   Thumb Code    18  main.o(i.HAL_TIM_PeriodElapsedCallback)
    HAL_TIM_TriggerCallback                  0x080055f1   Thumb Code     2  stm32f4xx_hal_tim.o(i.HAL_TIM_TriggerCallback)
    HAL_UARTEx_RxEventCallback               0x080055f3   Thumb Code     2  stm32f4xx_hal_uart.o(i.HAL_UARTEx_RxEventCallback)
    HAL_UART_DMAStop                         0x080055f5   Thumb Code   138  stm32f4xx_hal_uart.o(i.HAL_UART_DMAStop)
    HAL_UART_ErrorCallback                   0x0800567f   Thumb Code     2  stm32f4xx_hal_uart.o(i.HAL_UART_ErrorCallback)
    HAL_UART_IRQHandler                      0x08005681   Thumb Code   732  stm32f4xx_hal_uart.o(i.HAL_UART_IRQHandler)
    HAL_UART_Init                            0x08005961   Thumb Code   114  stm32f4xx_hal_uart.o(i.HAL_UART_Init)
    HAL_UART_MspInit                         0x080059d5   Thumb Code   206  usart.o(i.HAL_UART_MspInit)
    HAL_UART_Receive_DMA                     0x08005ab9   Thumb Code    66  stm32f4xx_hal_uart.o(i.HAL_UART_Receive_DMA)
    HAL_UART_RxCpltCallback                  0x08005afb   Thumb Code     2  stm32f4xx_hal_uart.o(i.HAL_UART_RxCpltCallback)
    HAL_UART_RxHalfCpltCallback              0x08005afd   Thumb Code     2  stm32f4xx_hal_uart.o(i.HAL_UART_RxHalfCpltCallback)
    HAL_UART_TxCpltCallback                  0x08005aff   Thumb Code     2  stm32f4xx_hal_uart.o(i.HAL_UART_TxCpltCallback)
    HardFault_Handler                        0x08005b01   Thumb Code     4  stm32f4xx_it.o(i.HardFault_Handler)
    M8266HostIf_SPI_SetSpeed                 0x08005b05   Thumb Code    66  m8266hostif_stm32xx.o(i.M8266HostIf_SPI_SetSpeed)
    M8266HostIf_Set_SPI_nCS_Pin              0x08005b4d   Thumb Code    30  m8266hostif_stm32xx.o(i.M8266HostIf_Set_SPI_nCS_Pin)
    M8266HostIf_Set_nRESET_Pin               0x08005b71   Thumb Code    30  m8266hostif_stm32xx.o(i.M8266HostIf_Set_nRESET_Pin)
    M8266HostIf_delay_us                     0x08005b95   Thumb Code    12  m8266hostif_stm32xx.o(i.M8266HostIf_delay_us)
    M8266WIFI_Module_Hardware_Reset          0x08005ba1   Thumb Code    56  m8266wifi_ops.o(i.M8266WIFI_Module_Hardware_Reset)
    M8266WIFI_Module_Init_Via_SPI            0x08005bd9   Thumb Code   190  m8266wifi_ops.o(i.M8266WIFI_Module_Init_Via_SPI)
    M8266WIFI_Module_delay_ms                0x08005cb9   Thumb Code    12  m8266wifi_ops.o(i.M8266WIFI_Module_delay_ms)
    M8266WIFI_SPI_wait_sta_connecting_to_ap_and_get_ip 0x08005cc5   Thumb Code    70  m8266wifi_ops.o(i.M8266WIFI_SPI_wait_sta_connecting_to_ap_and_get_ip)
    M8266WIFI_Test                           0x08005d15   Thumb Code    54  test_m8266wifi.o(i.M8266WIFI_Test)
    MX_ADC1_Init                             0x08005d61   Thumb Code   106  adc.o(i.MX_ADC1_Init)
    MX_ADC2_Init                             0x08005dd5   Thumb Code   104  adc.o(i.MX_ADC2_Init)
    MX_DMA_Init                              0x08005e45   Thumb Code   146  dma.o(i.MX_DMA_Init)
    MX_FATFS_Init                            0x08005edd   Thumb Code    16  fatfs.o(i.MX_FATFS_Init)
    MX_FREERTOS_Init                         0x08005ef9   Thumb Code   158  freertos.o(i.MX_FREERTOS_Init)
    MX_GPIO_Init                             0x08005fb9   Thumb Code   570  gpio.o(i.MX_GPIO_Init)
    MX_SDIO_SD_Init                          0x0800620d   Thumb Code    28  sdio.o(i.MX_SDIO_SD_Init)
    MX_SPI1_Init                             0x08006231   Thumb Code    60  spi.o(i.MX_SPI1_Init)
    MX_SPI2_Init                             0x08006275   Thumb Code    58  spi.o(i.MX_SPI2_Init)
    MX_SPI3_Init                             0x080062b9   Thumb Code    60  spi.o(i.MX_SPI3_Init)
    MX_TIM2_Init                             0x080062fd   Thumb Code   114  tim.o(i.MX_TIM2_Init)
    MX_TIM3_Init                             0x08006375   Thumb Code   116  tim.o(i.MX_TIM3_Init)
    MX_USART3_UART_Init                      0x080063f1   Thumb Code    46  usart.o(i.MX_USART3_UART_Init)
    MemManage_Handler                        0x08006429   Thumb Code     4  stm32f4xx_it.o(i.MemManage_Handler)
    NMI_Handler                              0x0800642d   Thumb Code     4  stm32f4xx_it.o(i.NMI_Handler)
    RCCdelay_us                              0x08006431   Thumb Code    34  main.o(i.RCCdelay_us)
    SDIO_ConfigData                          0x08006453   Thumb Code    44  stm32f4xx_ll_sdmmc.o(i.SDIO_ConfigData)
    SDIO_GetCommandResponse                  0x0800647f   Thumb Code     8  stm32f4xx_ll_sdmmc.o(i.SDIO_GetCommandResponse)
    SDIO_GetPowerState                       0x08006487   Thumb Code    10  stm32f4xx_ll_sdmmc.o(i.SDIO_GetPowerState)
    SDIO_GetResponse                         0x08006491   Thumb Code    12  stm32f4xx_ll_sdmmc.o(i.SDIO_GetResponse)
    SDIO_Init                                0x0800649d   Thumb Code    52  stm32f4xx_ll_sdmmc.o(i.SDIO_Init)
    SDIO_PowerState_ON                       0x080064d1   Thumb Code    18  stm32f4xx_ll_sdmmc.o(i.SDIO_PowerState_ON)
    SDIO_ReadFIFO                            0x080064e3   Thumb Code     8  stm32f4xx_ll_sdmmc.o(i.SDIO_ReadFIFO)
    SDIO_SendCommand                         0x080064eb   Thumb Code    40  stm32f4xx_ll_sdmmc.o(i.SDIO_SendCommand)
    SDMMC_CmdAppCommand                      0x08006513   Thumb Code    56  stm32f4xx_ll_sdmmc.o(i.SDMMC_CmdAppCommand)
    SDMMC_CmdAppOperCommand                  0x0800654d   Thumb Code    54  stm32f4xx_ll_sdmmc.o(i.SDMMC_CmdAppOperCommand)
    SDMMC_CmdBlockLength                     0x08006589   Thumb Code    56  stm32f4xx_ll_sdmmc.o(i.SDMMC_CmdBlockLength)
    SDMMC_CmdBusWidth                        0x080065c1   Thumb Code    56  stm32f4xx_ll_sdmmc.o(i.SDMMC_CmdBusWidth)
    SDMMC_CmdGoIdleState                     0x080065f9   Thumb Code    44  stm32f4xx_ll_sdmmc.o(i.SDMMC_CmdGoIdleState)
    SDMMC_CmdOperCond                        0x08006625   Thumb Code    52  stm32f4xx_ll_sdmmc.o(i.SDMMC_CmdOperCond)
    SDMMC_CmdReadMultiBlock                  0x08006659   Thumb Code    56  stm32f4xx_ll_sdmmc.o(i.SDMMC_CmdReadMultiBlock)
    SDMMC_CmdReadSingleBlock                 0x08006691   Thumb Code    56  stm32f4xx_ll_sdmmc.o(i.SDMMC_CmdReadSingleBlock)
    SDMMC_CmdSelDesel                        0x080066c9   Thumb Code    58  stm32f4xx_ll_sdmmc.o(i.SDMMC_CmdSelDesel)
    SDMMC_CmdSendCID                         0x08006703   Thumb Code    50  stm32f4xx_ll_sdmmc.o(i.SDMMC_CmdSendCID)
    SDMMC_CmdSendCSD                         0x08006735   Thumb Code    50  stm32f4xx_ll_sdmmc.o(i.SDMMC_CmdSendCSD)
    SDMMC_CmdSendSCR                         0x08006767   Thumb Code    56  stm32f4xx_ll_sdmmc.o(i.SDMMC_CmdSendSCR)
    SDMMC_CmdSendStatus                      0x0800679f   Thumb Code    56  stm32f4xx_ll_sdmmc.o(i.SDMMC_CmdSendStatus)
    SDMMC_CmdSetRelAdd                       0x080067d7   Thumb Code    56  stm32f4xx_ll_sdmmc.o(i.SDMMC_CmdSetRelAdd)
    SDMMC_CmdStopTransfer                    0x08006811   Thumb Code    54  stm32f4xx_ll_sdmmc.o(i.SDMMC_CmdStopTransfer)
    SDMMC_CmdWriteMultiBlock                 0x0800684d   Thumb Code    56  stm32f4xx_ll_sdmmc.o(i.SDMMC_CmdWriteMultiBlock)
    SDMMC_CmdWriteSingleBlock                0x08006885   Thumb Code    56  stm32f4xx_ll_sdmmc.o(i.SDMMC_CmdWriteSingleBlock)
    SD_initialize                            0x080071b9   Thumb Code    94  sd_diskio.o(i.SD_initialize)
    SD_ioctl                                 0x08007225   Thumb Code   102  sd_diskio.o(i.SD_ioctl)
    SD_read                                  0x08007291   Thumb Code   126  sd_diskio.o(i.SD_read)
    SD_status                                0x08007315   Thumb Code    12  sd_diskio.o(i.SD_status)
    SD_write                                 0x08007321   Thumb Code   124  sd_diskio.o(i.SD_write)
    StartADS_Task                            0x080074e5   Thumb Code   182  freertos.o(i.StartADS_Task)
    StartBreath_Task                         0x080075b1   Thumb Code    26  freertos.o(i.StartBreath_Task)
    StartDefaultTask                         0x080075d1   Thumb Code   110  freertos.o(i.StartDefaultTask)
    StartRT_Task                             0x08007661   Thumb Code    10  freertos.o(i.StartRT_Task)
    SysTick_Handler                          0x0800766d   Thumb Code    46  port.o(i.SysTick_Handler)
    SystemClock_Config                       0x080076a1   Thumb Code   170  main.o(i.SystemClock_Config)
    SystemInit                               0x08007755   Thumb Code    24  system_stm32f4xx.o(i.SystemInit)
    TIM1_UP_TIM10_IRQHandler                 0x08007771   Thumb Code    10  stm32f4xx_it.o(i.TIM1_UP_TIM10_IRQHandler)
    TIM_Base_SetConfig                       0x08007781   Thumb Code   170  stm32f4xx_hal_tim.o(i.TIM_Base_SetConfig)
    TIM_CCxChannelCmd                        0x08007859   Thumb Code    34  stm32f4xx_hal_tim.o(i.TIM_CCxChannelCmd)
    TIM_OC2_SetConfig                        0x080078ed   Thumb Code   114  stm32f4xx_hal_tim.o(i.TIM_OC2_SetConfig)
    UART_Start_Receive_DMA                   0x08007f41   Thumb Code   192  stm32f4xx_hal_uart.o(i.UART_Start_Receive_DMA)
    USART3_IRQHandler                        0x0800806d   Thumb Code    72  stm32f4xx_it.o(i.USART3_IRQHandler)
    Uint24ToUint32                           0x080080c1   Thumb Code    24  ads1298.o(i.Uint24ToUint32)
    UsageFault_Handler                       0x080080d9   Thumb Code     4  stm32f4xx_it.o(i.UsageFault_Handler)
    __scatterload_copy                       0x08008115   Thumb Code    14  handlers.o(i.__scatterload_copy)
    __scatterload_null                       0x08008123   Thumb Code     2  handlers.o(i.__scatterload_null)
    __scatterload_zeroinit                   0x08008125   Thumb Code    14  handlers.o(i.__scatterload_zeroinit)
    breath_init                              0x08008135   Thumb Code    48  adc.o(i.breath_init)
    breath_send                              0x08008181   Thumb Code   126  adc.o(i.breath_send)
    connect_PC                               0x08008211   Thumb Code    98  test_m8266wifi.o(i.connect_PC)
    connect_wifi                             0x0800829d   Thumb Code    20  m8266wifi_ops.o(i.connect_wifi)
    main                                     0x080082d1   Thumb Code    68  main.o(i.main)
    osDelay                                  0x08008323   Thumb Code    24  cmsis_os.o(i.osDelay)
    osKernelRunning                          0x0800833b   Thumb Code    18  cmsis_os.o(i.osKernelRunning)
    osKernelStart                            0x0800834d   Thumb Code    10  cmsis_os.o(i.osKernelStart)
    osKernelSysTick                          0x08008357   Thumb Code    20  cmsis_os.o(i.osKernelSysTick)
    osMessageCreate                          0x0800836b   Thumb Code    40  cmsis_os.o(i.osMessageCreate)
    osMessageGet                             0x08008395   Thumb Code   150  cmsis_os.o(i.osMessageGet)
    osMessagePut                             0x08008431   Thumb Code    92  cmsis_os.o(i.osMessagePut)
    osSemaphoreCreate                        0x08008491   Thumb Code    74  cmsis_os.o(i.osSemaphoreCreate)
    osSemaphoreRelease                       0x080084dd   Thumb Code    76  cmsis_os.o(i.osSemaphoreRelease)
    osSemaphoreWait                          0x0800852d   Thumb Code   100  cmsis_os.o(i.osSemaphoreWait)
    osThreadCreate                           0x08008595   Thumb Code    94  cmsis_os.o(i.osThreadCreate)
    osThreadTerminate                        0x080085f3   Thumb Code    14  cmsis_os.o(i.osThreadTerminate)
    power_detect                             0x08008601   Thumb Code   172  adc.o(i.power_detect)
    pvPortMalloc                             0x08008ce9   Thumb Code   306  heap_4.o(i.pvPortMalloc)
    pvTaskIncrementMutexHeldCount            0x08008e35   Thumb Code    26  tasks.o(i.pvTaskIncrementMutexHeldCount)
    pxPortInitialiseStack                    0x08008e55   Thumb Code    38  port.o(i.pxPortInitialiseStack)
    query_M8266_state                        0x08008e81   Thumb Code   118  test_m8266wifi.o(i.query_M8266_state)
    query_connectWIFI_state                  0x08008f01   Thumb Code    26  m8266wifi_ops.o(i.query_connectWIFI_state)
    receive_spo2                             0x08008f1d   Thumb Code   104  spo2.o(i.receive_spo2)
    send_spo2                                0x08008f99   Thumb Code    76  spo2.o(i.send_spo2)
    spo2_init                                0x08008ff1   Thumb Code    66  spo2.o(i.spo2_init)
    transferSPI                              0x08009045   Thumb Code    32  ads1298.o(i.transferSPI)
    uxListRemove                             0x08009069   Thumb Code    40  list.o(i.uxListRemove)
    vApplicationGetIdleTaskMemory            0x08009091   Thumb Code    14  freertos.o(i.vApplicationGetIdleTaskMemory)
    vListInitialise                          0x080090a9   Thumb Code    26  list.o(i.vListInitialise)
    vListInitialiseItem                      0x080090c3   Thumb Code     6  list.o(i.vListInitialiseItem)
    vListInsert                              0x080090c9   Thumb Code    52  list.o(i.vListInsert)
    vListInsertEnd                           0x080090fd   Thumb Code    24  list.o(i.vListInsertEnd)
    vPortEnterCritical                       0x08009115   Thumb Code    76  port.o(i.vPortEnterCritical)
    vPortExitCritical                        0x08009169   Thumb Code    56  port.o(i.vPortExitCritical)
    vPortFree                                0x080091a5   Thumb Code   150  heap_4.o(i.vPortFree)
    vPortSetupTimerInterrupt                 0x08009249   Thumb Code    36  port.o(i.vPortSetupTimerInterrupt)
    vPortValidateInterruptPriority           0x08009271   Thumb Code   106  port.o(i.vPortValidateInterruptPriority)
    vTaskDelay                               0x080092e9   Thumb Code    82  tasks.o(i.vTaskDelay)
    vTaskDelete                              0x08009345   Thumb Code   202  tasks.o(i.vTaskDelete)
    vTaskInternalSetTimeOutState             0x08009439   Thumb Code    14  tasks.o(i.vTaskInternalSetTimeOutState)
    vTaskMissedYield                         0x08009451   Thumb Code     8  tasks.o(i.vTaskMissedYield)
    vTaskPlaceOnEventList                    0x0800945d   Thumb Code    52  tasks.o(i.vTaskPlaceOnEventList)
    vTaskPriorityDisinheritAfterTimeout      0x08009495   Thumb Code   216  tasks.o(i.vTaskPriorityDisinheritAfterTimeout)
    vTaskStartScheduler                      0x08009579   Thumb Code   146  tasks.o(i.vTaskStartScheduler)
    vTaskSuspendAll                          0x08009629   Thumb Code    12  tasks.o(i.vTaskSuspendAll)
    vTaskSwitchContext                       0x08009639   Thumb Code   118  tasks.o(i.vTaskSwitchContext)
    xPortStartScheduler                      0x080096c5   Thumb Code   330  port.o(i.xPortStartScheduler)
    xQueueGenericCreate                      0x0800982d   Thumb Code    90  queue.o(i.xQueueGenericCreate)
    xQueueGenericCreateStatic                0x08009887   Thumb Code   224  queue.o(i.xQueueGenericCreateStatic)
    xQueueGenericReset                       0x08009969   Thumb Code   146  queue.o(i.xQueueGenericReset)
    xQueueGenericSend                        0x08009a01   Thumb Code   420  queue.o(i.xQueueGenericSend)
    xQueueGenericSendFromISR                 0x08009ba9   Thumb Code   252  queue.o(i.xQueueGenericSendFromISR)
    xQueueGiveFromISR                        0x08009ca5   Thumb Code   224  queue.o(i.xQueueGiveFromISR)
    xQueueReceive                            0x08009d85   Thumb Code   356  queue.o(i.xQueueReceive)
    xQueueReceiveFromISR                     0x08009eed   Thumb Code   202  queue.o(i.xQueueReceiveFromISR)
    xQueueSemaphoreTake                      0x08009fb9   Thumb Code   434  queue.o(i.xQueueSemaphoreTake)
    xTaskCheckForTimeOut                     0x0800a171   Thumb Code   132  tasks.o(i.xTaskCheckForTimeOut)
    xTaskCreate                              0x0800a1fd   Thumb Code   100  tasks.o(i.xTaskCreate)
    xTaskCreateStatic                        0x0800a261   Thumb Code   186  tasks.o(i.xTaskCreateStatic)
    xTaskGetSchedulerState                   0x0800a31d   Thumb Code    24  tasks.o(i.xTaskGetSchedulerState)
    xTaskGetTickCount                        0x0800a33d   Thumb Code     6  tasks.o(i.xTaskGetTickCount)
    xTaskGetTickCountFromISR                 0x0800a349   Thumb Code    16  tasks.o(i.xTaskGetTickCountFromISR)
    xTaskIncrementTick                       0x0800a35d   Thumb Code   282  tasks.o(i.xTaskIncrementTick)
    xTaskPriorityDisinherit                  0x0800a4a5   Thumb Code   188  tasks.o(i.xTaskPriorityDisinherit)
    xTaskPriorityInherit                     0x0800a56d   Thumb Code   172  tasks.o(i.xTaskPriorityInherit)
    xTaskRemoveFromEventList                 0x0800a625   Thumb Code   128  tasks.o(i.xTaskRemoveFromEventList)
    xTaskResumeAll                           0x0800a6bd   Thumb Code   224  tasks.o(i.xTaskResumeAll)
    AHBPrescTable                            0x0800a838   Data          16  system_stm32f4xx.o(.constdata)
    APBPrescTable                            0x0800a848   Data           8  system_stm32f4xx.o(.constdata)
    SD_Driver                                0x0800a850   Data          20  sd_diskio.o(.constdata)
    Region$$Table$$Base                      0x0800a928   Number         0  anon$$obj.o(Region$$Table)
    Region$$Table$$Limit                     0x0800a948   Number         0  anon$$obj.o(Region$$Table)
    spo2_rec2Flag                            0x20000000   Data           4  spo2.o(.data)
    XueYangStruct                            0x20000004   Data           8  spo2.o(.data)
    spo2_value                               0x2000000c   Data           4  spo2.o(.data)
    spo2_sendbuff                            0x20000010   Data           8  spo2.o(.data)
    miss_count                               0x20000018   Data           1  spo2.o(.data)
    spo2_send_result                         0x2000001a   Data           2  spo2.o(.data)
    tim3_count_seconds                       0x2000001c   Data           1  main.o(.data)
    init_flag                                0x20000020   Data           4  main.o(.data)
    pc_connect_flag                          0x20000024   Data           4  freertos.o(.data)
    defaultTaskHandle                        0x20000028   Data           4  freertos.o(.data)
    RealTime_TaskHandle                      0x2000002c   Data           4  freertos.o(.data)
    Breath_TaskHandle                        0x20000030   Data           4  freertos.o(.data)
    ADS1299_TaskHandle                       0x20000034   Data           4  freertos.o(.data)
    Breath_BinarySemHandle                   0x20000038   Data           4  freertos.o(.data)
    ADS_BinarySemHandle                      0x2000003c   Data           4  freertos.o(.data)
    touch_BinarySemHandle                    0x20000040   Data           4  freertos.o(.data)
    adc2_value                               0x20000044   Data           2  adc.o(.data)
    start_adc_flag                           0x2000004c   Data           4  adc.o(.data)
    value_temp                               0x20000050   Data           4  adc.o(.data)
    power_count                              0x20000054   Data           1  adc.o(.data)
    adc2_flag                                0x20000058   Data           4  adc.o(.data)
    adc1_flag                                0x2000005c   Data           4  adc.o(.data)
    uwTick                                   0x20000060   Data           4  stm32f4xx_hal.o(.data)
    uwTickPrio                               0x20000064   Data           4  stm32f4xx_hal.o(.data)
    uwTickFreq                               0x20000068   Data           1  stm32f4xx_hal.o(.data)
    SystemCoreClock                          0x2000006c   Data           4  system_stm32f4xx.o(.data)
    INIT_DRDY                                0x20000070   Data           1  ads1298.o(.data)
    start_send_flag                          0x20000071   Data           1  ads1298.o(.data)
    isDaisy                                  0x20000072   Data           1  ads1298.o(.data)
    stat_1                                   0x20000074   Data           4  ads1298.o(.data)
    stat_2                                   0x20000078   Data           4  ads1298.o(.data)
    test500hz_count                          0x2000007c   Data           4  ads1298.o(.data)
    Zero_deviation_ch1                       0x20000080   Data           4  ads1298.o(.data)
    Zero_deviation_ch2                       0x20000084   Data           4  ads1298.o(.data)
    lead_open_flag                           0x20000088   Data           4  ads1298.o(.data)
    ADS_temp                                 0x2000008c   Data           4  ads1298.o(.data)
    wifi_connect_flag                        0x20000090   Data           4  m8266wifi_ops.o(.data)
    retSD                                    0x2000009c   Data           1  fatfs.o(.data)
    SDPath                                   0x2000009d   Data           4  fatfs.o(.data)
    pxCurrentTCB                             0x200000a4   Data           4  tasks.o(.data)
    spo2_rx2Buffer                           0x20000124   Data         100  spo2.o(.bss)
    adc1_value                               0x200003e0   Data         798  adc.o(.bss)
    adc_buffer                               0x200006fe   Data        1000  adc.o(.bss)
    x                                        0x20000ae8   Data          48  adc.o(.bss)
    y                                        0x20000b18   Data          48  adc.o(.bss)
    x1                                       0x20000b48   Data          48  adc.o(.bss)
    y1                                       0x20000b78   Data          48  adc.o(.bss)
    hadc1                                    0x20000ba8   Data          72  adc.o(.bss)
    hadc2                                    0x20000bf0   Data          72  adc.o(.bss)
    hdma_adc1                                0x20000c38   Data          96  adc.o(.bss)
    hdma_adc2                                0x20000c98   Data          96  adc.o(.bss)
    power                                    0x20000cf8   Data          16  adc.o(.bss)
    hsd                                      0x20000d08   Data         132  sdio.o(.bss)
    hspi1                                    0x20000d8c   Data          88  spi.o(.bss)
    hspi2                                    0x20000de4   Data          88  spi.o(.bss)
    hspi3                                    0x20000e3c   Data          88  spi.o(.bss)
    hdma_spi3_rx                             0x20000e94   Data          96  spi.o(.bss)
    hdma_spi3_tx                             0x20000ef4   Data          96  spi.o(.bss)
    htim2                                    0x20000f54   Data          72  tim.o(.bss)
    htim3                                    0x20000f9c   Data          72  tim.o(.bss)
    huart3                                   0x20000fe4   Data          68  usart.o(.bss)
    hdma_usart3_rx                           0x20001028   Data          96  usart.o(.bss)
    htim1                                    0x20001088   Data          72  stm32f4xx_hal_timebase_tim.o(.bss)
    regData                                  0x200010d0   Data          24  ads1298.o(.bss)
    channelData                              0x200010e8   Data          32  ads1298.o(.bss)
    channelvalue                             0x20001108   Data          16  ads1298.o(.bss)
    ecg_eeg_sendbuff                         0x20001118   Data          32  ads1298.o(.bss)
    disk                                     0x20001138   Data          12  ff_gen_drv.o(.bss)
    __initial_sp                             0x20005e18   Data           0  startup_stm32f407xx.o(STACK)



==============================================================================

Memory Map of the image

  Image Entry point : 0x08000189

  Load Region LR_IROM1 (Base: 0x08000000, Size: 0x0000aa6c, Max: 0x00080000, ABSOLUTE)

    Execution Region ER_IROM1 (Exec base: 0x08000000, Load base: 0x08000000, Size: 0x0000a948, Max: 0x00080000, ABSOLUTE)

    Exec Addr    Load Addr    Size         Type   Attr      Idx    E Section Name        Object

    0x08000000   0x08000000   0x00000188   Data   RO            3    RESET               startup_stm32f407xx.o
    0x08000188   0x08000188   0x00000000   Code   RO         7654  * .ARM.Collect$$$$00000000  mc_w.l(entry.o)
    0x08000188   0x08000188   0x00000004   Code   RO         7683    .ARM.Collect$$$$00000001  mc_w.l(entry2.o)
    0x0800018c   0x0800018c   0x00000004   Code   RO         7686    .ARM.Collect$$$$00000004  mc_w.l(entry5.o)
    0x08000190   0x08000190   0x00000000   Code   RO         7688    .ARM.Collect$$$$00000008  mc_w.l(entry7b.o)
    0x08000190   0x08000190   0x00000000   Code   RO         7690    .ARM.Collect$$$$0000000A  mc_w.l(entry8b.o)
    0x08000190   0x08000190   0x00000008   Code   RO         7691    .ARM.Collect$$$$0000000B  mc_w.l(entry9a.o)
    0x08000198   0x08000198   0x00000000   Code   RO         7693    .ARM.Collect$$$$0000000D  mc_w.l(entry10a.o)
    0x08000198   0x08000198   0x00000000   Code   RO         7695    .ARM.Collect$$$$0000000F  mc_w.l(entry11a.o)
    0x08000198   0x08000198   0x00000004   Code   RO         7684    .ARM.Collect$$$$00002712  mc_w.l(entry2.o)
    0x0800019c   0x0800019c   0x000000be   Code   RO         7465    .emb_text           port.o
    0x0800025a   0x0800025a   0x00000002   PAD
    0x0800025c   0x0800025c   0x00000024   Code   RO            4    .text               startup_stm32f407xx.o
    0x08000280   0x08000280   0x000006a8   Code   RO         7542    .text               M8266WIFIDrv_STM32F4xx.a(M8266WIFIDrv_STM32F4xx.o)
    0x08000928   0x08000928   0x00000062   Code   RO         7657    .text               mc_w.l(uldiv.o)
    0x0800098a   0x0800098a   0x00000024   Code   RO         7659    .text               mc_w.l(memcpya.o)
    0x080009ae   0x080009ae   0x00000024   Code   RO         7663    .text               mc_w.l(memseta.o)
    0x080009d2   0x080009d2   0x0000001c   Code   RO         7667    .text               mc_w.l(strcmp.o)
    0x080009ee   0x080009ee   0x000000e4   Code   RO         7673    .text               mf_w.l(dmul.o)
    0x08000ad2   0x08000ad2   0x000000de   Code   RO         7675    .text               mf_w.l(ddiv.o)
    0x08000bb0   0x08000bb0   0x0000001a   Code   RO         7677    .text               mf_w.l(dfltui.o)
    0x08000bca   0x08000bca   0x00000038   Code   RO         7681    .text               mf_w.l(d2f.o)
    0x08000c02   0x08000c02   0x0000001e   Code   RO         7697    .text               mc_w.l(llshl.o)
    0x08000c20   0x08000c20   0x00000020   Code   RO         7699    .text               mc_w.l(llushr.o)
    0x08000c40   0x08000c40   0x00000000   Code   RO         7703    .text               mc_w.l(iusefp.o)
    0x08000c40   0x08000c40   0x0000006e   Code   RO         7704    .text               mf_w.l(fepilogue.o)
    0x08000cae   0x08000cae   0x000000ba   Code   RO         7706    .text               mf_w.l(depilogue.o)
    0x08000d68   0x08000d68   0x00000024   Code   RO         7708    .text               mc_w.l(init.o)
    0x08000d8c   0x08000d8c   0x000002c4   Code   RO         7584    .text.1             M8266WIFIDrv_STM32F4xx.a(M8266WIFIDrv_STM32F4xx.o)
    0x08001050   0x08001050   0x000000ee   Code   RO         7550    .text.12            M8266WIFIDrv_STM32F4xx.a(M8266WIFIDrv_STM32F4xx.o)
    0x0800113e   0x0800113e   0x00000154   Code   RO         7588    .text.13            M8266WIFIDrv_STM32F4xx.a(M8266WIFIDrv_STM32F4xx.o)
    0x08001292   0x08001292   0x00000002   PAD
    0x08001294   0x08001294   0x000000fc   Code   RO         7552    .text.14            M8266WIFIDrv_STM32F4xx.a(M8266WIFIDrv_STM32F4xx.o)
    0x08001390   0x08001390   0x000000f4   Code   RO         7545    .text.5             M8266WIFIDrv_STM32F4xx.a(M8266WIFIDrv_STM32F4xx.o)
    0x08001484   0x08001484   0x000000fa   Code   RO         7547    .text.9             M8266WIFIDrv_STM32F4xx.a(M8266WIFIDrv_STM32F4xx.o)
    0x0800157e   0x0800157e   0x00000002   PAD
    0x08001580   0x08001580   0x000000d8   Code   RO         7640    .text.M8266HostIf_SPI_Select  M8266WIFIDrv_STM32F4xx.a(M8266WIFIDrv_STM32F4xx.o)
    0x08001658   0x08001658   0x00000018   Code   RO         7566    .text.M8266WIFI_SPI_Config_STA_Param  M8266WIFIDrv_STM32F4xx.a(M8266WIFIDrv_STM32F4xx.o)
    0x08001670   0x08001670   0x00000016   Code   RO         7589    .text.M8266WIFI_SPI_Delete_Connection  M8266WIFIDrv_STM32F4xx.a(M8266WIFIDrv_STM32F4xx.o)
    0x08001686   0x08001686   0x0000009e   Code   RO         7639    .text.M8266WIFI_SPI_Get_Module_Info  M8266WIFIDrv_STM32F4xx.a(M8266WIFIDrv_STM32F4xx.o)
    0x08001724   0x08001724   0x00000048   Code   RO         7561    .text.M8266WIFI_SPI_Get_Opmode  M8266WIFIDrv_STM32F4xx.a(M8266WIFIDrv_STM32F4xx.o)
    0x0800176c   0x0800176c   0x00000058   Code   RO         7563    .text.M8266WIFI_SPI_Get_STA_Connection_Status  M8266WIFIDrv_STM32F4xx.a(M8266WIFIDrv_STM32F4xx.o)
    0x080017c4   0x080017c4   0x0000006e   Code   RO         7581    .text.M8266WIFI_SPI_Get_STA_IP_Addr  M8266WIFIDrv_STM32F4xx.a(M8266WIFIDrv_STM32F4xx.o)
    0x08001832   0x08001832   0x000000d8   Code   RO         7587    .text.M8266WIFI_SPI_Query_Connection  M8266WIFIDrv_STM32F4xx.a(M8266WIFIDrv_STM32F4xx.o)
    0x0800190a   0x0800190a   0x00000072   Code   RO         7602    .text.M8266WIFI_SPI_Query_Tcp_Mss  M8266WIFIDrv_STM32F4xx.a(M8266WIFIDrv_STM32F4xx.o)
    0x0800197c   0x0800197c   0x0000001a   Code   RO         7603    .text.M8266WIFI_SPI_Query_Tcp_Window_num  M8266WIFIDrv_STM32F4xx.a(M8266WIFIDrv_STM32F4xx.o)
    0x08001996   0x08001996   0x00000002   PAD
    0x08001998   0x08001998   0x00000340   Code   RO         7570    .text.M8266WIFI_SPI_STA_Connect_Ap  M8266WIFIDrv_STM32F4xx.a(M8266WIFIDrv_STM32F4xx.o)
    0x08001cd8   0x08001cd8   0x00000078   Code   RO         7569    .text.M8266WIFI_SPI_STA_DisConnect_Ap  M8266WIFIDrv_STM32F4xx.a(M8266WIFIDrv_STM32F4xx.o)
    0x08001d50   0x08001d50   0x0000029c   Code   RO         7583    .text.M8266WIFI_SPI_STA_Get_HostIP_by_HostName  M8266WIFIDrv_STM32F4xx.a(M8266WIFIDrv_STM32F4xx.o)
    0x08001fec   0x08001fec   0x0000013c   Code   RO         7604    .text.M8266WIFI_SPI_Send_BlockData  M8266WIFIDrv_STM32F4xx.a(M8266WIFIDrv_STM32F4xx.o)
    0x08002128   0x08002128   0x00000076   Code   RO         7562    .text.M8266WIFI_SPI_Set_Opmode  M8266WIFIDrv_STM32F4xx.a(M8266WIFIDrv_STM32F4xx.o)
    0x0800219e   0x0800219e   0x00000002   PAD
    0x080021a0   0x080021a0   0x00000220   Code   RO         7592    .text.M8266WIFI_SPI_Setup_Connection  M8266WIFIDrv_STM32F4xx.a(M8266WIFIDrv_STM32F4xx.o)
    0x080023c0   0x080023c0   0x0000007e   Code   RO          941    i.ADC_DMAConvCplt   stm32f4xx_hal_adc.o
    0x0800243e   0x0800243e   0x0000001a   Code   RO          942    i.ADC_DMAError      stm32f4xx_hal_adc.o
    0x08002458   0x08002458   0x0000000e   Code   RO          943    i.ADC_DMAHalfConvCplt  stm32f4xx_hal_adc.o
    0x08002466   0x08002466   0x00000002   PAD
    0x08002468   0x08002468   0x00000160   Code   RO          944    i.ADC_Init          stm32f4xx_hal_adc.o
    0x080025c8   0x080025c8   0x00000210   Code   RO         4649    i.ADS_Init          ads1298.o
    0x080027d8   0x080027d8   0x0000010c   Code   RO         4650    i.ADS_RDATA         ads1298.o
    0x080028e4   0x080028e4   0x00000030   Code   RO         4652    i.ADS_RESET         ads1298.o
    0x08002914   0x08002914   0x00000044   Code   RO         4653    i.ADS_RREG          ads1298.o
    0x08002958   0x08002958   0x00000054   Code   RO         4654    i.ADS_RREGS         ads1298.o
    0x080029ac   0x080029ac   0x00000024   Code   RO         4655    i.ADS_SDATAC        ads1298.o
    0x080029d0   0x080029d0   0x00000024   Code   RO         4656    i.ADS_START         ads1298.o
    0x080029f4   0x080029f4   0x000000a0   Code   RO         4659    i.ADS_SendDataBuff  ads1298.o
    0x08002a94   0x08002a94   0x00000048   Code   RO         4661    i.ADS_WREG          ads1298.o
    0x08002adc   0x08002adc   0x00000018   Code   RO         5598    i.BSP_PlatformIsDetected  fatfs_platform.o
    0x08002af4   0x08002af4   0x00000014   Code   RO         5397    i.BSP_SD_GetCardInfo  bsp_driver_sd.o
    0x08002b08   0x08002b08   0x00000018   Code   RO         5398    i.BSP_SD_GetCardState  bsp_driver_sd.o
    0x08002b20   0x08002b20   0x00000030   Code   RO         5400    i.BSP_SD_Init       bsp_driver_sd.o
    0x08002b50   0x08002b50   0x00000016   Code   RO         5401    i.BSP_SD_IsDetected  bsp_driver_sd.o
    0x08002b66   0x08002b66   0x00000002   PAD
    0x08002b68   0x08002b68   0x00000028   Code   RO         5403    i.BSP_SD_ReadBlocks_DMA  bsp_driver_sd.o
    0x08002b90   0x08002b90   0x00000014   Code   RO         5515    i.BSP_SD_ReadCpltCallback  sd_diskio.o
    0x08002ba4   0x08002ba4   0x00000028   Code   RO         5406    i.BSP_SD_WriteBlocks_DMA  bsp_driver_sd.o
    0x08002bcc   0x08002bcc   0x00000004   Code   RO          772    i.BusFault_Handler  stm32f4xx_it.o
    0x08002bd0   0x08002bd0   0x00000010   Code   RO          773    i.DMA1_Stream0_IRQHandler  stm32f4xx_it.o
    0x08002be0   0x08002be0   0x00000010   Code   RO          774    i.DMA1_Stream1_IRQHandler  stm32f4xx_it.o
    0x08002bf0   0x08002bf0   0x00000010   Code   RO          775    i.DMA1_Stream5_IRQHandler  stm32f4xx_it.o
    0x08002c00   0x08002c00   0x00000010   Code   RO          776    i.DMA2_Stream2_IRQHandler  stm32f4xx_it.o
    0x08002c10   0x08002c10   0x00000010   Code   RO          777    i.DMA2_Stream4_IRQHandler  stm32f4xx_it.o
    0x08002c20   0x08002c20   0x00000034   Code   RO         1723    i.DMA_CalcBaseAndBitshift  stm32f4xx_hal_dma.o
    0x08002c54   0x08002c54   0x000000aa   Code   RO         1724    i.DMA_CheckFifoParam  stm32f4xx_hal_dma.o
    0x08002cfe   0x08002cfe   0x0000002c   Code   RO         1725    i.DMA_SetConfig     stm32f4xx_hal_dma.o
    0x08002d2a   0x08002d2a   0x00000002   Code   RO          778    i.DebugMon_Handler  stm32f4xx_it.o
    0x08002d2c   0x08002d2c   0x0000000c   Code   RO          779    i.EXTI15_10_IRQHandler  stm32f4xx_it.o
    0x08002d38   0x08002d38   0x00000006   Code   RO          196    i.Error_Handler     main.o
    0x08002d3e   0x08002d3e   0x00000012   Code   RO         6106    i.FATFS_LinkDriver  ff_gen_drv.o
    0x08002d50   0x08002d50   0x00000054   Code   RO         6107    i.FATFS_LinkDriverEx  ff_gen_drv.o
    0x08002da4   0x08002da4   0x0000018c   Code   RO          946    i.HAL_ADC_ConfigChannel  stm32f4xx_hal_adc.o
    0x08002f30   0x08002f30   0x0000003c   Code   RO          484    i.HAL_ADC_ConvCpltCallback  adc.o
    0x08002f6c   0x08002f6c   0x00000002   Code   RO          948    i.HAL_ADC_ConvHalfCpltCallback  stm32f4xx_hal_adc.o
    0x08002f6e   0x08002f6e   0x00000002   Code   RO          950    i.HAL_ADC_ErrorCallback  stm32f4xx_hal_adc.o
    0x08002f70   0x08002f70   0x00000068   Code   RO          955    i.HAL_ADC_Init      stm32f4xx_hal_adc.o
    0x08002fd8   0x08002fd8   0x00000170   Code   RO          486    i.HAL_ADC_MspInit   adc.o
    0x08003148   0x08003148   0x000001b4   Code   RO          962    i.HAL_ADC_Start_DMA  stm32f4xx_hal_adc.o
    0x080032fc   0x080032fc   0x000000ac   Code   RO         1726    i.HAL_DMA_Abort     stm32f4xx_hal_dma.o
    0x080033a8   0x080033a8   0x00000028   Code   RO         1727    i.HAL_DMA_Abort_IT  stm32f4xx_hal_dma.o
    0x080033d0   0x080033d0   0x00000006   Code   RO         1729    i.HAL_DMA_GetError  stm32f4xx_hal_dma.o
    0x080033d6   0x080033d6   0x00000002   PAD
    0x080033d8   0x080033d8   0x00000240   Code   RO         1731    i.HAL_DMA_IRQHandler  stm32f4xx_hal_dma.o
    0x08003618   0x08003618   0x000000ec   Code   RO         1732    i.HAL_DMA_Init      stm32f4xx_hal_dma.o
    0x08003704   0x08003704   0x00000092   Code   RO         1736    i.HAL_DMA_Start_IT  stm32f4xx_hal_dma.o
    0x08003796   0x08003796   0x00000002   PAD
    0x08003798   0x08003798   0x00000028   Code   RO         2150    i.HAL_Delay         stm32f4xx_hal.o
    0x080037c0   0x080037c0   0x0000001c   Code   RO          197    i.HAL_GPIO_EXTI_Callback  main.o
    0x080037dc   0x080037dc   0x0000001c   Code   RO         1618    i.HAL_GPIO_EXTI_IRQHandler  stm32f4xx_hal_gpio.o
    0x080037f8   0x080037f8   0x000001f0   Code   RO         1619    i.HAL_GPIO_Init     stm32f4xx_hal_gpio.o
    0x080039e8   0x080039e8   0x00000010   Code   RO         1621    i.HAL_GPIO_ReadPin  stm32f4xx_hal_gpio.o
    0x080039f8   0x080039f8   0x0000000c   Code   RO         1623    i.HAL_GPIO_WritePin  stm32f4xx_hal_gpio.o
    0x08003a04   0x08003a04   0x0000000c   Code   RO         2156    i.HAL_GetTick       stm32f4xx_hal.o
    0x08003a10   0x08003a10   0x00000018   Code   RO         2162    i.HAL_IncTick       stm32f4xx_hal.o
    0x08003a28   0x08003a28   0x0000003c   Code   RO         2163    i.HAL_Init          stm32f4xx_hal.o
    0x08003a64   0x08003a64   0x0000008c   Code   RO          902    i.HAL_InitTick      stm32f4xx_hal_timebase_tim.o
    0x08003af0   0x08003af0   0x00000054   Code   RO          878    i.HAL_MspInit       stm32f4xx_hal_msp.o
    0x08003b44   0x08003b44   0x00000020   Code   RO         2008    i.HAL_NVIC_EnableIRQ  stm32f4xx_hal_cortex.o
    0x08003b64   0x08003b64   0x0000007c   Code   RO         2014    i.HAL_NVIC_SetPriority  stm32f4xx_hal_cortex.o
    0x08003be0   0x08003be0   0x00000028   Code   RO         2015    i.HAL_NVIC_SetPriorityGrouping  stm32f4xx_hal_cortex.o
    0x08003c08   0x08003c08   0x00000184   Code   RO         1220    i.HAL_RCC_ClockConfig  stm32f4xx_hal_rcc.o
    0x08003d8c   0x08003d8c   0x00000044   Code   RO         1224    i.HAL_RCC_GetClockConfig  stm32f4xx_hal_rcc.o
    0x08003dd0   0x08003dd0   0x0000000c   Code   RO         1225    i.HAL_RCC_GetHCLKFreq  stm32f4xx_hal_rcc.o
    0x08003ddc   0x08003ddc   0x00000020   Code   RO         1227    i.HAL_RCC_GetPCLK1Freq  stm32f4xx_hal_rcc.o
    0x08003dfc   0x08003dfc   0x00000020   Code   RO         1228    i.HAL_RCC_GetPCLK2Freq  stm32f4xx_hal_rcc.o
    0x08003e1c   0x08003e1c   0x000000b0   Code   RO         1229    i.HAL_RCC_GetSysClockFreq  stm32f4xx_hal_rcc.o
    0x08003ecc   0x08003ecc   0x0000049c   Code   RO         1232    i.HAL_RCC_OscConfig  stm32f4xx_hal_rcc.o
    0x08004368   0x08004368   0x000000c8   Code   RO         2686    i.HAL_SD_ConfigWideBusOperation  stm32f4xx_hal_sd.o
    0x08004430   0x08004430   0x00000002   Code   RO         2689    i.HAL_SD_ErrorCallback  stm32f4xx_hal_sd.o
    0x08004432   0x08004432   0x00000002   PAD
    0x08004434   0x08004434   0x000001c8   Code   RO         2691    i.HAL_SD_GetCardCSD  stm32f4xx_hal_sd.o
    0x080045fc   0x080045fc   0x00000026   Code   RO         2692    i.HAL_SD_GetCardInfo  stm32f4xx_hal_sd.o
    0x08004622   0x08004622   0x00000024   Code   RO         2693    i.HAL_SD_GetCardState  stm32f4xx_hal_sd.o
    0x08004646   0x08004646   0x0000003c   Code   RO         2698    i.HAL_SD_Init       stm32f4xx_hal_sd.o
    0x08004682   0x08004682   0x00000002   PAD
    0x08004684   0x08004684   0x000000ac   Code   RO         2699    i.HAL_SD_InitCard   stm32f4xx_hal_sd.o
    0x08004730   0x08004730   0x000000c8   Code   RO          587    i.HAL_SD_MspInit    sdio.o
    0x080047f8   0x080047f8   0x00000150   Code   RO         2703    i.HAL_SD_ReadBlocks_DMA  stm32f4xx_hal_sd.o
    0x08004948   0x08004948   0x0000000a   Code   RO         5409    i.HAL_SD_RxCpltCallback  bsp_driver_sd.o
    0x08004952   0x08004952   0x00000002   PAD
    0x08004954   0x08004954   0x00000154   Code   RO         2708    i.HAL_SD_WriteBlocks_DMA  stm32f4xx_hal_sd.o
    0x08004aa8   0x08004aa8   0x000000c8   Code   RO         2949    i.HAL_SPI_Init      stm32f4xx_hal_spi.o
    0x08004b70   0x08004b70   0x00000204   Code   RO          629    i.HAL_SPI_MspInit   spi.o
    0x08004d74   0x08004d74   0x0000022a   Code   RO         2958    i.HAL_SPI_TransmitReceive  stm32f4xx_hal_spi.o
    0x08004f9e   0x08004f9e   0x00000002   Code   RO         3977    i.HAL_TIMEx_BreakCallback  stm32f4xx_hal_tim_ex.o
    0x08004fa0   0x08004fa0   0x00000002   Code   RO         3978    i.HAL_TIMEx_CommutCallback  stm32f4xx_hal_tim_ex.o
    0x08004fa2   0x08004fa2   0x00000002   PAD
    0x08004fa4   0x08004fa4   0x000000b4   Code   RO         3996    i.HAL_TIMEx_MasterConfigSynchronization  stm32f4xx_hal_tim_ex.o
    0x08005058   0x08005058   0x00000066   Code   RO         3262    i.HAL_TIM_Base_Init  stm32f4xx_hal_tim.o
    0x080050be   0x080050be   0x00000002   Code   RO         3264    i.HAL_TIM_Base_MspInit  stm32f4xx_hal_tim.o
    0x080050c0   0x080050c0   0x000000a8   Code   RO         3267    i.HAL_TIM_Base_Start_IT  stm32f4xx_hal_tim.o
    0x08005168   0x08005168   0x00000002   Code   RO         3296    i.HAL_TIM_IC_CaptureCallback  stm32f4xx_hal_tim.o
    0x0800516a   0x0800516a   0x00000196   Code   RO         3310    i.HAL_TIM_IRQHandler  stm32f4xx_hal_tim.o
    0x08005300   0x08005300   0x00000002   Code   RO         3313    i.HAL_TIM_OC_DelayElapsedCallback  stm32f4xx_hal_tim.o
    0x08005302   0x08005302   0x00000104   Code   RO         3334    i.HAL_TIM_PWM_ConfigChannel  stm32f4xx_hal_tim.o
    0x08005406   0x08005406   0x00000066   Code   RO         3337    i.HAL_TIM_PWM_Init  stm32f4xx_hal_tim.o
    0x0800546c   0x0800546c   0x0000005c   Code   RO          683    i.HAL_TIM_PWM_MspInit  tim.o
    0x080054c8   0x080054c8   0x00000002   Code   RO         3340    i.HAL_TIM_PWM_PulseFinishedCallback  stm32f4xx_hal_tim.o
    0x080054ca   0x080054ca   0x00000002   PAD
    0x080054cc   0x080054cc   0x0000010c   Code   RO         3342    i.HAL_TIM_PWM_Start  stm32f4xx_hal_tim.o
    0x080055d8   0x080055d8   0x00000018   Code   RO          198    i.HAL_TIM_PeriodElapsedCallback  main.o
    0x080055f0   0x080055f0   0x00000002   Code   RO         3353    i.HAL_TIM_TriggerCallback  stm32f4xx_hal_tim.o
    0x080055f2   0x080055f2   0x00000002   Code   RO         4255    i.HAL_UARTEx_RxEventCallback  stm32f4xx_hal_uart.o
    0x080055f4   0x080055f4   0x0000008a   Code   RO         4267    i.HAL_UART_DMAStop  stm32f4xx_hal_uart.o
    0x0800567e   0x0800567e   0x00000002   Code   RO         4269    i.HAL_UART_ErrorCallback  stm32f4xx_hal_uart.o
    0x08005680   0x08005680   0x000002e0   Code   RO         4272    i.HAL_UART_IRQHandler  stm32f4xx_hal_uart.o
    0x08005960   0x08005960   0x00000072   Code   RO         4273    i.HAL_UART_Init     stm32f4xx_hal_uart.o
    0x080059d2   0x080059d2   0x00000002   PAD
    0x080059d4   0x080059d4   0x000000e4   Code   RO          731    i.HAL_UART_MspInit  usart.o
    0x08005ab8   0x08005ab8   0x00000042   Code   RO         4277    i.HAL_UART_Receive_DMA  stm32f4xx_hal_uart.o
    0x08005afa   0x08005afa   0x00000002   Code   RO         4279    i.HAL_UART_RxCpltCallback  stm32f4xx_hal_uart.o
    0x08005afc   0x08005afc   0x00000002   Code   RO         4280    i.HAL_UART_RxHalfCpltCallback  stm32f4xx_hal_uart.o
    0x08005afe   0x08005afe   0x00000002   Code   RO         4284    i.HAL_UART_TxCpltCallback  stm32f4xx_hal_uart.o
    0x08005b00   0x08005b00   0x00000004   Code   RO          780    i.HardFault_Handler  stm32f4xx_it.o
    0x08005b04   0x08005b04   0x00000048   Code   RO         4806    i.M8266HostIf_SPI_SetSpeed  m8266hostif_stm32xx.o
    0x08005b4c   0x08005b4c   0x00000024   Code   RO         4807    i.M8266HostIf_Set_SPI_nCS_Pin  m8266hostif_stm32xx.o
    0x08005b70   0x08005b70   0x00000024   Code   RO         4808    i.M8266HostIf_Set_nRESET_Pin  m8266hostif_stm32xx.o
    0x08005b94   0x08005b94   0x0000000c   Code   RO         4809    i.M8266HostIf_delay_us  m8266hostif_stm32xx.o
    0x08005ba0   0x08005ba0   0x00000038   Code   RO         4860    i.M8266WIFI_Module_Hardware_Reset  m8266wifi_ops.o
    0x08005bd8   0x08005bd8   0x000000e0   Code   RO         4861    i.M8266WIFI_Module_Init_Via_SPI  m8266wifi_ops.o
    0x08005cb8   0x08005cb8   0x0000000c   Code   RO         4862    i.M8266WIFI_Module_delay_ms  m8266wifi_ops.o
    0x08005cc4   0x08005cc4   0x00000050   Code   RO         4863    i.M8266WIFI_SPI_wait_sta_connecting_to_ap_and_get_ip  m8266wifi_ops.o
    0x08005d14   0x08005d14   0x0000004c   Code   RO         4921    i.M8266WIFI_Test    test_m8266wifi.o
    0x08005d60   0x08005d60   0x00000074   Code   RO          487    i.MX_ADC1_Init      adc.o
    0x08005dd4   0x08005dd4   0x00000070   Code   RO          488    i.MX_ADC2_Init      adc.o
    0x08005e44   0x08005e44   0x00000098   Code   RO          562    i.MX_DMA_Init       dma.o
    0x08005edc   0x08005edc   0x0000001c   Code   RO         5622    i.MX_FATFS_Init     fatfs.o
    0x08005ef8   0x08005ef8   0x000000c0   Code   RO          411    i.MX_FREERTOS_Init  freertos.o
    0x08005fb8   0x08005fb8   0x00000254   Code   RO          387    i.MX_GPIO_Init      gpio.o
    0x0800620c   0x0800620c   0x00000024   Code   RO          588    i.MX_SDIO_SD_Init   sdio.o
    0x08006230   0x08006230   0x00000044   Code   RO          630    i.MX_SPI1_Init      spi.o
    0x08006274   0x08006274   0x00000044   Code   RO          631    i.MX_SPI2_Init      spi.o
    0x080062b8   0x080062b8   0x00000044   Code   RO          632    i.MX_SPI3_Init      spi.o
    0x080062fc   0x080062fc   0x00000078   Code   RO          684    i.MX_TIM2_Init      tim.o
    0x08006374   0x08006374   0x0000007c   Code   RO          685    i.MX_TIM3_Init      tim.o
    0x080063f0   0x080063f0   0x00000038   Code   RO          732    i.MX_USART3_UART_Init  usart.o
    0x08006428   0x08006428   0x00000004   Code   RO          781    i.MemManage_Handler  stm32f4xx_it.o
    0x0800642c   0x0800642c   0x00000004   Code   RO          782    i.NMI_Handler       stm32f4xx_it.o
    0x08006430   0x08006430   0x00000022   Code   RO          200    i.RCCdelay_us       main.o
    0x08006452   0x08006452   0x0000002c   Code   RO         2401    i.SDIO_ConfigData   stm32f4xx_ll_sdmmc.o
    0x0800647e   0x0800647e   0x00000008   Code   RO         2402    i.SDIO_GetCommandResponse  stm32f4xx_ll_sdmmc.o
    0x08006486   0x08006486   0x0000000a   Code   RO         2405    i.SDIO_GetPowerState  stm32f4xx_ll_sdmmc.o
    0x08006490   0x08006490   0x0000000c   Code   RO         2406    i.SDIO_GetResponse  stm32f4xx_ll_sdmmc.o
    0x0800649c   0x0800649c   0x00000034   Code   RO         2407    i.SDIO_Init         stm32f4xx_ll_sdmmc.o
    0x080064d0   0x080064d0   0x00000012   Code   RO         2409    i.SDIO_PowerState_ON  stm32f4xx_ll_sdmmc.o
    0x080064e2   0x080064e2   0x00000008   Code   RO         2410    i.SDIO_ReadFIFO     stm32f4xx_ll_sdmmc.o
    0x080064ea   0x080064ea   0x00000028   Code   RO         2411    i.SDIO_SendCommand  stm32f4xx_ll_sdmmc.o
    0x08006512   0x08006512   0x00000038   Code   RO         2414    i.SDMMC_CmdAppCommand  stm32f4xx_ll_sdmmc.o
    0x0800654a   0x0800654a   0x00000002   PAD
    0x0800654c   0x0800654c   0x0000003c   Code   RO         2415    i.SDMMC_CmdAppOperCommand  stm32f4xx_ll_sdmmc.o
    0x08006588   0x08006588   0x00000038   Code   RO         2416    i.SDMMC_CmdBlockLength  stm32f4xx_ll_sdmmc.o
    0x080065c0   0x080065c0   0x00000038   Code   RO         2417    i.SDMMC_CmdBusWidth  stm32f4xx_ll_sdmmc.o
    0x080065f8   0x080065f8   0x0000002c   Code   RO         2421    i.SDMMC_CmdGoIdleState  stm32f4xx_ll_sdmmc.o
    0x08006624   0x08006624   0x00000034   Code   RO         2423    i.SDMMC_CmdOperCond  stm32f4xx_ll_sdmmc.o
    0x08006658   0x08006658   0x00000038   Code   RO         2424    i.SDMMC_CmdReadMultiBlock  stm32f4xx_ll_sdmmc.o
    0x08006690   0x08006690   0x00000038   Code   RO         2425    i.SDMMC_CmdReadSingleBlock  stm32f4xx_ll_sdmmc.o
    0x080066c8   0x080066c8   0x0000003a   Code   RO         2428    i.SDMMC_CmdSelDesel  stm32f4xx_ll_sdmmc.o
    0x08006702   0x08006702   0x00000032   Code   RO         2429    i.SDMMC_CmdSendCID  stm32f4xx_ll_sdmmc.o
    0x08006734   0x08006734   0x00000032   Code   RO         2430    i.SDMMC_CmdSendCSD  stm32f4xx_ll_sdmmc.o
    0x08006766   0x08006766   0x00000038   Code   RO         2432    i.SDMMC_CmdSendSCR  stm32f4xx_ll_sdmmc.o
    0x0800679e   0x0800679e   0x00000038   Code   RO         2433    i.SDMMC_CmdSendStatus  stm32f4xx_ll_sdmmc.o
    0x080067d6   0x080067d6   0x00000038   Code   RO         2434    i.SDMMC_CmdSetRelAdd  stm32f4xx_ll_sdmmc.o
    0x0800680e   0x0800680e   0x00000002   PAD
    0x08006810   0x08006810   0x0000003c   Code   RO         2436    i.SDMMC_CmdStopTransfer  stm32f4xx_ll_sdmmc.o
    0x0800684c   0x0800684c   0x00000038   Code   RO         2438    i.SDMMC_CmdWriteMultiBlock  stm32f4xx_ll_sdmmc.o
    0x08006884   0x08006884   0x00000038   Code   RO         2439    i.SDMMC_CmdWriteSingleBlock  stm32f4xx_ll_sdmmc.o
    0x080068bc   0x080068bc   0x00000040   Code   RO         2440    i.SDMMC_GetCmdError  stm32f4xx_ll_sdmmc.o
    0x080068fc   0x080068fc   0x000001ac   Code   RO         2441    i.SDMMC_GetCmdResp1  stm32f4xx_ll_sdmmc.o
    0x08006aa8   0x08006aa8   0x00000064   Code   RO         2442    i.SDMMC_GetCmdResp2  stm32f4xx_ll_sdmmc.o
    0x08006b0c   0x08006b0c   0x00000058   Code   RO         2443    i.SDMMC_GetCmdResp3  stm32f4xx_ll_sdmmc.o
    0x08006b64   0x08006b64   0x000000b8   Code   RO         2444    i.SDMMC_GetCmdResp6  stm32f4xx_ll_sdmmc.o
    0x08006c1c   0x08006c1c   0x0000006c   Code   RO         2445    i.SDMMC_GetCmdResp7  stm32f4xx_ll_sdmmc.o
    0x08006c88   0x08006c88   0x00000028   Code   RO         5517    i.SD_CheckStatus    sd_diskio.o
    0x08006cb0   0x08006cb0   0x00000026   Code   RO         5518    i.SD_CheckStatusWithTimeout  sd_diskio.o
    0x08006cd6   0x08006cd6   0x00000002   PAD
    0x08006cd8   0x08006cd8   0x00000074   Code   RO         2710    i.SD_DMAError       stm32f4xx_hal_sd.o
    0x08006d4c   0x08006d4c   0x00000048   Code   RO         2711    i.SD_DMAReceiveCplt  stm32f4xx_hal_sd.o
    0x08006d94   0x08006d94   0x00000012   Code   RO         2713    i.SD_DMATransmitCplt  stm32f4xx_hal_sd.o
    0x08006da6   0x08006da6   0x00000142   Code   RO         2715    i.SD_FindSCR        stm32f4xx_hal_sd.o
    0x08006ee8   0x08006ee8   0x00000102   Code   RO         2716    i.SD_InitCard       stm32f4xx_hal_sd.o
    0x08006fea   0x08006fea   0x00000002   PAD
    0x08006fec   0x08006fec   0x000000cc   Code   RO         2718    i.SD_PowerON        stm32f4xx_hal_sd.o
    0x080070b8   0x080070b8   0x00000030   Code   RO         2721    i.SD_SendStatus     stm32f4xx_hal_sd.o
    0x080070e8   0x080070e8   0x00000068   Code   RO         2722    i.SD_WideBus_Disable  stm32f4xx_hal_sd.o
    0x08007150   0x08007150   0x00000068   Code   RO         2723    i.SD_WideBus_Enable  stm32f4xx_hal_sd.o
    0x080071b8   0x080071b8   0x0000006c   Code   RO         5519    i.SD_initialize     sd_diskio.o
    0x08007224   0x08007224   0x0000006c   Code   RO         5520    i.SD_ioctl          sd_diskio.o
    0x08007290   0x08007290   0x00000084   Code   RO         5521    i.SD_read           sd_diskio.o
    0x08007314   0x08007314   0x0000000c   Code   RO         5522    i.SD_status         sd_diskio.o
    0x08007320   0x08007320   0x00000080   Code   RO         5523    i.SD_write          sd_diskio.o
    0x080073a0   0x080073a0   0x0000006c   Code   RO         2987    i.SPI_EndRxTxTransaction  stm32f4xx_hal_spi.o
    0x0800740c   0x0800740c   0x000000d8   Code   RO         2992    i.SPI_WaitFlagStateUntilTimeout  stm32f4xx_hal_spi.o
    0x080074e4   0x080074e4   0x000000cc   Code   RO          412    i.StartADS_Task     freertos.o
    0x080075b0   0x080075b0   0x00000020   Code   RO          413    i.StartBreath_Task  freertos.o
    0x080075d0   0x080075d0   0x00000090   Code   RO          414    i.StartDefaultTask  freertos.o
    0x08007660   0x08007660   0x0000000a   Code   RO          415    i.StartRT_Task      freertos.o
    0x0800766a   0x0800766a   0x00000002   PAD
    0x0800766c   0x0800766c   0x00000034   Code   RO         7466    i.SysTick_Handler   port.o
    0x080076a0   0x080076a0   0x000000b4   Code   RO          201    i.SystemClock_Config  main.o
    0x08007754   0x08007754   0x0000001c   Code   RO         4612    i.SystemInit        system_stm32f4xx.o
    0x08007770   0x08007770   0x00000010   Code   RO          783    i.TIM1_UP_TIM10_IRQHandler  stm32f4xx_it.o
    0x08007780   0x08007780   0x000000d8   Code   RO         3355    i.TIM_Base_SetConfig  stm32f4xx_hal_tim.o
    0x08007858   0x08007858   0x00000022   Code   RO         3356    i.TIM_CCxChannelCmd  stm32f4xx_hal_tim.o
    0x0800787a   0x0800787a   0x00000002   PAD
    0x0800787c   0x0800787c   0x00000070   Code   RO         3368    i.TIM_OC1_SetConfig  stm32f4xx_hal_tim.o
    0x080078ec   0x080078ec   0x0000007c   Code   RO         3369    i.TIM_OC2_SetConfig  stm32f4xx_hal_tim.o
    0x08007968   0x08007968   0x00000078   Code   RO         3370    i.TIM_OC3_SetConfig  stm32f4xx_hal_tim.o
    0x080079e0   0x080079e0   0x00000054   Code   RO         3371    i.TIM_OC4_SetConfig  stm32f4xx_hal_tim.o
    0x08007a34   0x08007a34   0x00000014   Code   RO         4286    i.UART_DMAAbortOnError  stm32f4xx_hal_uart.o
    0x08007a48   0x08007a48   0x00000050   Code   RO         4287    i.UART_DMAError     stm32f4xx_hal_uart.o
    0x08007a98   0x08007a98   0x000000b0   Code   RO         4288    i.UART_DMAReceiveCplt  stm32f4xx_hal_uart.o
    0x08007b48   0x08007b48   0x00000020   Code   RO         4290    i.UART_DMARxHalfCplt  stm32f4xx_hal_uart.o
    0x08007b68   0x08007b68   0x0000006c   Code   RO         4296    i.UART_EndRxTransfer  stm32f4xx_hal_uart.o
    0x08007bd4   0x08007bd4   0x00000020   Code   RO         4297    i.UART_EndTransmit_IT  stm32f4xx_hal_uart.o
    0x08007bf4   0x08007bf4   0x00000026   Code   RO         4298    i.UART_EndTxTransfer  stm32f4xx_hal_uart.o
    0x08007c1a   0x08007c1a   0x000000f8   Code   RO         4299    i.UART_Receive_IT   stm32f4xx_hal_uart.o
    0x08007d12   0x08007d12   0x00000002   PAD
    0x08007d14   0x08007d14   0x0000022c   Code   RO         4300    i.UART_SetConfig    stm32f4xx_hal_uart.o
    0x08007f40   0x08007f40   0x000000cc   Code   RO         4301    i.UART_Start_Receive_DMA  stm32f4xx_hal_uart.o
    0x0800800c   0x0800800c   0x00000060   Code   RO         4303    i.UART_Transmit_IT  stm32f4xx_hal_uart.o
    0x0800806c   0x0800806c   0x00000054   Code   RO          784    i.USART3_IRQHandler  stm32f4xx_it.o
    0x080080c0   0x080080c0   0x00000018   Code   RO         4665    i.Uint24ToUint32    ads1298.o
    0x080080d8   0x080080d8   0x00000004   Code   RO          785    i.UsageFault_Handler  stm32f4xx_it.o
    0x080080dc   0x080080dc   0x00000010   Code   RO         2021    i.__NVIC_GetPriorityGrouping  stm32f4xx_hal_cortex.o
    0x080080ec   0x080080ec   0x00000028   Code   RO         2022    i.__NVIC_SetPriority  stm32f4xx_hal_cortex.o
    0x08008114   0x08008114   0x0000000e   Code   RO         7712    i.__scatterload_copy  mc_w.l(handlers.o)
    0x08008122   0x08008122   0x00000002   Code   RO         7713    i.__scatterload_null  mc_w.l(handlers.o)
    0x08008124   0x08008124   0x0000000e   Code   RO         7714    i.__scatterload_zeroinit  mc_w.l(handlers.o)
    0x08008132   0x08008132   0x00000002   PAD
    0x08008134   0x08008134   0x0000004c   Code   RO          489    i.breath_init       adc.o
    0x08008180   0x08008180   0x00000090   Code   RO          490    i.breath_send       adc.o
    0x08008210   0x08008210   0x0000008c   Code   RO         4922    i.connect_PC        test_m8266wifi.o
    0x0800829c   0x0800829c   0x00000024   Code   RO         4864    i.connect_wifi      m8266wifi_ops.o
    0x080082c0   0x080082c0   0x00000010   Code   RO         7029    i.inHandlerMode     cmsis_os.o
    0x080082d0   0x080082d0   0x00000044   Code   RO          204    i.main              main.o
    0x08008314   0x08008314   0x0000000e   Code   RO         7031    i.makeFreeRtosPriority  cmsis_os.o
    0x08008322   0x08008322   0x00000018   Code   RO         7033    i.osDelay           cmsis_os.o
    0x0800833a   0x0800833a   0x00000012   Code   RO         7035    i.osKernelRunning   cmsis_os.o
    0x0800834c   0x0800834c   0x0000000a   Code   RO         7036    i.osKernelStart     cmsis_os.o
    0x08008356   0x08008356   0x00000014   Code   RO         7037    i.osKernelSysTick   cmsis_os.o
    0x0800836a   0x0800836a   0x00000028   Code   RO         7045    i.osMessageCreate   cmsis_os.o
    0x08008392   0x08008392   0x00000002   PAD
    0x08008394   0x08008394   0x0000009c   Code   RO         7047    i.osMessageGet      cmsis_os.o
    0x08008430   0x08008430   0x00000060   Code   RO         7049    i.osMessagePut      cmsis_os.o
    0x08008490   0x08008490   0x0000004a   Code   RO         7062    i.osSemaphoreCreate  cmsis_os.o
    0x080084da   0x080084da   0x00000002   PAD
    0x080084dc   0x080084dc   0x00000050   Code   RO         7065    i.osSemaphoreRelease  cmsis_os.o
    0x0800852c   0x0800852c   0x00000068   Code   RO         7066    i.osSemaphoreWait   cmsis_os.o
    0x08008594   0x08008594   0x0000005e   Code   RO         7070    i.osThreadCreate    cmsis_os.o
    0x080085f2   0x080085f2   0x0000000e   Code   RO         7079    i.osThreadTerminate  cmsis_os.o
    0x08008600   0x08008600   0x000000cc   Code   RO          491    i.power_detect      adc.o
    0x080086cc   0x080086cc   0x00000098   Code   RO         6702    i.prvAddCurrentTaskToDelayedList  tasks.o
    0x08008764   0x08008764   0x000000b4   Code   RO         6703    i.prvAddNewTaskToReadyList  tasks.o
    0x08008818   0x08008818   0x00000048   Code   RO         6704    i.prvCheckTasksWaitingTermination  tasks.o
    0x08008860   0x08008860   0x0000002a   Code   RO         6371    i.prvCopyDataFromQueue  queue.o
    0x0800888a   0x0800888a   0x0000007e   Code   RO         6372    i.prvCopyDataToQueue  queue.o
    0x08008908   0x08008908   0x00000050   Code   RO         6705    i.prvDeleteTCB      tasks.o
    0x08008958   0x08008958   0x00000014   Code   RO         6373    i.prvGetDisinheritPriorityAfterTimeout  queue.o
    0x0800896c   0x0800896c   0x0000007c   Code   RO         7398    i.prvHeapInit       heap_4.o
    0x080089e8   0x080089e8   0x00000028   Code   RO         6706    i.prvIdleTask       tasks.o
    0x08008a10   0x08008a10   0x00000026   Code   RO         6375    i.prvInitialiseNewQueue  queue.o
    0x08008a36   0x08008a36   0x000000b4   Code   RO         6707    i.prvInitialiseNewTask  tasks.o
    0x08008aea   0x08008aea   0x00000002   PAD
    0x08008aec   0x08008aec   0x00000068   Code   RO         6708    i.prvInitialiseTaskLists  tasks.o
    0x08008b54   0x08008b54   0x00000068   Code   RO         7399    i.prvInsertBlockIntoFreeList  heap_4.o
    0x08008bbc   0x08008bbc   0x0000001a   Code   RO         6376    i.prvIsQueueEmpty   queue.o
    0x08008bd6   0x08008bd6   0x0000001e   Code   RO         6377    i.prvIsQueueFull    queue.o
    0x08008bf4   0x08008bf4   0x00000034   Code   RO         6709    i.prvResetNextTaskUnblockTime  tasks.o
    0x08008c28   0x08008c28   0x00000040   Code   RO         7467    i.prvTaskExitError  port.o
    0x08008c68   0x08008c68   0x0000007e   Code   RO         6378    i.prvUnlockQueue    queue.o
    0x08008ce6   0x08008ce6   0x00000002   PAD
    0x08008ce8   0x08008ce8   0x0000014c   Code   RO         7400    i.pvPortMalloc      heap_4.o
    0x08008e34   0x08008e34   0x00000020   Code   RO         6711    i.pvTaskIncrementMutexHeldCount  tasks.o
    0x08008e54   0x08008e54   0x0000002c   Code   RO         7468    i.pxPortInitialiseStack  port.o
    0x08008e80   0x08008e80   0x00000080   Code   RO         4923    i.query_M8266_state  test_m8266wifi.o
    0x08008f00   0x08008f00   0x0000001a   Code   RO         4865    i.query_connectWIFI_state  m8266wifi_ops.o
    0x08008f1a   0x08008f1a   0x00000002   PAD
    0x08008f1c   0x08008f1c   0x0000007c   Code   RO           13    i.receive_spo2      spo2.o
    0x08008f98   0x08008f98   0x00000058   Code   RO           14    i.send_spo2         spo2.o
    0x08008ff0   0x08008ff0   0x00000054   Code   RO           15    i.spo2_init         spo2.o
    0x08009044   0x08009044   0x00000024   Code   RO         4669    i.transferSPI       ads1298.o
    0x08009068   0x08009068   0x00000028   Code   RO         6331    i.uxListRemove      list.o
    0x08009090   0x08009090   0x00000018   Code   RO          416    i.vApplicationGetIdleTaskMemory  freertos.o
    0x080090a8   0x080090a8   0x0000001a   Code   RO         6332    i.vListInitialise   list.o
    0x080090c2   0x080090c2   0x00000006   Code   RO         6333    i.vListInitialiseItem  list.o
    0x080090c8   0x080090c8   0x00000034   Code   RO         6334    i.vListInsert       list.o
    0x080090fc   0x080090fc   0x00000018   Code   RO         6335    i.vListInsertEnd    list.o
    0x08009114   0x08009114   0x00000054   Code   RO         7470    i.vPortEnterCritical  port.o
    0x08009168   0x08009168   0x0000003c   Code   RO         7471    i.vPortExitCritical  port.o
    0x080091a4   0x080091a4   0x000000a4   Code   RO         7401    i.vPortFree         heap_4.o
    0x08009248   0x08009248   0x00000028   Code   RO         7472    i.vPortSetupTimerInterrupt  port.o
    0x08009270   0x08009270   0x00000078   Code   RO         7473    i.vPortValidateInterruptPriority  port.o
    0x080092e8   0x080092e8   0x0000005c   Code   RO         6718    i.vTaskDelay        tasks.o
    0x08009344   0x08009344   0x000000f4   Code   RO         6719    i.vTaskDelete       tasks.o
    0x08009438   0x08009438   0x00000018   Code   RO         6721    i.vTaskInternalSetTimeOutState  tasks.o
    0x08009450   0x08009450   0x0000000c   Code   RO         6722    i.vTaskMissedYield  tasks.o
    0x0800945c   0x0800945c   0x00000038   Code   RO         6724    i.vTaskPlaceOnEventList  tasks.o
    0x08009494   0x08009494   0x000000e4   Code   RO         6726    i.vTaskPriorityDisinheritAfterTimeout  tasks.o
    0x08009578   0x08009578   0x000000b0   Code   RO         6731    i.vTaskStartScheduler  tasks.o
    0x08009628   0x08009628   0x00000010   Code   RO         6733    i.vTaskSuspendAll   tasks.o
    0x08009638   0x08009638   0x0000008c   Code   RO         6734    i.vTaskSwitchContext  tasks.o
    0x080096c4   0x080096c4   0x00000168   Code   RO         7474    i.xPortStartScheduler  port.o
    0x0800982c   0x0800982c   0x0000005a   Code   RO         6387    i.xQueueGenericCreate  queue.o
    0x08009886   0x08009886   0x000000e0   Code   RO         6388    i.xQueueGenericCreateStatic  queue.o
    0x08009966   0x08009966   0x00000002   PAD
    0x08009968   0x08009968   0x00000098   Code   RO         6389    i.xQueueGenericReset  queue.o
    0x08009a00   0x08009a00   0x000001a8   Code   RO         6390    i.xQueueGenericSend  queue.o
    0x08009ba8   0x08009ba8   0x000000fc   Code   RO         6391    i.xQueueGenericSendFromISR  queue.o
    0x08009ca4   0x08009ca4   0x000000e0   Code   RO         6392    i.xQueueGiveFromISR  queue.o
    0x08009d84   0x08009d84   0x00000168   Code   RO         6397    i.xQueueReceive     queue.o
    0x08009eec   0x08009eec   0x000000ca   Code   RO         6398    i.xQueueReceiveFromISR  queue.o
    0x08009fb6   0x08009fb6   0x00000002   PAD
    0x08009fb8   0x08009fb8   0x000001b8   Code   RO         6399    i.xQueueSemaphoreTake  queue.o
    0x0800a170   0x0800a170   0x0000008c   Code   RO         6736    i.xTaskCheckForTimeOut  tasks.o
    0x0800a1fc   0x0800a1fc   0x00000064   Code   RO         6737    i.xTaskCreate       tasks.o
    0x0800a260   0x0800a260   0x000000ba   Code   RO         6738    i.xTaskCreateStatic  tasks.o
    0x0800a31a   0x0800a31a   0x00000002   PAD
    0x0800a31c   0x0800a31c   0x00000020   Code   RO         6742    i.xTaskGetSchedulerState  tasks.o
    0x0800a33c   0x0800a33c   0x0000000c   Code   RO         6743    i.xTaskGetTickCount  tasks.o
    0x0800a348   0x0800a348   0x00000014   Code   RO         6744    i.xTaskGetTickCountFromISR  tasks.o
    0x0800a35c   0x0800a35c   0x00000148   Code   RO         6745    i.xTaskIncrementTick  tasks.o
    0x0800a4a4   0x0800a4a4   0x000000c8   Code   RO         6748    i.xTaskPriorityDisinherit  tasks.o
    0x0800a56c   0x0800a56c   0x000000b8   Code   RO         6749    i.xTaskPriorityInherit  tasks.o
    0x0800a624   0x0800a624   0x00000098   Code   RO         6750    i.xTaskRemoveFromEventList  tasks.o
    0x0800a6bc   0x0800a6bc   0x00000104   Code   RO         6751    i.xTaskResumeAll    tasks.o
    0x0800a7c0   0x0800a7c0   0x00000070   Data   RO          418    .constdata          freertos.o
    0x0800a830   0x0800a830   0x00000008   Data   RO         1738    .constdata          stm32f4xx_hal_dma.o
    0x0800a838   0x0800a838   0x00000018   Data   RO         4613    .constdata          system_stm32f4xx.o
    0x0800a850   0x0800a850   0x00000024   Data   RO         5524    .constdata          sd_diskio.o
    0x0800a874   0x0800a874   0x00000038   Data   RO          419    .conststring        freertos.o
    0x0800a8ac   0x0800a8ac   0x0000000a   Data   RO         7642    .rodata             M8266WIFIDrv_STM32F4xx.a(M8266WIFIDrv_STM32F4xx.o)
    0x0800a8b6   0x0800a8b6   0x00000010   Data   RO         7651    .rodata.cnrpbem     M8266WIFIDrv_STM32F4xx.a(M8266WIFIDrv_STM32F4xx.o)
    0x0800a8c6   0x0800a8c6   0x00000060   Data   RO         7652    .rodata.str1.1      M8266WIFIDrv_STM32F4xx.a(M8266WIFIDrv_STM32F4xx.o)
    0x0800a926   0x0800a926   0x00000002   PAD
    0x0800a928   0x0800a928   0x00000020   Data   RO         7710    Region$$Table       anon$$obj.o


    Execution Region RW_IRAM1 (Exec base: 0x20000000, Load base: 0x0800a948, Size: 0x00005e18, Max: 0x00020000, ABSOLUTE)

    Exec Addr    Load Addr    Size         Type   Attr      Idx    E Section Name        Object

    0x20000000   0x0800a948   0x0000001c   Data   RW           17    .data               spo2.o
    0x2000001c   0x0800a964   0x00000008   Data   RW          206    .data               main.o
    0x20000024   0x0800a96c   0x00000020   Data   RW          420    .data               freertos.o
    0x20000044   0x0800a98c   0x0000001c   Data   RW          493    .data               adc.o
    0x20000060   0x0800a9a8   0x00000009   Data   RW         2170    .data               stm32f4xx_hal.o
    0x20000069   0x0800a9b1   0x00000003   PAD
    0x2000006c   0x0800a9b4   0x00000004   Data   RW         4614    .data               system_stm32f4xx.o
    0x20000070   0x0800a9b8   0x00000020   Data   RW         4671    .data               ads1298.o
    0x20000090   0x0800a9d8   0x00000004   Data   RW         4866    .data               m8266wifi_ops.o
    0x20000094   0x0800a9dc   0x00000008   Data   RW         5525    .data               sd_diskio.o
    0x2000009c   0x0800a9e4   0x00000005   Data   RW         5625    .data               fatfs.o
    0x200000a1   0x0800a9e9   0x00000003   PAD
    0x200000a4   0x0800a9ec   0x0000003c   Data   RW         6754    .data               tasks.o
    0x200000e0   0x0800aa28   0x00000020   Data   RW         7407    .data               heap_4.o
    0x20000100   0x0800aa48   0x0000000c   Data   RW         7475    .data               port.o
    0x2000010c   0x0800aa54   0x00000001   Data   RW         7646    .data.gngptns.6298  M8266WIFIDrv_STM32F4xx.a(M8266WIFIDrv_STM32F4xx.o)
    0x2000010d   0x0800aa55   0x00000001   Data   RW         7647    .data.gngwtn.6296   M8266WIFIDrv_STM32F4xx.a(M8266WIFIDrv_STM32F4xx.o)
    0x2000010e   0x0800aa56   0x00000011   Data   RW         7648    .data.mdfwv         M8266WIFIDrv_STM32F4xx.a(M8266WIFIDrv_STM32F4xx.o)
    0x2000011f   0x0800aa67   0x00000001   Data   RW         7649    .data.wtnbsm.6297   M8266WIFIDrv_STM32F4xx.a(M8266WIFIDrv_STM32F4xx.o)
    0x20000120   0x0800aa68   0x00000002   Data   RW         7650    .data.wtpstc.6299   M8266WIFIDrv_STM32F4xx.a(M8266WIFIDrv_STM32F4xx.o)
    0x20000122   0x0800aa6a   0x00000002   PAD
    0x20000124        -       0x00000064   Zero   RW           16    .bss                spo2.o
    0x20000188        -       0x00000254   Zero   RW          417    .bss                freertos.o
    0x200003dc   0x0800aa6a   0x00000004   PAD
    0x200003e0        -       0x00000928   Zero   RW          492    .bss                adc.o
    0x20000d08        -       0x00000084   Zero   RW          589    .bss                sdio.o
    0x20000d8c        -       0x000001c8   Zero   RW          633    .bss                spi.o
    0x20000f54        -       0x00000090   Zero   RW          686    .bss                tim.o
    0x20000fe4        -       0x000000a4   Zero   RW          733    .bss                usart.o
    0x20001088        -       0x00000048   Zero   RW          905    .bss                stm32f4xx_hal_timebase_tim.o
    0x200010d0        -       0x00000068   Zero   RW         4670    .bss                ads1298.o
    0x20001138        -       0x0000000c   Zero   RW         6110    .bss                ff_gen_drv.o
    0x20001144        -       0x000000c8   Zero   RW         6753    .bss                tasks.o
    0x2000120c        -       0x00003c00   Zero   RW         7406    .bss                heap_4.o
    0x20004e0c        -       0x00000004   Zero   RW         7643    .bss.M8266WIFI_INTERFACE_SPI  M8266WIFIDrv_STM32F4xx.a(M8266WIFIDrv_STM32F4xx.o)
    0x20004e10        -       0x00000002   Zero   RW         7644    .bss.saaddlpct      M8266WIFIDrv_STM32F4xx.a(M8266WIFIDrv_STM32F4xx.o)
    0x20004e12        -       0x00000001   Zero   RW         7645    .bss.swcnzadl       M8266WIFIDrv_STM32F4xx.a(M8266WIFIDrv_STM32F4xx.o)
    0x20004e13   0x0800aa6a   0x00000005   PAD
    0x20004e18        -       0x00001000   Zero   RW            1    STACK               startup_stm32f407xx.o


==============================================================================

Image component sizes


      Code (inc. data)   RO Data    RW Data    ZI Data      Debug   Object Name

      1080        146          0         28       2344       5856   adc.o
      1360         90          0         32        104       9942   ads1298.o
       204         26          0          0          0       4828   bsp_driver_sd.o
       760         18          0          0          0      36046   cmsis_os.o
       152          6          0          0          0        874   dma.o
         0          0          0          0          0      18604   event_groups.o
        28         12          0          5          0       1110   fatfs.o
        24          4          0          0          0        585   fatfs_platform.o
       102          6          0          0         12       1731   ff_gen_drv.o
       606        106        168         32        596       5562   freertos.o
       596         26          0          0          0       1323   gpio.o
         0          0          0          0          0       1464   gui.o
       724         74          0         32      15360       7547   heap_4.o
       148          0          0          0          0       3678   list.o
       156         18          0          0          0       2389   m8266hostif_stm32xx.o
       434         60          0          4          0       4400   m8266wifi_ops.o
       340         20          0          8          0      38824   main.o
      1014         92          0         12          0      12273   port.o
      2776         20          0          0          0      22191   queue.o
       586         40         36          8          0      13562   sd_diskio.o
       236         26          0          0        132       1773   sdio.o
       720         62          0          0        456       3301   spi.o
       296         50          0         28        100     742273   spo2.o
        36          8        392          0       4096        856   startup_stm32f407xx.o
       136         24          0          9          0       8858   stm32f4xx_hal.o
      1458         66          0          0          0       6994   stm32f4xx_hal_adc.o
       252         22          0          0          0      33790   stm32f4xx_hal_cortex.o
      1442         16          8          0          0       7829   stm32f4xx_hal_dma.o
       552         48          0          0          0       3518   stm32f4xx_hal_gpio.o
        84          6          0          0          0        898   stm32f4xx_hal_msp.o
      1888         94          0          0          0       6429   stm32f4xx_hal_rcc.o
      2886         66          0          0          0      15487   stm32f4xx_hal_sd.o
      1078         14          0          0          0       4765   stm32f4xx_hal_spi.o
      2006        142          0          0          0      12977   stm32f4xx_hal_tim.o
       184         30          0          0          0       2573   stm32f4xx_hal_tim_ex.o
       140         18          0          0         72       1523   stm32f4xx_hal_timebase_tim.o
      2654         26          0          0          0      15833   stm32f4xx_hal_uart.o
       214         48          0          0          0       7750   stm32f4xx_it.o
      2098         46          0          0          0      24338   stm32f4xx_ll_sdmmc.o
         0          0          0          0          0        384   stream_buffer.o
        28          4         24          4          0       1211   system_stm32f4xx.o
      3494        422          0         60        200      31222   tasks.o
       344         74          0          0          0       5162   test_m8266wifi.o
       336         22          0          0        144       2466   tim.o
       284         32          0          0        164       1873   usart.o

    ----------------------------------------------------------------------
     33988       2130        660        268      23784    1136872   Object Totals
         0          0         32          0          0          0   (incl. Generated)
        52          0          0          6          4          0   (incl. Padding)

    ----------------------------------------------------------------------

      Code (inc. data)   RO Data    RW Data    ZI Data      Debug   Library Member Name

      7380        176        122         22          7          0   M8266WIFIDrv_STM32F4xx.o
         0          0          0          0          0          0   entry.o
         0          0          0          0          0          0   entry10a.o
         0          0          0          0          0          0   entry11a.o
         8          4          0          0          0          0   entry2.o
         4          0          0          0          0          0   entry5.o
         0          0          0          0          0          0   entry7b.o
         0          0          0          0          0          0   entry8b.o
         8          4          0          0          0          0   entry9a.o
        30          0          0          0          0          0   handlers.o
        36          8          0          0          0         68   init.o
         0          0          0          0          0          0   iusefp.o
        30          0          0          0          0         68   llshl.o
        32          0          0          0          0         68   llushr.o
        36          0          0          0          0         68   memcpya.o
        36          0          0          0          0        108   memseta.o
        28          0          0          0          0         76   strcmp.o
        98          0          0          0          0         92   uldiv.o
        56          0          0          0          0         88   d2f.o
       222          0          0          0          0        100   ddiv.o
       186          0          0          0          0        176   depilogue.o
        26          0          0          0          0         76   dfltui.o
       228          0          0          0          0         96   dmul.o
       110          0          0          0          0        168   fepilogue.o

    ----------------------------------------------------------------------
      8564        192        124         24         12       1252   Library Totals
        10          0          2          2          5          0   (incl. Padding)

    ----------------------------------------------------------------------

      Code (inc. data)   RO Data    RW Data    ZI Data      Debug   Library Name

      7380        176        122         22          7          0   M8266WIFIDrv_STM32F4xx.a
       346         16          0          0          0        548   mc_w.l
       828          0          0          0          0        704   mf_w.l

    ----------------------------------------------------------------------
      8564        192        124         24         12       1252   Library Totals

    ----------------------------------------------------------------------

==============================================================================


      Code (inc. data)   RO Data    RW Data    ZI Data      Debug   

     42552       2322        784        292      23796    1108056   Grand Totals
     42552       2322        784        292      23796    1108056   ELF Image Totals
     42552       2322        784        292          0          0   ROM Totals

==============================================================================

    Total RO  Size (Code + RO Data)                43336 (  42.32kB)
    Total RW  Size (RW Data + ZI Data)             24088 (  23.52kB)
    Total ROM Size (Code + RO Data + RW Data)      43628 (  42.61kB)

==============================================================================

