<html>
<body>
<pre>
<h1>µVision Build Log</h1>
<h2>Tool Versions:</h2>
IDE-Version: ¦ÌVision V5.25.3.0
Copyright (C) 2018 ARM Ltd and ARM Germany GmbH. All rights reserved.
License Information: jjj o.o, d, LIC=FYKYW-Q3WII-NN7AF-66V4J-0LQ2S-TBCYM
 
Tool Versions:
Toolchain:       MDK-ARM Plus  Version: 5.18
Toolchain Path:  E:\mdk\ARM\ARMCC\Bin
C Compiler:      Armcc.exe V5.06 update 1 (build 61)
Assembler:       Armasm.exe V5.06 update 1 (build 61)
Linker/Locator:  ArmLink.exe V5.06 update 1 (build 61)
Library Manager: ArmAr.exe V5.06 update 1 (build 61)
Hex Converter:   FromElf.exe V5.06 update 1 (build 61)
CPU DLL:         SARMCM3.DLL V5.18
Dialog DLL:      DCM.DLL V1.13.6.0
Target DLL:      STLink\ST-LINKIII-KEIL_SWO.dll V2.0.18.0
Dialog DLL:      TCM.DLL V1.14.8.0
 
<h2>Project:</h2>
C:\Users\o.o\Desktop\osas_all_refcator_v1.0\OSAHS_project\MDK-ARM\OSAHS_project.uvprojx
Project File Date:  07/23/2022

<h2>Output:</h2>
*** Using Compiler 'V5.06 update 1 (build 61)', folder: 'E:\mdk\ARM\ARMCC\Bin'
Build target 'OSAHS_project'
assembling startup_stm32f407xx.s...
compiling gpio.c...
compiling stm32f4xx_hal_timebase_tim.c...
compiling spi.c...
compiling sdio.c...
compiling dma.c...
compiling usart.c...
compiling stm32f4xx_it.c...
compiling stm32f4xx_hal_adc.c...
compiling spo2.c...
..\spo2\spo2.c(87): warning:  #550-D: variable "send_count" was set but never used
  	uint16_t send_count=0;
..\spo2\spo2.c: 1 warning, 0 errors
compiling tim.c...
compiling stm32f4xx_hal_msp.c...
compiling freertos.c...
../Core/Src/freertos.c(263): warning:  #177-D: variable "adc1_count" was declared but never referenced
  	uint8_t adc1_count=0;
../Core/Src/freertos.c: 1 warning, 0 errors
compiling stm32f4xx_hal_adc_ex.c...
compiling main.c...
compiling adc.c...
../Core/Src/adc.c(333): warning:  #550-D: variable "bre_temp" was set but never used
  	uint32_t bre_temp;
../Core/Src/adc.c: 1 warning, 0 errors
compiling stm32f4xx_ll_adc.c...
compiling stm32f4xx_hal_flash_ramfunc.c...
compiling stm32f4xx_hal_rcc_ex.c...
compiling stm32f4xx_hal_dma_ex.c...
compiling stm32f4xx_hal_flash_ex.c...
compiling stm32f4xx_hal_dma.c...
compiling stm32f4xx_hal_flash.c...
compiling stm32f4xx_hal_rcc.c...
compiling stm32f4xx_hal_gpio.c...
compiling stm32f4xx_hal_cortex.c...
compiling stm32f4xx_ll_sdmmc.c...
compiling stm32f4xx_hal.c...
compiling stm32f4xx_hal_sd.c...
compiling stm32f4xx_hal_pwr_ex.c...
compiling stm32f4xx_hal_pwr.c...
compiling stm32f4xx_hal_exti.c...
compiling stm32f4xx_hal_spi.c...
compiling stm32f4xx_hal_tim_ex.c...
compiling stm32f4xx_hal_tim.c...
compiling system_stm32f4xx.c...
compiling M8266HostIf_STM32xx.c...
compiling stm32f4xx_hal_uart.c...
compiling ADS1298.c...
..\ADS1299\ADS1298.c(439): warning:  #177-D: variable "j" was declared but never referenced
  	int i,j;
..\ADS1299\ADS1298.c: 1 warning, 0 errors
compiling test_m8266wifi.c...
compiling M8266WIFI_ops.c...
..\M8266WIFI\M8266WIFI_ops.c(151): warning:  #111-D: statement is unreachable
  			 	Gui_StrCenter(0,30,RED,BLUE,"wifi module init error",16,1);//å±?ä¸?æ˜?ç¤?
..\M8266WIFI\M8266WIFI_ops.c(229): warning:  #1-D: last line of file ends without a newline
   } 
..\M8266WIFI\M8266WIFI_ops.c: 2 warnings, 0 errors
compiling croutine.c...
compiling bsp_driver_sd.c...
compiling GUI.c...
compiling list.c...
compiling event_groups.c...
compiling test.c...
compiling queue.c...
compiling fatfs_platform.c...
compiling stream_buffer.c...
compiling fatfs.c...
compiling lcd.c...
compiling tasks.c...
compiling diskio.c...
compiling ff_gen_drv.c...
compiling timers.c...
compiling sd_diskio.c...
compiling syscall.c...
compiling heap_4.c...
compiling ccsbcs.c...
compiling ff.c...
compiling port.c...
compiling cmsis_os.c...
linking...
Program Size: Code=42552 RO-data=784 RW-data=292 ZI-data=23796  
FromELF: creating hex file...
"OSAHS_project\OSAHS_project.axf" - 0 Error(s), 6 Warning(s).

<h2>Software Packages used:</h2>

Package Vendor: ARM
                http://www.keil.com/pack/ARM.CMSIS.5.8.0.pack
                ARM.CMSIS.5.8.0
                CMSIS (Common Microcontroller Software Interface Standard)
   * Component: CORE Version: 5.5.0

<h2>Collection of Component include folders:</h2>
  .\RTE\_OSAHS_project
  E:\mdk\ARM\PACK\ARM\CMSIS\5.8.0\CMSIS\Core\Include

<h2>Collection of Component Files used:</h2>

   * Component: ARM::CMSIS:CORE:5.5.0
Build Time Elapsed:  00:00:47
</pre>
</body>
</html>
