Archive member included to satisfy reference by file (symbol)

C:\Users\jjj\Desktop\osahs\OSAHS_project\Core\hand\M8266WIFI\libM8266WIFIDrv_STM32F4xx.a(M8266WIFIDrv_STM32F4xx.o)
                              CMakeFiles/OSAHS_project.elf.dir/Core/hand/M8266WIFI/M8266WIFI_ops.c.obj (M8266WIFI_SPI_Get_Opmode)
c:/progra~2/gnuarm~1/102021~1.10/bin/../lib/gcc/arm-none-eabi/10.3.1/thumb/v7e-m+fp/hard\libgcc.a(_arm_muldf3.o)
                              CMakeFiles/OSAHS_project.elf.dir/Core/Src/adc.c.obj (__aeabi_dmul)
c:/progra~2/gnuarm~1/102021~1.10/bin/../lib/gcc/arm-none-eabi/10.3.1/thumb/v7e-m+fp/hard\libgcc.a(_arm_addsubdf3.o)
                              CMakeFiles/OSAHS_project.elf.dir/Core/Src/main.c.obj (__aeabi_dsub)
c:/progra~2/gnuarm~1/102021~1.10/bin/../lib/gcc/arm-none-eabi/10.3.1/thumb/v7e-m+fp/hard\libgcc.a(_arm_muldivdf3.o)
                              CMakeFiles/OSAHS_project.elf.dir/Core/Src/adc.c.obj (__aeabi_ddiv)
c:/progra~2/gnuarm~1/102021~1.10/bin/../lib/gcc/arm-none-eabi/10.3.1/thumb/v7e-m+fp/hard\libgcc.a(_arm_truncdfsf2.o)
                              CMakeFiles/OSAHS_project.elf.dir/Core/Src/adc.c.obj (__aeabi_d2f)
c:/progra~2/gnuarm~1/102021~1.10/bin/../lib/gcc/arm-none-eabi/10.3.1/thumb/v7e-m+fp/hard\libgcc.a(_aeabi_uldivmod.o)
                              CMakeFiles/OSAHS_project.elf.dir/Drivers/STM32F4xx_HAL_Driver/Src/stm32f4xx_hal_rcc.c.obj (__aeabi_uldivmod)
c:/progra~2/gnuarm~1/102021~1.10/bin/../lib/gcc/arm-none-eabi/10.3.1/thumb/v7e-m+fp/hard\libgcc.a(_udivmoddi4.o)
                              c:/progra~2/gnuarm~1/102021~1.10/bin/../lib/gcc/arm-none-eabi/10.3.1/thumb/v7e-m+fp/hard\libgcc.a(_aeabi_uldivmod.o) (__udivmoddi4)
c:/progra~2/gnuarm~1/102021~1.10/bin/../lib/gcc/arm-none-eabi/10.3.1/thumb/v7e-m+fp/hard\libgcc.a(_dvmd_tls.o)
                              c:/progra~2/gnuarm~1/102021~1.10/bin/../lib/gcc/arm-none-eabi/10.3.1/thumb/v7e-m+fp/hard\libgcc.a(_aeabi_uldivmod.o) (__aeabi_ldiv0)
c:/progra~2/gnuarm~1/102021~1.10/bin/../lib/gcc/arm-none-eabi/10.3.1/../../../../arm-none-eabi/lib/thumb/v7e-m+fp/hard\libg.a(lib_a-errno.o)
                              CMakeFiles/OSAHS_project.elf.dir/Core/Src/syscalls.c.obj (__errno)
c:/progra~2/gnuarm~1/102021~1.10/bin/../lib/gcc/arm-none-eabi/10.3.1/../../../../arm-none-eabi/lib/thumb/v7e-m+fp/hard\libg.a(lib_a-exit.o)
                              c:/progra~2/gnuarm~1/102021~1.10/bin/../lib/gcc/arm-none-eabi/10.3.1/../../../../arm-none-eabi/lib/thumb/v7e-m+fp/hard/crt0.o (exit)
c:/progra~2/gnuarm~1/102021~1.10/bin/../lib/gcc/arm-none-eabi/10.3.1/../../../../arm-none-eabi/lib/thumb/v7e-m+fp/hard\libg.a(lib_a-impure.o)
                              c:/progra~2/gnuarm~1/102021~1.10/bin/../lib/gcc/arm-none-eabi/10.3.1/../../../../arm-none-eabi/lib/thumb/v7e-m+fp/hard\libg.a(lib_a-exit.o) (_global_impure_ptr)
c:/progra~2/gnuarm~1/102021~1.10/bin/../lib/gcc/arm-none-eabi/10.3.1/../../../../arm-none-eabi/lib/thumb/v7e-m+fp/hard\libg.a(lib_a-init.o)
                              c:/progra~2/gnuarm~1/102021~1.10/bin/../lib/gcc/arm-none-eabi/10.3.1/../../../../arm-none-eabi/lib/thumb/v7e-m+fp/hard/crt0.o (__libc_init_array)
c:/progra~2/gnuarm~1/102021~1.10/bin/../lib/gcc/arm-none-eabi/10.3.1/../../../../arm-none-eabi/lib/thumb/v7e-m+fp/hard\libg.a(lib_a-memcpy.o)
                              CMakeFiles/OSAHS_project.elf.dir/Middlewares/Third_Party/FreeRTOS/Source/queue.c.obj (memcpy)
c:/progra~2/gnuarm~1/102021~1.10/bin/../lib/gcc/arm-none-eabi/10.3.1/../../../../arm-none-eabi/lib/thumb/v7e-m+fp/hard\libg.a(lib_a-memset.o)
                              c:/progra~2/gnuarm~1/102021~1.10/bin/../lib/gcc/arm-none-eabi/10.3.1/../../../../arm-none-eabi/lib/thumb/v7e-m+fp/hard/crt0.o (memset)
c:/progra~2/gnuarm~1/102021~1.10/bin/../lib/gcc/arm-none-eabi/10.3.1/../../../../arm-none-eabi/lib/thumb/v7e-m+fp/hard\libg.a(lib_a-sprintf.o)
                              CMakeFiles/OSAHS_project.elf.dir/Middlewares/Third_Party/FreeRTOS/Source/tasks.c.obj (sprintf)
c:/progra~2/gnuarm~1/102021~1.10/bin/../lib/gcc/arm-none-eabi/10.3.1/../../../../arm-none-eabi/lib/thumb/v7e-m+fp/hard\libg.a(lib_a-strcmp.o)
                              CMakeFiles/OSAHS_project.elf.dir/Core/hand/M8266WIFI/M8266WIFI_ops.c.obj (strcmp)
c:/progra~2/gnuarm~1/102021~1.10/bin/../lib/gcc/arm-none-eabi/10.3.1/../../../../arm-none-eabi/lib/thumb/v7e-m+fp/hard\libg.a(lib_a-strcpy.o)
                              CMakeFiles/OSAHS_project.elf.dir/Middlewares/Third_Party/FreeRTOS/Source/tasks.c.obj (strcpy)
c:/progra~2/gnuarm~1/102021~1.10/bin/../lib/gcc/arm-none-eabi/10.3.1/../../../../arm-none-eabi/lib/thumb/v7e-m+fp/hard\libg.a(lib_a-strlen.o)
                              CMakeFiles/OSAHS_project.elf.dir/Core/hand/LCD/GUI.c.obj (strlen)
c:/progra~2/gnuarm~1/102021~1.10/bin/../lib/gcc/arm-none-eabi/10.3.1/../../../../arm-none-eabi/lib/thumb/v7e-m+fp/hard\libg.a(lib_a-svfprintf.o)
[...]
Memory Configuration

Name             Origin             Length             Attributes
RAM              0x20000000         0x00020000         xrw
CCMRAM           0x10000000         0x00010000         xrw
FLASH            0x08000000         0x00080000         xr
*default*        0x00000000         0xffffffff

Linker script and memory map

LOAD c:/progra~2/gnuarm~1/102021~1.10/bin/../lib/gcc/arm-none-eabi/10.3.1/thumb/v7e-m+fp/hard/crti.o
LOAD c:/progra~2/gnuarm~1/102021~1.10/bin/../lib/gcc/arm-none-eabi/10.3.1/thumb/v7e-m+fp/hard/crtbegin.o
LOAD c:/progra~2/gnuarm~1/102021~1.10/bin/../lib/gcc/arm-none-eabi/10.3.1/../../../../arm-none-eabi/lib/thumb/v7e-m+fp/hard/crt0.o
LOAD CMakeFiles/OSAHS_project.elf.dir/Core/Src/adc.c.obj
LOAD CMakeFiles/OSAHS_project.elf.dir/Core/Src/dma.c.obj
LOAD CMakeFiles/OSAHS_project.elf.dir/Core/Src/freertos.c.obj
LOAD CMakeFiles/OSAHS_project.elf.dir/Core/Src/gpio.c.obj
LOAD CMakeFiles/OSAHS_project.elf.dir/Core/Src/main.c.obj
LOAD CMakeFiles/OSAHS_project.elf.dir/Core/Src/sdio.c.obj
LOAD CMakeFiles/OSAHS_project.elf.dir/Core/Src/spi.c.obj
LOAD CMakeFiles/OSAHS_project.elf.dir/Core/Src/stm32f4xx_hal_msp.c.obj
LOAD CMakeFiles/OSAHS_project.elf.dir/Core/Src/stm32f4xx_hal_timebase_tim.c.obj
LOAD CMakeFiles/OSAHS_project.elf.dir/Core/Src/stm32f4xx_it.c.obj
LOAD CMakeFiles/OSAHS_project.elf.dir/Core/Src/syscalls.c.obj
LOAD CMakeFiles/OSAHS_project.elf.dir/Core/Src/system_stm32f4xx.c.obj
LOAD CMakeFiles/OSAHS_project.elf.dir/Core/Src/tim.c.obj
LOAD CMakeFiles/OSAHS_project.elf.dir/Core/Src/usart.c.obj
LOAD CMakeFiles/OSAHS_project.elf.dir/Core/hand/ADS1299/ADS1298.c.obj
LOAD CMakeFiles/OSAHS_project.elf.dir/Core/hand/FATFS/App/fatfs.c.obj
LOAD CMakeFiles/OSAHS_project.elf.dir/Core/hand/FATFS/Target/bsp_driver_sd.c.obj
LOAD CMakeFiles/OSAHS_project.elf.dir/Core/hand/FATFS/Target/fatfs_platform.c.obj
LOAD CMakeFiles/OSAHS_project.elf.dir/Core/hand/FATFS/Target/sd_diskio.c.obj
LOAD CMakeFiles/OSAHS_project.elf.dir/Core/hand/LCD/GUI.c.obj
LOAD CMakeFiles/OSAHS_project.elf.dir/Core/hand/LCD/lcd.c.obj
LOAD CMakeFiles/OSAHS_project.elf.dir/Core/hand/LCD/test.c.obj
LOAD CMakeFiles/OSAHS_project.elf.dir/Core/hand/M8266WIFI/M8266HostIf_STM32xx.c.obj
LOAD CMakeFiles/OSAHS_project.elf.dir/Core/hand/M8266WIFI/M8266WIFI_ops.c.obj
LOAD CMakeFiles/OSAHS_project.elf.dir/Core/hand/M8266WIFI/test_m8266wifi.c.obj
LOAD CMakeFiles/OSAHS_project.elf.dir/Core/hand/spo2/spo2.c.obj
LOAD CMakeFiles/OSAHS_project.elf.dir/Drivers/STM32F4xx_HAL_Driver/Src/stm32f4xx_hal.c.obj
LOAD CMakeFiles/OSAHS_project.elf.dir/Drivers/STM32F4xx_HAL_Driver/Src/stm32f4xx_hal_adc.c.obj
LOAD CMakeFiles/OSAHS_project.elf.dir/Drivers/STM32F4xx_HAL_Driver/Src/stm32f4xx_hal_adc_ex.c.obj
LOAD CMakeFiles/OSAHS_project.elf.dir/Drivers/STM32F4xx_HAL_Driver/Src/stm32f4xx_hal_cortex.c.obj
LOAD CMakeFiles/OSAHS_project.elf.dir/Drivers/STM32F4xx_HAL_Driver/Src/stm32f4xx_hal_dma.c.obj
LOAD CMakeFiles/OSAHS_project.elf.dir/Drivers/STM32F4xx_HAL_Driver/Src/stm32f4xx_hal_dma_ex.c.obj
LOAD CMakeFiles/OSAHS_project.elf.dir/Drivers/STM32F4xx_HAL_Driver/Src/stm32f4xx_hal_exti.c.obj
LOAD CMakeFiles/OSAHS_project.elf.dir/Drivers/STM32F4xx_HAL_Driver/Src/stm32f4xx_hal_flash.c.obj
LOAD CMakeFiles/OSAHS_project.elf.dir/Drivers/STM32F4xx_HAL_Driver/Src/stm32f4xx_hal_flash_ex.c.obj
LOAD CMakeFiles/OSAHS_project.elf.dir/Drivers/STM32F4xx_HAL_Driver/Src/stm32f4xx_hal_flash_ramfunc.c.obj
LOAD CMakeFiles/OSAHS_project.elf.dir/Drivers/STM32F4xx_HAL_Driver/Src/stm32f4xx_hal_gpio.c.obj
LOAD CMakeFiles/OSAHS_project.elf.dir/Drivers/STM32F4xx_HAL_Driver/Src/stm32f4xx_hal_pwr.c.obj
LOAD CMakeFiles/OSAHS_project.elf.dir/Drivers/STM32F4xx_HAL_Driver/Src/stm32f4xx_hal_pwr_ex.c.obj
LOAD CMakeFiles/OSAHS_project.elf.dir/Drivers/STM32F4xx_HAL_Driver/Src/stm32f4xx_hal_rcc.c.obj
LOAD CMakeFiles/OSAHS_project.elf.dir/Drivers/STM32F4xx_HAL_Driver/Src/stm32f4xx_hal_rcc_ex.c.obj
LOAD CMakeFiles/OSAHS_project.elf.dir/Drivers/STM32F4xx_HAL_Driver/Src/stm32f4xx_hal_sd.c.obj
LOAD CMakeFiles/OSAHS_project.elf.dir/Drivers/STM32F4xx_HAL_Driver/Src/stm32f4xx_hal_spi.c.obj
LOAD CMakeFiles/OSAHS_project.elf.dir/Drivers/STM32F4xx_HAL_Driver/Src/stm32f4xx_hal_tim.c.obj
LOAD CMakeFiles/OSAHS_project.elf.dir/Drivers/STM32F4xx_HAL_Driver/Src/stm32f4xx_hal_tim_ex.c.obj
LOAD CMakeFiles/OSAHS_project.elf.dir/Drivers/STM32F4xx_HAL_Driver/Src/stm32f4xx_hal_uart.c.obj
LOAD CMakeFiles/OSAHS_project.elf.dir/Drivers/STM32F4xx_HAL_Driver/Src/stm32f4xx_ll_adc.c.obj
LOAD CMakeFiles/OSAHS_project.elf.dir/Drivers/STM32F4xx_HAL_Driver/Src/stm32f4xx_ll_sdmmc.c.obj
LOAD CMakeFiles/OSAHS_project.elf.dir/Middlewares/Third_Party/FatFs/src/diskio.c.obj
LOAD CMakeFiles/OSAHS_project.elf.dir/Middlewares/Third_Party/FatFs/src/ff.c.obj
LOAD CMakeFiles/OSAHS_project.elf.dir/Middlewares/Third_Party/FatFs/src/ff_gen_drv.c.obj
LOAD CMakeFiles/OSAHS_project.elf.dir/Middlewares/Third_Party/FatFs/src/option/ccsbcs.c.obj
LOAD CMakeFiles/OSAHS_project.elf.dir/Middlewares/Third_Party/FatFs/src/option/syscall.c.obj
LOAD CMakeFiles/OSAHS_project.elf.dir/Middlewares/Third_Party/FreeRTOS/Source/CMSIS_RTOS/cmsis_os.c.obj
LOAD CMakeFiles/OSAHS_project.elf.dir/Middlewares/Third_Party/FreeRTOS/Source/croutine.c.obj
LOAD CMakeFiles/OSAHS_project.elf.dir/Middlewares/Third_Party/FreeRTOS/Source/event_groups.c.obj
LOAD CMakeFiles/OSAHS_project.elf.dir/Middlewares/Third_Party/FreeRTOS/Source/list.c.obj
LOAD CMakeFiles/OSAHS_project.elf.dir/Middlewares/Third_Party/FreeRTOS/Source/portable/GCC/ARM_CM4F/port.c.obj
LOAD CMakeFiles/OSAHS_project.elf.dir/Middlewares/Third_Party/FreeRTOS/Source/portable/MemMang/heap_4.c.obj
LOAD CMakeFiles/OSAHS_project.elf.dir/Middlewares/Third_Party/FreeRTOS/Source/queue.c.obj
LOAD CMakeFiles/OSAHS_project.elf.dir/Middlewares/Third_Party/FreeRTOS/Source/stream_buffer.c.obj
LOAD CMakeFiles/OSAHS_project.elf.dir/Middlewares/Third_Party/FreeRTOS/Source/tasks.c.obj
LOAD CMakeFiles/OSAHS_project.elf.dir/Middlewares/Third_Party/FreeRTOS/Source/timers.c.obj
LOAD CMakeFiles/OSAHS_project.elf.dir/startup/startup_stm32f407xx.s.obj
LOAD C:\Users\jjj\Desktop\osahs\OSAHS_project\Core\hand\M8266WIFI\libM8266WIFIDrv_STM32F4xx.a
START GROUP
LOAD c:/progra~2/gnuarm~1/102021~1.10/bin/../lib/gcc/arm-none-eabi/10.3.1/thumb/v7e-m+fp/hard\libgcc.a
LOAD c:/progra~2/gnuarm~1/102021~1.10/bin/../lib/gcc/arm-none-eabi/10.3.1/../../../../arm-none-eabi/lib/thumb/v7e-m+fp/hard\libg.a
LOAD c:/progra~2/gnuarm~1/102021~1.10/bin/../lib/gcc/arm-none-eabi/10.3.1/../../../../arm-none-eabi/lib/thumb/v7e-m+fp/hard\libc.a
END GROUP
LOAD c:/progra~2/gnuarm~1/102021~1.10/bin/../lib/gcc/arm-none-eabi/10.3.1/thumb/v7e-m+fp/hard/crtend.o
LOAD c:/progra~2/gnuarm~1/102021~1.10/bin/../lib/gcc/arm-none-eabi/10.3.1/thumb/v7e-m+fp/hard/crtn.o
                0x20020000                _estack = 0x20020000
                0x00000400                _Min_Heap_Size = 0x400
                0x00001000                _Min_Stack_Size = 0x1000

.isr_vector     0x08000000      0x188
                0x08000000                . = ALIGN (0x4)
 *(.isr_vector)
 .isr_vector    0x08000000      0x188 CMakeFiles/OSAHS_project.elf.dir/startup/startup_stm32f407xx.s.obj
                0x08000000                g_pfnVectors
                0x08000188                . = ALIGN (0x4)

.text           0x080001a0     0xa5a4
                0x080001a0                . = ALIGN (0x4)
 *(.text)
 .text          0x080001a0       0x40 c:/progra~2/gnuarm~1/102021~1.10/bin/../lib/gcc/arm-none-eabi/10.3.1/thumb/v7e-m+fp/hard/crtbegin.o
 .text          0x080001e0      0x6a8 C:\Users\jjj\Desktop\osahs\OSAHS_project\Core\hand\M8266WIFI\libM8266WIFIDrv_STM32F4xx.a(M8266WIFIDrv_STM32F4xx.o)
                0x08000738                M8266WIFI_SPI_Interface_Communication_Stress_Test
                0x0800079e                M8266WIFI_SPI_Send_Data
                0x080007b2                M8266WIFI_SPI_Send_Udp_Data
                0x080007f0                M8266WIFI_SPI_Send_Data_to_TcpClient
                0x08000834                M8266WIFI_SPI_StartModuleSmartConfig
 .text          0x08000888      0x378 c:/progra~2/gnuarm~1/102021~1.10/bin/../lib/gcc/arm-none-eabi/10.3.1/thumb/v7e-m+fp/hard\libgcc.a(_arm_addsubdf3.o)
                0x08000888                __aeabi_drsub
                0x08000890                __aeabi_dsub
                0x08000890                __subdf3
                0x08000894                __aeabi_dadd
                0x08000894                __adddf3
                0x08000b0c                __floatunsidf
                0x08000b0c                __aeabi_ui2d
                0x08000b2c                __floatsidf
                0x08000b2c                __aeabi_i2d
                0x08000b50                __aeabi_f2d
                0x08000b50                __extendsfdf2
                0x08000b94                __floatundidf
                0x08000b94                __aeabi_ul2d
                0x08000ba4                __floatdidf
                0x08000ba4                __aeabi_l2d
 .text          0x08000c00      0x424 c:/progra~2/gnuarm~1/102021~1.10/bin/../lib/gcc/arm-none-eabi/10.3.1/thumb/v7e-m+fp/hard\libgcc.a(_arm_muldivdf3.o)
                0x08000c00                __aeabi_dmul
                0x08000c00                __muldf3
                0x08000e54                __divdf3
                0x08000e54                __aeabi_ddiv
 .text          0x08001024       0xa0 c:/progra~2/gnuarm~1/102021~1.10/bin/../lib/gcc/arm-none-eabi/10.3.1/thumb/v7e-m+fp/hard\libgcc.a(_arm_truncdfsf2.o)
                0x08001024                __truncdfsf2
                0x08001024                __aeabi_d2f
 .text          0x080010c4       0x30 c:/progra~2/gnuarm~1/102021~1.10/bin/../lib/gcc/arm-none-eabi/10.3.1/thumb/v7e-m+fp/hard\libgcc.a(_aeabi_uldivmod.o)
                0x080010c4                __aeabi_uldivmod
 .text          0x080010f4      0x2d0 c:/progra~2/gnuarm~1/102021~1.10/bin/../lib/gcc/arm-none-eabi/10.3.1/thumb/v7e-m+fp/hard\libgcc.a(_udivmoddi4.o)
                0x080010f4                __udivmoddi4
 .text          0x080013c4        0x4 c:/progra~2/gnuarm~1/102021~1.10/bin/../lib/gcc/arm-none-eabi/10.3.1/thumb/v7e-m+fp/hard\libgcc.a(_dvmd_tls.o)
                0x080013c4                __aeabi_idiv0
                0x080013c4                __aeabi_ldiv0
 .text          0x080013c8      0x134 c:/progra~2/gnuarm~1/102021~1.10/bin/../lib/gcc/arm-none-eabi/10.3.1/../../../../arm-none-eabi/lib/thumb/v7e-m+fp/hard\libg.a(lib_a-memcpy.o)
                0x080013c8                memcpy
 *fill*         0x080014fc        0x4 
 .text          0x08001500      0x2dc c:/progra~2/gnuarm~1/102021~1.10/bin/../lib/gcc/arm-none-eabi/10.3.1/../../../../arm-none-eabi/lib/thumb/v7e-m+fp/hard\libg.a(lib_a-strcmp.o)
                0x08001508                strcmp
 *(.text*)
 .text.MX_ADC1_Init
                0x080017dc       0x70 CMakeFiles/OSAHS_project.elf.dir/Core/Src/adc.c.obj
                0x080017dc                MX_ADC1_Init
 .text.MX_ADC2_Init
                0x0800184c       0x70 CMakeFiles/OSAHS_project.elf.dir/Core/Src/adc.c.obj
                0x0800184c                MX_ADC2_Init
 .text.HAL_ADC_MspInit
                0x080018bc      0x13c CMakeFiles/OSAHS_project.elf.dir/Core/Src/adc.c.obj
                0x080018bc                HAL_ADC_MspInit
 .text.power_detect
                0x080019f8       0xa8 CMakeFiles/OSAHS_project.elf.dir/Core/Src/adc.c.obj
                0x080019f8                power_detect
 .text.breath_init
                0x08001aa0       0x4c CMakeFiles/OSAHS_project.elf.dir/Core/Src/adc.c.obj
                0x08001aa0                breath_init
 .text.breath_send
                0x08001aec       0x84 CMakeFiles/OSAHS_project.elf.dir/Core/Src/adc.c.obj
                0x08001aec                breath_send
 .text.HAL_ADC_ConvCpltCallback
                0x08001b70       0x40 CMakeFiles/OSAHS_project.elf.dir/Core/Src/adc.c.obj
                0x08001b70                HAL_ADC_ConvCpltCallback
 .text.MX_DMA_Init
                0x08001bb0       0x88 CMakeFiles/OSAHS_project.elf.dir/Core/Src/dma.c.obj
                0x08001bb0                MX_DMA_Init
 .text.StartDefaultTask
                0x08001c38       0x98 CMakeFiles/OSAHS_project.elf.dir/Core/Src/freertos.c.obj
                0x08001c38                StartDefaultTask
 .text.StartRT_Task
                0x08001cd0        0xa CMakeFiles/OSAHS_project.elf.dir/Core/Src/freertos.c.obj
                0x08001cd0                StartRT_Task
 *fill*         0x08001cda        0x2 
 .text.StartBreath_Task
                0x08001cdc       0x1c CMakeFiles/OSAHS_project.elf.dir/Core/Src/freertos.c.obj
                0x08001cdc                StartBreath_Task
 .text.StartADS_Task
                0x08001cf8       0xcc CMakeFiles/OSAHS_project.elf.dir/Core/Src/freertos.c.obj
                0x08001cf8                StartADS_Task
 .text.vApplicationGetIdleTaskMemory
                0x08001dc4       0x18 CMakeFiles/OSAHS_project.elf.dir/Core/Src/freertos.c.obj
                0x08001dc4                vApplicationGetIdleTaskMemory
 .text.MX_FREERTOS_Init
                0x08001ddc       0xe8 CMakeFiles/OSAHS_project.elf.dir/Core/Src/freertos.c.obj
                0x08001ddc                MX_FREERTOS_Init
 .text.MX_GPIO_Init
                0x08001ec4      0x20c CMakeFiles/OSAHS_project.elf.dir/Core/Src/gpio.c.obj
                0x08001ec4                MX_GPIO_Init
 .text.RCCdelay_us
                0x080020d0       0x1c CMakeFiles/OSAHS_project.elf.dir/Core/Src/main.c.obj
                0x080020d0                RCCdelay_us
 .text.HAL_GPIO_EXTI_Callback
                0x080020ec       0x20 CMakeFiles/OSAHS_project.elf.dir/Core/Src/main.c.obj
                0x080020ec                HAL_GPIO_EXTI_Callback
 .text.HAL_TIM_PeriodElapsedCallback
                0x0800210c       0x18 CMakeFiles/OSAHS_project.elf.dir/Core/Src/main.c.obj
                0x0800210c                HAL_TIM_PeriodElapsedCallback
 .text.Error_Handler
                0x08002124        0x4 CMakeFiles/OSAHS_project.elf.dir/Core/Src/main.c.obj
                0x08002124                Error_Handler
 .text.SystemClock_Config
                0x08002128       0xa8 CMakeFiles/OSAHS_project.elf.dir/Core/Src/main.c.obj
                0x08002128                SystemClock_Config
 .text.main     0x080021d0       0x44 CMakeFiles/OSAHS_project.elf.dir/Core/Src/main.c.obj
                0x080021d0                main
 .text.MX_SDIO_SD_Init
                0x08002214       0x20 CMakeFiles/OSAHS_project.elf.dir/Core/Src/sdio.c.obj
                0x08002214                MX_SDIO_SD_Init
 .text.HAL_SD_MspInit
                0x08002234       0xa0 CMakeFiles/OSAHS_project.elf.dir/Core/Src/sdio.c.obj
                0x08002234                HAL_SD_MspInit
 .text.MX_SPI1_Init
                0x080022d4       0x44 CMakeFiles/OSAHS_project.elf.dir/Core/Src/spi.c.obj
                0x080022d4                MX_SPI1_Init
 .text.MX_SPI2_Init
                0x08002318       0x40 CMakeFiles/OSAHS_project.elf.dir/Core/Src/spi.c.obj
                0x08002318                MX_SPI2_Init
 .text.MX_SPI3_Init
                0x08002358       0x44 CMakeFiles/OSAHS_project.elf.dir/Core/Src/spi.c.obj
                0x08002358                MX_SPI3_Init
 .text.HAL_SPI_MspInit
                0x0800239c      0x198 CMakeFiles/OSAHS_project.elf.dir/Core/Src/spi.c.obj
                0x0800239c                HAL_SPI_MspInit
 .text.HAL_MspInit
                0x08002534       0x44 CMakeFiles/OSAHS_project.elf.dir/Core/Src/stm32f4xx_hal_msp.c.obj
                0x08002534                HAL_MspInit
 .text.HAL_InitTick
                0x08002578       0x7c CMakeFiles/OSAHS_project.elf.dir/Core/Src/stm32f4xx_hal_timebase_tim.c.obj
                0x08002578                HAL_InitTick
 .text.NMI_Handler
                0x080025f4        0x2 CMakeFiles/OSAHS_project.elf.dir/Core/Src/stm32f4xx_it.c.obj
                0x080025f4                NMI_Handler
 .text.HardFault_Handler
                0x080025f6        0x2 CMakeFiles/OSAHS_project.elf.dir/Core/Src/stm32f4xx_it.c.obj
                0x080025f6                HardFault_Handler
 .text.MemManage_Handler
                0x080025f8        0x2 CMakeFiles/OSAHS_project.elf.dir/Core/Src/stm32f4xx_it.c.obj
                0x080025f8                MemManage_Handler
 .text.BusFault_Handler
                0x080025fa        0x2 CMakeFiles/OSAHS_project.elf.dir/Core/Src/stm32f4xx_it.c.obj
                0x080025fa                BusFault_Handler
 .text.UsageFault_Handler
                0x080025fc        0x2 CMakeFiles/OSAHS_project.elf.dir/Core/Src/stm32f4xx_it.c.obj
                0x080025fc                UsageFault_Handler
 .text.DebugMon_Handler
                0x080025fe        0x2 CMakeFiles/OSAHS_project.elf.dir/Core/Src/stm32f4xx_it.c.obj
                0x080025fe                DebugMon_Handler
 .text.DMA1_Stream0_IRQHandler
                0x08002600       0x10 CMakeFiles/OSAHS_project.elf.dir/Core/Src/stm32f4xx_it.c.obj
                0x08002600                DMA1_Stream0_IRQHandler
 .text.DMA1_Stream1_IRQHandler
                0x08002610       0x10 CMakeFiles/OSAHS_project.elf.dir/Core/Src/stm32f4xx_it.c.obj
                0x08002610                DMA1_Stream1_IRQHandler
 .text.DMA1_Stream5_IRQHandler
                0x08002620       0x10 CMakeFiles/OSAHS_project.elf.dir/Core/Src/stm32f4xx_it.c.obj
                0x08002620                DMA1_Stream5_IRQHandler
 .text.TIM1_UP_TIM10_IRQHandler
                0x08002630       0x10 CMakeFiles/OSAHS_project.elf.dir/Core/Src/stm32f4xx_it.c.obj
                0x08002630                TIM1_UP_TIM10_IRQHandler
 .text.USART3_IRQHandler
                0x08002640       0x50 CMakeFiles/OSAHS_project.elf.dir/Core/Src/stm32f4xx_it.c.obj
                0x08002640                USART3_IRQHandler
 .text.EXTI15_10_IRQHandler
                0x08002690        0xc CMakeFiles/OSAHS_project.elf.dir/Core/Src/stm32f4xx_it.c.obj
                0x08002690                EXTI15_10_IRQHandler
 .text.DMA2_Stream2_IRQHandler
                0x0800269c       0x10 CMakeFiles/OSAHS_project.elf.dir/Core/Src/stm32f4xx_it.c.obj
                0x0800269c                DMA2_Stream2_IRQHandler
 .text.DMA2_Stream4_IRQHandler
                0x080026ac       0x10 CMakeFiles/OSAHS_project.elf.dir/Core/Src/stm32f4xx_it.c.obj
                0x080026ac                DMA2_Stream4_IRQHandler
 .text.SystemInit
                0x080026bc       0x1c CMakeFiles/OSAHS_project.elf.dir/Core/Src/system_stm32f4xx.c.obj
                0x080026bc                SystemInit
 .text.MX_TIM2_Init
                0x080026d8       0x80 CMakeFiles/OSAHS_project.elf.dir/Core/Src/tim.c.obj
                0x080026d8                MX_TIM2_Init
 .text.MX_TIM3_Init
                0x08002758       0x84 CMakeFiles/OSAHS_project.elf.dir/Core/Src/tim.c.obj
                0x08002758                MX_TIM3_Init
 .text.HAL_TIM_PWM_MspInit
                0x080027dc       0x50 CMakeFiles/OSAHS_project.elf.dir/Core/Src/tim.c.obj
                0x080027dc                HAL_TIM_PWM_MspInit
 .text.MX_USART3_UART_Init
                0x0800282c       0x34 CMakeFiles/OSAHS_project.elf.dir/Core/Src/usart.c.obj
                0x0800282c                MX_USART3_UART_Init
 .text.HAL_UART_MspInit
                0x08002860       0xc4 CMakeFiles/OSAHS_project.elf.dir/Core/Src/usart.c.obj
                0x08002860                HAL_UART_MspInit
 .text.Uint24ToUint32
                0x08002924        0xe CMakeFiles/OSAHS_project.elf.dir/Core/hand/ADS1299/ADS1298.c.obj
                0x08002924                Uint24ToUint32
 *fill*         0x08002932        0x2 
 .text.transferSPI
                0x08002934       0x34 CMakeFiles/OSAHS_project.elf.dir/Core/hand/ADS1299/ADS1298.c.obj
                0x08002934                transferSPI
 .text.ADS_SDATAC
                0x08002968       0x28 CMakeFiles/OSAHS_project.elf.dir/Core/hand/ADS1299/ADS1298.c.obj
                0x08002968                ADS_SDATAC
 .text.ADS_START
                0x08002990       0x28 CMakeFiles/OSAHS_project.elf.dir/Core/hand/ADS1299/ADS1298.c.obj
                0x08002990                ADS_START
 .text.ADS_RESET
                0x080029b8       0x34 CMakeFiles/OSAHS_project.elf.dir/Core/hand/ADS1299/ADS1298.c.obj
                0x080029b8                ADS_RESET
 .text.ADS_RREG
                0x080029ec       0x44 CMakeFiles/OSAHS_project.elf.dir/Core/hand/ADS1299/ADS1298.c.obj
                0x080029ec                ADS_RREG
 .text.ADS_RREGS
                0x08002a30       0x50 CMakeFiles/OSAHS_project.elf.dir/Core/hand/ADS1299/ADS1298.c.obj
                0x08002a30                ADS_RREGS
 .text.ADS_WREG
                0x08002a80       0x4c CMakeFiles/OSAHS_project.elf.dir/Core/hand/ADS1299/ADS1298.c.obj
                0x08002a80                ADS_WREG
 .text.ADS_Init
                0x08002acc      0x218 CMakeFiles/OSAHS_project.elf.dir/Core/hand/ADS1299/ADS1298.c.obj
                0x08002acc                ADS_Init
 .text.ADS_RDATA
                0x08002ce4       0xfc CMakeFiles/OSAHS_project.elf.dir/Core/hand/ADS1299/ADS1298.c.obj
                0x08002ce4                ADS_RDATA
 .text.ADS_SendDataBuff
                0x08002de0       0x94 CMakeFiles/OSAHS_project.elf.dir/Core/hand/ADS1299/ADS1298.c.obj
                0x08002de0                ADS_SendDataBuff
 .text.MX_FATFS_Init
                0x08002e74       0x1c CMakeFiles/OSAHS_project.elf.dir/Core/hand/FATFS/App/fatfs.c.obj
                0x08002e74                MX_FATFS_Init
 .text.BSP_SD_ReadBlocks_DMA
                0x08002e90       0x18 CMakeFiles/OSAHS_project.elf.dir/Core/hand/FATFS/Target/bsp_driver_sd.c.obj
                0x08002e90                BSP_SD_ReadBlocks_DMA
 .text.BSP_SD_WriteBlocks_DMA
                0x08002ea8       0x18 CMakeFiles/OSAHS_project.elf.dir/Core/hand/FATFS/Target/bsp_driver_sd.c.obj
                0x08002ea8                BSP_SD_WriteBlocks_DMA
 .text.BSP_SD_GetCardState
                0x08002ec0       0x14 CMakeFiles/OSAHS_project.elf.dir/Core/hand/FATFS/Target/bsp_driver_sd.c.obj
                0x08002ec0                BSP_SD_GetCardState
 .text.BSP_SD_GetCardInfo
                0x08002ed4       0x10 CMakeFiles/OSAHS_project.elf.dir/Core/hand/FATFS/Target/bsp_driver_sd.c.obj
                0x08002ed4                BSP_SD_GetCardInfo
 .text.HAL_SD_RxCpltCallback
                0x08002ee4        0x8 CMakeFiles/OSAHS_project.elf.dir/Core/hand/FATFS/Target/bsp_driver_sd.c.obj
                0x08002ee4                HAL_SD_RxCpltCallback
 .text.BSP_SD_IsDetected
                0x08002eec       0x20 CMakeFiles/OSAHS_project.elf.dir/Core/hand/FATFS/Target/bsp_driver_sd.c.obj
                0x08002eec                BSP_SD_IsDetected
 .text.BSP_SD_Init
                0x08002f0c       0x34 CMakeFiles/OSAHS_project.elf.dir/Core/hand/FATFS/Target/bsp_driver_sd.c.obj
                0x08002f0c                BSP_SD_Init
 .text.BSP_PlatformIsDetected
                0x08002f40       0x1c CMakeFiles/OSAHS_project.elf.dir/Core/hand/FATFS/Target/fatfs_platform.c.obj
                0x08002f40                BSP_PlatformIsDetected
 .text.SD_CheckStatus
                0x08002f5c       0x24 CMakeFiles/OSAHS_project.elf.dir/Core/hand/FATFS/Target/sd_diskio.c.obj
 .text.SD_initialize
                0x08002f80       0x74 CMakeFiles/OSAHS_project.elf.dir/Core/hand/FATFS/Target/sd_diskio.c.obj
                0x08002f80                SD_initialize
 .text.SD_status
                0x08002ff4        0x8 CMakeFiles/OSAHS_project.elf.dir/Core/hand/FATFS/Target/sd_diskio.c.obj
                0x08002ff4                SD_status
 .text.SD_CheckStatusWithTimeout
                0x08002ffc       0x26 CMakeFiles/OSAHS_project.elf.dir/Core/hand/FATFS/Target/sd_diskio.c.obj
 *fill*         0x08003022        0x2 
 .text.SD_read  0x08003024       0x74 CMakeFiles/OSAHS_project.elf.dir/Core/hand/FATFS/Target/sd_diskio.c.obj
                0x08003024                SD_read
 .text.SD_write
                0x08003098       0x74 CMakeFiles/OSAHS_project.elf.dir/Core/hand/FATFS/Target/sd_diskio.c.obj
                0x08003098                SD_write
 .text.SD_ioctl
                0x0800310c       0x58 CMakeFiles/OSAHS_project.elf.dir/Core/hand/FATFS/Target/sd_diskio.c.obj
                0x0800310c                SD_ioctl
 .text.BSP_SD_ReadCpltCallback
                0x08003164       0x14 CMakeFiles/OSAHS_project.elf.dir/Core/hand/FATFS/Target/sd_diskio.c.obj
                0x08003164                BSP_SD_ReadCpltCallback
 .text.M8266HostIf_SPI_SetSpeed
                0x08003178       0x38 CMakeFiles/OSAHS_project.elf.dir/Core/hand/M8266WIFI/M8266HostIf_STM32xx.c.obj
                0x08003178                M8266HostIf_SPI_SetSpeed
 .text.M8266HostIf_Set_nRESET_Pin
                0x080031b0       0x20 CMakeFiles/OSAHS_project.elf.dir/Core/hand/M8266WIFI/M8266HostIf_STM32xx.c.obj
                0x080031b0                M8266HostIf_Set_nRESET_Pin
 .text.M8266HostIf_Set_SPI_nCS_Pin
                0x080031d0       0x20 CMakeFiles/OSAHS_project.elf.dir/Core/hand/M8266WIFI/M8266HostIf_STM32xx.c.obj
                0x080031d0                M8266HostIf_Set_SPI_nCS_Pin
 .text.M8266HostIf_delay_us
                0x080031f0        0x8 CMakeFiles/OSAHS_project.elf.dir/Core/hand/M8266WIFI/M8266HostIf_STM32xx.c.obj
                0x080031f0                M8266HostIf_delay_us
 .text.M8266WIFI_Module_delay_ms
                0x080031f8        0x8 CMakeFiles/OSAHS_project.elf.dir/Core/hand/M8266WIFI/M8266WIFI_ops.c.obj
                0x080031f8                M8266WIFI_Module_delay_ms
 .text.M8266WIFI_Module_Hardware_Reset
                0x08003200       0x38 CMakeFiles/OSAHS_project.elf.dir/Core/hand/M8266WIFI/M8266WIFI_ops.c.obj
                0x08003200                M8266WIFI_Module_Hardware_Reset
 .text.M8266WIFI_SPI_wait_sta_connecting_to_ap_and_get_ip
                0x08003238       0x50 CMakeFiles/OSAHS_project.elf.dir/Core/hand/M8266WIFI/M8266WIFI_ops.c.obj
                0x08003238                M8266WIFI_SPI_wait_sta_connecting_to_ap_and_get_ip
 .text.M8266WIFI_Module_Init_Via_SPI
                0x08003288       0xd8 CMakeFiles/OSAHS_project.elf.dir/Core/hand/M8266WIFI/M8266WIFI_ops.c.obj
                0x08003288                M8266WIFI_Module_Init_Via_SPI
 .text.connect_wifi
                0x08003360       0x20 CMakeFiles/OSAHS_project.elf.dir/Core/hand/M8266WIFI/M8266WIFI_ops.c.obj
                0x08003360                connect_wifi
 .text.query_connectWIFI_state
                0x08003380       0x22 CMakeFiles/OSAHS_project.elf.dir/Core/hand/M8266WIFI/M8266WIFI_ops.c.obj
                0x08003380                query_connectWIFI_state
 *fill*         0x080033a2        0x2 
 .text.connect_PC
                0x080033a4       0x74 CMakeFiles/OSAHS_project.elf.dir/Core/hand/M8266WIFI/test_m8266wifi.c.obj
                0x080033a4                connect_PC
 .text.M8266WIFI_Test
                0x08003418       0x44 CMakeFiles/OSAHS_project.elf.dir/Core/hand/M8266WIFI/test_m8266wifi.c.obj
                0x08003418                M8266WIFI_Test
 .text.query_M8266_state
                0x0800345c       0x74 CMakeFiles/OSAHS_project.elf.dir/Core/hand/M8266WIFI/test_m8266wifi.c.obj
                0x0800345c                query_M8266_state
 .text.spo2_init
                0x080034d0       0x4c CMakeFiles/OSAHS_project.elf.dir/Core/hand/spo2/spo2.c.obj
                0x080034d0                spo2_init
 .text.receive_spo2
                0x0800351c       0x7c CMakeFiles/OSAHS_project.elf.dir/Core/hand/spo2/spo2.c.obj
                0x0800351c                receive_spo2
 .text.send_spo2
                0x08003598       0x58 CMakeFiles/OSAHS_project.elf.dir/Core/hand/spo2/spo2.c.obj
                0x08003598                send_spo2
 .text.HAL_Init
                0x080035f0       0x34 CMakeFiles/OSAHS_project.elf.dir/Drivers/STM32F4xx_HAL_Driver/Src/stm32f4xx_hal.c.obj
                0x080035f0                HAL_Init
 .text.HAL_IncTick
                0x08003624       0x18 CMakeFiles/OSAHS_project.elf.dir/Drivers/STM32F4xx_HAL_Driver/Src/stm32f4xx_hal.c.obj
                0x08003624                HAL_IncTick
 .text.HAL_GetTick
                0x0800363c        0xc CMakeFiles/OSAHS_project.elf.dir/Drivers/STM32F4xx_HAL_Driver/Src/stm32f4xx_hal.c.obj
                0x0800363c                HAL_GetTick
 .text.HAL_Delay
                0x08003648       0x28 CMakeFiles/OSAHS_project.elf.dir/Drivers/STM32F4xx_HAL_Driver/Src/stm32f4xx_hal.c.obj
                0x08003648                HAL_Delay
 .text.ADC_Init
                0x08003670      0x134 CMakeFiles/OSAHS_project.elf.dir/Drivers/STM32F4xx_HAL_Driver/Src/stm32f4xx_hal_adc.c.obj
 .text.HAL_ADC_Init
                0x080037a4       0x56 CMakeFiles/OSAHS_project.elf.dir/Drivers/STM32F4xx_HAL_Driver/Src/stm32f4xx_hal_adc.c.obj
                0x080037a4                HAL_ADC_Init
 *fill*         0x080037fa        0x2 
 .text.HAL_ADC_Start_DMA
                0x080037fc      0x19c CMakeFiles/OSAHS_project.elf.dir/Drivers/STM32F4xx_HAL_Driver/Src/stm32f4xx_hal_adc.c.obj
                0x080037fc                HAL_ADC_Start_DMA
 .text.HAL_ADC_ConvHalfCpltCallback
                0x08003998        0x2 CMakeFiles/OSAHS_project.elf.dir/Drivers/STM32F4xx_HAL_Driver/Src/stm32f4xx_hal_adc.c.obj
                0x08003998                HAL_ADC_ConvHalfCpltCallback
 .text.ADC_DMAHalfConvCplt
                0x0800399a        0xa CMakeFiles/OSAHS_project.elf.dir/Drivers/STM32F4xx_HAL_Driver/Src/stm32f4xx_hal_adc.c.obj
 .text.HAL_ADC_ErrorCallback
                0x080039a4        0x2 CMakeFiles/OSAHS_project.elf.dir/Drivers/STM32F4xx_HAL_Driver/Src/stm32f4xx_hal_adc.c.obj
                0x080039a4                HAL_ADC_ErrorCallback
 .text.ADC_DMAError
                0x080039a6       0x16 CMakeFiles/OSAHS_project.elf.dir/Drivers/STM32F4xx_HAL_Driver/Src/stm32f4xx_hal_adc.c.obj
 .text.ADC_DMAConvCplt
                0x080039bc       0x72 CMakeFiles/OSAHS_project.elf.dir/Drivers/STM32F4xx_HAL_Driver/Src/stm32f4xx_hal_adc.c.obj
 *fill*         0x08003a2e        0x2 
 .text.HAL_ADC_ConfigChannel
                0x08003a30      0x198 CMakeFiles/OSAHS_project.elf.dir/Drivers/STM32F4xx_HAL_Driver/Src/stm32f4xx_hal_adc.c.obj
                0x08003a30                HAL_ADC_ConfigChannel
 .text.HAL_NVIC_SetPriorityGrouping
                0x08003bc8       0x24 CMakeFiles/OSAHS_project.elf.dir/Drivers/STM32F4xx_HAL_Driver/Src/stm32f4xx_hal_cortex.c.obj
                0x08003bc8                HAL_NVIC_SetPriorityGrouping
 .text.HAL_NVIC_SetPriority
                0x08003bec       0x70 CMakeFiles/OSAHS_project.elf.dir/Drivers/STM32F4xx_HAL_Driver/Src/stm32f4xx_hal_cortex.c.obj
                0x08003bec                HAL_NVIC_SetPriority
 .text.HAL_NVIC_EnableIRQ
                0x08003c5c       0x1c CMakeFiles/OSAHS_project.elf.dir/Drivers/STM32F4xx_HAL_Driver/Src/stm32f4xx_hal_cortex.c.obj
                0x08003c5c                HAL_NVIC_EnableIRQ
 .text.DMA_SetConfig
                0x08003c78       0x2c CMakeFiles/OSAHS_project.elf.dir/Drivers/STM32F4xx_HAL_Driver/Src/stm32f4xx_hal_dma.c.obj
 .text.DMA_CalcBaseAndBitshift
                0x08003ca4       0x44 CMakeFiles/OSAHS_project.elf.dir/Drivers/STM32F4xx_HAL_Driver/Src/stm32f4xx_hal_dma.c.obj
 .text.DMA_CheckFifoParam
                0x08003ce8       0x8e CMakeFiles/OSAHS_project.elf.dir/Drivers/STM32F4xx_HAL_Driver/Src/stm32f4xx_hal_dma.c.obj
 *fill*         0x08003d76        0x2 
 .text.HAL_DMA_Init
                0x08003d78       0xcc CMakeFiles/OSAHS_project.elf.dir/Drivers/STM32F4xx_HAL_Driver/Src/stm32f4xx_hal_dma.c.obj
                0x08003d78                HAL_DMA_Init
 .text.HAL_DMA_Start_IT
                0x08003e44       0x6a CMakeFiles/OSAHS_project.elf.dir/Drivers/STM32F4xx_HAL_Driver/Src/stm32f4xx_hal_dma.c.obj
                0x08003e44                HAL_DMA_Start_IT
 .text.HAL_DMA_Abort
                0x08003eae       0x94 CMakeFiles/OSAHS_project.elf.dir/Drivers/STM32F4xx_HAL_Driver/Src/stm32f4xx_hal_dma.c.obj
                0x08003eae                HAL_DMA_Abort
 .text.HAL_DMA_Abort_IT
                0x08003f42       0x26 CMakeFiles/OSAHS_project.elf.dir/Drivers/STM32F4xx_HAL_Driver/Src/stm32f4xx_hal_dma.c.obj
                0x08003f42                HAL_DMA_Abort_IT
 .text.HAL_DMA_IRQHandler
                0x08003f68      0x1dc CMakeFiles/OSAHS_project.elf.dir/Drivers/STM32F4xx_HAL_Driver/Src/stm32f4xx_hal_dma.c.obj
                0x08003f68                HAL_DMA_IRQHandler
 .text.HAL_DMA_GetError
                0x08004144        0x4 CMakeFiles/OSAHS_project.elf.dir/Drivers/STM32F4xx_HAL_Driver/Src/stm32f4xx_hal_dma.c.obj
                0x08004144                HAL_DMA_GetError
 .text.HAL_GPIO_Init
                0x08004148      0x1e4 CMakeFiles/OSAHS_project.elf.dir/Drivers/STM32F4xx_HAL_Driver/Src/stm32f4xx_hal_gpio.c.obj
                0x08004148                HAL_GPIO_Init
 .text.HAL_GPIO_ReadPin
                0x0800432c        0xe CMakeFiles/OSAHS_project.elf.dir/Drivers/STM32F4xx_HAL_Driver/Src/stm32f4xx_hal_gpio.c.obj
                0x0800432c                HAL_GPIO_ReadPin
 .text.HAL_GPIO_WritePin
                0x0800433a        0xc CMakeFiles/OSAHS_project.elf.dir/Drivers/STM32F4xx_HAL_Driver/Src/stm32f4xx_hal_gpio.c.obj
                0x0800433a                HAL_GPIO_WritePin
 *fill*         0x08004346        0x2 
 .text.HAL_GPIO_EXTI_IRQHandler
                0x08004348       0x1c CMakeFiles/OSAHS_project.elf.dir/Drivers/STM32F4xx_HAL_Driver/Src/stm32f4xx_hal_gpio.c.obj
                0x08004348                HAL_GPIO_EXTI_IRQHandler
 .text.HAL_RCC_OscConfig
                0x08004364      0x3f8 CMakeFiles/OSAHS_project.elf.dir/Drivers/STM32F4xx_HAL_Driver/Src/stm32f4xx_hal_rcc.c.obj
                0x08004364                HAL_RCC_OscConfig
 .text.HAL_RCC_GetSysClockFreq
                0x0800475c       0xd4 CMakeFiles/OSAHS_project.elf.dir/Drivers/STM32F4xx_HAL_Driver/Src/stm32f4xx_hal_rcc.c.obj
                0x0800475c                HAL_RCC_GetSysClockFreq
 .text.HAL_RCC_ClockConfig
                0x08004830      0x160 CMakeFiles/OSAHS_project.elf.dir/Drivers/STM32F4xx_HAL_Driver/Src/stm32f4xx_hal_rcc.c.obj
                0x08004830                HAL_RCC_ClockConfig
 .text.HAL_RCC_GetHCLKFreq
                0x08004990        0xc CMakeFiles/OSAHS_project.elf.dir/Drivers/STM32F4xx_HAL_Driver/Src/stm32f4xx_hal_rcc.c.obj
                0x08004990                HAL_RCC_GetHCLKFreq
 .text.HAL_RCC_GetPCLK1Freq
                0x0800499c       0x20 CMakeFiles/OSAHS_project.elf.dir/Drivers/STM32F4xx_HAL_Driver/Src/stm32f4xx_hal_rcc.c.obj
                0x0800499c                HAL_RCC_GetPCLK1Freq
 .text.HAL_RCC_GetPCLK2Freq
                0x080049bc       0x20 CMakeFiles/OSAHS_project.elf.dir/Drivers/STM32F4xx_HAL_Driver/Src/stm32f4xx_hal_rcc.c.obj
                0x080049bc                HAL_RCC_GetPCLK2Freq
 .text.HAL_RCC_GetClockConfig
                0x080049dc       0x3c CMakeFiles/OSAHS_project.elf.dir/Drivers/STM32F4xx_HAL_Driver/Src/stm32f4xx_hal_rcc.c.obj
                0x080049dc                HAL_RCC_GetClockConfig
 .text.SD_DMATransmitCplt
                0x08004a18        0xe CMakeFiles/OSAHS_project.elf.dir/Drivers/STM32F4xx_HAL_Driver/Src/stm32f4xx_hal_sd.c.obj
 *fill*         0x08004a26        0x2 
 .text.SD_PowerON
                0x08004a28       0xc0 CMakeFiles/OSAHS_project.elf.dir/Drivers/STM32F4xx_HAL_Driver/Src/stm32f4xx_hal_sd.c.obj
 .text.SD_FindSCR
                0x08004ae8      0x100 CMakeFiles/OSAHS_project.elf.dir/Drivers/STM32F4xx_HAL_Driver/Src/stm32f4xx_hal_sd.c.obj
 .text.SD_WideBus_Enable
                0x08004be8       0x4e CMakeFiles/OSAHS_project.elf.dir/Drivers/STM32F4xx_HAL_Driver/Src/stm32f4xx_hal_sd.c.obj
 .text.SD_WideBus_Disable
                0x08004c36       0x4e CMakeFiles/OSAHS_project.elf.dir/Drivers/STM32F4xx_HAL_Driver/Src/stm32f4xx_hal_sd.c.obj
 .text.SD_SendStatus
                0x08004c84       0x2c CMakeFiles/OSAHS_project.elf.dir/Drivers/STM32F4xx_HAL_Driver/Src/stm32f4xx_hal_sd.c.obj
 .text.HAL_SD_ReadBlocks_DMA
                0x08004cb0      0x138 CMakeFiles/OSAHS_project.elf.dir/Drivers/STM32F4xx_HAL_Driver/Src/stm32f4xx_hal_sd.c.obj
                0x08004cb0                HAL_SD_ReadBlocks_DMA
 .text.HAL_SD_WriteBlocks_DMA
                0x08004de8      0x13c CMakeFiles/OSAHS_project.elf.dir/Drivers/STM32F4xx_HAL_Driver/Src/stm32f4xx_hal_sd.c.obj
                0x08004de8                HAL_SD_WriteBlocks_DMA
 .text.HAL_SD_ErrorCallback
                0x08004f24        0x2 CMakeFiles/OSAHS_project.elf.dir/Drivers/STM32F4xx_HAL_Driver/Src/stm32f4xx_hal_sd.c.obj
                0x08004f24                HAL_SD_ErrorCallback
 .text.SD_DMAReceiveCplt
                0x08004f26       0x48 CMakeFiles/OSAHS_project.elf.dir/Drivers/STM32F4xx_HAL_Driver/Src/stm32f4xx_hal_sd.c.obj
 *fill*         0x08004f6e        0x2 
 .text.HAL_SD_GetCardCSD
                0x08004f70      0x1b8 CMakeFiles/OSAHS_project.elf.dir/Drivers/STM32F4xx_HAL_Driver/Src/stm32f4xx_hal_sd.c.obj
                0x08004f70                HAL_SD_GetCardCSD
 .text.SD_InitCard
                0x08005128      0x100 CMakeFiles/OSAHS_project.elf.dir/Drivers/STM32F4xx_HAL_Driver/Src/stm32f4xx_hal_sd.c.obj
 .text.HAL_SD_InitCard
                0x08005228       0xa0 CMakeFiles/OSAHS_project.elf.dir/Drivers/STM32F4xx_HAL_Driver/Src/stm32f4xx_hal_sd.c.obj
                0x08005228                HAL_SD_InitCard
 .text.HAL_SD_Init
                0x080052c8       0x36 CMakeFiles/OSAHS_project.elf.dir/Drivers/STM32F4xx_HAL_Driver/Src/stm32f4xx_hal_sd.c.obj
                0x080052c8                HAL_SD_Init
 .text.HAL_SD_GetCardInfo
                0x080052fe       0x24 CMakeFiles/OSAHS_project.elf.dir/Drivers/STM32F4xx_HAL_Driver/Src/stm32f4xx_hal_sd.c.obj
                0x080052fe                HAL_SD_GetCardInfo
 *fill*         0x08005322        0x2 
 .text.HAL_SD_ConfigWideBusOperation
                0x08005324       0xc0 CMakeFiles/OSAHS_project.elf.dir/Drivers/STM32F4xx_HAL_Driver/Src/stm32f4xx_hal_sd.c.obj
                0x08005324                HAL_SD_ConfigWideBusOperation
 .text.HAL_SD_GetCardState
                0x080053e4       0x22 CMakeFiles/OSAHS_project.elf.dir/Drivers/STM32F4xx_HAL_Driver/Src/stm32f4xx_hal_sd.c.obj
                0x080053e4                HAL_SD_GetCardState
 *fill*         0x08005406        0x2 
 .text.SD_DMAError
                0x08005408       0x68 CMakeFiles/OSAHS_project.elf.dir/Drivers/STM32F4xx_HAL_Driver/Src/stm32f4xx_hal_sd.c.obj
 .text.SPI_WaitFlagStateUntilTimeout
                0x08005470       0xd4 CMakeFiles/OSAHS_project.elf.dir/Drivers/STM32F4xx_HAL_Driver/Src/stm32f4xx_hal_spi.c.obj
 .text.SPI_EndRxTxTransaction
                0x08005544       0x68 CMakeFiles/OSAHS_project.elf.dir/Drivers/STM32F4xx_HAL_Driver/Src/stm32f4xx_hal_spi.c.obj
 .text.HAL_SPI_Init
                0x080055ac       0xbe CMakeFiles/OSAHS_project.elf.dir/Drivers/STM32F4xx_HAL_Driver/Src/stm32f4xx_hal_spi.c.obj
                0x080055ac                HAL_SPI_Init
 .text.HAL_SPI_TransmitReceive
                0x0800566a      0x238 CMakeFiles/OSAHS_project.elf.dir/Drivers/STM32F4xx_HAL_Driver/Src/stm32f4xx_hal_spi.c.obj
                0x0800566a                HAL_SPI_TransmitReceive
 *fill*         0x080058a2        0x2 
 .text.TIM_OC1_SetConfig
                0x080058a4       0x68 CMakeFiles/OSAHS_project.elf.dir/Drivers/STM32F4xx_HAL_Driver/Src/stm32f4xx_hal_tim.c.obj
 .text.TIM_OC3_SetConfig
                0x0800590c       0x70 CMakeFiles/OSAHS_project.elf.dir/Drivers/STM32F4xx_HAL_Driver/Src/stm32f4xx_hal_tim.c.obj
 .text.TIM_OC4_SetConfig
                0x0800597c       0x50 CMakeFiles/OSAHS_project.elf.dir/Drivers/STM32F4xx_HAL_Driver/Src/stm32f4xx_hal_tim.c.obj
 .text.HAL_TIM_Base_MspInit
                0x080059cc        0x2 CMakeFiles/OSAHS_project.elf.dir/Drivers/STM32F4xx_HAL_Driver/Src/stm32f4xx_hal_tim.c.obj
                0x080059cc                HAL_TIM_Base_MspInit
 *fill*         0x080059ce        0x2 
 .text.HAL_TIM_Base_Start_IT
                0x080059d0       0x88 CMakeFiles/OSAHS_project.elf.dir/Drivers/STM32F4xx_HAL_Driver/Src/stm32f4xx_hal_tim.c.obj
                0x080059d0                HAL_TIM_Base_Start_IT
 .text.HAL_TIM_OC_DelayElapsedCallback
                0x08005a58        0x2 CMakeFiles/OSAHS_project.elf.dir/Drivers/STM32F4xx_HAL_Driver/Src/stm32f4xx_hal_tim.c.obj
                0x08005a58                HAL_TIM_OC_DelayElapsedCallback
 .text.HAL_TIM_IC_CaptureCallback
                0x08005a5a        0x2 CMakeFiles/OSAHS_project.elf.dir/Drivers/STM32F4xx_HAL_Driver/Src/stm32f4xx_hal_tim.c.obj
                0x08005a5a                HAL_TIM_IC_CaptureCallback
 .text.HAL_TIM_PWM_PulseFinishedCallback
                0x08005a5c        0x2 CMakeFiles/OSAHS_project.elf.dir/Drivers/STM32F4xx_HAL_Driver/Src/stm32f4xx_hal_tim.c.obj
                0x08005a5c                HAL_TIM_PWM_PulseFinishedCallback
 .text.HAL_TIM_TriggerCallback
                0x08005a5e        0x2 CMakeFiles/OSAHS_project.elf.dir/Drivers/STM32F4xx_HAL_Driver/Src/stm32f4xx_hal_tim.c.obj
                0x08005a5e                HAL_TIM_TriggerCallback
 .text.HAL_TIM_IRQHandler
                0x08005a60      0x17a CMakeFiles/OSAHS_project.elf.dir/Drivers/STM32F4xx_HAL_Driver/Src/stm32f4xx_hal_tim.c.obj
                0x08005a60                HAL_TIM_IRQHandler
 *fill*         0x08005bda        0x2 
 .text.TIM_Base_SetConfig
                0x08005bdc       0xc8 CMakeFiles/OSAHS_project.elf.dir/Drivers/STM32F4xx_HAL_Driver/Src/stm32f4xx_hal_tim.c.obj
                0x08005bdc                TIM_Base_SetConfig
 .text.HAL_TIM_Base_Init
                0x08005ca4       0x58 CMakeFiles/OSAHS_project.elf.dir/Drivers/STM32F4xx_HAL_Driver/Src/stm32f4xx_hal_tim.c.obj
                0x08005ca4                HAL_TIM_Base_Init
 .text.HAL_TIM_PWM_Init
                0x08005cfc       0x58 CMakeFiles/OSAHS_project.elf.dir/Drivers/STM32F4xx_HAL_Driver/Src/stm32f4xx_hal_tim.c.obj
                0x08005cfc                HAL_TIM_PWM_Init
 .text.TIM_OC2_SetConfig
                0x08005d54       0x70 CMakeFiles/OSAHS_project.elf.dir/Drivers/STM32F4xx_HAL_Driver/Src/stm32f4xx_hal_tim.c.obj
                0x08005d54                TIM_OC2_SetConfig
 .text.HAL_TIM_PWM_ConfigChannel
                0x08005dc4       0xdc CMakeFiles/OSAHS_project.elf.dir/Drivers/STM32F4xx_HAL_Driver/Src/stm32f4xx_hal_tim.c.obj
                0x08005dc4                HAL_TIM_PWM_ConfigChannel
 .text.TIM_CCxChannelCmd
                0x08005ea0       0x1e CMakeFiles/OSAHS_project.elf.dir/Drivers/STM32F4xx_HAL_Driver/Src/stm32f4xx_hal_tim.c.obj
                0x08005ea0                TIM_CCxChannelCmd
 *fill*         0x08005ebe        0x2 
 .text.HAL_TIM_PWM_Start
                0x08005ec0      0x104 CMakeFiles/OSAHS_project.elf.dir/Drivers/STM32F4xx_HAL_Driver/Src/stm32f4xx_hal_tim.c.obj
                0x08005ec0                HAL_TIM_PWM_Start
 .text.HAL_TIMEx_MasterConfigSynchronization
                0x08005fc4       0x8c CMakeFiles/OSAHS_project.elf.dir/Drivers/STM32F4xx_HAL_Driver/Src/stm32f4xx_hal_tim_ex.c.obj
                0x08005fc4                HAL_TIMEx_MasterConfigSynchronization
 .text.HAL_TIMEx_CommutCallback
                0x08006050        0x2 CMakeFiles/OSAHS_project.elf.dir/Drivers/STM32F4xx_HAL_Driver/Src/stm32f4xx_hal_tim_ex.c.obj
                0x08006050                HAL_TIMEx_CommutCallback
 .text.HAL_TIMEx_BreakCallback
                0x08006052        0x2 CMakeFiles/OSAHS_project.elf.dir/Drivers/STM32F4xx_HAL_Driver/Src/stm32f4xx_hal_tim_ex.c.obj
                0x08006052                HAL_TIMEx_BreakCallback
 .text.UART_EndTxTransfer
                0x08006054       0x20 CMakeFiles/OSAHS_project.elf.dir/Drivers/STM32F4xx_HAL_Driver/Src/stm32f4xx_hal_uart.c.obj
 .text.UART_EndRxTransfer
                0x08006074       0x5c CMakeFiles/OSAHS_project.elf.dir/Drivers/STM32F4xx_HAL_Driver/Src/stm32f4xx_hal_uart.c.obj
 .text.UART_Transmit_IT
                0x080060d0       0x60 CMakeFiles/OSAHS_project.elf.dir/Drivers/STM32F4xx_HAL_Driver/Src/stm32f4xx_hal_uart.c.obj
 .text.UART_SetConfig
                0x08006130      0x110 CMakeFiles/OSAHS_project.elf.dir/Drivers/STM32F4xx_HAL_Driver/Src/stm32f4xx_hal_uart.c.obj
 .text.HAL_UART_Init
                0x08006240       0x5e CMakeFiles/OSAHS_project.elf.dir/Drivers/STM32F4xx_HAL_Driver/Src/stm32f4xx_hal_uart.c.obj
                0x08006240                HAL_UART_Init
 .text.HAL_UART_DMAStop
                0x0800629e       0x84 CMakeFiles/OSAHS_project.elf.dir/Drivers/STM32F4xx_HAL_Driver/Src/stm32f4xx_hal_uart.c.obj
                0x0800629e                HAL_UART_DMAStop
 .text.HAL_UART_TxCpltCallback
                0x08006322        0x2 CMakeFiles/OSAHS_project.elf.dir/Drivers/STM32F4xx_HAL_Driver/Src/stm32f4xx_hal_uart.c.obj
                0x08006322                HAL_UART_TxCpltCallback
 .text.UART_EndTransmit_IT
                0x08006324       0x1a CMakeFiles/OSAHS_project.elf.dir/Drivers/STM32F4xx_HAL_Driver/Src/stm32f4xx_hal_uart.c.obj
 .text.HAL_UART_RxCpltCallback
                0x0800633e        0x2 CMakeFiles/OSAHS_project.elf.dir/Drivers/STM32F4xx_HAL_Driver/Src/stm32f4xx_hal_uart.c.obj
                0x0800633e                HAL_UART_RxCpltCallback
 .text.HAL_UART_RxHalfCpltCallback
                0x08006340        0x2 CMakeFiles/OSAHS_project.elf.dir/Drivers/STM32F4xx_HAL_Driver/Src/stm32f4xx_hal_uart.c.obj
                0x08006340                HAL_UART_RxHalfCpltCallback
 .text.HAL_UART_ErrorCallback
                0x08006342        0x2 CMakeFiles/OSAHS_project.elf.dir/Drivers/STM32F4xx_HAL_Driver/Src/stm32f4xx_hal_uart.c.obj
                0x08006342                HAL_UART_ErrorCallback
 .text.UART_DMAError
                0x08006344       0x58 CMakeFiles/OSAHS_project.elf.dir/Drivers/STM32F4xx_HAL_Driver/Src/stm32f4xx_hal_uart.c.obj
 .text.UART_DMAAbortOnError
                0x0800639c       0x10 CMakeFiles/OSAHS_project.elf.dir/Drivers/STM32F4xx_HAL_Driver/Src/stm32f4xx_hal_uart.c.obj
 .text.HAL_UARTEx_RxEventCallback
                0x080063ac        0x2 CMakeFiles/OSAHS_project.elf.dir/Drivers/STM32F4xx_HAL_Driver/Src/stm32f4xx_hal_uart.c.obj
                0x080063ac                HAL_UARTEx_RxEventCallback
 .text.UART_Receive_IT
                0x080063ae       0xe2 CMakeFiles/OSAHS_project.elf.dir/Drivers/STM32F4xx_HAL_Driver/Src/stm32f4xx_hal_uart.c.obj
 .text.HAL_UART_IRQHandler
                0x08006490      0x280 CMakeFiles/OSAHS_project.elf.dir/Drivers/STM32F4xx_HAL_Driver/Src/stm32f4xx_hal_uart.c.obj
                0x08006490                HAL_UART_IRQHandler
 .text.UART_DMARxHalfCplt
                0x08006710       0x1a CMakeFiles/OSAHS_project.elf.dir/Drivers/STM32F4xx_HAL_Driver/Src/stm32f4xx_hal_uart.c.obj
 .text.UART_DMAReceiveCplt
                0x0800672a       0x96 CMakeFiles/OSAHS_project.elf.dir/Drivers/STM32F4xx_HAL_Driver/Src/stm32f4xx_hal_uart.c.obj
 .text.UART_Start_Receive_DMA
                0x080067c0       0xa4 CMakeFiles/OSAHS_project.elf.dir/Drivers/STM32F4xx_HAL_Driver/Src/stm32f4xx_hal_uart.c.obj
                0x080067c0                UART_Start_Receive_DMA
 .text.HAL_UART_Receive_DMA
                0x08006864       0x38 CMakeFiles/OSAHS_project.elf.dir/Drivers/STM32F4xx_HAL_Driver/Src/stm32f4xx_hal_uart.c.obj
                0x08006864                HAL_UART_Receive_DMA
 .text.SDMMC_GetCmdError
                0x0800689c       0x38 CMakeFiles/OSAHS_project.elf.dir/Drivers/STM32F4xx_HAL_Driver/Src/stm32f4xx_ll_sdmmc.c.obj
 .text.SDMMC_GetCmdResp2
                0x080068d4       0x5c CMakeFiles/OSAHS_project.elf.dir/Drivers/STM32F4xx_HAL_Driver/Src/stm32f4xx_ll_sdmmc.c.obj
 .text.SDMMC_GetCmdResp3
                0x08006930       0x4c CMakeFiles/OSAHS_project.elf.dir/Drivers/STM32F4xx_HAL_Driver/Src/stm32f4xx_ll_sdmmc.c.obj
 .text.SDMMC_GetCmdResp7
                0x0800697c       0x64 CMakeFiles/OSAHS_project.elf.dir/Drivers/STM32F4xx_HAL_Driver/Src/stm32f4xx_ll_sdmmc.c.obj
 .text.SDIO_Init
                0x080069e0       0x32 CMakeFiles/OSAHS_project.elf.dir/Drivers/STM32F4xx_HAL_Driver/Src/stm32f4xx_ll_sdmmc.c.obj
                0x080069e0                SDIO_Init
 .text.SDIO_ReadFIFO
                0x08006a12        0x6 CMakeFiles/OSAHS_project.elf.dir/Drivers/STM32F4xx_HAL_Driver/Src/stm32f4xx_ll_sdmmc.c.obj
                0x08006a12                SDIO_ReadFIFO
 .text.SDIO_PowerState_ON
                0x08006a18       0x10 CMakeFiles/OSAHS_project.elf.dir/Drivers/STM32F4xx_HAL_Driver/Src/stm32f4xx_ll_sdmmc.c.obj
                0x08006a18                SDIO_PowerState_ON
 .text.SDIO_GetPowerState
                0x08006a28        0x8 CMakeFiles/OSAHS_project.elf.dir/Drivers/STM32F4xx_HAL_Driver/Src/stm32f4xx_ll_sdmmc.c.obj
                0x08006a28                SDIO_GetPowerState
 .text.SDIO_SendCommand
                0x08006a30       0x24 CMakeFiles/OSAHS_project.elf.dir/Drivers/STM32F4xx_HAL_Driver/Src/stm32f4xx_ll_sdmmc.c.obj
                0x08006a30                SDIO_SendCommand
 .text.SDIO_GetCommandResponse
                0x08006a54        0x6 CMakeFiles/OSAHS_project.elf.dir/Drivers/STM32F4xx_HAL_Driver/Src/stm32f4xx_ll_sdmmc.c.obj
                0x08006a54                SDIO_GetCommandResponse
 .text.SDIO_GetResponse
                0x08006a5a        0x6 CMakeFiles/OSAHS_project.elf.dir/Drivers/STM32F4xx_HAL_Driver/Src/stm32f4xx_ll_sdmmc.c.obj
                0x08006a5a                SDIO_GetResponse
 .text.SDMMC_GetCmdResp1
                0x08006a60      0x154 CMakeFiles/OSAHS_project.elf.dir/Drivers/STM32F4xx_HAL_Driver/Src/stm32f4xx_ll_sdmmc.c.obj
 .text.SDMMC_GetCmdResp6
                0x08006bb4       0xa0 CMakeFiles/OSAHS_project.elf.dir/Drivers/STM32F4xx_HAL_Driver/Src/stm32f4xx_ll_sdmmc.c.obj
 .text.SDIO_ConfigData
                0x08006c54       0x24 CMakeFiles/OSAHS_project.elf.dir/Drivers/STM32F4xx_HAL_Driver/Src/stm32f4xx_ll_sdmmc.c.obj
                0x08006c54                SDIO_ConfigData
 .text.SDMMC_CmdBlockLength
                0x08006c78       0x30 CMakeFiles/OSAHS_project.elf.dir/Drivers/STM32F4xx_HAL_Driver/Src/stm32f4xx_ll_sdmmc.c.obj
                0x08006c78                SDMMC_CmdBlockLength
 .text.SDMMC_CmdReadSingleBlock
                0x08006ca8       0x30 CMakeFiles/OSAHS_project.elf.dir/Drivers/STM32F4xx_HAL_Driver/Src/stm32f4xx_ll_sdmmc.c.obj
                0x08006ca8                SDMMC_CmdReadSingleBlock
 .text.SDMMC_CmdReadMultiBlock
                0x08006cd8       0x30 CMakeFiles/OSAHS_project.elf.dir/Drivers/STM32F4xx_HAL_Driver/Src/stm32f4xx_ll_sdmmc.c.obj
                0x08006cd8                SDMMC_CmdReadMultiBlock
 .text.SDMMC_CmdWriteSingleBlock
                0x08006d08       0x30 CMakeFiles/OSAHS_project.elf.dir/Drivers/STM32F4xx_HAL_Driver/Src/stm32f4xx_ll_sdmmc.c.obj
                0x08006d08                SDMMC_CmdWriteSingleBlock
 .text.SDMMC_CmdWriteMultiBlock
                0x08006d38       0x30 CMakeFiles/OSAHS_project.elf.dir/Drivers/STM32F4xx_HAL_Driver/Src/stm32f4xx_ll_sdmmc.c.obj
                0x08006d38                SDMMC_CmdWriteMultiBlock
 .text.SDMMC_CmdStopTransfer
                0x08006d68       0x34 CMakeFiles/OSAHS_project.elf.dir/Drivers/STM32F4xx_HAL_Driver/Src/stm32f4xx_ll_sdmmc.c.obj
                0x08006d68                SDMMC_CmdStopTransfer
 .text.SDMMC_CmdSelDesel
                0x08006d9c       0x30 CMakeFiles/OSAHS_project.elf.dir/Drivers/STM32F4xx_HAL_Driver/Src/stm32f4xx_ll_sdmmc.c.obj
                0x08006d9c                SDMMC_CmdSelDesel
 .text.SDMMC_CmdGoIdleState
                0x08006dcc       0x26 CMakeFiles/OSAHS_project.elf.dir/Drivers/STM32F4xx_HAL_Driver/Src/stm32f4xx_ll_sdmmc.c.obj
                0x08006dcc                SDMMC_CmdGoIdleState
 .text.SDMMC_CmdOperCond
                0x08006df2       0x2e CMakeFiles/OSAHS_project.elf.dir/Drivers/STM32F4xx_HAL_Driver/Src/stm32f4xx_ll_sdmmc.c.obj
                0x08006df2                SDMMC_CmdOperCond
 .text.SDMMC_CmdAppCommand
                0x08006e20       0x30 CMakeFiles/OSAHS_project.elf.dir/Drivers/STM32F4xx_HAL_Driver/Src/stm32f4xx_ll_sdmmc.c.obj
                0x08006e20                SDMMC_CmdAppCommand
 .text.SDMMC_CmdAppOperCommand
                0x08006e50       0x32 CMakeFiles/OSAHS_project.elf.dir/Drivers/STM32F4xx_HAL_Driver/Src/stm32f4xx_ll_sdmmc.c.obj
                0x08006e50                SDMMC_CmdAppOperCommand
 .text.SDMMC_CmdBusWidth
                0x08006e82       0x30 CMakeFiles/OSAHS_project.elf.dir/Drivers/STM32F4xx_HAL_Driver/Src/stm32f4xx_ll_sdmmc.c.obj
                0x08006e82                SDMMC_CmdBusWidth
 .text.SDMMC_CmdSendSCR
                0x08006eb2       0x30 CMakeFiles/OSAHS_project.elf.dir/Drivers/STM32F4xx_HAL_Driver/Src/stm32f4xx_ll_sdmmc.c.obj
                0x08006eb2                SDMMC_CmdSendSCR
 .text.SDMMC_CmdSendCID
                0x08006ee2       0x2a CMakeFiles/OSAHS_project.elf.dir/Drivers/STM32F4xx_HAL_Driver/Src/stm32f4xx_ll_sdmmc.c.obj
                0x08006ee2                SDMMC_CmdSendCID
 .text.SDMMC_CmdSendCSD
                0x08006f0c       0x2a CMakeFiles/OSAHS_project.elf.dir/Drivers/STM32F4xx_HAL_Driver/Src/stm32f4xx_ll_sdmmc.c.obj
                0x08006f0c                SDMMC_CmdSendCSD
 .text.SDMMC_CmdSetRelAdd
                0x08006f36       0x30 CMakeFiles/OSAHS_project.elf.dir/Drivers/STM32F4xx_HAL_Driver/Src/stm32f4xx_ll_sdmmc.c.obj
                0x08006f36                SDMMC_CmdSetRelAdd
 .text.SDMMC_CmdSendStatus
                0x08006f66       0x30 CMakeFiles/OSAHS_project.elf.dir/Drivers/STM32F4xx_HAL_Driver/Src/stm32f4xx_ll_sdmmc.c.obj
                0x08006f66                SDMMC_CmdSendStatus
 *fill*         0x08006f96        0x2 
 .text.FATFS_LinkDriverEx
                0x08006f98       0x54 CMakeFiles/OSAHS_project.elf.dir/Middlewares/Third_Party/FatFs/src/ff_gen_drv.c.obj
                0x08006f98                FATFS_LinkDriverEx
 .text.FATFS_LinkDriver
                0x08006fec        0xa CMakeFiles/OSAHS_project.elf.dir/Middlewares/Third_Party/FatFs/src/ff_gen_drv.c.obj
                0x08006fec                FATFS_LinkDriver
 .text.makeFreeRtosPriority
                0x08006ff6        0xc CMakeFiles/OSAHS_project.elf.dir/Middlewares/Third_Party/FreeRTOS/Source/CMSIS_RTOS/cmsis_os.c.obj
 .text.inHandlerMode
                0x08007002        0xc CMakeFiles/OSAHS_project.elf.dir/Middlewares/Third_Party/FreeRTOS/Source/CMSIS_RTOS/cmsis_os.c.obj
 .text.osKernelStart
                0x0800700e        0xa CMakeFiles/OSAHS_project.elf.dir/Middlewares/Third_Party/FreeRTOS/Source/CMSIS_RTOS/cmsis_os.c.obj
                0x0800700e                osKernelStart
 .text.osKernelRunning
                0x08007018       0x12 CMakeFiles/OSAHS_project.elf.dir/Middlewares/Third_Party/FreeRTOS/Source/CMSIS_RTOS/cmsis_os.c.obj
                0x08007018                osKernelRunning
 .text.osKernelSysTick
                0x0800702a       0x14 CMakeFiles/OSAHS_project.elf.dir/Middlewares/Third_Party/FreeRTOS/Source/CMSIS_RTOS/cmsis_os.c.obj
                0x0800702a                osKernelSysTick
 .text.osThreadCreate
                0x0800703e       0x6a CMakeFiles/OSAHS_project.elf.dir/Middlewares/Third_Party/FreeRTOS/Source/CMSIS_RTOS/cmsis_os.c.obj
                0x0800703e                osThreadCreate
 .text.osThreadTerminate
                0x080070a8        0xa CMakeFiles/OSAHS_project.elf.dir/Middlewares/Third_Party/FreeRTOS/Source/CMSIS_RTOS/cmsis_os.c.obj
                0x080070a8                osThreadTerminate
 .text.osDelay  0x080070b2        0xe CMakeFiles/OSAHS_project.elf.dir/Middlewares/Third_Party/FreeRTOS/Source/CMSIS_RTOS/cmsis_os.c.obj
                0x080070b2                osDelay
 .text.osSemaphoreCreate
                0x080070c0       0x48 CMakeFiles/OSAHS_project.elf.dir/Middlewares/Third_Party/FreeRTOS/Source/CMSIS_RTOS/cmsis_os.c.obj
                0x080070c0                osSemaphoreCreate
 .text.osSemaphoreWait
                0x08007108       0x5e CMakeFiles/OSAHS_project.elf.dir/Middlewares/Third_Party/FreeRTOS/Source/CMSIS_RTOS/cmsis_os.c.obj
                0x08007108                osSemaphoreWait
 .text.osSemaphoreRelease
                0x08007166       0x5a CMakeFiles/OSAHS_project.elf.dir/Middlewares/Third_Party/FreeRTOS/Source/CMSIS_RTOS/cmsis_os.c.obj
                0x08007166                osSemaphoreRelease
 .text.osMessageCreate
                0x080071c0       0x2a CMakeFiles/OSAHS_project.elf.dir/Middlewares/Third_Party/FreeRTOS/Source/CMSIS_RTOS/cmsis_os.c.obj
                0x080071c0                osMessageCreate
 .text.osMessagePut
                0x080071ea       0x66 CMakeFiles/OSAHS_project.elf.dir/Middlewares/Third_Party/FreeRTOS/Source/CMSIS_RTOS/cmsis_os.c.obj
                0x080071ea                osMessagePut
 .text.osMessageGet
                0x08007250       0x88 CMakeFiles/OSAHS_project.elf.dir/Middlewares/Third_Party/FreeRTOS/Source/CMSIS_RTOS/cmsis_os.c.obj
                0x08007250                osMessageGet
 .text.vListInitialise
                0x080072d8       0x16 CMakeFiles/OSAHS_project.elf.dir/Middlewares/Third_Party/FreeRTOS/Source/list.c.obj
                0x080072d8                vListInitialise
 .text.vListInitialiseItem
                0x080072ee        0x6 CMakeFiles/OSAHS_project.elf.dir/Middlewares/Third_Party/FreeRTOS/Source/list.c.obj
                0x080072ee                vListInitialiseItem
 .text.vListInsertEnd
                0x080072f4       0x16 CMakeFiles/OSAHS_project.elf.dir/Middlewares/Third_Party/FreeRTOS/Source/list.c.obj
                0x080072f4                vListInsertEnd
 .text.vListInsert
                0x0800730a       0x32 CMakeFiles/OSAHS_project.elf.dir/Middlewares/Third_Party/FreeRTOS/Source/list.c.obj
                0x0800730a                vListInsert
 .text.uxListRemove
                0x0800733c       0x26 CMakeFiles/OSAHS_project.elf.dir/Middlewares/Third_Party/FreeRTOS/Source/list.c.obj
                0x0800733c                uxListRemove
 *fill*         0x08007362        0x2 
 .text.prvTaskExitError
                0x08007364       0x40 CMakeFiles/OSAHS_project.elf.dir/Middlewares/Third_Party/FreeRTOS/Source/portable/GCC/ARM_CM4F/port.c.obj
 .text.prvPortStartFirstTask
                0x080073a4       0x28 CMakeFiles/OSAHS_project.elf.dir/Middlewares/Third_Party/FreeRTOS/Source/portable/GCC/ARM_CM4F/port.c.obj
 .text.vPortEnableVFP
                0x080073cc       0x14 CMakeFiles/OSAHS_project.elf.dir/Middlewares/Third_Party/FreeRTOS/Source/portable/GCC/ARM_CM4F/port.c.obj
 .text.pxPortInitialiseStack
                0x080073e0       0x2c CMakeFiles/OSAHS_project.elf.dir/Middlewares/Third_Party/FreeRTOS/Source/portable/GCC/ARM_CM4F/port.c.obj
                0x080073e0                pxPortInitialiseStack
 *fill*         0x0800740c        0x4 
 .text.SVC_Handler
                0x08007410       0x24 CMakeFiles/OSAHS_project.elf.dir/Middlewares/Third_Party/FreeRTOS/Source/portable/GCC/ARM_CM4F/port.c.obj
                0x08007410                SVC_Handler
 .text.vPortEnterCritical
                0x08007434       0x44 CMakeFiles/OSAHS_project.elf.dir/Middlewares/Third_Party/FreeRTOS/Source/portable/GCC/ARM_CM4F/port.c.obj
                0x08007434                vPortEnterCritical
 .text.vPortExitCritical
                0x08007478       0x2c CMakeFiles/OSAHS_project.elf.dir/Middlewares/Third_Party/FreeRTOS/Source/portable/GCC/ARM_CM4F/port.c.obj
                0x08007478                vPortExitCritical
 *fill*         0x080074a4        0xc 
 .text.PendSV_Handler
                0x080074b0       0x64 CMakeFiles/OSAHS_project.elf.dir/Middlewares/Third_Party/FreeRTOS/Source/portable/GCC/ARM_CM4F/port.c.obj
                0x080074b0                PendSV_Handler
 .text.SysTick_Handler
                0x08007514       0x2c CMakeFiles/OSAHS_project.elf.dir/Middlewares/Third_Party/FreeRTOS/Source/portable/GCC/ARM_CM4F/port.c.obj
                0x08007514                SysTick_Handler
 .text.vPortSetupTimerInterrupt
                0x08007540       0x28 CMakeFiles/OSAHS_project.elf.dir/Middlewares/Third_Party/FreeRTOS/Source/portable/GCC/ARM_CM4F/port.c.obj
                0x08007540                vPortSetupTimerInterrupt
 .text.xPortStartScheduler
                0x08007568      0x118 CMakeFiles/OSAHS_project.elf.dir/Middlewares/Third_Party/FreeRTOS/Source/portable/GCC/ARM_CM4F/port.c.obj
                0x08007568                xPortStartScheduler
 .text.vPortValidateInterruptPriority
                0x08007680       0x5c CMakeFiles/OSAHS_project.elf.dir/Middlewares/Third_Party/FreeRTOS/Source/portable/GCC/ARM_CM4F/port.c.obj
                0x08007680                vPortValidateInterruptPriority
 .text.prvHeapInit
                0x080076dc       0x64 CMakeFiles/OSAHS_project.elf.dir/Middlewares/Third_Party/FreeRTOS/Source/portable/MemMang/heap_4.c.obj
 .text.prvInsertBlockIntoFreeList
                0x08007740       0x64 CMakeFiles/OSAHS_project.elf.dir/Middlewares/Third_Party/FreeRTOS/Source/portable/MemMang/heap_4.c.obj
 .text.pvPortMalloc
                0x080077a4       0xfc CMakeFiles/OSAHS_project.elf.dir/Middlewares/Third_Party/FreeRTOS/Source/portable/MemMang/heap_4.c.obj
                0x080077a4                pvPortMalloc
 .text.vPortFree
                0x080078a0       0x7c CMakeFiles/OSAHS_project.elf.dir/Middlewares/Third_Party/FreeRTOS/Source/portable/MemMang/heap_4.c.obj
                0x080078a0                vPortFree
 .text.prvGetDisinheritPriorityAfterTimeout
                0x0800791c       0x10 CMakeFiles/OSAHS_project.elf.dir/Middlewares/Third_Party/FreeRTOS/Source/queue.c.obj
 .text.prvIsQueueFull
                0x0800792c       0x1e CMakeFiles/OSAHS_project.elf.dir/Middlewares/Third_Party/FreeRTOS/Source/queue.c.obj
 .text.prvIsQueueEmpty
                0x0800794a       0x1a CMakeFiles/OSAHS_project.elf.dir/Middlewares/Third_Party/FreeRTOS/Source/queue.c.obj
 .text.prvCopyDataToQueue
                0x08007964       0x76 CMakeFiles/OSAHS_project.elf.dir/Middlewares/Third_Party/FreeRTOS/Source/queue.c.obj
 .text.prvCopyDataFromQueue
                0x080079da       0x24 CMakeFiles/OSAHS_project.elf.dir/Middlewares/Third_Party/FreeRTOS/Source/queue.c.obj
 .text.prvUnlockQueue
                0x080079fe       0x6e CMakeFiles/OSAHS_project.elf.dir/Middlewares/Third_Party/FreeRTOS/Source/queue.c.obj
 .text.xQueueGenericReset
                0x08007a6c       0x84 CMakeFiles/OSAHS_project.elf.dir/Middlewares/Third_Party/FreeRTOS/Source/queue.c.obj
                0x08007a6c                xQueueGenericReset
 .text.prvInitialiseNewQueue
                0x08007af0       0x22 CMakeFiles/OSAHS_project.elf.dir/Middlewares/Third_Party/FreeRTOS/Source/queue.c.obj
 .text.xQueueGenericCreateStatic
                0x08007b12       0x94 CMakeFiles/OSAHS_project.elf.dir/Middlewares/Third_Party/FreeRTOS/Source/queue.c.obj
                0x08007b12                xQueueGenericCreateStatic
 .text.xQueueGenericCreate
                0x08007ba6       0x48 CMakeFiles/OSAHS_project.elf.dir/Middlewares/Third_Party/FreeRTOS/Source/queue.c.obj
                0x08007ba6                xQueueGenericCreate
 .text.xQueueGenericSend
                0x08007bee      0x188 CMakeFiles/OSAHS_project.elf.dir/Middlewares/Third_Party/FreeRTOS/Source/queue.c.obj
                0x08007bee                xQueueGenericSend
 .text.xQueueGenericSendFromISR
                0x08007d76       0xce CMakeFiles/OSAHS_project.elf.dir/Middlewares/Third_Party/FreeRTOS/Source/queue.c.obj
                0x08007d76                xQueueGenericSendFromISR
 .text.xQueueGiveFromISR
                0x08007e44       0xb2 CMakeFiles/OSAHS_project.elf.dir/Middlewares/Third_Party/FreeRTOS/Source/queue.c.obj
                0x08007e44                xQueueGiveFromISR
 .text.xQueueReceive
                0x08007ef6      0x15e CMakeFiles/OSAHS_project.elf.dir/Middlewares/Third_Party/FreeRTOS/Source/queue.c.obj
                0x08007ef6                xQueueReceive
 .text.xQueueSemaphoreTake
                0x08008054      0x1a6 CMakeFiles/OSAHS_project.elf.dir/Middlewares/Third_Party/FreeRTOS/Source/queue.c.obj
                0x08008054                xQueueSemaphoreTake
 .text.xQueueReceiveFromISR
                0x080081fa       0xa8 CMakeFiles/OSAHS_project.elf.dir/Middlewares/Third_Party/FreeRTOS/Source/queue.c.obj
                0x080081fa                xQueueReceiveFromISR
 *fill*         0x080082a2        0x2 
 .text.prvResetNextTaskUnblockTime
                0x080082a4       0x2c CMakeFiles/OSAHS_project.elf.dir/Middlewares/Third_Party/FreeRTOS/Source/tasks.c.obj
 .text.prvInitialiseNewTask
                0x080082d0       0xa6 CMakeFiles/OSAHS_project.elf.dir/Middlewares/Third_Party/FreeRTOS/Source/tasks.c.obj
 *fill*         0x08008376        0x2 
 .text.prvInitialiseTaskLists
                0x08008378       0x68 CMakeFiles/OSAHS_project.elf.dir/Middlewares/Third_Party/FreeRTOS/Source/tasks.c.obj
 .text.prvAddNewTaskToReadyList
                0x080083e0       0xac CMakeFiles/OSAHS_project.elf.dir/Middlewares/Third_Party/FreeRTOS/Source/tasks.c.obj
 .text.prvDeleteTCB
                0x0800848c       0x38 CMakeFiles/OSAHS_project.elf.dir/Middlewares/Third_Party/FreeRTOS/Source/tasks.c.obj
 .text.prvCheckTasksWaitingTermination
                0x080084c4       0x4c CMakeFiles/OSAHS_project.elf.dir/Middlewares/Third_Party/FreeRTOS/Source/tasks.c.obj
 .text.prvIdleTask
                0x08008510       0x28 CMakeFiles/OSAHS_project.elf.dir/Middlewares/Third_Party/FreeRTOS/Source/tasks.c.obj
 .text.prvAddCurrentTaskToDelayedList
                0x08008538       0x98 CMakeFiles/OSAHS_project.elf.dir/Middlewares/Third_Party/FreeRTOS/Source/tasks.c.obj
 .text.xTaskCreateStatic
                0x080085d0       0x76 CMakeFiles/OSAHS_project.elf.dir/Middlewares/Third_Party/FreeRTOS/Source/tasks.c.obj
                0x080085d0                xTaskCreateStatic
 .text.xTaskCreate
                0x08008646       0x68 CMakeFiles/OSAHS_project.elf.dir/Middlewares/Third_Party/FreeRTOS/Source/tasks.c.obj
                0x08008646                xTaskCreate
 *fill*         0x080086ae        0x2 
 .text.vTaskDelete
                0x080086b0       0xe0 CMakeFiles/OSAHS_project.elf.dir/Middlewares/Third_Party/FreeRTOS/Source/tasks.c.obj
                0x080086b0                vTaskDelete
 .text.vTaskStartScheduler
                0x08008790       0x74 CMakeFiles/OSAHS_project.elf.dir/Middlewares/Third_Party/FreeRTOS/Source/tasks.c.obj
                0x08008790                vTaskStartScheduler
 .text.vTaskSuspendAll
                0x08008804       0x10 CMakeFiles/OSAHS_project.elf.dir/Middlewares/Third_Party/FreeRTOS/Source/tasks.c.obj
                0x08008804                vTaskSuspendAll
 .text.xTaskGetTickCount
                0x08008814        0xc CMakeFiles/OSAHS_project.elf.dir/Middlewares/Third_Party/FreeRTOS/Source/tasks.c.obj
                0x08008814                xTaskGetTickCount
 .text.xTaskGetTickCountFromISR
                0x08008820       0x10 CMakeFiles/OSAHS_project.elf.dir/Middlewares/Third_Party/FreeRTOS/Source/tasks.c.obj
                0x08008820                xTaskGetTickCountFromISR
 .text.xTaskIncrementTick
                0x08008830      0x118 CMakeFiles/OSAHS_project.elf.dir/Middlewares/Third_Party/FreeRTOS/Source/tasks.c.obj
                0x08008830                xTaskIncrementTick
 .text.xTaskResumeAll
                0x08008948       0xf8 CMakeFiles/OSAHS_project.elf.dir/Middlewares/Third_Party/FreeRTOS/Source/tasks.c.obj
                0x08008948                xTaskResumeAll
 .text.vTaskDelay
                0x08008a40       0x4c CMakeFiles/OSAHS_project.elf.dir/Middlewares/Third_Party/FreeRTOS/Source/tasks.c.obj
                0x08008a40                vTaskDelay
 .text.vTaskSwitchContext
                0x08008a8c       0x98 CMakeFiles/OSAHS_project.elf.dir/Middlewares/Third_Party/FreeRTOS/Source/tasks.c.obj
                0x08008a8c                vTaskSwitchContext
 .text.vTaskPlaceOnEventList
                0x08008b24       0x30 CMakeFiles/OSAHS_project.elf.dir/Middlewares/Third_Party/FreeRTOS/Source/tasks.c.obj
                0x08008b24                vTaskPlaceOnEventList
 .text.xTaskRemoveFromEventList
                0x08008b54       0x8c CMakeFiles/OSAHS_project.elf.dir/Middlewares/Third_Party/FreeRTOS/Source/tasks.c.obj
                0x08008b54                xTaskRemoveFromEventList
 .text.vTaskInternalSetTimeOutState
                0x08008be0       0x18 CMakeFiles/OSAHS_project.elf.dir/Middlewares/Third_Party/FreeRTOS/Source/tasks.c.obj
                0x08008be0                vTaskInternalSetTimeOutState
 .text.xTaskCheckForTimeOut
                0x08008bf8       0x84 CMakeFiles/OSAHS_project.elf.dir/Middlewares/Third_Party/FreeRTOS/Source/tasks.c.obj
                0x08008bf8                xTaskCheckForTimeOut
 .text.vTaskMissedYield
                0x08008c7c        0xc CMakeFiles/OSAHS_project.elf.dir/Middlewares/Third_Party/FreeRTOS/Source/tasks.c.obj
                0x08008c7c                vTaskMissedYield
 .text.xTaskGetSchedulerState
                0x08008c88       0x20 CMakeFiles/OSAHS_project.elf.dir/Middlewares/Third_Party/FreeRTOS/Source/tasks.c.obj
                0x08008c88                xTaskGetSchedulerState
 .text.xTaskPriorityInherit
                0x08008ca8       0xac CMakeFiles/OSAHS_project.elf.dir/Middlewares/Third_Party/FreeRTOS/Source/tasks.c.obj
                0x08008ca8                xTaskPriorityInherit
 .text.xTaskPriorityDisinherit
                0x08008d54       0xb4 CMakeFiles/OSAHS_project.elf.dir/Middlewares/Third_Party/FreeRTOS/Source/tasks.c.obj
                0x08008d54                xTaskPriorityDisinherit
 .text.vTaskPriorityDisinheritAfterTimeout
                0x08008e08       0xb4 CMakeFiles/OSAHS_project.elf.dir/Middlewares/Third_Party/FreeRTOS/Source/tasks.c.obj
                0x08008e08                vTaskPriorityDisinheritAfterTimeout
 .text.pvTaskIncrementMutexHeldCount
                0x08008ebc       0x1c CMakeFiles/OSAHS_project.elf.dir/Middlewares/Third_Party/FreeRTOS/Source/tasks.c.obj
                0x08008ebc                pvTaskIncrementMutexHeldCount
 .text.Reset_Handler
                0x08008ed8       0x50 CMakeFiles/OSAHS_project.elf.dir/startup/startup_stm32f407xx.s.obj
                0x08008ed8                Reset_Handler
 .text.Default_Handler
                0x08008f28        0x2 CMakeFiles/OSAHS_project.elf.dir/startup/startup_stm32f407xx.s.obj
                0x08008f28                RTC_Alarm_IRQHandler
                0x08008f28                HASH_RNG_IRQHandler
                0x08008f28                EXTI2_IRQHandler
                0x08008f28                TIM8_CC_IRQHandler
                0x08008f28                TIM1_CC_IRQHandler
                0x08008f28                DMA2_Stream5_IRQHandler
                0x08008f28                PVD_IRQHandler
                0x08008f28                SDIO_IRQHandler
                0x08008f28                TAMP_STAMP_IRQHandler
                0x08008f28                CAN2_RX1_IRQHandler
                0x08008f28                EXTI3_IRQHandler
                0x08008f28                TIM8_TRG_COM_TIM14_IRQHandler
                0x08008f28                TIM8_UP_TIM13_IRQHandler
                0x08008f28                I2C3_ER_IRQHandler
                0x08008f28                EXTI0_IRQHandler
                0x08008f28                I2C2_EV_IRQHandler
                0x08008f28                DMA1_Stream2_IRQHandler
                0x08008f28                CAN1_RX0_IRQHandler
                0x08008f28                FPU_IRQHandler
                0x08008f28                OTG_HS_WKUP_IRQHandler
                0x08008f28                CAN2_SCE_IRQHandler
                0x08008f28                SPI1_IRQHandler
                0x08008f28                TIM6_DAC_IRQHandler
                0x08008f28                TIM1_BRK_TIM9_IRQHandler
                0x08008f28                DCMI_IRQHandler
                0x08008f28                CAN2_RX0_IRQHandler
                0x08008f28                DMA2_Stream3_IRQHandler
                0x08008f28                USART6_IRQHandler
                0x08008f28                CAN1_RX1_IRQHandler
                0x08008f28                UART5_IRQHandler
                0x08008f28                DMA2_Stream0_IRQHandler
                0x08008f28                TIM4_IRQHandler
                0x08008f28                I2C1_EV_IRQHandler
                0x08008f28                DMA1_Stream6_IRQHandler
                0x08008f28                UART4_IRQHandler
                0x08008f28                TIM3_IRQHandler
                0x08008f28                RCC_IRQHandler
                0x08008f28                TIM8_BRK_TIM12_IRQHandler
                0x08008f28                Default_Handler
                0x08008f28                ADC_IRQHandler
                0x08008f28                DMA1_Stream7_IRQHandler
                0x08008f28                TIM7_IRQHandler
                0x08008f28                CAN2_TX_IRQHandler
                0x08008f28                TIM5_IRQHandler
                0x08008f28                DMA2_Stream7_IRQHandler
                0x08008f28                I2C3_EV_IRQHandler
                0x08008f28                EXTI9_5_IRQHandler
                0x08008f28                RTC_WKUP_IRQHandler
                0x08008f28                ETH_WKUP_IRQHandler
                0x08008f28                SPI2_IRQHandler
                0x08008f28                OTG_HS_EP1_IN_IRQHandler
                0x08008f28                CAN1_TX_IRQHandler
                0x08008f28                EXTI4_IRQHandler
                0x08008f28                FSMC_IRQHandler
                0x08008f28                ETH_IRQHandler
                0x08008f28                OTG_HS_EP1_OUT_IRQHandler
                0x08008f28                WWDG_IRQHandler
                0x08008f28                TIM2_IRQHandler
                0x08008f28                OTG_FS_WKUP_IRQHandler
                0x08008f28                TIM1_TRG_COM_TIM11_IRQHandler
                0x08008f28                OTG_HS_IRQHandler
                0x08008f28                EXTI1_IRQHandler
                0x08008f28                USART2_IRQHandler
                0x08008f28                I2C2_ER_IRQHandler
                0x08008f28                DMA2_Stream1_IRQHandler
                0x08008f28                CAN1_SCE_IRQHandler
                0x08008f28                FLASH_IRQHandler
                0x08008f28                USART1_IRQHandler
                0x08008f28                OTG_FS_IRQHandler
                0x08008f28                SPI3_IRQHandler
                0x08008f28                DMA1_Stream4_IRQHandler
                0x08008f28                I2C1_ER_IRQHandler
                0x08008f28                DMA2_Stream6_IRQHandler
                0x08008f28                DMA1_Stream3_IRQHandler
 *fill*         0x08008f2a        0x2 
 .text.5        0x08008f2c       0xf4 C:\Users\jjj\Desktop\osahs\OSAHS_project\Core\hand\M8266WIFI\libM8266WIFIDrv_STM32F4xx.a(M8266WIFIDrv_STM32F4xx.o)
 .text.9        0x08009020       0xfa C:\Users\jjj\Desktop\osahs\OSAHS_project\Core\hand\M8266WIFI\libM8266WIFIDrv_STM32F4xx.a(M8266WIFIDrv_STM32F4xx.o)
 .text.12       0x0800911a       0xee C:\Users\jjj\Desktop\osahs\OSAHS_project\Core\hand\M8266WIFI\libM8266WIFIDrv_STM32F4xx.a(M8266WIFIDrv_STM32F4xx.o)
 .text.14       0x08009208       0xfc C:\Users\jjj\Desktop\osahs\OSAHS_project\Core\hand\M8266WIFI\libM8266WIFIDrv_STM32F4xx.a(M8266WIFIDrv_STM32F4xx.o)
 .text.M8266WIFI_SPI_Get_Opmode
                0x08009304       0x48 C:\Users\jjj\Desktop\osahs\OSAHS_project\Core\hand\M8266WIFI\libM8266WIFIDrv_STM32F4xx.a(M8266WIFIDrv_STM32F4xx.o)
                0x08009304                M8266WIFI_SPI_Get_Opmode
 .text.M8266WIFI_SPI_Set_Opmode
                0x0800934c       0x76 C:\Users\jjj\Desktop\osahs\OSAHS_project\Core\hand\M8266WIFI\libM8266WIFIDrv_STM32F4xx.a(M8266WIFIDrv_STM32F4xx.o)
                0x0800934c                M8266WIFI_SPI_Set_Opmode
 .text.M8266WIFI_SPI_Get_STA_Connection_Status
                0x080093c2       0x58 C:\Users\jjj\Desktop\osahs\OSAHS_project\Core\hand\M8266WIFI\libM8266WIFIDrv_STM32F4xx.a(M8266WIFIDrv_STM32F4xx.o)
                0x080093c2                M8266WIFI_SPI_Get_STA_Connection_Status
 .text.M8266WIFI_SPI_Config_STA_Param
                0x0800941a       0x18 C:\Users\jjj\Desktop\osahs\OSAHS_project\Core\hand\M8266WIFI\libM8266WIFIDrv_STM32F4xx.a(M8266WIFIDrv_STM32F4xx.o)
                0x0800941a                M8266WIFI_SPI_Config_STA_Param
 *fill*         0x08009432        0x2 
 .text.M8266WIFI_SPI_STA_DisConnect_Ap
                0x08009434       0x78 C:\Users\jjj\Desktop\osahs\OSAHS_project\Core\hand\M8266WIFI\libM8266WIFIDrv_STM32F4xx.a(M8266WIFIDrv_STM32F4xx.o)
                0x08009434                M8266WIFI_SPI_STA_DisConnect_Ap
 .text.M8266WIFI_SPI_STA_Connect_Ap
                0x080094ac      0x340 C:\Users\jjj\Desktop\osahs\OSAHS_project\Core\hand\M8266WIFI\libM8266WIFIDrv_STM32F4xx.a(M8266WIFIDrv_STM32F4xx.o)
                0x080094ac                M8266WIFI_SPI_STA_Connect_Ap
 .text.M8266WIFI_SPI_Get_STA_IP_Addr
                0x080097ec       0x6e C:\Users\jjj\Desktop\osahs\OSAHS_project\Core\hand\M8266WIFI\libM8266WIFIDrv_STM32F4xx.a(M8266WIFIDrv_STM32F4xx.o)
                0x080097ec                M8266WIFI_SPI_Get_STA_IP_Addr
 *fill*         0x0800985a        0x2 
 .text.M8266WIFI_SPI_STA_Get_HostIP_by_HostName
                0x0800985c      0x29c C:\Users\jjj\Desktop\osahs\OSAHS_project\Core\hand\M8266WIFI\libM8266WIFIDrv_STM32F4xx.a(M8266WIFIDrv_STM32F4xx.o)
                0x0800985c                M8266WIFI_SPI_STA_Get_HostIP_by_HostName
 .text.1        0x08009af8      0x2c4 C:\Users\jjj\Desktop\osahs\OSAHS_project\Core\hand\M8266WIFI\libM8266WIFIDrv_STM32F4xx.a(M8266WIFIDrv_STM32F4xx.o)
 .text.M8266WIFI_SPI_Query_Connection
                0x08009dbc       0xd8 C:\Users\jjj\Desktop\osahs\OSAHS_project\Core\hand\M8266WIFI\libM8266WIFIDrv_STM32F4xx.a(M8266WIFIDrv_STM32F4xx.o)
                0x08009dbc                M8266WIFI_SPI_Query_Connection
 .text.13       0x08009e94      0x154 C:\Users\jjj\Desktop\osahs\OSAHS_project\Core\hand\M8266WIFI\libM8266WIFIDrv_STM32F4xx.a(M8266WIFIDrv_STM32F4xx.o)
 .text.M8266WIFI_SPI_Delete_Connection
                0x08009fe8       0x16 C:\Users\jjj\Desktop\osahs\OSAHS_project\Core\hand\M8266WIFI\libM8266WIFIDrv_STM32F4xx.a(M8266WIFIDrv_STM32F4xx.o)
                0x08009fe8                M8266WIFI_SPI_Delete_Connection
 *fill*         0x08009ffe        0x2 
 .text.M8266WIFI_SPI_Setup_Connection
                0x0800a000      0x220 C:\Users\jjj\Desktop\osahs\OSAHS_project\Core\hand\M8266WIFI\libM8266WIFIDrv_STM32F4xx.a(M8266WIFIDrv_STM32F4xx.o)
                0x0800a000                M8266WIFI_SPI_Setup_Connection
 .text.M8266WIFI_SPI_Query_Tcp_Mss
                0x0800a220       0x72 C:\Users\jjj\Desktop\osahs\OSAHS_project\Core\hand\M8266WIFI\libM8266WIFIDrv_STM32F4xx.a(M8266WIFIDrv_STM32F4xx.o)
                0x0800a220                M8266WIFI_SPI_Query_Tcp_Mss
 .text.M8266WIFI_SPI_Query_Tcp_Window_num
                0x0800a292       0x1a C:\Users\jjj\Desktop\osahs\OSAHS_project\Core\hand\M8266WIFI\libM8266WIFIDrv_STM32F4xx.a(M8266WIFIDrv_STM32F4xx.o)
                0x0800a292                M8266WIFI_SPI_Query_Tcp_Window_num
 .text.M8266WIFI_SPI_Send_BlockData
                0x0800a2ac      0x13c C:\Users\jjj\Desktop\osahs\OSAHS_project\Core\hand\M8266WIFI\libM8266WIFIDrv_STM32F4xx.a(M8266WIFIDrv_STM32F4xx.o)
                0x0800a2ac                M8266WIFI_SPI_Send_BlockData
 .text.M8266WIFI_SPI_Get_Module_Info
                0x0800a3e8       0x9e C:\Users\jjj\Desktop\osahs\OSAHS_project\Core\hand\M8266WIFI\libM8266WIFIDrv_STM32F4xx.a(M8266WIFIDrv_STM32F4xx.o)
                0x0800a3e8                M8266WIFI_SPI_Get_Module_Info
 *fill*         0x0800a486        0x2 
 .text.M8266HostIf_SPI_Select
                0x0800a488       0xd8 C:\Users\jjj\Desktop\osahs\OSAHS_project\Core\hand\M8266WIFI\libM8266WIFIDrv_STM32F4xx.a(M8266WIFIDrv_STM32F4xx.o)
                0x0800a488                M8266HostIf_SPI_Select
 .text.__libc_init_array
                0x0800a560       0x48 c:/progra~2/gnuarm~1/102021~1.10/bin/../lib/gcc/arm-none-eabi/10.3.1/../../../../arm-none-eabi/lib/thumb/v7e-m+fp/hard\libg.a(lib_a-init.o)
                0x0800a560                __libc_init_array
 .text.memset   0x0800a5a8       0xa4 c:/progra~2/gnuarm~1/102021~1.10/bin/../lib/gcc/arm-none-eabi/10.3.1/../../../../arm-none-eabi/lib/thumb/v7e-m+fp/hard\libg.a(lib_a-memset.o)
                0x0800a5a8                memset
 .text.startup.register_fini
                0x0800a64c       0x14 c:/progra~2/gnuarm~1/102021~1.10/bin/../lib/gcc/arm-none-eabi/10.3.1/../../../../arm-none-eabi/lib/thumb/v7e-m+fp/hard\libg.a(lib_a-__call_atexit.o)
 .text.atexit   0x0800a660        0xc c:/progra~2/gnuarm~1/102021~1.10/bin/../lib/gcc/arm-none-eabi/10.3.1/../../../../arm-none-eabi/lib/thumb/v7e-m+fp/hard\libg.a(lib_a-atexit.o)
                0x0800a660                atexit
 .text.__libc_fini_array
                0x0800a66c       0x2c c:/progra~2/gnuarm~1/102021~1.10/bin/../lib/gcc/arm-none-eabi/10.3.1/../../../../arm-none-eabi/lib/thumb/v7e-m+fp/hard\libg.a(lib_a-fini.o)
                0x0800a66c                __libc_fini_array
 .text.__retarget_lock_acquire_recursive
                0x0800a698        0x4 c:/progra~2/gnuarm~1/102021~1.10/bin/../lib/gcc/arm-none-eabi/10.3.1/../../../../arm-none-eabi/lib/thumb/v7e-m+fp/hard\libg.a(lib_a-lock.o)
                0x0800a698                __retarget_lock_acquire_recursive
 .text.__retarget_lock_release_recursive
                0x0800a69c        0x4 c:/progra~2/gnuarm~1/102021~1.10/bin/../lib/gcc/arm-none-eabi/10.3.1/../../../../arm-none-eabi/lib/thumb/v7e-m+fp/hard\libg.a(lib_a-lock.o)
                0x0800a69c                __retarget_lock_release_recursive
 .text.__register_exitproc
                0x0800a6a0       0x8c c:/progra~2/gnuarm~1/102021~1.10/bin/../lib/gcc/arm-none-eabi/10.3.1/../../../../arm-none-eabi/lib/thumb/v7e-m+fp/hard\libg.a(lib_a-__atexit.o)
                0x0800a6a0                __register_exitproc
 *(.glue_7)
 .glue_7        0x0800a72c        0x0 linker stubs
 *(.glue_7t)
 .glue_7t       0x0800a72c        0x0 linker stubs
 *(.eh_frame)
 .eh_frame      0x0800a72c        0x0 c:/progra~2/gnuarm~1/102021~1.10/bin/../lib/gcc/arm-none-eabi/10.3.1/thumb/v7e-m+fp/hard/crtbegin.o
 *(.init)
 .init          0x0800a72c        0x4 c:/progra~2/gnuarm~1/102021~1.10/bin/../lib/gcc/arm-none-eabi/10.3.1/thumb/v7e-m+fp/hard/crti.o
                0x0800a72c                _init
 .init          0x0800a730        0x8 c:/progra~2/gnuarm~1/102021~1.10/bin/../lib/gcc/arm-none-eabi/10.3.1/thumb/v7e-m+fp/hard/crtn.o
 *(.fini)
 .fini          0x0800a738        0x4 c:/progra~2/gnuarm~1/102021~1.10/bin/../lib/gcc/arm-none-eabi/10.3.1/thumb/v7e-m+fp/hard/crti.o
                0x0800a738                _fini
 .fini          0x0800a73c        0x8 c:/progra~2/gnuarm~1/102021~1.10/bin/../lib/gcc/arm-none-eabi/10.3.1/thumb/v7e-m+fp/hard/crtn.o
                0x0800a744                . = ALIGN (0x4)
                0x0800a744                _etext = .

.vfp11_veneer   0x0800a744        0x0
 .vfp11_veneer  0x0800a744        0x0 linker stubs

.v4_bx          0x0800a744        0x0
 .v4_bx         0x0800a744        0x0 linker stubs

.iplt           0x0800a744        0x0
 .iplt          0x0800a744        0x0 c:/progra~2/gnuarm~1/102021~1.10/bin/../lib/gcc/arm-none-eabi/10.3.1/thumb/v7e-m+fp/hard/crtbegin.o

.rodata         0x0800a744      0x214
                0x0800a744                . = ALIGN (0x4)
 *(.rodata)
 .rodata        0x0800a744       0x70 CMakeFiles/OSAHS_project.elf.dir/Core/Src/freertos.c.obj
 .rodata        0x0800a7b4       0x10 CMakeFiles/OSAHS_project.elf.dir/Core/hand/FATFS/Target/sd_diskio.c.obj
 .rodata        0x0800a7c4        0xa C:\Users\jjj\Desktop\osahs\OSAHS_project\Core\hand\M8266WIFI\libM8266WIFIDrv_STM32F4xx.a(M8266WIFIDrv_STM32F4xx.o)
 *(.rodata*)
 *fill*         0x0800a7ce        0x2 
 .rodata.str1.4
                0x0800a7d0       0x35 CMakeFiles/OSAHS_project.elf.dir/Core/Src/freertos.c.obj
 *fill*         0x0800a805        0x3 
 .rodata.AHBPrescTable
                0x0800a808       0x10 CMakeFiles/OSAHS_project.elf.dir/Core/Src/system_stm32f4xx.c.obj
                0x0800a808                AHBPrescTable
 .rodata.APBPrescTable
                0x0800a818        0x8 CMakeFiles/OSAHS_project.elf.dir/Core/Src/system_stm32f4xx.c.obj
                0x0800a818                APBPrescTable
 .rodata.SD_Driver
                0x0800a820       0x14 CMakeFiles/OSAHS_project.elf.dir/Core/hand/FATFS/Target/sd_diskio.c.obj
                0x0800a820                SD_Driver
 .rodata.M8266WIFI_SPI_wait_sta_connecting_to_ap_and_get_ip.str1.4
                0x0800a834        0x8 CMakeFiles/OSAHS_project.elf.dir/Core/hand/M8266WIFI/M8266WIFI_ops.c.obj
 .rodata.M8266WIFI_Module_Init_Via_SPI.str1.4
                0x0800a83c       0x14 CMakeFiles/OSAHS_project.elf.dir/Core/hand/M8266WIFI/M8266WIFI_ops.c.obj
 .rodata.connect_PC.str1.4
                0x0800a850        0xe CMakeFiles/OSAHS_project.elf.dir/Core/hand/M8266WIFI/test_m8266wifi.c.obj
 *fill*         0x0800a85e        0x2 
 .rodata.flagBitshiftOffset.0
                0x0800a860        0x8 CMakeFiles/OSAHS_project.elf.dir/Drivers/STM32F4xx_HAL_Driver/Src/stm32f4xx_hal_dma.c.obj
 .rodata.vTaskStartScheduler.str1.4
                0x0800a868        0x5 CMakeFiles/OSAHS_project.elf.dir/Middlewares/Third_Party/FreeRTOS/Source/tasks.c.obj
 .rodata.cnrpbem
                0x0800a86d       0x10 C:\Users\jjj\Desktop\osahs\OSAHS_project\Core\hand\M8266WIFI\libM8266WIFIDrv_STM32F4xx.a(M8266WIFIDrv_STM32F4xx.o)
 .rodata.str1.1
                0x0800a87d       0xd7 C:\Users\jjj\Desktop\osahs\OSAHS_project\Core\hand\M8266WIFI\libM8266WIFIDrv_STM32F4xx.a(M8266WIFIDrv_STM32F4xx.o)
                                 0xd9 (size before relaxing)
 .rodata._global_impure_ptr
                0x0800a954        0x4 c:/progra~2/gnuarm~1/102021~1.10/bin/../lib/gcc/arm-none-eabi/10.3.1/../../../../arm-none-eabi/lib/thumb/v7e-m+fp/hard\libg.a(lib_a-impure.o)
                0x0800a954                _global_impure_ptr
                0x0800a958                . = ALIGN (0x4)

.ARM.extab
 *(.ARM.extab* .gnu.linkonce.armextab.*)

.ARM            0x0800a958        0x8
                0x0800a958                __exidx_start = .
 *(.ARM.exidx*)
 .ARM.exidx     0x0800a958        0x8 c:/progra~2/gnuarm~1/102021~1.10/bin/../lib/gcc/arm-none-eabi/10.3.1/thumb/v7e-m+fp/hard\libgcc.a(_udivmoddi4.o)
                0x0800a960                __exidx_end = .

.rel.dyn        0x0800a960        0x0
 .rel.iplt      0x0800a960        0x0 c:/progra~2/gnuarm~1/102021~1.10/bin/../lib/gcc/arm-none-eabi/10.3.1/thumb/v7e-m+fp/hard/crtbegin.o

.preinit_array  0x0800a960        0x0
                0x0800a960                PROVIDE (__preinit_array_start = .)
 *(.preinit_array*)
                0x0800a960                PROVIDE (__preinit_array_end = .)

.init_array     0x0800a960        0x8
                0x0800a960                PROVIDE (__init_array_start = .)
 *(SORT_BY_NAME(.init_array.*))
 .init_array.00000
                0x0800a960        0x4 c:/progra~2/gnuarm~1/102021~1.10/bin/../lib/gcc/arm-none-eabi/10.3.1/../../../../arm-none-eabi/lib/thumb/v7e-m+fp/hard\libg.a(lib_a-__call_atexit.o)
 *(.init_array*)
 .init_array    0x0800a964        0x4 c:/progra~2/gnuarm~1/102021~1.10/bin/../lib/gcc/arm-none-eabi/10.3.1/thumb/v7e-m+fp/hard/crtbegin.o
                0x0800a968                PROVIDE (__init_array_end = .)

.fini_array     0x0800a968        0x4
                0x0800a968                PROVIDE (__fini_array_start = .)
 *(SORT_BY_NAME(.fini_array.*))
 *(.fini_array*)
 .fini_array    0x0800a968        0x4 c:/progra~2/gnuarm~1/102021~1.10/bin/../lib/gcc/arm-none-eabi/10.3.1/thumb/v7e-m+fp/hard/crtbegin.o
                0x0800a96c                PROVIDE (__fini_array_end = .)
                0x0800a96c                _sidata = LOADADDR (.data)

.data           0x20000000      0x454 load address 0x0800a96c
                0x20000000                . = ALIGN (0x4)
                0x20000000                _sdata = .
 *(.data)
 *(.data*)
 .data.SystemCoreClock
                0x20000000        0x4 CMakeFiles/OSAHS_project.elf.dir/Core/Src/system_stm32f4xx.c.obj
                0x20000000                SystemCoreClock
 .data.Stat     0x20000004        0x1 CMakeFiles/OSAHS_project.elf.dir/Core/hand/FATFS/Target/sd_diskio.c.obj
 .data.uwTickFreq
                0x20000005        0x1 CMakeFiles/OSAHS_project.elf.dir/Drivers/STM32F4xx_HAL_Driver/Src/stm32f4xx_hal.c.obj
                0x20000005                uwTickFreq
 *fill*         0x20000006        0x2 
 .data.uwTickPrio
                0x20000008        0x4 CMakeFiles/OSAHS_project.elf.dir/Drivers/STM32F4xx_HAL_Driver/Src/stm32f4xx_hal.c.obj
                0x20000008                uwTickPrio
 .data.uxCriticalNesting
                0x2000000c        0x4 CMakeFiles/OSAHS_project.elf.dir/Middlewares/Third_Party/FreeRTOS/Source/portable/GCC/ARM_CM4F/port.c.obj
 .data.gngptns.6298
                0x20000010        0x1 C:\Users\jjj\Desktop\osahs\OSAHS_project\Core\hand\M8266WIFI\libM8266WIFIDrv_STM32F4xx.a(M8266WIFIDrv_STM32F4xx.o)
 .data.gngwtn.6296
                0x20000011        0x1 C:\Users\jjj\Desktop\osahs\OSAHS_project\Core\hand\M8266WIFI\libM8266WIFIDrv_STM32F4xx.a(M8266WIFIDrv_STM32F4xx.o)
 .data.mdfwv    0x20000012       0x11 C:\Users\jjj\Desktop\osahs\OSAHS_project\Core\hand\M8266WIFI\libM8266WIFIDrv_STM32F4xx.a(M8266WIFIDrv_STM32F4xx.o)
 .data.wtnbsm.6297
                0x20000023        0x1 C:\Users\jjj\Desktop\osahs\OSAHS_project\Core\hand\M8266WIFI\libM8266WIFIDrv_STM32F4xx.a(M8266WIFIDrv_STM32F4xx.o)
 .data.wtpstc.6299
                0x20000024        0x2 C:\Users\jjj\Desktop\osahs\OSAHS_project\Core\hand\M8266WIFI\libM8266WIFIDrv_STM32F4xx.a(M8266WIFIDrv_STM32F4xx.o)
 *fill*         0x20000026        0x2 
 .data.impure_data
                0x20000028      0x428 c:/progra~2/gnuarm~1/102021~1.10/bin/../lib/gcc/arm-none-eabi/10.3.1/../../../../arm-none-eabi/lib/thumb/v7e-m+fp/hard\libg.a(lib_a-impure.o)
 .data.__atexit_recursive_mutex
                0x20000450        0x4 c:/progra~2/gnuarm~1/102021~1.10/bin/../lib/gcc/arm-none-eabi/10.3.1/../../../../arm-none-eabi/lib/thumb/v7e-m+fp/hard\libg.a(lib_a-__call_atexit.o)
                0x20000450                __atexit_recursive_mutex
                0x20000454                . = ALIGN (0x4)
                0x20000454                _edata = .
                0x0800adc0                _siccmram = LOADADDR (.ccmram)

.igot.plt       0x20000454        0x0 load address 0x0800adc0
 .igot.plt      0x20000454        0x0 c:/progra~2/gnuarm~1/102021~1.10/bin/../lib/gcc/arm-none-eabi/10.3.1/thumb/v7e-m+fp/hard/crtbegin.o

.ccmram         0x10000000        0x0 load address 0x0800adc0
                0x10000000                . = ALIGN (0x4)
                0x10000000                _sccmram = .
 *(.ccmram)
 *(.ccmram*)
                0x10000000                . = ALIGN (0x4)
                0x10000000                _eccmram = .
                0x10000000                . = ALIGN (0x4)

.bss            0x20000454     0x4d34
                0x20000454                _sbss = .
                0x20000454                __bss_start__ = _sbss
 *(.bss)
 .bss           0x20000454       0x1c c:/progra~2/gnuarm~1/102021~1.10/bin/../lib/gcc/arm-none-eabi/10.3.1/thumb/v7e-m+fp/hard/crtbegin.o
 *(.bss*)
 .bss.adc1_flag
                0x20000470        0x4 CMakeFiles/OSAHS_project.elf.dir/Core/Src/adc.c.obj
                0x20000470                adc1_flag
 .bss.adc1_value
                0x20000474      0x31e CMakeFiles/OSAHS_project.elf.dir/Core/Src/adc.c.obj
                0x20000474                adc1_value
 *fill*         0x20000792        0x2 
 .bss.adc2_flag
                0x20000794        0x4 CMakeFiles/OSAHS_project.elf.dir/Core/Src/adc.c.obj
                0x20000794                adc2_flag
 .bss.adc2_value
                0x20000798        0x2 CMakeFiles/OSAHS_project.elf.dir/Core/Src/adc.c.obj
                0x20000798                adc2_value
 *fill*         0x2000079a        0x2 
 .bss.adc_buffer
                0x2000079c      0x3e8 CMakeFiles/OSAHS_project.elf.dir/Core/Src/adc.c.obj
                0x2000079c                adc_buffer
 .bss.collect_num
                0x20000b84        0x4 CMakeFiles/OSAHS_project.elf.dir/Core/Src/adc.c.obj
 .bss.hadc1     0x20000b88       0x48 CMakeFiles/OSAHS_project.elf.dir/Core/Src/adc.c.obj
                0x20000b88                hadc1
 .bss.hadc2     0x20000bd0       0x48 CMakeFiles/OSAHS_project.elf.dir/Core/Src/adc.c.obj
                0x20000bd0                hadc2
 .bss.hdma_adc1
                0x20000c18       0x60 CMakeFiles/OSAHS_project.elf.dir/Core/Src/adc.c.obj
                0x20000c18                hdma_adc1
 .bss.hdma_adc2
                0x20000c78       0x60 CMakeFiles/OSAHS_project.elf.dir/Core/Src/adc.c.obj
                0x20000c78                hdma_adc2
 .bss.power     0x20000cd8       0x10 CMakeFiles/OSAHS_project.elf.dir/Core/Src/adc.c.obj
                0x20000cd8                power
 .bss.power_count
                0x20000ce8        0x1 CMakeFiles/OSAHS_project.elf.dir/Core/Src/adc.c.obj
                0x20000ce8                power_count
 *fill*         0x20000ce9        0x3 
 .bss.start_adc_flag
                0x20000cec        0x4 CMakeFiles/OSAHS_project.elf.dir/Core/Src/adc.c.obj
                0x20000cec                start_adc_flag
 .bss.ADS1299_TaskHandle
                0x20000cf0        0x4 CMakeFiles/OSAHS_project.elf.dir/Core/Src/freertos.c.obj
                0x20000cf0                ADS1299_TaskHandle
 .bss.ADS_BinarySemHandle
                0x20000cf4        0x4 CMakeFiles/OSAHS_project.elf.dir/Core/Src/freertos.c.obj
                0x20000cf4                ADS_BinarySemHandle
 .bss.Breath_BinarySemHandle