Archive member included to satisfy reference by file (symbol)

C:\Users\jjj\Desktop\OSAHS_project\M8266WIFI\libM8266WIFIDrv_STM32F4xx.a(M8266WIFIDrv_STM32F4xx.o)
                              CMakeFiles/OSAHS_project.elf.dir/M8266WIFI/M8266WIFI_ops.c.obj (M8266WIFI_SPI_Get_Opmode)
c:/progra~2/gnuarm~1/102021~1.10/bin/../lib/gcc/arm-none-eabi/10.3.1/thumb/v7e-m+fp/hard\libgcc.a(_arm_muldf3.o)
                              CMakeFiles/OSAHS_project.elf.dir/Core/Src/adc.c.obj (__aeabi_dmul)
c:/progra~2/gnuarm~1/102021~1.10/bin/../lib/gcc/arm-none-eabi/10.3.1/thumb/v7e-m+fp/hard\libgcc.a(_arm_addsubdf3.o)
                              CMakeFiles/OSAHS_project.elf.dir/Core/Src/main.c.obj (__aeabi_dsub)
c:/progra~2/gnuarm~1/102021~1.10/bin/../lib/gcc/arm-none-eabi/10.3.1/thumb/v7e-m+fp/hard\libgcc.a(_arm_muldivdf3.o)
                              CMakeFiles/OSAHS_project.elf.dir/Core/Src/adc.c.obj (__aeabi_ddiv)
c:/progra~2/gnuarm~1/102021~1.10/bin/../lib/gcc/arm-none-eabi/10.3.1/thumb/v7e-m+fp/hard\libgcc.a(_arm_truncdfsf2.o)
                              CMakeFiles/OSAHS_project.elf.dir/Core/Src/adc.c.obj (__aeabi_d2f)
c:/progra~2/gnuarm~1/102021~1.10/bin/../lib/gcc/arm-none-eabi/10.3.1/thumb/v7e-m+fp/hard\libgcc.a(_aeabi_uldivmod.o)
                              CMakeFiles/OSAHS_project.elf.dir/Drivers/STM32F4xx_HAL_Driver/Src/stm32f4xx_hal_rcc.c.obj (__aeabi_uldivmod)
c:/progra~2/gnuarm~1/102021~1.10/bin/../lib/gcc/arm-none-eabi/10.3.1/thumb/v7e-m+fp/hard\libgcc.a(_udivmoddi4.o)
                              c:/progra~2/gnuarm~1/102021~1.10/bin/../lib/gcc/arm-none-eabi/10.3.1/thumb/v7e-m+fp/hard\libgcc.a(_aeabi_uldivmod.o) (__udivmoddi4)
c:/progra~2/gnuarm~1/102021~1.10/bin/../lib/gcc/arm-none-eabi/10.3.1/thumb/v7e-m+fp/hard\libgcc.a(_dvmd_tls.o)
                              c:/progra~2/gnuarm~1/102021~1.10/bin/../lib/gcc/arm-none-eabi/10.3.1/thumb/v7e-m+fp/hard\libgcc.a(_aeabi_uldivmod.o) (__aeabi_ldiv0)
c:/progra~2/gnuarm~1/102021~1.10/bin/../lib/gcc/arm-none-eabi/10.3.1/../../../../arm-none-eabi/lib/thumb/v7e-m+fp/hard\libg.a(lib_a-errno.o)
                              CMakeFiles/OSAHS_project.elf.dir/Core/Src/syscalls.c.obj (__errno)
c:/progra~2/gnuarm~1/102021~1.10/bin/../lib/gcc/arm-none-eabi/10.3.1/../../../../arm-none-eabi/lib/thumb/v7e-m+fp/hard\libg.a(lib_a-exit.o)
                              c:/progra~2/gnuarm~1/102021~1.10/bin/../lib/gcc/arm-none-eabi/10.3.1/../../../../arm-none-eabi/lib/thumb/v7e-m+fp/hard/crt0.o (exit)
c:/progra~2/gnuarm~1/102021~1.10/bin/../lib/gcc/arm-none-eabi/10.3.1/../../../../arm-none-eabi/lib/thumb/v7e-m+fp/hard\libg.a(lib_a-impure.o)
                              c:/progra~2/gnuarm~1/102021~1.10/bin/../lib/gcc/arm-none-eabi/10.3.1/../../../../arm-none-eabi/lib/thumb/v7e-m+fp/hard\libg.a(lib_a-exit.o) (_global_impure_ptr)
c:/progra~2/gnuarm~1/102021~1.10/bin/../lib/gcc/arm-none-eabi/10.3.1/../../../../arm-none-eabi/lib/thumb/v7e-m+fp/hard\libg.a(lib_a-init.o)
                              c:/progra~2/gnuarm~1/102021~1.10/bin/../lib/gcc/arm-none-eabi/10.3.1/../../../../arm-none-eabi/lib/thumb/v7e-m+fp/hard/crt0.o (__libc_init_array)
c:/progra~2/gnuarm~1/102021~1.10/bin/../lib/gcc/arm-none-eabi/10.3.1/../../../../arm-none-eabi/lib/thumb/v7e-m+fp/hard\libg.a(lib_a-memcpy.o)
                              CMakeFiles/OSAHS_project.elf.dir/Middlewares/Third_Party/FreeRTOS/Source/queue.c.obj (memcpy)
c:/progra~2/gnuarm~1/102021~1.10/bin/../lib/gcc/arm-none-eabi/10.3.1/../../../../arm-none-eabi/lib/thumb/v7e-m+fp/hard\libg.a(lib_a-memset.o)
                              c:/progra~2/gnuarm~1/102021~1.10/bin/../lib/gcc/arm-none-eabi/10.3.1/../../../../arm-none-eabi/lib/thumb/v7e-m+fp/hard/crt0.o (memset)
c:/progra~2/gnuarm~1/102021~1.10/bin/../lib/gcc/arm-none-eabi/10.3.1/../../../../arm-none-eabi/lib/thumb/v7e-m+fp/hard\libg.a(lib_a-sprintf.o)
                              CMakeFiles/OSAHS_project.elf.dir/Middlewares/Third_Party/FreeRTOS/Source/tasks.c.obj (sprintf)
c:/progra~2/gnuarm~1/102021~1.10/bin/../lib/gcc/arm-none-eabi/10.3.1/../../../../arm-none-eabi/lib/thumb/v7e-m+fp/hard\libg.a(lib_a-strcmp.o)
                              CMakeFiles/OSAHS_project.elf.dir/M8266WIFI/M8266WIFI_ops.c.obj (strcmp)
c:/progra~2/gnuarm~1/102021~1.10/bin/../lib/gcc/arm-none-eabi/10.3.1/../../../../arm-none-eabi/lib/thumb/v7e-m+fp/hard\libg.a(lib_a-strcpy.o)
                              CMakeFiles/OSAHS_project.elf.dir/Middlewares/Third_Party/FreeRTOS/Source/tasks.c.obj (strcpy)
c:/progra~2/gnuarm~1/102021~1.10/bin/../lib/gcc/arm-none-eabi/10.3.1/../../../../arm-none-eabi/lib/thumb/v7e-m+fp/hard\libg.a(lib_a-strlen.o)
                              CMakeFiles/OSAHS_project.elf.dir/LCD/GUI.c.obj (strlen)
c:/progra~2/gnuarm~1/102021~1.10/bin/../lib/gcc/arm-none-eabi/10.3.1/../../../../arm-none-eabi/lib/thumb/v7e-m+fp/hard\libg.a(lib_a-svfprintf.o)
[...]
Memory Configuration

Name             Origin             Length             Attributes
RAM              0x20000000         0x00020000         xrw
CCMRAM           0x10000000         0x00010000         xrw
FLASH            0x08000000         0x00080000         xr
*default*        0x00000000         0xffffffff

Linker script and memory map

LOAD c:/progra~2/gnuarm~1/102021~1.10/bin/../lib/gcc/arm-none-eabi/10.3.1/thumb/v7e-m+fp/hard/crti.o
LOAD c:/progra~2/gnuarm~1/102021~1.10/bin/../lib/gcc/arm-none-eabi/10.3.1/thumb/v7e-m+fp/hard/crtbegin.o
LOAD c:/progra~2/gnuarm~1/102021~1.10/bin/../lib/gcc/arm-none-eabi/10.3.1/../../../../arm-none-eabi/lib/thumb/v7e-m+fp/hard/crt0.o
LOAD CMakeFiles/OSAHS_project.elf.dir/ADS1299/ADS1298.c.obj
LOAD CMakeFiles/OSAHS_project.elf.dir/Core/Src/adc.c.obj
LOAD CMakeFiles/OSAHS_project.elf.dir/Core/Src/dma.c.obj
LOAD CMakeFiles/OSAHS_project.elf.dir/Core/Src/freertos.c.obj
LOAD CMakeFiles/OSAHS_project.elf.dir/Core/Src/gpio.c.obj
LOAD CMakeFiles/OSAHS_project.elf.dir/Core/Src/main.c.obj
LOAD CMakeFiles/OSAHS_project.elf.dir/Core/Src/sdio.c.obj
LOAD CMakeFiles/OSAHS_project.elf.dir/Core/Src/spi.c.obj
LOAD CMakeFiles/OSAHS_project.elf.dir/Core/Src/stm32f4xx_hal_msp.c.obj
LOAD CMakeFiles/OSAHS_project.elf.dir/Core/Src/stm32f4xx_hal_timebase_tim.c.obj
LOAD CMakeFiles/OSAHS_project.elf.dir/Core/Src/stm32f4xx_it.c.obj
LOAD CMakeFiles/OSAHS_project.elf.dir/Core/Src/syscalls.c.obj
LOAD CMakeFiles/OSAHS_project.elf.dir/Core/Src/system_stm32f4xx.c.obj
LOAD CMakeFiles/OSAHS_project.elf.dir/Core/Src/tim.c.obj
LOAD CMakeFiles/OSAHS_project.elf.dir/Core/Src/usart.c.obj
LOAD CMakeFiles/OSAHS_project.elf.dir/Drivers/STM32F4xx_HAL_Driver/Src/stm32f4xx_hal.c.obj
LOAD CMakeFiles/OSAHS_project.elf.dir/Drivers/STM32F4xx_HAL_Driver/Src/stm32f4xx_hal_adc.c.obj
LOAD CMakeFiles/OSAHS_project.elf.dir/Drivers/STM32F4xx_HAL_Driver/Src/stm32f4xx_hal_adc_ex.c.obj
LOAD CMakeFiles/OSAHS_project.elf.dir/Drivers/STM32F4xx_HAL_Driver/Src/stm32f4xx_hal_cortex.c.obj
LOAD CMakeFiles/OSAHS_project.elf.dir/Drivers/STM32F4xx_HAL_Driver/Src/stm32f4xx_hal_dma.c.obj
LOAD CMakeFiles/OSAHS_project.elf.dir/Drivers/STM32F4xx_HAL_Driver/Src/stm32f4xx_hal_dma_ex.c.obj
LOAD CMakeFiles/OSAHS_project.elf.dir/Drivers/STM32F4xx_HAL_Driver/Src/stm32f4xx_hal_exti.c.obj
LOAD CMakeFiles/OSAHS_project.elf.dir/Drivers/STM32F4xx_HAL_Driver/Src/stm32f4xx_hal_flash.c.obj
LOAD CMakeFiles/OSAHS_project.elf.dir/Drivers/STM32F4xx_HAL_Driver/Src/stm32f4xx_hal_flash_ex.c.obj
LOAD CMakeFiles/OSAHS_project.elf.dir/Drivers/STM32F4xx_HAL_Driver/Src/stm32f4xx_hal_flash_ramfunc.c.obj
LOAD CMakeFiles/OSAHS_project.elf.dir/Drivers/STM32F4xx_HAL_Driver/Src/stm32f4xx_hal_gpio.c.obj
LOAD CMakeFiles/OSAHS_project.elf.dir/Drivers/STM32F4xx_HAL_Driver/Src/stm32f4xx_hal_pwr.c.obj
LOAD CMakeFiles/OSAHS_project.elf.dir/Drivers/STM32F4xx_HAL_Driver/Src/stm32f4xx_hal_pwr_ex.c.obj
LOAD CMakeFiles/OSAHS_project.elf.dir/Drivers/STM32F4xx_HAL_Driver/Src/stm32f4xx_hal_rcc.c.obj
LOAD CMakeFiles/OSAHS_project.elf.dir/Drivers/STM32F4xx_HAL_Driver/Src/stm32f4xx_hal_rcc_ex.c.obj
LOAD CMakeFiles/OSAHS_project.elf.dir/Drivers/STM32F4xx_HAL_Driver/Src/stm32f4xx_hal_sd.c.obj
LOAD CMakeFiles/OSAHS_project.elf.dir/Drivers/STM32F4xx_HAL_Driver/Src/stm32f4xx_hal_spi.c.obj
LOAD CMakeFiles/OSAHS_project.elf.dir/Drivers/STM32F4xx_HAL_Driver/Src/stm32f4xx_hal_tim.c.obj
LOAD CMakeFiles/OSAHS_project.elf.dir/Drivers/STM32F4xx_HAL_Driver/Src/stm32f4xx_hal_tim_ex.c.obj
LOAD CMakeFiles/OSAHS_project.elf.dir/Drivers/STM32F4xx_HAL_Driver/Src/stm32f4xx_hal_uart.c.obj
LOAD CMakeFiles/OSAHS_project.elf.dir/Drivers/STM32F4xx_HAL_Driver/Src/stm32f4xx_ll_adc.c.obj
LOAD CMakeFiles/OSAHS_project.elf.dir/Drivers/STM32F4xx_HAL_Driver/Src/stm32f4xx_ll_sdmmc.c.obj
LOAD CMakeFiles/OSAHS_project.elf.dir/FATFS/App/fatfs.c.obj
LOAD CMakeFiles/OSAHS_project.elf.dir/FATFS/Target/bsp_driver_sd.c.obj
LOAD CMakeFiles/OSAHS_project.elf.dir/FATFS/Target/fatfs_platform.c.obj
LOAD CMakeFiles/OSAHS_project.elf.dir/FATFS/Target/sd_diskio.c.obj
LOAD CMakeFiles/OSAHS_project.elf.dir/LCD/GUI.c.obj
LOAD CMakeFiles/OSAHS_project.elf.dir/LCD/lcd.c.obj
LOAD CMakeFiles/OSAHS_project.elf.dir/LCD/test.c.obj
LOAD CMakeFiles/OSAHS_project.elf.dir/M8266WIFI/M8266HostIf_STM32xx.c.obj
LOAD CMakeFiles/OSAHS_project.elf.dir/M8266WIFI/M8266WIFI_ops.c.obj
LOAD CMakeFiles/OSAHS_project.elf.dir/M8266WIFI/test_m8266wifi.c.obj
LOAD CMakeFiles/OSAHS_project.elf.dir/Middlewares/Third_Party/FatFs/src/diskio.c.obj
LOAD CMakeFiles/OSAHS_project.elf.dir/Middlewares/Third_Party/FatFs/src/ff.c.obj
LOAD CMakeFiles/OSAHS_project.elf.dir/Middlewares/Third_Party/FatFs/src/ff_gen_drv.c.obj
LOAD CMakeFiles/OSAHS_project.elf.dir/Middlewares/Third_Party/FatFs/src/option/ccsbcs.c.obj
LOAD CMakeFiles/OSAHS_project.elf.dir/Middlewares/Third_Party/FatFs/src/option/syscall.c.obj
LOAD CMakeFiles/OSAHS_project.elf.dir/Middlewares/Third_Party/FreeRTOS/Source/CMSIS_RTOS/cmsis_os.c.obj
LOAD CMakeFiles/OSAHS_project.elf.dir/Middlewares/Third_Party/FreeRTOS/Source/croutine.c.obj
LOAD CMakeFiles/OSAHS_project.elf.dir/Middlewares/Third_Party/FreeRTOS/Source/event_groups.c.obj
LOAD CMakeFiles/OSAHS_project.elf.dir/Middlewares/Third_Party/FreeRTOS/Source/list.c.obj
LOAD CMakeFiles/OSAHS_project.elf.dir/Middlewares/Third_Party/FreeRTOS/Source/portable/GCC/ARM_CM4F/port.c.obj
LOAD CMakeFiles/OSAHS_project.elf.dir/Middlewares/Third_Party/FreeRTOS/Source/portable/MemMang/heap_4.c.obj
LOAD CMakeFiles/OSAHS_project.elf.dir/Middlewares/Third_Party/FreeRTOS/Source/queue.c.obj
LOAD CMakeFiles/OSAHS_project.elf.dir/Middlewares/Third_Party/FreeRTOS/Source/stream_buffer.c.obj
LOAD CMakeFiles/OSAHS_project.elf.dir/Middlewares/Third_Party/FreeRTOS/Source/tasks.c.obj
LOAD CMakeFiles/OSAHS_project.elf.dir/Middlewares/Third_Party/FreeRTOS/Source/timers.c.obj
LOAD CMakeFiles/OSAHS_project.elf.dir/spo2/spo2.c.obj
LOAD CMakeFiles/OSAHS_project.elf.dir/startup/startup_stm32f407xx.s.obj
LOAD C:\Users\jjj\Desktop\OSAHS_project\M8266WIFI\libM8266WIFIDrv_STM32F4xx.a
START GROUP
LOAD c:/progra~2/gnuarm~1/102021~1.10/bin/../lib/gcc/arm-none-eabi/10.3.1/thumb/v7e-m+fp/hard\libgcc.a
LOAD c:/progra~2/gnuarm~1/102021~1.10/bin/../lib/gcc/arm-none-eabi/10.3.1/../../../../arm-none-eabi/lib/thumb/v7e-m+fp/hard\libg.a
LOAD c:/progra~2/gnuarm~1/102021~1.10/bin/../lib/gcc/arm-none-eabi/10.3.1/../../../../arm-none-eabi/lib/thumb/v7e-m+fp/hard\libc.a
END GROUP
LOAD c:/progra~2/gnuarm~1/102021~1.10/bin/../lib/gcc/arm-none-eabi/10.3.1/thumb/v7e-m+fp/hard/crtend.o
LOAD c:/progra~2/gnuarm~1/102021~1.10/bin/../lib/gcc/arm-none-eabi/10.3.1/thumb/v7e-m+fp/hard/crtn.o
                0x20020000                _estack = 0x20020000
                0x00000400                _Min_Heap_Size = 0x400
                0x00001000                _Min_Stack_Size = 0x1000

.isr_vector     0x08000000      0x188
                0x08000000                . = ALIGN (0x4)
 *(.isr_vector)
 .isr_vector    0x08000000      0x188 CMakeFiles/OSAHS_project.elf.dir/startup/startup_stm32f407xx.s.obj
                0x08000000                g_pfnVectors
                0x08000188                . = ALIGN (0x4)

.text           0x080001a0     0xa5a4
                0x080001a0                . = ALIGN (0x4)
 *(.text)
 .text          0x080001a0       0x40 c:/progra~2/gnuarm~1/102021~1.10/bin/../lib/gcc/arm-none-eabi/10.3.1/thumb/v7e-m+fp/hard/crtbegin.o
 .text          0x080001e0      0x6a8 C:\Users\jjj\Desktop\OSAHS_project\M8266WIFI\libM8266WIFIDrv_STM32F4xx.a(M8266WIFIDrv_STM32F4xx.o)
                0x08000738                M8266WIFI_SPI_Interface_Communication_Stress_Test
                0x0800079e                M8266WIFI_SPI_Send_Data
                0x080007b2                M8266WIFI_SPI_Send_Udp_Data
                0x080007f0                M8266WIFI_SPI_Send_Data_to_TcpClient
                0x08000834                M8266WIFI_SPI_StartModuleSmartConfig
 .text          0x08000888      0x378 c:/progra~2/gnuarm~1/102021~1.10/bin/../lib/gcc/arm-none-eabi/10.3.1/thumb/v7e-m+fp/hard\libgcc.a(_arm_addsubdf3.o)
                0x08000888                __aeabi_drsub
                0x08000890                __aeabi_dsub
                0x08000890                __subdf3
                0x08000894                __aeabi_dadd
                0x08000894                __adddf3
                0x08000b0c                __floatunsidf
                0x08000b0c                __aeabi_ui2d
                0x08000b2c                __floatsidf
                0x08000b2c                __aeabi_i2d
                0x08000b50                __aeabi_f2d
                0x08000b50                __extendsfdf2
                0x08000b94                __floatundidf
                0x08000b94                __aeabi_ul2d
                0x08000ba4                __floatdidf
                0x08000ba4                __aeabi_l2d
 .text          0x08000c00      0x424 c:/progra~2/gnuarm~1/102021~1.10/bin/../lib/gcc/arm-none-eabi/10.3.1/thumb/v7e-m+fp/hard\libgcc.a(_arm_muldivdf3.o)
                0x08000c00                __aeabi_dmul
                0x08000c00                __muldf3
                0x08000e54                __divdf3
                0x08000e54                __aeabi_ddiv
 .text          0x08001024       0xa0 c:/progra~2/gnuarm~1/102021~1.10/bin/../lib/gcc/arm-none-eabi/10.3.1/thumb/v7e-m+fp/hard\libgcc.a(_arm_truncdfsf2.o)
                0x08001024                __truncdfsf2
                0x08001024                __aeabi_d2f
 .text          0x080010c4       0x30 c:/progra~2/gnuarm~1/102021~1.10/bin/../lib/gcc/arm-none-eabi/10.3.1/thumb/v7e-m+fp/hard\libgcc.a(_aeabi_uldivmod.o)
                0x080010c4                __aeabi_uldivmod
 .text          0x080010f4      0x2d0 c:/progra~2/gnuarm~1/102021~1.10/bin/../lib/gcc/arm-none-eabi/10.3.1/thumb/v7e-m+fp/hard\libgcc.a(_udivmoddi4.o)
                0x080010f4                __udivmoddi4
 .text          0x080013c4        0x4 c:/progra~2/gnuarm~1/102021~1.10/bin/../lib/gcc/arm-none-eabi/10.3.1/thumb/v7e-m+fp/hard\libgcc.a(_dvmd_tls.o)
                0x080013c4                __aeabi_idiv0
                0x080013c4                __aeabi_ldiv0
 .text          0x080013c8      0x134 c:/progra~2/gnuarm~1/102021~1.10/bin/../lib/gcc/arm-none-eabi/10.3.1/../../../../arm-none-eabi/lib/thumb/v7e-m+fp/hard\libg.a(lib_a-memcpy.o)
                0x080013c8                memcpy
 *fill*         0x080014fc        0x4 
 .text          0x08001500      0x2dc c:/progra~2/gnuarm~1/102021~1.10/bin/../lib/gcc/arm-none-eabi/10.3.1/../../../../arm-none-eabi/lib/thumb/v7e-m+fp/hard\libg.a(lib_a-strcmp.o)
                0x08001508                strcmp
 *(.text*)
 .text.Uint24ToUint32
                0x080017dc        0xe CMakeFiles/OSAHS_project.elf.dir/ADS1299/ADS1298.c.obj
                0x080017dc                Uint24ToUint32
 *fill*         0x080017ea        0x2 
 .text.transferSPI
                0x080017ec       0x34 CMakeFiles/OSAHS_project.elf.dir/ADS1299/ADS1298.c.obj
                0x080017ec                transferSPI
 .text.ADS_SDATAC
                0x08001820       0x28 CMakeFiles/OSAHS_project.elf.dir/ADS1299/ADS1298.c.obj
                0x08001820                ADS_SDATAC
 .text.ADS_START
                0x08001848       0x28 CMakeFiles/OSAHS_project.elf.dir/ADS1299/ADS1298.c.obj
                0x08001848                ADS_START
 .text.ADS_RESET
                0x08001870       0x34 CMakeFiles/OSAHS_project.elf.dir/ADS1299/ADS1298.c.obj
                0x08001870                ADS_RESET
 .text.ADS_RREG
                0x080018a4       0x44 CMakeFiles/OSAHS_project.elf.dir/ADS1299/ADS1298.c.obj
                0x080018a4                ADS_RREG
 .text.ADS_RREGS
                0x080018e8       0x50 CMakeFiles/OSAHS_project.elf.dir/ADS1299/ADS1298.c.obj
                0x080018e8                ADS_RREGS
 .text.ADS_WREG
                0x08001938       0x4c CMakeFiles/OSAHS_project.elf.dir/ADS1299/ADS1298.c.obj
                0x08001938                ADS_WREG
 .text.ADS_Init
                0x08001984      0x218 CMakeFiles/OSAHS_project.elf.dir/ADS1299/ADS1298.c.obj
                0x08001984                ADS_Init
 .text.ADS_RDATA
                0x08001b9c       0xfc CMakeFiles/OSAHS_project.elf.dir/ADS1299/ADS1298.c.obj
                0x08001b9c                ADS_RDATA
 .text.ADS_SendDataBuff
                0x08001c98       0x94 CMakeFiles/OSAHS_project.elf.dir/ADS1299/ADS1298.c.obj
                0x08001c98                ADS_SendDataBuff
 .text.MX_ADC1_Init
                0x08001d2c       0x70 CMakeFiles/OSAHS_project.elf.dir/Core/Src/adc.c.obj
                0x08001d2c                MX_ADC1_Init
 .text.MX_ADC2_Init
                0x08001d9c       0x70 CMakeFiles/OSAHS_project.elf.dir/Core/Src/adc.c.obj
                0x08001d9c                MX_ADC2_Init
 .text.HAL_ADC_MspInit
                0x08001e0c      0x13c CMakeFiles/OSAHS_project.elf.dir/Core/Src/adc.c.obj
                0x08001e0c                HAL_ADC_MspInit
 .text.power_detect
                0x08001f48       0xa8 CMakeFiles/OSAHS_project.elf.dir/Core/Src/adc.c.obj
                0x08001f48                power_detect
 .text.breath_init
                0x08001ff0       0x4c CMakeFiles/OSAHS_project.elf.dir/Core/Src/adc.c.obj
                0x08001ff0                breath_init
 .text.breath_send
                0x0800203c       0x84 CMakeFiles/OSAHS_project.elf.dir/Core/Src/adc.c.obj
                0x0800203c                breath_send
 .text.HAL_ADC_ConvCpltCallback
                0x080020c0       0x40 CMakeFiles/OSAHS_project.elf.dir/Core/Src/adc.c.obj
                0x080020c0                HAL_ADC_ConvCpltCallback
 .text.MX_DMA_Init
                0x08002100       0x88 CMakeFiles/OSAHS_project.elf.dir/Core/Src/dma.c.obj
                0x08002100                MX_DMA_Init
 .text.StartDefaultTask
                0x08002188       0x98 CMakeFiles/OSAHS_project.elf.dir/Core/Src/freertos.c.obj
                0x08002188                StartDefaultTask
 .text.StartRT_Task
                0x08002220        0xa CMakeFiles/OSAHS_project.elf.dir/Core/Src/freertos.c.obj
                0x08002220                StartRT_Task
 *fill*         0x0800222a        0x2 
 .text.StartBreath_Task
                0x0800222c       0x1c CMakeFiles/OSAHS_project.elf.dir/Core/Src/freertos.c.obj
                0x0800222c                StartBreath_Task
 .text.StartADS_Task
                0x08002248       0xcc CMakeFiles/OSAHS_project.elf.dir/Core/Src/freertos.c.obj
                0x08002248                StartADS_Task
 .text.vApplicationGetIdleTaskMemory
                0x08002314       0x18 CMakeFiles/OSAHS_project.elf.dir/Core/Src/freertos.c.obj
                0x08002314                vApplicationGetIdleTaskMemory
 .text.MX_FREERTOS_Init
                0x0800232c       0xe8 CMakeFiles/OSAHS_project.elf.dir/Core/Src/freertos.c.obj
                0x0800232c                MX_FREERTOS_Init
 .text.MX_GPIO_Init
                0x08002414      0x20c CMakeFiles/OSAHS_project.elf.dir/Core/Src/gpio.c.obj
                0x08002414                MX_GPIO_Init
 .text.RCCdelay_us
                0x08002620       0x1c CMakeFiles/OSAHS_project.elf.dir/Core/Src/main.c.obj
                0x08002620                RCCdelay_us
 .text.HAL_GPIO_EXTI_Callback
                0x0800263c       0x20 CMakeFiles/OSAHS_project.elf.dir/Core/Src/main.c.obj
                0x0800263c                HAL_GPIO_EXTI_Callback
 .text.HAL_TIM_PeriodElapsedCallback
                0x0800265c       0x18 CMakeFiles/OSAHS_project.elf.dir/Core/Src/main.c.obj
                0x0800265c                HAL_TIM_PeriodElapsedCallback
 .text.Error_Handler
                0x08002674        0x4 CMakeFiles/OSAHS_project.elf.dir/Core/Src/main.c.obj
                0x08002674                Error_Handler
 .text.SystemClock_Config
                0x08002678       0xa8 CMakeFiles/OSAHS_project.elf.dir/Core/Src/main.c.obj
                0x08002678                SystemClock_Config
 .text.main     0x08002720       0x44 CMakeFiles/OSAHS_project.elf.dir/Core/Src/main.c.obj
                0x08002720                main
 .text.MX_SDIO_SD_Init
                0x08002764       0x20 CMakeFiles/OSAHS_project.elf.dir/Core/Src/sdio.c.obj
                0x08002764                MX_SDIO_SD_Init
 .text.HAL_SD_MspInit
                0x08002784       0xa0 CMakeFiles/OSAHS_project.elf.dir/Core/Src/sdio.c.obj
                0x08002784                HAL_SD_MspInit
 .text.MX_SPI1_Init
                0x08002824       0x44 CMakeFiles/OSAHS_project.elf.dir/Core/Src/spi.c.obj
                0x08002824                MX_SPI1_Init
 .text.MX_SPI2_Init
                0x08002868       0x40 CMakeFiles/OSAHS_project.elf.dir/Core/Src/spi.c.obj
                0x08002868                MX_SPI2_Init
 .text.MX_SPI3_Init
                0x080028a8       0x44 CMakeFiles/OSAHS_project.elf.dir/Core/Src/spi.c.obj
                0x080028a8                MX_SPI3_Init
 .text.HAL_SPI_MspInit
                0x080028ec      0x198 CMakeFiles/OSAHS_project.elf.dir/Core/Src/spi.c.obj
                0x080028ec                HAL_SPI_MspInit
 .text.HAL_MspInit
                0x08002a84       0x44 CMakeFiles/OSAHS_project.elf.dir/Core/Src/stm32f4xx_hal_msp.c.obj
                0x08002a84                HAL_MspInit
 .text.HAL_InitTick
                0x08002ac8       0x7c CMakeFiles/OSAHS_project.elf.dir/Core/Src/stm32f4xx_hal_timebase_tim.c.obj
                0x08002ac8                HAL_InitTick
 .text.NMI_Handler
                0x08002b44        0x2 CMakeFiles/OSAHS_project.elf.dir/Core/Src/stm32f4xx_it.c.obj
                0x08002b44                NMI_Handler
 .text.HardFault_Handler
                0x08002b46        0x2 CMakeFiles/OSAHS_project.elf.dir/Core/Src/stm32f4xx_it.c.obj
                0x08002b46                HardFault_Handler
 .text.MemManage_Handler
                0x08002b48        0x2 CMakeFiles/OSAHS_project.elf.dir/Core/Src/stm32f4xx_it.c.obj
                0x08002b48                MemManage_Handler
 .text.BusFault_Handler
                0x08002b4a        0x2 CMakeFiles/OSAHS_project.elf.dir/Core/Src/stm32f4xx_it.c.obj
                0x08002b4a                BusFault_Handler
 .text.UsageFault_Handler
                0x08002b4c        0x2 CMakeFiles/OSAHS_project.elf.dir/Core/Src/stm32f4xx_it.c.obj
                0x08002b4c                UsageFault_Handler
 .text.DebugMon_Handler
                0x08002b4e        0x2 CMakeFiles/OSAHS_project.elf.dir/Core/Src/stm32f4xx_it.c.obj
                0x08002b4e                DebugMon_Handler
 .text.DMA1_Stream0_IRQHandler
                0x08002b50       0x10 CMakeFiles/OSAHS_project.elf.dir/Core/Src/stm32f4xx_it.c.obj
                0x08002b50                DMA1_Stream0_IRQHandler
 .text.DMA1_Stream1_IRQHandler
                0x08002b60       0x10 CMakeFiles/OSAHS_project.elf.dir/Core/Src/stm32f4xx_it.c.obj
                0x08002b60                DMA1_Stream1_IRQHandler
 .text.DMA1_Stream5_IRQHandler
                0x08002b70       0x10 CMakeFiles/OSAHS_project.elf.dir/Core/Src/stm32f4xx_it.c.obj
                0x08002b70                DMA1_Stream5_IRQHandler
 .text.TIM1_UP_TIM10_IRQHandler
                0x08002b80       0x10 CMakeFiles/OSAHS_project.elf.dir/Core/Src/stm32f4xx_it.c.obj
                0x08002b80                TIM1_UP_TIM10_IRQHandler
 .text.USART3_IRQHandler
                0x08002b90       0x50 CMakeFiles/OSAHS_project.elf.dir/Core/Src/stm32f4xx_it.c.obj
                0x08002b90                USART3_IRQHandler
 .text.EXTI15_10_IRQHandler
                0x08002be0        0xc CMakeFiles/OSAHS_project.elf.dir/Core/Src/stm32f4xx_it.c.obj
                0x08002be0                EXTI15_10_IRQHandler
 .text.DMA2_Stream2_IRQHandler
                0x08002bec       0x10 CMakeFiles/OSAHS_project.elf.dir/Core/Src/stm32f4xx_it.c.obj
                0x08002bec                DMA2_Stream2_IRQHandler
 .text.DMA2_Stream4_IRQHandler
                0x08002bfc       0x10 CMakeFiles/OSAHS_project.elf.dir/Core/Src/stm32f4xx_it.c.obj
                0x08002bfc                DMA2_Stream4_IRQHandler
 .text.SystemInit
                0x08002c0c       0x1c CMakeFiles/OSAHS_project.elf.dir/Core/Src/system_stm32f4xx.c.obj
                0x08002c0c                SystemInit
 .text.MX_TIM2_Init
                0x08002c28       0x80 CMakeFiles/OSAHS_project.elf.dir/Core/Src/tim.c.obj
                0x08002c28                MX_TIM2_Init
 .text.MX_TIM3_Init
                0x08002ca8       0x84 CMakeFiles/OSAHS_project.elf.dir/Core/Src/tim.c.obj
                0x08002ca8                MX_TIM3_Init
 .text.HAL_TIM_PWM_MspInit
                0x08002d2c       0x50 CMakeFiles/OSAHS_project.elf.dir/Core/Src/tim.c.obj
                0x08002d2c                HAL_TIM_PWM_MspInit
 .text.MX_USART3_UART_Init
                0x08002d7c       0x34 CMakeFiles/OSAHS_project.elf.dir/Core/Src/usart.c.obj
                0x08002d7c                MX_USART3_UART_Init
 .text.HAL_UART_MspInit
                0x08002db0       0xc4 CMakeFiles/OSAHS_project.elf.dir/Core/Src/usart.c.obj
                0x08002db0                HAL_UART_MspInit
 .text.HAL_Init
                0x08002e74       0x34 CMakeFiles/OSAHS_project.elf.dir/Drivers/STM32F4xx_HAL_Driver/Src/stm32f4xx_hal.c.obj
                0x08002e74                HAL_Init
 .text.HAL_IncTick
                0x08002ea8       0x18 CMakeFiles/OSAHS_project.elf.dir/Drivers/STM32F4xx_HAL_Driver/Src/stm32f4xx_hal.c.obj
                0x08002ea8                HAL_IncTick
 .text.HAL_GetTick
                0x08002ec0        0xc CMakeFiles/OSAHS_project.elf.dir/Drivers/STM32F4xx_HAL_Driver/Src/stm32f4xx_hal.c.obj
                0x08002ec0                HAL_GetTick
 .text.HAL_Delay
                0x08002ecc       0x28 CMakeFiles/OSAHS_project.elf.dir/Drivers/STM32F4xx_HAL_Driver/Src/stm32f4xx_hal.c.obj
                0x08002ecc                HAL_Delay
 .text.ADC_Init
                0x08002ef4      0x134 CMakeFiles/OSAHS_project.elf.dir/Drivers/STM32F4xx_HAL_Driver/Src/stm32f4xx_hal_adc.c.obj
 .text.HAL_ADC_Init
                0x08003028       0x56 CMakeFiles/OSAHS_project.elf.dir/Drivers/STM32F4xx_HAL_Driver/Src/stm32f4xx_hal_adc.c.obj
                0x08003028                HAL_ADC_Init
 *fill*         0x0800307e        0x2 
 .text.HAL_ADC_Start_DMA
                0x08003080      0x19c CMakeFiles/OSAHS_project.elf.dir/Drivers/STM32F4xx_HAL_Driver/Src/stm32f4xx_hal_adc.c.obj
                0x08003080                HAL_ADC_Start_DMA
 .text.HAL_ADC_ConvHalfCpltCallback
                0x0800321c        0x2 CMakeFiles/OSAHS_project.elf.dir/Drivers/STM32F4xx_HAL_Driver/Src/stm32f4xx_hal_adc.c.obj
                0x0800321c                HAL_ADC_ConvHalfCpltCallback
 .text.ADC_DMAHalfConvCplt
                0x0800321e        0xa CMakeFiles/OSAHS_project.elf.dir/Drivers/STM32F4xx_HAL_Driver/Src/stm32f4xx_hal_adc.c.obj
 .text.HAL_ADC_ErrorCallback
                0x08003228        0x2 CMakeFiles/OSAHS_project.elf.dir/Drivers/STM32F4xx_HAL_Driver/Src/stm32f4xx_hal_adc.c.obj
                0x08003228                HAL_ADC_ErrorCallback
 .text.ADC_DMAError
                0x0800322a       0x16 CMakeFiles/OSAHS_project.elf.dir/Drivers/STM32F4xx_HAL_Driver/Src/stm32f4xx_hal_adc.c.obj
 .text.ADC_DMAConvCplt
                0x08003240       0x72 CMakeFiles/OSAHS_project.elf.dir/Drivers/STM32F4xx_HAL_Driver/Src/stm32f4xx_hal_adc.c.obj
 *fill*         0x080032b2        0x2 
 .text.HAL_ADC_ConfigChannel
                0x080032b4      0x198 CMakeFiles/OSAHS_project.elf.dir/Drivers/STM32F4xx_HAL_Driver/Src/stm32f4xx_hal_adc.c.obj
                0x080032b4                HAL_ADC_ConfigChannel
 .text.HAL_NVIC_SetPriorityGrouping
                0x0800344c       0x24 CMakeFiles/OSAHS_project.elf.dir/Drivers/STM32F4xx_HAL_Driver/Src/stm32f4xx_hal_cortex.c.obj
                0x0800344c                HAL_NVIC_SetPriorityGrouping
 .text.HAL_NVIC_SetPriority
                0x08003470       0x70 CMakeFiles/OSAHS_project.elf.dir/Drivers/STM32F4xx_HAL_Driver/Src/stm32f4xx_hal_cortex.c.obj
                0x08003470                HAL_NVIC_SetPriority
 .text.HAL_NVIC_EnableIRQ
                0x080034e0       0x1c CMakeFiles/OSAHS_project.elf.dir/Drivers/STM32F4xx_HAL_Driver/Src/stm32f4xx_hal_cortex.c.obj
                0x080034e0                HAL_NVIC_EnableIRQ
 .text.DMA_SetConfig
                0x080034fc       0x2c CMakeFiles/OSAHS_project.elf.dir/Drivers/STM32F4xx_HAL_Driver/Src/stm32f4xx_hal_dma.c.obj
 .text.DMA_CalcBaseAndBitshift
                0x08003528       0x44 CMakeFiles/OSAHS_project.elf.dir/Drivers/STM32F4xx_HAL_Driver/Src/stm32f4xx_hal_dma.c.obj
 .text.DMA_CheckFifoParam
                0x0800356c       0x8e CMakeFiles/OSAHS_project.elf.dir/Drivers/STM32F4xx_HAL_Driver/Src/stm32f4xx_hal_dma.c.obj
 *fill*         0x080035fa        0x2 
 .text.HAL_DMA_Init
                0x080035fc       0xcc CMakeFiles/OSAHS_project.elf.dir/Drivers/STM32F4xx_HAL_Driver/Src/stm32f4xx_hal_dma.c.obj
                0x080035fc                HAL_DMA_Init
 .text.HAL_DMA_Start_IT
                0x080036c8       0x6a CMakeFiles/OSAHS_project.elf.dir/Drivers/STM32F4xx_HAL_Driver/Src/stm32f4xx_hal_dma.c.obj
                0x080036c8                HAL_DMA_Start_IT
 .text.HAL_DMA_Abort
                0x08003732       0x94 CMakeFiles/OSAHS_project.elf.dir/Drivers/STM32F4xx_HAL_Driver/Src/stm32f4xx_hal_dma.c.obj
                0x08003732                HAL_DMA_Abort
 .text.HAL_DMA_Abort_IT
                0x080037c6       0x26 CMakeFiles/OSAHS_project.elf.dir/Drivers/STM32F4xx_HAL_Driver/Src/stm32f4xx_hal_dma.c.obj
                0x080037c6                HAL_DMA_Abort_IT
 .text.HAL_DMA_IRQHandler
                0x080037ec      0x1dc CMakeFiles/OSAHS_project.elf.dir/Drivers/STM32F4xx_HAL_Driver/Src/stm32f4xx_hal_dma.c.obj
                0x080037ec                HAL_DMA_IRQHandler
 .text.HAL_DMA_GetError
                0x080039c8        0x4 CMakeFiles/OSAHS_project.elf.dir/Drivers/STM32F4xx_HAL_Driver/Src/stm32f4xx_hal_dma.c.obj
                0x080039c8                HAL_DMA_GetError
 .text.HAL_GPIO_Init
                0x080039cc      0x1e4 CMakeFiles/OSAHS_project.elf.dir/Drivers/STM32F4xx_HAL_Driver/Src/stm32f4xx_hal_gpio.c.obj
                0x080039cc                HAL_GPIO_Init
 .text.HAL_GPIO_ReadPin
                0x08003bb0        0xe CMakeFiles/OSAHS_project.elf.dir/Drivers/STM32F4xx_HAL_Driver/Src/stm32f4xx_hal_gpio.c.obj
                0x08003bb0                HAL_GPIO_ReadPin
 .text.HAL_GPIO_WritePin
                0x08003bbe        0xc CMakeFiles/OSAHS_project.elf.dir/Drivers/STM32F4xx_HAL_Driver/Src/stm32f4xx_hal_gpio.c.obj
                0x08003bbe                HAL_GPIO_WritePin
 *fill*         0x08003bca        0x2 
 .text.HAL_GPIO_EXTI_IRQHandler
                0x08003bcc       0x1c CMakeFiles/OSAHS_project.elf.dir/Drivers/STM32F4xx_HAL_Driver/Src/stm32f4xx_hal_gpio.c.obj
                0x08003bcc                HAL_GPIO_EXTI_IRQHandler
 .text.HAL_RCC_OscConfig
                0x08003be8      0x3f8 CMakeFiles/OSAHS_project.elf.dir/Drivers/STM32F4xx_HAL_Driver/Src/stm32f4xx_hal_rcc.c.obj
                0x08003be8                HAL_RCC_OscConfig
 .text.HAL_RCC_GetSysClockFreq
                0x08003fe0       0xd4 CMakeFiles/OSAHS_project.elf.dir/Drivers/STM32F4xx_HAL_Driver/Src/stm32f4xx_hal_rcc.c.obj
                0x08003fe0                HAL_RCC_GetSysClockFreq
 .text.HAL_RCC_ClockConfig
                0x080040b4      0x160 CMakeFiles/OSAHS_project.elf.dir/Drivers/STM32F4xx_HAL_Driver/Src/stm32f4xx_hal_rcc.c.obj
                0x080040b4                HAL_RCC_ClockConfig
 .text.HAL_RCC_GetHCLKFreq
                0x08004214        0xc CMakeFiles/OSAHS_project.elf.dir/Drivers/STM32F4xx_HAL_Driver/Src/stm32f4xx_hal_rcc.c.obj
                0x08004214                HAL_RCC_GetHCLKFreq
 .text.HAL_RCC_GetPCLK1Freq
                0x08004220       0x20 CMakeFiles/OSAHS_project.elf.dir/Drivers/STM32F4xx_HAL_Driver/Src/stm32f4xx_hal_rcc.c.obj
                0x08004220                HAL_RCC_GetPCLK1Freq
 .text.HAL_RCC_GetPCLK2Freq
                0x08004240       0x20 CMakeFiles/OSAHS_project.elf.dir/Drivers/STM32F4xx_HAL_Driver/Src/stm32f4xx_hal_rcc.c.obj
                0x08004240                HAL_RCC_GetPCLK2Freq
 .text.HAL_RCC_GetClockConfig
                0x08004260       0x3c CMakeFiles/OSAHS_project.elf.dir/Drivers/STM32F4xx_HAL_Driver/Src/stm32f4xx_hal_rcc.c.obj
                0x08004260                HAL_RCC_GetClockConfig
 .text.SD_DMATransmitCplt
                0x0800429c        0xe CMakeFiles/OSAHS_project.elf.dir/Drivers/STM32F4xx_HAL_Driver/Src/stm32f4xx_hal_sd.c.obj
 *fill*         0x080042aa        0x2 
 .text.SD_PowerON
                0x080042ac       0xc0 CMakeFiles/OSAHS_project.elf.dir/Drivers/STM32F4xx_HAL_Driver/Src/stm32f4xx_hal_sd.c.obj
 .text.SD_FindSCR
                0x0800436c      0x100 CMakeFiles/OSAHS_project.elf.dir/Drivers/STM32F4xx_HAL_Driver/Src/stm32f4xx_hal_sd.c.obj
 .text.SD_WideBus_Enable
                0x0800446c       0x4e CMakeFiles/OSAHS_project.elf.dir/Drivers/STM32F4xx_HAL_Driver/Src/stm32f4xx_hal_sd.c.obj
 .text.SD_WideBus_Disable
                0x080044ba       0x4e CMakeFiles/OSAHS_project.elf.dir/Drivers/STM32F4xx_HAL_Driver/Src/stm32f4xx_hal_sd.c.obj
 .text.SD_SendStatus
                0x08004508       0x2c CMakeFiles/OSAHS_project.elf.dir/Drivers/STM32F4xx_HAL_Driver/Src/stm32f4xx_hal_sd.c.obj
 .text.HAL_SD_ReadBlocks_DMA
                0x08004534      0x138 CMakeFiles/OSAHS_project.elf.dir/Drivers/STM32F4xx_HAL_Driver/Src/stm32f4xx_hal_sd.c.obj
                0x08004534                HAL_SD_ReadBlocks_DMA
 .text.HAL_SD_WriteBlocks_DMA
                0x0800466c      0x13c CMakeFiles/OSAHS_project.elf.dir/Drivers/STM32F4xx_HAL_Driver/Src/stm32f4xx_hal_sd.c.obj
                0x0800466c                HAL_SD_WriteBlocks_DMA
 .text.HAL_SD_ErrorCallback
                0x080047a8        0x2 CMakeFiles/OSAHS_project.elf.dir/Drivers/STM32F4xx_HAL_Driver/Src/stm32f4xx_hal_sd.c.obj
                0x080047a8                HAL_SD_ErrorCallback
 .text.SD_DMAReceiveCplt
                0x080047aa       0x48 CMakeFiles/OSAHS_project.elf.dir/Drivers/STM32F4xx_HAL_Driver/Src/stm32f4xx_hal_sd.c.obj
 *fill*         0x080047f2        0x2 
 .text.HAL_SD_GetCardCSD
                0x080047f4      0x1b8 CMakeFiles/OSAHS_project.elf.dir/Drivers/STM32F4xx_HAL_Driver/Src/stm32f4xx_hal_sd.c.obj
                0x080047f4                HAL_SD_GetCardCSD
 .text.SD_InitCard
                0x080049ac      0x100 CMakeFiles/OSAHS_project.elf.dir/Drivers/STM32F4xx_HAL_Driver/Src/stm32f4xx_hal_sd.c.obj
 .text.HAL_SD_InitCard
                0x08004aac       0xa0 CMakeFiles/OSAHS_project.elf.dir/Drivers/STM32F4xx_HAL_Driver/Src/stm32f4xx_hal_sd.c.obj
                0x08004aac                HAL_SD_InitCard
 .text.HAL_SD_Init
                0x08004b4c       0x36 CMakeFiles/OSAHS_project.elf.dir/Drivers/STM32F4xx_HAL_Driver/Src/stm32f4xx_hal_sd.c.obj
                0x08004b4c                HAL_SD_Init
 .text.HAL_SD_GetCardInfo
                0x08004b82       0x24 CMakeFiles/OSAHS_project.elf.dir/Drivers/STM32F4xx_HAL_Driver/Src/stm32f4xx_hal_sd.c.obj
                0x08004b82                HAL_SD_GetCardInfo
 *fill*         0x08004ba6        0x2 
 .text.HAL_SD_ConfigWideBusOperation
                0x08004ba8       0xc0 CMakeFiles/OSAHS_project.elf.dir/Drivers/STM32F4xx_HAL_Driver/Src/stm32f4xx_hal_sd.c.obj
                0x08004ba8                HAL_SD_ConfigWideBusOperation
 .text.HAL_SD_GetCardState
                0x08004c68       0x22 CMakeFiles/OSAHS_project.elf.dir/Drivers/STM32F4xx_HAL_Driver/Src/stm32f4xx_hal_sd.c.obj
                0x08004c68                HAL_SD_GetCardState
 *fill*         0x08004c8a        0x2 
 .text.SD_DMAError
                0x08004c8c       0x68 CMakeFiles/OSAHS_project.elf.dir/Drivers/STM32F4xx_HAL_Driver/Src/stm32f4xx_hal_sd.c.obj
 .text.SPI_WaitFlagStateUntilTimeout
                0x08004cf4       0xd4 CMakeFiles/OSAHS_project.elf.dir/Drivers/STM32F4xx_HAL_Driver/Src/stm32f4xx_hal_spi.c.obj
 .text.SPI_EndRxTxTransaction
                0x08004dc8       0x68 CMakeFiles/OSAHS_project.elf.dir/Drivers/STM32F4xx_HAL_Driver/Src/stm32f4xx_hal_spi.c.obj
 .text.HAL_SPI_Init
                0x08004e30       0xbe CMakeFiles/OSAHS_project.elf.dir/Drivers/STM32F4xx_HAL_Driver/Src/stm32f4xx_hal_spi.c.obj
                0x08004e30                HAL_SPI_Init
 .text.HAL_SPI_TransmitReceive
                0x08004eee      0x238 CMakeFiles/OSAHS_project.elf.dir/Drivers/STM32F4xx_HAL_Driver/Src/stm32f4xx_hal_spi.c.obj
                0x08004eee                HAL_SPI_TransmitReceive
 *fill*         0x08005126        0x2 
 .text.TIM_OC1_SetConfig
                0x08005128       0x68 CMakeFiles/OSAHS_project.elf.dir/Drivers/STM32F4xx_HAL_Driver/Src/stm32f4xx_hal_tim.c.obj
 .text.TIM_OC3_SetConfig
                0x08005190       0x70 CMakeFiles/OSAHS_project.elf.dir/Drivers/STM32F4xx_HAL_Driver/Src/stm32f4xx_hal_tim.c.obj
 .text.TIM_OC4_SetConfig
                0x08005200       0x50 CMakeFiles/OSAHS_project.elf.dir/Drivers/STM32F4xx_HAL_Driver/Src/stm32f4xx_hal_tim.c.obj
 .text.HAL_TIM_Base_MspInit
                0x08005250        0x2 CMakeFiles/OSAHS_project.elf.dir/Drivers/STM32F4xx_HAL_Driver/Src/stm32f4xx_hal_tim.c.obj
                0x08005250                HAL_TIM_Base_MspInit
 *fill*         0x08005252        0x2 
 .text.HAL_TIM_Base_Start_IT
                0x08005254       0x88 CMakeFiles/OSAHS_project.elf.dir/Drivers/STM32F4xx_HAL_Driver/Src/stm32f4xx_hal_tim.c.obj
                0x08005254                HAL_TIM_Base_Start_IT
 .text.HAL_TIM_OC_DelayElapsedCallback
                0x080052dc        0x2 CMakeFiles/OSAHS_project.elf.dir/Drivers/STM32F4xx_HAL_Driver/Src/stm32f4xx_hal_tim.c.obj
                0x080052dc                HAL_TIM_OC_DelayElapsedCallback
 .text.HAL_TIM_IC_CaptureCallback
                0x080052de        0x2 CMakeFiles/OSAHS_project.elf.dir/Drivers/STM32F4xx_HAL_Driver/Src/stm32f4xx_hal_tim.c.obj
                0x080052de                HAL_TIM_IC_CaptureCallback
 .text.HAL_TIM_PWM_PulseFinishedCallback
                0x080052e0        0x2 CMakeFiles/OSAHS_project.elf.dir/Drivers/STM32F4xx_HAL_Driver/Src/stm32f4xx_hal_tim.c.obj
                0x080052e0                HAL_TIM_PWM_PulseFinishedCallback
 .text.HAL_TIM_TriggerCallback
                0x080052e2        0x2 CMakeFiles/OSAHS_project.elf.dir/Drivers/STM32F4xx_HAL_Driver/Src/stm32f4xx_hal_tim.c.obj
                0x080052e2                HAL_TIM_TriggerCallback
 .text.HAL_TIM_IRQHandler
                0x080052e4      0x17a CMakeFiles/OSAHS_project.elf.dir/Drivers/STM32F4xx_HAL_Driver/Src/stm32f4xx_hal_tim.c.obj
                0x080052e4                HAL_TIM_IRQHandler
 *fill*         0x0800545e        0x2 
 .text.TIM_Base_SetConfig
                0x08005460       0xc8 CMakeFiles/OSAHS_project.elf.dir/Drivers/STM32F4xx_HAL_Driver/Src/stm32f4xx_hal_tim.c.obj
                0x08005460                TIM_Base_SetConfig
 .text.HAL_TIM_Base_Init
                0x08005528       0x58 CMakeFiles/OSAHS_project.elf.dir/Drivers/STM32F4xx_HAL_Driver/Src/stm32f4xx_hal_tim.c.obj
                0x08005528                HAL_TIM_Base_Init
 .text.HAL_TIM_PWM_Init
                0x08005580       0x58 CMakeFiles/OSAHS_project.elf.dir/Drivers/STM32F4xx_HAL_Driver/Src/stm32f4xx_hal_tim.c.obj
                0x08005580                HAL_TIM_PWM_Init
 .text.TIM_OC2_SetConfig
                0x080055d8       0x70 CMakeFiles/OSAHS_project.elf.dir/Drivers/STM32F4xx_HAL_Driver/Src/stm32f4xx_hal_tim.c.obj
                0x080055d8                TIM_OC2_SetConfig
 .text.HAL_TIM_PWM_ConfigChannel
                0x08005648       0xdc CMakeFiles/OSAHS_project.elf.dir/Drivers/STM32F4xx_HAL_Driver/Src/stm32f4xx_hal_tim.c.obj
                0x08005648                HAL_TIM_PWM_ConfigChannel
 .text.TIM_CCxChannelCmd
                0x08005724       0x1e CMakeFiles/OSAHS_project.elf.dir/Drivers/STM32F4xx_HAL_Driver/Src/stm32f4xx_hal_tim.c.obj
                0x08005724                TIM_CCxChannelCmd
 *fill*         0x08005742        0x2 
 .text.HAL_TIM_PWM_Start
                0x08005744      0x104 CMakeFiles/OSAHS_project.elf.dir/Drivers/STM32F4xx_HAL_Driver/Src/stm32f4xx_hal_tim.c.obj
                0x08005744                HAL_TIM_PWM_Start
 .text.HAL_TIMEx_MasterConfigSynchronization
                0x08005848       0x8c CMakeFiles/OSAHS_project.elf.dir/Drivers/STM32F4xx_HAL_Driver/Src/stm32f4xx_hal_tim_ex.c.obj
                0x08005848                HAL_TIMEx_MasterConfigSynchronization
 .text.HAL_TIMEx_CommutCallback
                0x080058d4        0x2 CMakeFiles/OSAHS_project.elf.dir/Drivers/STM32F4xx_HAL_Driver/Src/stm32f4xx_hal_tim_ex.c.obj
                0x080058d4                HAL_TIMEx_CommutCallback
 .text.HAL_TIMEx_BreakCallback
                0x080058d6        0x2 CMakeFiles/OSAHS_project.elf.dir/Drivers/STM32F4xx_HAL_Driver/Src/stm32f4xx_hal_tim_ex.c.obj
                0x080058d6                HAL_TIMEx_BreakCallback
 .text.UART_EndTxTransfer
                0x080058d8       0x20 CMakeFiles/OSAHS_project.elf.dir/Drivers/STM32F4xx_HAL_Driver/Src/stm32f4xx_hal_uart.c.obj
 .text.UART_EndRxTransfer
                0x080058f8       0x5c CMakeFiles/OSAHS_project.elf.dir/Drivers/STM32F4xx_HAL_Driver/Src/stm32f4xx_hal_uart.c.obj
 .text.UART_Transmit_IT
                0x08005954       0x60 CMakeFiles/OSAHS_project.elf.dir/Drivers/STM32F4xx_HAL_Driver/Src/stm32f4xx_hal_uart.c.obj
 .text.UART_SetConfig
                0x080059b4      0x110 CMakeFiles/OSAHS_project.elf.dir/Drivers/STM32F4xx_HAL_Driver/Src/stm32f4xx_hal_uart.c.obj
 .text.HAL_UART_Init
                0x08005ac4       0x5e CMakeFiles/OSAHS_project.elf.dir/Drivers/STM32F4xx_HAL_Driver/Src/stm32f4xx_hal_uart.c.obj
                0x08005ac4                HAL_UART_Init
 .text.HAL_UART_DMAStop
                0x08005b22       0x84 CMakeFiles/OSAHS_project.elf.dir/Drivers/STM32F4xx_HAL_Driver/Src/stm32f4xx_hal_uart.c.obj
                0x08005b22                HAL_UART_DMAStop
 .text.HAL_UART_TxCpltCallback
                0x08005ba6        0x2 CMakeFiles/OSAHS_project.elf.dir/Drivers/STM32F4xx_HAL_Driver/Src/stm32f4xx_hal_uart.c.obj
                0x08005ba6                HAL_UART_TxCpltCallback
 .text.UART_EndTransmit_IT
                0x08005ba8       0x1a CMakeFiles/OSAHS_project.elf.dir/Drivers/STM32F4xx_HAL_Driver/Src/stm32f4xx_hal_uart.c.obj
 .text.HAL_UART_RxCpltCallback
                0x08005bc2        0x2 CMakeFiles/OSAHS_project.elf.dir/Drivers/STM32F4xx_HAL_Driver/Src/stm32f4xx_hal_uart.c.obj
                0x08005bc2                HAL_UART_RxCpltCallback
 .text.HAL_UART_RxHalfCpltCallback
                0x08005bc4        0x2 CMakeFiles/OSAHS_project.elf.dir/Drivers/STM32F4xx_HAL_Driver/Src/stm32f4xx_hal_uart.c.obj
                0x08005bc4                HAL_UART_RxHalfCpltCallback
 .text.HAL_UART_ErrorCallback
                0x08005bc6        0x2 CMakeFiles/OSAHS_project.elf.dir/Drivers/STM32F4xx_HAL_Driver/Src/stm32f4xx_hal_uart.c.obj
                0x08005bc6                HAL_UART_ErrorCallback
 .text.UART_DMAError
                0x08005bc8       0x58 CMakeFiles/OSAHS_project.elf.dir/Drivers/STM32F4xx_HAL_Driver/Src/stm32f4xx_hal_uart.c.obj
 .text.UART_DMAAbortOnError
                0x08005c20       0x10 CMakeFiles/OSAHS_project.elf.dir/Drivers/STM32F4xx_HAL_Driver/Src/stm32f4xx_hal_uart.c.obj
 .text.HAL_UARTEx_RxEventCallback
                0x08005c30        0x2 CMakeFiles/OSAHS_project.elf.dir/Drivers/STM32F4xx_HAL_Driver/Src/stm32f4xx_hal_uart.c.obj
                0x08005c30                HAL_UARTEx_RxEventCallback
 .text.UART_Receive_IT
                0x08005c32       0xe2 CMakeFiles/OSAHS_project.elf.dir/Drivers/STM32F4xx_HAL_Driver/Src/stm32f4xx_hal_uart.c.obj
 .text.HAL_UART_IRQHandler
                0x08005d14      0x280 CMakeFiles/OSAHS_project.elf.dir/Drivers/STM32F4xx_HAL_Driver/Src/stm32f4xx_hal_uart.c.obj
                0x08005d14                HAL_UART_IRQHandler
 .text.UART_DMARxHalfCplt
                0x08005f94       0x1a CMakeFiles/OSAHS_project.elf.dir/Drivers/STM32F4xx_HAL_Driver/Src/stm32f4xx_hal_uart.c.obj
 .text.UART_DMAReceiveCplt
                0x08005fae       0x96 CMakeFiles/OSAHS_project.elf.dir/Drivers/STM32F4xx_HAL_Driver/Src/stm32f4xx_hal_uart.c.obj
 .text.UART_Start_Receive_DMA
                0x08006044       0xa4 CMakeFiles/OSAHS_project.elf.dir/Drivers/STM32F4xx_HAL_Driver/Src/stm32f4xx_hal_uart.c.obj
                0x08006044                UART_Start_Receive_DMA
 .text.HAL_UART_Receive_DMA
                0x080060e8       0x38 CMakeFiles/OSAHS_project.elf.dir/Drivers/STM32F4xx_HAL_Driver/Src/stm32f4xx_hal_uart.c.obj
                0x080060e8                HAL_UART_Receive_DMA
 .text.SDMMC_GetCmdError
                0x08006120       0x38 CMakeFiles/OSAHS_project.elf.dir/Drivers/STM32F4xx_HAL_Driver/Src/stm32f4xx_ll_sdmmc.c.obj
 .text.SDMMC_GetCmdResp2
                0x08006158       0x5c CMakeFiles/OSAHS_project.elf.dir/Drivers/STM32F4xx_HAL_Driver/Src/stm32f4xx_ll_sdmmc.c.obj
 .text.SDMMC_GetCmdResp3
                0x080061b4       0x4c CMakeFiles/OSAHS_project.elf.dir/Drivers/STM32F4xx_HAL_Driver/Src/stm32f4xx_ll_sdmmc.c.obj
 .text.SDMMC_GetCmdResp7
                0x08006200       0x64 CMakeFiles/OSAHS_project.elf.dir/Drivers/STM32F4xx_HAL_Driver/Src/stm32f4xx_ll_sdmmc.c.obj
 .text.SDIO_Init
                0x08006264       0x32 CMakeFiles/OSAHS_project.elf.dir/Drivers/STM32F4xx_HAL_Driver/Src/stm32f4xx_ll_sdmmc.c.obj
                0x08006264                SDIO_Init
 .text.SDIO_ReadFIFO
                0x08006296        0x6 CMakeFiles/OSAHS_project.elf.dir/Drivers/STM32F4xx_HAL_Driver/Src/stm32f4xx_ll_sdmmc.c.obj
                0x08006296                SDIO_ReadFIFO
 .text.SDIO_PowerState_ON
                0x0800629c       0x10 CMakeFiles/OSAHS_project.elf.dir/Drivers/STM32F4xx_HAL_Driver/Src/stm32f4xx_ll_sdmmc.c.obj
                0x0800629c                SDIO_PowerState_ON
 .text.SDIO_GetPowerState
                0x080062ac        0x8 CMakeFiles/OSAHS_project.elf.dir/Drivers/STM32F4xx_HAL_Driver/Src/stm32f4xx_ll_sdmmc.c.obj
                0x080062ac                SDIO_GetPowerState
 .text.SDIO_SendCommand
                0x080062b4       0x24 CMakeFiles/OSAHS_project.elf.dir/Drivers/STM32F4xx_HAL_Driver/Src/stm32f4xx_ll_sdmmc.c.obj
                0x080062b4                SDIO_SendCommand
 .text.SDIO_GetCommandResponse
                0x080062d8        0x6 CMakeFiles/OSAHS_project.elf.dir/Drivers/STM32F4xx_HAL_Driver/Src/stm32f4xx_ll_sdmmc.c.obj
                0x080062d8                SDIO_GetCommandResponse
 .text.SDIO_GetResponse
                0x080062de        0x6 CMakeFiles/OSAHS_project.elf.dir/Drivers/STM32F4xx_HAL_Driver/Src/stm32f4xx_ll_sdmmc.c.obj
                0x080062de                SDIO_GetResponse
 .text.SDMMC_GetCmdResp1
                0x080062e4      0x154 CMakeFiles/OSAHS_project.elf.dir/Drivers/STM32F4xx_HAL_Driver/Src/stm32f4xx_ll_sdmmc.c.obj
 .text.SDMMC_GetCmdResp6
                0x08006438       0xa0 CMakeFiles/OSAHS_project.elf.dir/Drivers/STM32F4xx_HAL_Driver/Src/stm32f4xx_ll_sdmmc.c.obj
 .text.SDIO_ConfigData
                0x080064d8       0x24 CMakeFiles/OSAHS_project.elf.dir/Drivers/STM32F4xx_HAL_Driver/Src/stm32f4xx_ll_sdmmc.c.obj
                0x080064d8                SDIO_ConfigData
 .text.SDMMC_CmdBlockLength
                0x080064fc       0x30 CMakeFiles/OSAHS_project.elf.dir/Drivers/STM32F4xx_HAL_Driver/Src/stm32f4xx_ll_sdmmc.c.obj
                0x080064fc                SDMMC_CmdBlockLength
 .text.SDMMC_CmdReadSingleBlock
                0x0800652c       0x30 CMakeFiles/OSAHS_project.elf.dir/Drivers/STM32F4xx_HAL_Driver/Src/stm32f4xx_ll_sdmmc.c.obj
                0x0800652c                SDMMC_CmdReadSingleBlock
 .text.SDMMC_CmdReadMultiBlock
                0x0800655c       0x30 CMakeFiles/OSAHS_project.elf.dir/Drivers/STM32F4xx_HAL_Driver/Src/stm32f4xx_ll_sdmmc.c.obj
                0x0800655c                SDMMC_CmdReadMultiBlock
 .text.SDMMC_CmdWriteSingleBlock
                0x0800658c       0x30 CMakeFiles/OSAHS_project.elf.dir/Drivers/STM32F4xx_HAL_Driver/Src/stm32f4xx_ll_sdmmc.c.obj
                0x0800658c                SDMMC_CmdWriteSingleBlock
 .text.SDMMC_CmdWriteMultiBlock
                0x080065bc       0x30 CMakeFiles/OSAHS_project.elf.dir/Drivers/STM32F4xx_HAL_Driver/Src/stm32f4xx_ll_sdmmc.c.obj
                0x080065bc                SDMMC_CmdWriteMultiBlock
 .text.SDMMC_CmdStopTransfer
                0x080065ec       0x34 CMakeFiles/OSAHS_project.elf.dir/Drivers/STM32F4xx_HAL_Driver/Src/stm32f4xx_ll_sdmmc.c.obj
                0x080065ec                SDMMC_CmdStopTransfer
 .text.SDMMC_CmdSelDesel
                0x08006620       0x30 CMakeFiles/OSAHS_project.elf.dir/Drivers/STM32F4xx_HAL_Driver/Src/stm32f4xx_ll_sdmmc.c.obj
                0x08006620                SDMMC_CmdSelDesel
 .text.SDMMC_CmdGoIdleState
                0x08006650       0x26 CMakeFiles/OSAHS_project.elf.dir/Drivers/STM32F4xx_HAL_Driver/Src/stm32f4xx_ll_sdmmc.c.obj
                0x08006650                SDMMC_CmdGoIdleState
 .text.SDMMC_CmdOperCond
                0x08006676       0x2e CMakeFiles/OSAHS_project.elf.dir/Drivers/STM32F4xx_HAL_Driver/Src/stm32f4xx_ll_sdmmc.c.obj
                0x08006676                SDMMC_CmdOperCond
 .text.SDMMC_CmdAppCommand
                0x080066a4       0x30 CMakeFiles/OSAHS_project.elf.dir/Drivers/STM32F4xx_HAL_Driver/Src/stm32f4xx_ll_sdmmc.c.obj
                0x080066a4                SDMMC_CmdAppCommand
 .text.SDMMC_CmdAppOperCommand
                0x080066d4       0x32 CMakeFiles/OSAHS_project.elf.dir/Drivers/STM32F4xx_HAL_Driver/Src/stm32f4xx_ll_sdmmc.c.obj
                0x080066d4                SDMMC_CmdAppOperCommand
 .text.SDMMC_CmdBusWidth
                0x08006706       0x30 CMakeFiles/OSAHS_project.elf.dir/Drivers/STM32F4xx_HAL_Driver/Src/stm32f4xx_ll_sdmmc.c.obj
                0x08006706                SDMMC_CmdBusWidth
 .text.SDMMC_CmdSendSCR
                0x08006736       0x30 CMakeFiles/OSAHS_project.elf.dir/Drivers/STM32F4xx_HAL_Driver/Src/stm32f4xx_ll_sdmmc.c.obj
                0x08006736                SDMMC_CmdSendSCR
 .text.SDMMC_CmdSendCID
                0x08006766       0x2a CMakeFiles/OSAHS_project.elf.dir/Drivers/STM32F4xx_HAL_Driver/Src/stm32f4xx_ll_sdmmc.c.obj
                0x08006766                SDMMC_CmdSendCID
 .text.SDMMC_CmdSendCSD
                0x08006790       0x2a CMakeFiles/OSAHS_project.elf.dir/Drivers/STM32F4xx_HAL_Driver/Src/stm32f4xx_ll_sdmmc.c.obj
                0x08006790                SDMMC_CmdSendCSD
 .text.SDMMC_CmdSetRelAdd
                0x080067ba       0x30 CMakeFiles/OSAHS_project.elf.dir/Drivers/STM32F4xx_HAL_Driver/Src/stm32f4xx_ll_sdmmc.c.obj
                0x080067ba                SDMMC_CmdSetRelAdd
 .text.SDMMC_CmdSendStatus
                0x080067ea       0x30 CMakeFiles/OSAHS_project.elf.dir/Drivers/STM32F4xx_HAL_Driver/Src/stm32f4xx_ll_sdmmc.c.obj
                0x080067ea                SDMMC_CmdSendStatus
 *fill*         0x0800681a        0x2 
 .text.MX_FATFS_Init
                0x0800681c       0x1c CMakeFiles/OSAHS_project.elf.dir/FATFS/App/fatfs.c.obj
                0x0800681c                MX_FATFS_Init
 .text.BSP_SD_ReadBlocks_DMA
                0x08006838       0x18 CMakeFiles/OSAHS_project.elf.dir/FATFS/Target/bsp_driver_sd.c.obj
                0x08006838                BSP_SD_ReadBlocks_DMA
 .text.BSP_SD_WriteBlocks_DMA
                0x08006850       0x18 CMakeFiles/OSAHS_project.elf.dir/FATFS/Target/bsp_driver_sd.c.obj
                0x08006850                BSP_SD_WriteBlocks_DMA
 .text.BSP_SD_GetCardState
                0x08006868       0x14 CMakeFiles/OSAHS_project.elf.dir/FATFS/Target/bsp_driver_sd.c.obj
                0x08006868                BSP_SD_GetCardState
 .text.BSP_SD_GetCardInfo
                0x0800687c       0x10 CMakeFiles/OSAHS_project.elf.dir/FATFS/Target/bsp_driver_sd.c.obj
                0x0800687c                BSP_SD_GetCardInfo
 .text.HAL_SD_RxCpltCallback
                0x0800688c        0x8 CMakeFiles/OSAHS_project.elf.dir/FATFS/Target/bsp_driver_sd.c.obj
                0x0800688c                HAL_SD_RxCpltCallback
 .text.BSP_SD_IsDetected
                0x08006894       0x20 CMakeFiles/OSAHS_project.elf.dir/FATFS/Target/bsp_driver_sd.c.obj
                0x08006894                BSP_SD_IsDetected
 .text.BSP_SD_Init
                0x080068b4       0x34 CMakeFiles/OSAHS_project.elf.dir/FATFS/Target/bsp_driver_sd.c.obj
                0x080068b4                BSP_SD_Init
 .text.BSP_PlatformIsDetected
                0x080068e8       0x1c CMakeFiles/OSAHS_project.elf.dir/FATFS/Target/fatfs_platform.c.obj
                0x080068e8                BSP_PlatformIsDetected
 .text.SD_CheckStatus
                0x08006904       0x24 CMakeFiles/OSAHS_project.elf.dir/FATFS/Target/sd_diskio.c.obj
 .text.SD_initialize
                0x08006928       0x74 CMakeFiles/OSAHS_project.elf.dir/FATFS/Target/sd_diskio.c.obj
                0x08006928                SD_initialize
 .text.SD_status
                0x0800699c        0x8 CMakeFiles/OSAHS_project.elf.dir/FATFS/Target/sd_diskio.c.obj
                0x0800699c                SD_status
 .text.SD_CheckStatusWithTimeout
                0x080069a4       0x26 CMakeFiles/OSAHS_project.elf.dir/FATFS/Target/sd_diskio.c.obj
 *fill*         0x080069ca        0x2 
 .text.SD_read  0x080069cc       0x74 CMakeFiles/OSAHS_project.elf.dir/FATFS/Target/sd_diskio.c.obj
                0x080069cc                SD_read
 .text.SD_write
                0x08006a40       0x74 CMakeFiles/OSAHS_project.elf.dir/FATFS/Target/sd_diskio.c.obj
                0x08006a40                SD_write
 .text.SD_ioctl
                0x08006ab4       0x58 CMakeFiles/OSAHS_project.elf.dir/FATFS/Target/sd_diskio.c.obj
                0x08006ab4                SD_ioctl
 .text.BSP_SD_ReadCpltCallback
                0x08006b0c       0x14 CMakeFiles/OSAHS_project.elf.dir/FATFS/Target/sd_diskio.c.obj
                0x08006b0c                BSP_SD_ReadCpltCallback
 .text.M8266HostIf_SPI_SetSpeed
                0x08006b20       0x38 CMakeFiles/OSAHS_project.elf.dir/M8266WIFI/M8266HostIf_STM32xx.c.obj
                0x08006b20                M8266HostIf_SPI_SetSpeed
 .text.M8266HostIf_Set_nRESET_Pin
                0x08006b58       0x20 CMakeFiles/OSAHS_project.elf.dir/M8266WIFI/M8266HostIf_STM32xx.c.obj
                0x08006b58                M8266HostIf_Set_nRESET_Pin
 .text.M8266HostIf_Set_SPI_nCS_Pin
                0x08006b78       0x20 CMakeFiles/OSAHS_project.elf.dir/M8266WIFI/M8266HostIf_STM32xx.c.obj
                0x08006b78                M8266HostIf_Set_SPI_nCS_Pin
 .text.M8266HostIf_delay_us
                0x08006b98        0x8 CMakeFiles/OSAHS_project.elf.dir/M8266WIFI/M8266HostIf_STM32xx.c.obj
                0x08006b98                M8266HostIf_delay_us
 .text.M8266WIFI_Module_delay_ms
                0x08006ba0        0x8 CMakeFiles/OSAHS_project.elf.dir/M8266WIFI/M8266WIFI_ops.c.obj
                0x08006ba0                M8266WIFI_Module_delay_ms
 .text.M8266WIFI_Module_Hardware_Reset
                0x08006ba8       0x38 CMakeFiles/OSAHS_project.elf.dir/M8266WIFI/M8266WIFI_ops.c.obj
                0x08006ba8                M8266WIFI_Module_Hardware_Reset
 .text.M8266WIFI_SPI_wait_sta_connecting_to_ap_and_get_ip
                0x08006be0       0x50 CMakeFiles/OSAHS_project.elf.dir/M8266WIFI/M8266WIFI_ops.c.obj
                0x08006be0                M8266WIFI_SPI_wait_sta_connecting_to_ap_and_get_ip
 .text.M8266WIFI_Module_Init_Via_SPI
                0x08006c30       0xd8 CMakeFiles/OSAHS_project.elf.dir/M8266WIFI/M8266WIFI_ops.c.obj
                0x08006c30                M8266WIFI_Module_Init_Via_SPI
 .text.connect_wifi
                0x08006d08       0x20 CMakeFiles/OSAHS_project.elf.dir/M8266WIFI/M8266WIFI_ops.c.obj
                0x08006d08                connect_wifi
 .text.query_connectWIFI_state
                0x08006d28       0x22 CMakeFiles/OSAHS_project.elf.dir/M8266WIFI/M8266WIFI_ops.c.obj
                0x08006d28                query_connectWIFI_state
 *fill*         0x08006d4a        0x2 
 .text.connect_PC
                0x08006d4c       0x74 CMakeFiles/OSAHS_project.elf.dir/M8266WIFI/test_m8266wifi.c.obj
                0x08006d4c                connect_PC
 .text.M8266WIFI_Test
                0x08006dc0       0x44 CMakeFiles/OSAHS_project.elf.dir/M8266WIFI/test_m8266wifi.c.obj
                0x08006dc0                M8266WIFI_Test
 .text.query_M8266_state
                0x08006e04       0x74 CMakeFiles/OSAHS_project.elf.dir/M8266WIFI/test_m8266wifi.c.obj
                0x08006e04                query_M8266_state
 .text.FATFS_LinkDriverEx
                0x08006e78       0x54 CMakeFiles/OSAHS_project.elf.dir/Middlewares/Third_Party/FatFs/src/ff_gen_drv.c.obj
                0x08006e78                FATFS_LinkDriverEx
 .text.FATFS_LinkDriver
                0x08006ecc        0xa CMakeFiles/OSAHS_project.elf.dir/Middlewares/Third_Party/FatFs/src/ff_gen_drv.c.obj
                0x08006ecc                FATFS_LinkDriver
 .text.makeFreeRtosPriority
                0x08006ed6        0xc CMakeFiles/OSAHS_project.elf.dir/Middlewares/Third_Party/FreeRTOS/Source/CMSIS_RTOS/cmsis_os.c.obj
 .text.inHandlerMode
                0x08006ee2        0xc CMakeFiles/OSAHS_project.elf.dir/Middlewares/Third_Party/FreeRTOS/Source/CMSIS_RTOS/cmsis_os.c.obj
 .text.osKernelStart
                0x08006eee        0xa CMakeFiles/OSAHS_project.elf.dir/Middlewares/Third_Party/FreeRTOS/Source/CMSIS_RTOS/cmsis_os.c.obj
                0x08006eee                osKernelStart
 .text.osKernelRunning
                0x08006ef8       0x12 CMakeFiles/OSAHS_project.elf.dir/Middlewares/Third_Party/FreeRTOS/Source/CMSIS_RTOS/cmsis_os.c.obj
                0x08006ef8                osKernelRunning
 .text.osKernelSysTick
                0x08006f0a       0x14 CMakeFiles/OSAHS_project.elf.dir/Middlewares/Third_Party/FreeRTOS/Source/CMSIS_RTOS/cmsis_os.c.obj
                0x08006f0a                osKernelSysTick
 .text.osThreadCreate
                0x08006f1e       0x6a CMakeFiles/OSAHS_project.elf.dir/Middlewares/Third_Party/FreeRTOS/Source/CMSIS_RTOS/cmsis_os.c.obj
                0x08006f1e                osThreadCreate
 .text.osThreadTerminate
                0x08006f88        0xa CMakeFiles/OSAHS_project.elf.dir/Middlewares/Third_Party/FreeRTOS/Source/CMSIS_RTOS/cmsis_os.c.obj
                0x08006f88                osThreadTerminate
 .text.osDelay  0x08006f92        0xe CMakeFiles/OSAHS_project.elf.dir/Middlewares/Third_Party/FreeRTOS/Source/CMSIS_RTOS/cmsis_os.c.obj
                0x08006f92                osDelay
 .text.osSemaphoreCreate
                0x08006fa0       0x48 CMakeFiles/OSAHS_project.elf.dir/Middlewares/Third_Party/FreeRTOS/Source/CMSIS_RTOS/cmsis_os.c.obj
                0x08006fa0                osSemaphoreCreate
 .text.osSemaphoreWait
                0x08006fe8       0x5e CMakeFiles/OSAHS_project.elf.dir/Middlewares/Third_Party/FreeRTOS/Source/CMSIS_RTOS/cmsis_os.c.obj
                0x08006fe8                osSemaphoreWait
 .text.osSemaphoreRelease
                0x08007046       0x5a CMakeFiles/OSAHS_project.elf.dir/Middlewares/Third_Party/FreeRTOS/Source/CMSIS_RTOS/cmsis_os.c.obj
                0x08007046                osSemaphoreRelease
 .text.osMessageCreate
                0x080070a0       0x2a CMakeFiles/OSAHS_project.elf.dir/Middlewares/Third_Party/FreeRTOS/Source/CMSIS_RTOS/cmsis_os.c.obj
                0x080070a0                osMessageCreate
 .text.osMessagePut
                0x080070ca       0x66 CMakeFiles/OSAHS_project.elf.dir/Middlewares/Third_Party/FreeRTOS/Source/CMSIS_RTOS/cmsis_os.c.obj
                0x080070ca                osMessagePut
 .text.osMessageGet
                0x08007130       0x88 CMakeFiles/OSAHS_project.elf.dir/Middlewares/Third_Party/FreeRTOS/Source/CMSIS_RTOS/cmsis_os.c.obj
                0x08007130                osMessageGet
 .text.vListInitialise
                0x080071b8       0x16 CMakeFiles/OSAHS_project.elf.dir/Middlewares/Third_Party/FreeRTOS/Source/list.c.obj
                0x080071b8                vListInitialise
 .text.vListInitialiseItem
                0x080071ce        0x6 CMakeFiles/OSAHS_project.elf.dir/Middlewares/Third_Party/FreeRTOS/Source/list.c.obj
                0x080071ce                vListInitialiseItem
 .text.vListInsertEnd
                0x080071d4       0x16 CMakeFiles/OSAHS_project.elf.dir/Middlewares/Third_Party/FreeRTOS/Source/list.c.obj
                0x080071d4                vListInsertEnd
 .text.vListInsert
                0x080071ea       0x32 CMakeFiles/OSAHS_project.elf.dir/Middlewares/Third_Party/FreeRTOS/Source/list.c.obj
                0x080071ea                vListInsert
 .text.uxListRemove
                0x0800721c       0x26 CMakeFiles/OSAHS_project.elf.dir/Middlewares/Third_Party/FreeRTOS/Source/list.c.obj
                0x0800721c                uxListRemove
 *fill*         0x08007242        0x2 
 .text.prvTaskExitError
                0x08007244       0x40 CMakeFiles/OSAHS_project.elf.dir/Middlewares/Third_Party/FreeRTOS/Source/portable/GCC/ARM_CM4F/port.c.obj
 .text.prvPortStartFirstTask
                0x08007284       0x28 CMakeFiles/OSAHS_project.elf.dir/Middlewares/Third_Party/FreeRTOS/Source/portable/GCC/ARM_CM4F/port.c.obj
 .text.vPortEnableVFP
                0x080072ac       0x14 CMakeFiles/OSAHS_project.elf.dir/Middlewares/Third_Party/FreeRTOS/Source/portable/GCC/ARM_CM4F/port.c.obj
 .text.pxPortInitialiseStack
                0x080072c0       0x2c CMakeFiles/OSAHS_project.elf.dir/Middlewares/Third_Party/FreeRTOS/Source/portable/GCC/ARM_CM4F/port.c.obj
                0x080072c0                pxPortInitialiseStack
 *fill*         0x080072ec        0x4 
 .text.SVC_Handler
                0x080072f0       0x24 CMakeFiles/OSAHS_project.elf.dir/Middlewares/Third_Party/FreeRTOS/Source/portable/GCC/ARM_CM4F/port.c.obj
                0x080072f0                SVC_Handler
 .text.vPortEnterCritical
                0x08007314       0x44 CMakeFiles/OSAHS_project.elf.dir/Middlewares/Third_Party/FreeRTOS/Source/portable/GCC/ARM_CM4F/port.c.obj
                0x08007314                vPortEnterCritical
 .text.vPortExitCritical
                0x08007358       0x2c CMakeFiles/OSAHS_project.elf.dir/Middlewares/Third_Party/FreeRTOS/Source/portable/GCC/ARM_CM4F/port.c.obj
                0x08007358                vPortExitCritical
 *fill*         0x08007384        0xc 
 .text.PendSV_Handler
                0x08007390       0x64 CMakeFiles/OSAHS_project.elf.dir/Middlewares/Third_Party/FreeRTOS/Source/portable/GCC/ARM_CM4F/port.c.obj
                0x08007390                PendSV_Handler
 .text.SysTick_Handler
                0x080073f4       0x2c CMakeFiles/OSAHS_project.elf.dir/Middlewares/Third_Party/FreeRTOS/Source/portable/GCC/ARM_CM4F/port.c.obj
                0x080073f4                SysTick_Handler
 .text.vPortSetupTimerInterrupt
                0x08007420       0x28 CMakeFiles/OSAHS_project.elf.dir/Middlewares/Third_Party/FreeRTOS/Source/portable/GCC/ARM_CM4F/port.c.obj
                0x08007420                vPortSetupTimerInterrupt
 .text.xPortStartScheduler
                0x08007448      0x118 CMakeFiles/OSAHS_project.elf.dir/Middlewares/Third_Party/FreeRTOS/Source/portable/GCC/ARM_CM4F/port.c.obj
                0x08007448                xPortStartScheduler
 .text.vPortValidateInterruptPriority
                0x08007560       0x5c CMakeFiles/OSAHS_project.elf.dir/Middlewares/Third_Party/FreeRTOS/Source/portable/GCC/ARM_CM4F/port.c.obj
                0x08007560                vPortValidateInterruptPriority
 .text.prvHeapInit
                0x080075bc       0x64 CMakeFiles/OSAHS_project.elf.dir/Middlewares/Third_Party/FreeRTOS/Source/portable/MemMang/heap_4.c.obj
 .text.prvInsertBlockIntoFreeList
                0x08007620       0x64 CMakeFiles/OSAHS_project.elf.dir/Middlewares/Third_Party/FreeRTOS/Source/portable/MemMang/heap_4.c.obj
 .text.pvPortMalloc
                0x08007684       0xfc CMakeFiles/OSAHS_project.elf.dir/Middlewares/Third_Party/FreeRTOS/Source/portable/MemMang/heap_4.c.obj
                0x08007684                pvPortMalloc
 .text.vPortFree
                0x08007780       0x7c CMakeFiles/OSAHS_project.elf.dir/Middlewares/Third_Party/FreeRTOS/Source/portable/MemMang/heap_4.c.obj
                0x08007780                vPortFree
 .text.prvGetDisinheritPriorityAfterTimeout
                0x080077fc       0x10 CMakeFiles/OSAHS_project.elf.dir/Middlewares/Third_Party/FreeRTOS/Source/queue.c.obj
 .text.prvIsQueueFull
                0x0800780c       0x1e CMakeFiles/OSAHS_project.elf.dir/Middlewares/Third_Party/FreeRTOS/Source/queue.c.obj
 .text.prvIsQueueEmpty
                0x0800782a       0x1a CMakeFiles/OSAHS_project.elf.dir/Middlewares/Third_Party/FreeRTOS/Source/queue.c.obj
 .text.prvCopyDataToQueue
                0x08007844       0x76 CMakeFiles/OSAHS_project.elf.dir/Middlewares/Third_Party/FreeRTOS/Source/queue.c.obj
 .text.prvCopyDataFromQueue
                0x080078ba       0x24 CMakeFiles/OSAHS_project.elf.dir/Middlewares/Third_Party/FreeRTOS/Source/queue.c.obj
 .text.prvUnlockQueue
                0x080078de       0x6e CMakeFiles/OSAHS_project.elf.dir/Middlewares/Third_Party/FreeRTOS/Source/queue.c.obj
 .text.xQueueGenericReset
                0x0800794c       0x84 CMakeFiles/OSAHS_project.elf.dir/Middlewares/Third_Party/FreeRTOS/Source/queue.c.obj
                0x0800794c                xQueueGenericReset
 .text.prvInitialiseNewQueue
                0x080079d0       0x22 CMakeFiles/OSAHS_project.elf.dir/Middlewares/Third_Party/FreeRTOS/Source/queue.c.obj
 .text.xQueueGenericCreateStatic
                0x080079f2       0x94 CMakeFiles/OSAHS_project.elf.dir/Middlewares/Third_Party/FreeRTOS/Source/queue.c.obj
                0x080079f2                xQueueGenericCreateStatic
 .text.xQueueGenericCreate
                0x08007a86       0x48 CMakeFiles/OSAHS_project.elf.dir/Middlewares/Third_Party/FreeRTOS/Source/queue.c.obj
                0x08007a86                xQueueGenericCreate
 .text.xQueueGenericSend
                0x08007ace      0x188 CMakeFiles/OSAHS_project.elf.dir/Middlewares/Third_Party/FreeRTOS/Source/queue.c.obj
                0x08007ace                xQueueGenericSend
 .text.xQueueGenericSendFromISR
                0x08007c56       0xce CMakeFiles/OSAHS_project.elf.dir/Middlewares/Third_Party/FreeRTOS/Source/queue.c.obj
                0x08007c56                xQueueGenericSendFromISR
 .text.xQueueGiveFromISR
                0x08007d24       0xb2 CMakeFiles/OSAHS_project.elf.dir/Middlewares/Third_Party/FreeRTOS/Source/queue.c.obj
                0x08007d24                xQueueGiveFromISR
 .text.xQueueReceive
                0x08007dd6      0x15e CMakeFiles/OSAHS_project.elf.dir/Middlewares/Third_Party/FreeRTOS/Source/queue.c.obj
                0x08007dd6                xQueueReceive
 .text.xQueueSemaphoreTake
                0x08007f34      0x1a6 CMakeFiles/OSAHS_project.elf.dir/Middlewares/Third_Party/FreeRTOS/Source/queue.c.obj
                0x08007f34                xQueueSemaphoreTake
 .text.xQueueReceiveFromISR
                0x080080da       0xa8 CMakeFiles/OSAHS_project.elf.dir/Middlewares/Third_Party/FreeRTOS/Source/queue.c.obj
                0x080080da                xQueueReceiveFromISR
 *fill*         0x08008182        0x2 
 .text.prvResetNextTaskUnblockTime
                0x08008184       0x2c CMakeFiles/OSAHS_project.elf.dir/Middlewares/Third_Party/FreeRTOS/Source/tasks.c.obj
 .text.prvInitialiseNewTask
                0x080081b0       0xa6 CMakeFiles/OSAHS_project.elf.dir/Middlewares/Third_Party/FreeRTOS/Source/tasks.c.obj
 *fill*         0x08008256        0x2 
 .text.prvInitialiseTaskLists
                0x08008258       0x68 CMakeFiles/OSAHS_project.elf.dir/Middlewares/Third_Party/FreeRTOS/Source/tasks.c.obj
 .text.prvAddNewTaskToReadyList
                0x080082c0       0xac CMakeFiles/OSAHS_project.elf.dir/Middlewares/Third_Party/FreeRTOS/Source/tasks.c.obj
 .text.prvDeleteTCB
                0x0800836c       0x38 CMakeFiles/OSAHS_project.elf.dir/Middlewares/Third_Party/FreeRTOS/Source/tasks.c.obj
 .text.prvCheckTasksWaitingTermination
                0x080083a4       0x4c CMakeFiles/OSAHS_project.elf.dir/Middlewares/Third_Party/FreeRTOS/Source/tasks.c.obj
 .text.prvIdleTask
                0x080083f0       0x28 CMakeFiles/OSAHS_project.elf.dir/Middlewares/Third_Party/FreeRTOS/Source/tasks.c.obj
 .text.prvAddCurrentTaskToDelayedList
                0x08008418       0x98 CMakeFiles/OSAHS_project.elf.dir/Middlewares/Third_Party/FreeRTOS/Source/tasks.c.obj
 .text.xTaskCreateStatic
                0x080084b0       0x76 CMakeFiles/OSAHS_project.elf.dir/Middlewares/Third_Party/FreeRTOS/Source/tasks.c.obj
                0x080084b0                xTaskCreateStatic
 .text.xTaskCreate
                0x08008526       0x68 CMakeFiles/OSAHS_project.elf.dir/Middlewares/Third_Party/FreeRTOS/Source/tasks.c.obj
                0x08008526                xTaskCreate
 *fill*         0x0800858e        0x2 
 .text.vTaskDelete
                0x08008590       0xe0 CMakeFiles/OSAHS_project.elf.dir/Middlewares/Third_Party/FreeRTOS/Source/tasks.c.obj
                0x08008590                vTaskDelete
 .text.vTaskStartScheduler
                0x08008670       0x74 CMakeFiles/OSAHS_project.elf.dir/Middlewares/Third_Party/FreeRTOS/Source/tasks.c.obj
                0x08008670                vTaskStartScheduler
 .text.vTaskSuspendAll
                0x080086e4       0x10 CMakeFiles/OSAHS_project.elf.dir/Middlewares/Third_Party/FreeRTOS/Source/tasks.c.obj
                0x080086e4                vTaskSuspendAll
 .text.xTaskGetTickCount
                0x080086f4        0xc CMakeFiles/OSAHS_project.elf.dir/Middlewares/Third_Party/FreeRTOS/Source/tasks.c.obj
                0x080086f4                xTaskGetTickCount
 .text.xTaskGetTickCountFromISR
                0x08008700       0x10 CMakeFiles/OSAHS_project.elf.dir/Middlewares/Third_Party/FreeRTOS/Source/tasks.c.obj
                0x08008700                xTaskGetTickCountFromISR
 .text.xTaskIncrementTick
                0x08008710      0x118 CMakeFiles/OSAHS_project.elf.dir/Middlewares/Third_Party/FreeRTOS/Source/tasks.c.obj
                0x08008710                xTaskIncrementTick
 .text.xTaskResumeAll
                0x08008828       0xf8 CMakeFiles/OSAHS_project.elf.dir/Middlewares/Third_Party/FreeRTOS/Source/tasks.c.obj
                0x08008828                xTaskResumeAll
 .text.vTaskDelay
                0x08008920       0x4c CMakeFiles/OSAHS_project.elf.dir/Middlewares/Third_Party/FreeRTOS/Source/tasks.c.obj
                0x08008920                vTaskDelay
 .text.vTaskSwitchContext
                0x0800896c       0x98 CMakeFiles/OSAHS_project.elf.dir/Middlewares/Third_Party/FreeRTOS/Source/tasks.c.obj
                0x0800896c                vTaskSwitchContext
 .text.vTaskPlaceOnEventList
                0x08008a04       0x30 CMakeFiles/OSAHS_project.elf.dir/Middlewares/Third_Party/FreeRTOS/Source/tasks.c.obj
                0x08008a04                vTaskPlaceOnEventList
 .text.xTaskRemoveFromEventList
                0x08008a34       0x8c CMakeFiles/OSAHS_project.elf.dir/Middlewares/Third_Party/FreeRTOS/Source/tasks.c.obj
                0x08008a34                xTaskRemoveFromEventList
 .text.vTaskInternalSetTimeOutState
                0x08008ac0       0x18 CMakeFiles/OSAHS_project.elf.dir/Middlewares/Third_Party/FreeRTOS/Source/tasks.c.obj
                0x08008ac0                vTaskInternalSetTimeOutState
 .text.xTaskCheckForTimeOut
                0x08008ad8       0x84 CMakeFiles/OSAHS_project.elf.dir/Middlewares/Third_Party/FreeRTOS/Source/tasks.c.obj
                0x08008ad8                xTaskCheckForTimeOut
 .text.vTaskMissedYield
                0x08008b5c        0xc CMakeFiles/OSAHS_project.elf.dir/Middlewares/Third_Party/FreeRTOS/Source/tasks.c.obj
                0x08008b5c                vTaskMissedYield
 .text.xTaskGetSchedulerState
                0x08008b68       0x20 CMakeFiles/OSAHS_project.elf.dir/Middlewares/Third_Party/FreeRTOS/Source/tasks.c.obj
                0x08008b68                xTaskGetSchedulerState
 .text.xTaskPriorityInherit
                0x08008b88       0xac CMakeFiles/OSAHS_project.elf.dir/Middlewares/Third_Party/FreeRTOS/Source/tasks.c.obj
                0x08008b88                xTaskPriorityInherit
 .text.xTaskPriorityDisinherit
                0x08008c34       0xb4 CMakeFiles/OSAHS_project.elf.dir/Middlewares/Third_Party/FreeRTOS/Source/tasks.c.obj
                0x08008c34                xTaskPriorityDisinherit
 .text.vTaskPriorityDisinheritAfterTimeout
                0x08008ce8       0xb4 CMakeFiles/OSAHS_project.elf.dir/Middlewares/Third_Party/FreeRTOS/Source/tasks.c.obj
                0x08008ce8                vTaskPriorityDisinheritAfterTimeout
 .text.pvTaskIncrementMutexHeldCount
                0x08008d9c       0x1c CMakeFiles/OSAHS_project.elf.dir/Middlewares/Third_Party/FreeRTOS/Source/tasks.c.obj
                0x08008d9c                pvTaskIncrementMutexHeldCount
 .text.spo2_init
                0x08008db8       0x4c CMakeFiles/OSAHS_project.elf.dir/spo2/spo2.c.obj
                0x08008db8                spo2_init
 .text.receive_spo2
                0x08008e04       0x7c CMakeFiles/OSAHS_project.elf.dir/spo2/spo2.c.obj
                0x08008e04                receive_spo2
 .text.send_spo2
                0x08008e80       0x58 CMakeFiles/OSAHS_project.elf.dir/spo2/spo2.c.obj
                0x08008e80                send_spo2
 .text.Reset_Handler
                0x08008ed8       0x50 CMakeFiles/OSAHS_project.elf.dir/startup/startup_stm32f407xx.s.obj
                0x08008ed8                Reset_Handler
 .text.Default_Handler
                0x08008f28        0x2 CMakeFiles/OSAHS_project.elf.dir/startup/startup_stm32f407xx.s.obj
                0x08008f28                RTC_Alarm_IRQHandler
                0x08008f28                HASH_RNG_IRQHandler
                0x08008f28                EXTI2_IRQHandler
                0x08008f28                TIM8_CC_IRQHandler
                0x08008f28                TIM1_CC_IRQHandler
                0x08008f28                DMA2_Stream5_IRQHandler
                0x08008f28                PVD_IRQHandler
                0x08008f28                SDIO_IRQHandler
                0x08008f28                TAMP_STAMP_IRQHandler
                0x08008f28                CAN2_RX1_IRQHandler
                0x08008f28                EXTI3_IRQHandler
                0x08008f28                TIM8_TRG_COM_TIM14_IRQHandler
                0x08008f28                TIM8_UP_TIM13_IRQHandler
                0x08008f28                I2C3_ER_IRQHandler
                0x08008f28                EXTI0_IRQHandler
                0x08008f28                I2C2_EV_IRQHandler
                0x08008f28                DMA1_Stream2_IRQHandler
                0x08008f28                CAN1_RX0_IRQHandler
                0x08008f28                FPU_IRQHandler
                0x08008f28                OTG_HS_WKUP_IRQHandler
                0x08008f28                CAN2_SCE_IRQHandler
                0x08008f28                SPI1_IRQHandler
                0x08008f28                TIM6_DAC_IRQHandler
                0x08008f28                TIM1_BRK_TIM9_IRQHandler
                0x08008f28                DCMI_IRQHandler
                0x08008f28                CAN2_RX0_IRQHandler
                0x08008f28                DMA2_Stream3_IRQHandler
                0x08008f28                USART6_IRQHandler
                0x08008f28                CAN1_RX1_IRQHandler
                0x08008f28                UART5_IRQHandler
                0x08008f28                DMA2_Stream0_IRQHandler
                0x08008f28                TIM4_IRQHandler
                0x08008f28                I2C1_EV_IRQHandler
                0x08008f28                DMA1_Stream6_IRQHandler
                0x08008f28                UART4_IRQHandler
                0x08008f28                TIM3_IRQHandler
                0x08008f28                RCC_IRQHandler
                0x08008f28                TIM8_BRK_TIM12_IRQHandler
                0x08008f28                Default_Handler
                0x08008f28                ADC_IRQHandler
                0x08008f28                DMA1_Stream7_IRQHandler
                0x08008f28                TIM7_IRQHandler
                0x08008f28                CAN2_TX_IRQHandler
                0x08008f28                TIM5_IRQHandler
                0x08008f28                DMA2_Stream7_IRQHandler
                0x08008f28                I2C3_EV_IRQHandler
                0x08008f28                EXTI9_5_IRQHandler
                0x08008f28                RTC_WKUP_IRQHandler
                0x08008f28                ETH_WKUP_IRQHandler
                0x08008f28                SPI2_IRQHandler
                0x08008f28                OTG_HS_EP1_IN_IRQHandler
                0x08008f28                CAN1_TX_IRQHandler
                0x08008f28                EXTI4_IRQHandler
                0x08008f28                FSMC_IRQHandler
                0x08008f28                ETH_IRQHandler
                0x08008f28                OTG_HS_EP1_OUT_IRQHandler
                0x08008f28                WWDG_IRQHandler
                0x08008f28                TIM2_IRQHandler
                0x08008f28                OTG_FS_WKUP_IRQHandler
                0x08008f28                TIM1_TRG_COM_TIM11_IRQHandler
                0x08008f28                OTG_HS_IRQHandler
                0x08008f28                EXTI1_IRQHandler
                0x08008f28                USART2_IRQHandler
                0x08008f28                I2C2_ER_IRQHandler
                0x08008f28                DMA2_Stream1_IRQHandler
                0x08008f28                CAN1_SCE_IRQHandler
                0x08008f28                FLASH_IRQHandler
                0x08008f28                USART1_IRQHandler
                0x08008f28                OTG_FS_IRQHandler
                0x08008f28                SPI3_IRQHandler
                0x08008f28                DMA1_Stream4_IRQHandler
                0x08008f28                I2C1_ER_IRQHandler
                0x08008f28                DMA2_Stream6_IRQHandler
                0x08008f28                DMA1_Stream3_IRQHandler
 *fill*         0x08008f2a        0x2 
 .text.5        0x08008f2c       0xf4 C:\Users\jjj\Desktop\OSAHS_project\M8266WIFI\libM8266WIFIDrv_STM32F4xx.a(M8266WIFIDrv_STM32F4xx.o)
 .text.9        0x08009020       0xfa C:\Users\jjj\Desktop\OSAHS_project\M8266WIFI\libM8266WIFIDrv_STM32F4xx.a(M8266WIFIDrv_STM32F4xx.o)
 .text.12       0x0800911a       0xee C:\Users\jjj\Desktop\OSAHS_project\M8266WIFI\libM8266WIFIDrv_STM32F4xx.a(M8266WIFIDrv_STM32F4xx.o)
 .text.14       0x08009208       0xfc C:\Users\jjj\Desktop\OSAHS_project\M8266WIFI\libM8266WIFIDrv_STM32F4xx.a(M8266WIFIDrv_STM32F4xx.o)
 .text.M8266WIFI_SPI_Get_Opmode
                0x08009304       0x48 C:\Users\jjj\Desktop\OSAHS_project\M8266WIFI\libM8266WIFIDrv_STM32F4xx.a(M8266WIFIDrv_STM32F4xx.o)
                0x08009304                M8266WIFI_SPI_Get_Opmode
 .text.M8266WIFI_SPI_Set_Opmode
                0x0800934c       0x76 C:\Users\jjj\Desktop\OSAHS_project\M8266WIFI\libM8266WIFIDrv_STM32F4xx.a(M8266WIFIDrv_STM32F4xx.o)
                0x0800934c                M8266WIFI_SPI_Set_Opmode
 .text.M8266WIFI_SPI_Get_STA_Connection_Status
                0x080093c2       0x58 C:\Users\jjj\Desktop\OSAHS_project\M8266WIFI\libM8266WIFIDrv_STM32F4xx.a(M8266WIFIDrv_STM32F4xx.o)
                0x080093c2                M8266WIFI_SPI_Get_STA_Connection_Status
 .text.M8266WIFI_SPI_Config_STA_Param
                0x0800941a       0x18 C:\Users\jjj\Desktop\OSAHS_project\M8266WIFI\libM8266WIFIDrv_STM32F4xx.a(M8266WIFIDrv_STM32F4xx.o)
                0x0800941a                M8266WIFI_SPI_Config_STA_Param
 *fill*         0x08009432        0x2 
 .text.M8266WIFI_SPI_STA_DisConnect_Ap
                0x08009434       0x78 C:\Users\jjj\Desktop\OSAHS_project\M8266WIFI\libM8266WIFIDrv_STM32F4xx.a(M8266WIFIDrv_STM32F4xx.o)
                0x08009434                M8266WIFI_SPI_STA_DisConnect_Ap
 .text.M8266WIFI_SPI_STA_Connect_Ap
                0x080094ac      0x340 C:\Users\jjj\Desktop\OSAHS_project\M8266WIFI\libM8266WIFIDrv_STM32F4xx.a(M8266WIFIDrv_STM32F4xx.o)
                0x080094ac                M8266WIFI_SPI_STA_Connect_Ap
 .text.M8266WIFI_SPI_Get_STA_IP_Addr
                0x080097ec       0x6e C:\Users\jjj\Desktop\OSAHS_project\M8266WIFI\libM8266WIFIDrv_STM32F4xx.a(M8266WIFIDrv_STM32F4xx.o)
                0x080097ec                M8266WIFI_SPI_Get_STA_IP_Addr
 *fill*         0x0800985a        0x2 
 .text.M8266WIFI_SPI_STA_Get_HostIP_by_HostName
                0x0800985c      0x29c C:\Users\jjj\Desktop\OSAHS_project\M8266WIFI\libM8266WIFIDrv_STM32F4xx.a(M8266WIFIDrv_STM32F4xx.o)
                0x0800985c                M8266WIFI_SPI_STA_Get_HostIP_by_HostName
 .text.1        0x08009af8      0x2c4 C:\Users\jjj\Desktop\OSAHS_project\M8266WIFI\libM8266WIFIDrv_STM32F4xx.a(M8266WIFIDrv_STM32F4xx.o)
 .text.M8266WIFI_SPI_Query_Connection
                0x08009dbc       0xd8 C:\Users\jjj\Desktop\OSAHS_project\M8266WIFI\libM8266WIFIDrv_STM32F4xx.a(M8266WIFIDrv_STM32F4xx.o)
                0x08009dbc                M8266WIFI_SPI_Query_Connection
 .text.13       0x08009e94      0x154 C:\Users\jjj\Desktop\OSAHS_project\M8266WIFI\libM8266WIFIDrv_STM32F4xx.a(M8266WIFIDrv_STM32F4xx.o)
 .text.M8266WIFI_SPI_Delete_Connection
                0x08009fe8       0x16 C:\Users\jjj\Desktop\OSAHS_project\M8266WIFI\libM8266WIFIDrv_STM32F4xx.a(M8266WIFIDrv_STM32F4xx.o)
                0x08009fe8                M8266WIFI_SPI_Delete_Connection
 *fill*         0x08009ffe        0x2 
 .text.M8266WIFI_SPI_Setup_Connection
                0x0800a000      0x220 C:\Users\jjj\Desktop\OSAHS_project\M8266WIFI\libM8266WIFIDrv_STM32F4xx.a(M8266WIFIDrv_STM32F4xx.o)
                0x0800a000                M8266WIFI_SPI_Setup_Connection
 .text.M8266WIFI_SPI_Query_Tcp_Mss
                0x0800a220       0x72 C:\Users\jjj\Desktop\OSAHS_project\M8266WIFI\libM8266WIFIDrv_STM32F4xx.a(M8266WIFIDrv_STM32F4xx.o)
                0x0800a220                M8266WIFI_SPI_Query_Tcp_Mss
 .text.M8266WIFI_SPI_Query_Tcp_Window_num
                0x0800a292       0x1a C:\Users\jjj\Desktop\OSAHS_project\M8266WIFI\libM8266WIFIDrv_STM32F4xx.a(M8266WIFIDrv_STM32F4xx.o)
                0x0800a292                M8266WIFI_SPI_Query_Tcp_Window_num
 .text.M8266WIFI_SPI_Send_BlockData
                0x0800a2ac      0x13c C:\Users\jjj\Desktop\OSAHS_project\M8266WIFI\libM8266WIFIDrv_STM32F4xx.a(M8266WIFIDrv_STM32F4xx.o)
                0x0800a2ac                M8266WIFI_SPI_Send_BlockData
 .text.M8266WIFI_SPI_Get_Module_Info
                0x0800a3e8       0x9e C:\Users\jjj\Desktop\OSAHS_project\M8266WIFI\libM8266WIFIDrv_STM32F4xx.a(M8266WIFIDrv_STM32F4xx.o)
                0x0800a3e8                M8266WIFI_SPI_Get_Module_Info
 *fill*         0x0800a486        0x2 
 .text.M8266HostIf_SPI_Select
                0x0800a488       0xd8 C:\Users\jjj\Desktop\OSAHS_project\M8266WIFI\libM8266WIFIDrv_STM32F4xx.a(M8266WIFIDrv_STM32F4xx.o)
                0x0800a488                M8266HostIf_SPI_Select
 .text.__libc_init_array
                0x0800a560       0x48 c:/progra~2/gnuarm~1/102021~1.10/bin/../lib/gcc/arm-none-eabi/10.3.1/../../../../arm-none-eabi/lib/thumb/v7e-m+fp/hard\libg.a(lib_a-init.o)
                0x0800a560                __libc_init_array
 .text.memset   0x0800a5a8       0xa4 c:/progra~2/gnuarm~1/102021~1.10/bin/../lib/gcc/arm-none-eabi/10.3.1/../../../../arm-none-eabi/lib/thumb/v7e-m+fp/hard\libg.a(lib_a-memset.o)
                0x0800a5a8                memset
 .text.startup.register_fini
                0x0800a64c       0x14 c:/progra~2/gnuarm~1/102021~1.10/bin/../lib/gcc/arm-none-eabi/10.3.1/../../../../arm-none-eabi/lib/thumb/v7e-m+fp/hard\libg.a(lib_a-__call_atexit.o)
 .text.atexit   0x0800a660        0xc c:/progra~2/gnuarm~1/102021~1.10/bin/../lib/gcc/arm-none-eabi/10.3.1/../../../../arm-none-eabi/lib/thumb/v7e-m+fp/hard\libg.a(lib_a-atexit.o)
                0x0800a660                atexit
 .text.__libc_fini_array
                0x0800a66c       0x2c c:/progra~2/gnuarm~1/102021~1.10/bin/../lib/gcc/arm-none-eabi/10.3.1/../../../../arm-none-eabi/lib/thumb/v7e-m+fp/hard\libg.a(lib_a-fini.o)
                0x0800a66c                __libc_fini_array
 .text.__retarget_lock_acquire_recursive
                0x0800a698        0x4 c:/progra~2/gnuarm~1/102021~1.10/bin/../lib/gcc/arm-none-eabi/10.3.1/../../../../arm-none-eabi/lib/thumb/v7e-m+fp/hard\libg.a(lib_a-lock.o)
                0x0800a698                __retarget_lock_acquire_recursive
 .text.__retarget_lock_release_recursive
                0x0800a69c        0x4 c:/progra~2/gnuarm~1/102021~1.10/bin/../lib/gcc/arm-none-eabi/10.3.1/../../../../arm-none-eabi/lib/thumb/v7e-m+fp/hard\libg.a(lib_a-lock.o)
                0x0800a69c                __retarget_lock_release_recursive
 .text.__register_exitproc
                0x0800a6a0       0x8c c:/progra~2/gnuarm~1/102021~1.10/bin/../lib/gcc/arm-none-eabi/10.3.1/../../../../arm-none-eabi/lib/thumb/v7e-m+fp/hard\libg.a(lib_a-__atexit.o)
                0x0800a6a0                __register_exitproc
 *(.glue_7)
 .glue_7        0x0800a72c        0x0 linker stubs
 *(.glue_7t)
 .glue_7t       0x0800a72c        0x0 linker stubs
 *(.eh_frame)
 .eh_frame      0x0800a72c        0x0 c:/progra~2/gnuarm~1/102021~1.10/bin/../lib/gcc/arm-none-eabi/10.3.1/thumb/v7e-m+fp/hard/crtbegin.o
 *(.init)
 .init          0x0800a72c        0x4 c:/progra~2/gnuarm~1/102021~1.10/bin/../lib/gcc/arm-none-eabi/10.3.1/thumb/v7e-m+fp/hard/crti.o
                0x0800a72c                _init
 .init          0x0800a730        0x8 c:/progra~2/gnuarm~1/102021~1.10/bin/../lib/gcc/arm-none-eabi/10.3.1/thumb/v7e-m+fp/hard/crtn.o
 *(.fini)
 .fini          0x0800a738        0x4 c:/progra~2/gnuarm~1/102021~1.10/bin/../lib/gcc/arm-none-eabi/10.3.1/thumb/v7e-m+fp/hard/crti.o
                0x0800a738                _fini
 .fini          0x0800a73c        0x8 c:/progra~2/gnuarm~1/102021~1.10/bin/../lib/gcc/arm-none-eabi/10.3.1/thumb/v7e-m+fp/hard/crtn.o
                0x0800a744                . = ALIGN (0x4)
                0x0800a744                _etext = .

.vfp11_veneer   0x0800a744        0x0
 .vfp11_veneer  0x0800a744        0x0 linker stubs

.v4_bx          0x0800a744        0x0
 .v4_bx         0x0800a744        0x0 linker stubs

.iplt           0x0800a744        0x0
 .iplt          0x0800a744        0x0 c:/progra~2/gnuarm~1/102021~1.10/bin/../lib/gcc/arm-none-eabi/10.3.1/thumb/v7e-m+fp/hard/crtbegin.o

.rodata         0x0800a744      0x214
                0x0800a744                . = ALIGN (0x4)
 *(.rodata)
 .rodata        0x0800a744       0x70 CMakeFiles/OSAHS_project.elf.dir/Core/Src/freertos.c.obj
 .rodata        0x0800a7b4       0x10 CMakeFiles/OSAHS_project.elf.dir/FATFS/Target/sd_diskio.c.obj
 .rodata        0x0800a7c4        0xa C:\Users\jjj\Desktop\OSAHS_project\M8266WIFI\libM8266WIFIDrv_STM32F4xx.a(M8266WIFIDrv_STM32F4xx.o)
 *(.rodata*)
 *fill*         0x0800a7ce        0x2 
 .rodata.str1.4
                0x0800a7d0       0x35 CMakeFiles/OSAHS_project.elf.dir/Core/Src/freertos.c.obj
 *fill*         0x0800a805        0x3 
 .rodata.AHBPrescTable
                0x0800a808       0x10 CMakeFiles/OSAHS_project.elf.dir/Core/Src/system_stm32f4xx.c.obj
                0x0800a808                AHBPrescTable
 .rodata.APBPrescTable
                0x0800a818        0x8 CMakeFiles/OSAHS_project.elf.dir/Core/Src/system_stm32f4xx.c.obj
                0x0800a818                APBPrescTable
 .rodata.flagBitshiftOffset.0
                0x0800a820        0x8 CMakeFiles/OSAHS_project.elf.dir/Drivers/STM32F4xx_HAL_Driver/Src/stm32f4xx_hal_dma.c.obj
 .rodata.SD_Driver
                0x0800a828       0x14 CMakeFiles/OSAHS_project.elf.dir/FATFS/Target/sd_diskio.c.obj
                0x0800a828                SD_Driver
 .rodata.M8266WIFI_SPI_wait_sta_connecting_to_ap_and_get_ip.str1.4
                0x0800a83c        0x8 CMakeFiles/OSAHS_project.elf.dir/M8266WIFI/M8266WIFI_ops.c.obj
 .rodata.M8266WIFI_Module_Init_Via_SPI.str1.4
                0x0800a844       0x14 CMakeFiles/OSAHS_project.elf.dir/M8266WIFI/M8266WIFI_ops.c.obj
 .rodata.connect_PC.str1.4
                0x0800a858        0xe CMakeFiles/OSAHS_project.elf.dir/M8266WIFI/test_m8266wifi.c.obj
 *fill*         0x0800a866        0x2 
 .rodata.vTaskStartScheduler.str1.4
                0x0800a868        0x5 CMakeFiles/OSAHS_project.elf.dir/Middlewares/Third_Party/FreeRTOS/Source/tasks.c.obj
 .rodata.cnrpbem
                0x0800a86d       0x10 C:\Users\jjj\Desktop\OSAHS_project\M8266WIFI\libM8266WIFIDrv_STM32F4xx.a(M8266WIFIDrv_STM32F4xx.o)
 .rodata.str1.1
                0x0800a87d       0xd7 C:\Users\jjj\Desktop\OSAHS_project\M8266WIFI\libM8266WIFIDrv_STM32F4xx.a(M8266WIFIDrv_STM32F4xx.o)
                                 0xd9 (size before relaxing)
 .rodata._global_impure_ptr
                0x0800a954        0x4 c:/progra~2/gnuarm~1/102021~1.10/bin/../lib/gcc/arm-none-eabi/10.3.1/../../../../arm-none-eabi/lib/thumb/v7e-m+fp/hard\libg.a(lib_a-impure.o)
                0x0800a954                _global_impure_ptr
                0x0800a958                . = ALIGN (0x4)

.ARM.extab
 *(.ARM.extab* .gnu.linkonce.armextab.*)

.ARM            0x0800a958        0x8
                0x0800a958                __exidx_start = .
 *(.ARM.exidx*)
 .ARM.exidx     0x0800a958        0x8 c:/progra~2/gnuarm~1/102021~1.10/bin/../lib/gcc/arm-none-eabi/10.3.1/thumb/v7e-m+fp/hard\libgcc.a(_udivmoddi4.o)
                0x0800a960                __exidx_end = .

.rel.dyn        0x0800a960        0x0
 .rel.iplt      0x0800a960        0x0 c:/progra~2/gnuarm~1/102021~1.10/bin/../lib/gcc/arm-none-eabi/10.3.1/thumb/v7e-m+fp/hard/crtbegin.o

.preinit_array  0x0800a960        0x0
                0x0800a960                PROVIDE (__preinit_array_start = .)
 *(.preinit_array*)
                0x0800a960                PROVIDE (__preinit_array_end = .)

.init_array     0x0800a960        0x8
                0x0800a960                PROVIDE (__init_array_start = .)
 *(SORT_BY_NAME(.init_array.*))
 .init_array.00000
                0x0800a960        0x4 c:/progra~2/gnuarm~1/102021~1.10/bin/../lib/gcc/arm-none-eabi/10.3.1/../../../../arm-none-eabi/lib/thumb/v7e-m+fp/hard\libg.a(lib_a-__call_atexit.o)
 *(.init_array*)
 .init_array    0x0800a964        0x4 c:/progra~2/gnuarm~1/102021~1.10/bin/../lib/gcc/arm-none-eabi/10.3.1/thumb/v7e-m+fp/hard/crtbegin.o
                0x0800a968                PROVIDE (__init_array_end = .)

.fini_array     0x0800a968        0x4
                0x0800a968                PROVIDE (__fini_array_start = .)
 *(SORT_BY_NAME(.fini_array.*))
 *(.fini_array*)
 .fini_array    0x0800a968        0x4 c:/progra~2/gnuarm~1/102021~1.10/bin/../lib/gcc/arm-none-eabi/10.3.1/thumb/v7e-m+fp/hard/crtbegin.o
                0x0800a96c                PROVIDE (__fini_array_end = .)
                0x0800a96c                _sidata = LOADADDR (.data)

.data           0x20000000      0x45c load address 0x0800a96c
                0x20000000                . = ALIGN (0x4)
                0x20000000                _sdata = .
 *(.data)
 *(.data*)
 .data.SystemCoreClock
                0x20000000        0x4 CMakeFiles/OSAHS_project.elf.dir/Core/Src/system_stm32f4xx.c.obj
                0x20000000                SystemCoreClock
 .data.uwTickFreq
                0x20000004        0x1 CMakeFiles/OSAHS_project.elf.dir/Drivers/STM32F4xx_HAL_Driver/Src/stm32f4xx_hal.c.obj
                0x20000004                uwTickFreq
 *fill*         0x20000005        0x3 
 .data.uwTickPrio
                0x20000008        0x4 CMakeFiles/OSAHS_project.elf.dir/Drivers/STM32F4xx_HAL_Driver/Src/stm32f4xx_hal.c.obj
                0x20000008                uwTickPrio
 .data.Stat     0x2000000c        0x1 CMakeFiles/OSAHS_project.elf.dir/FATFS/Target/sd_diskio.c.obj
 *fill*         0x2000000d        0x3 
 .data.uxCriticalNesting
                0x20000010        0x4 CMakeFiles/OSAHS_project.elf.dir/Middlewares/Third_Party/FreeRTOS/Source/portable/GCC/ARM_CM4F/port.c.obj
 .data.gngptns.6298
                0x20000014        0x1 C:\Users\jjj\Desktop\OSAHS_project\M8266WIFI\libM8266WIFIDrv_STM32F4xx.a(M8266WIFIDrv_STM32F4xx.o)
 .data.gngwtn.6296
                0x20000015        0x1 C:\Users\jjj\Desktop\OSAHS_project\M8266WIFI\libM8266WIFIDrv_STM32F4xx.a(M8266WIFIDrv_STM32F4xx.o)
 .data.mdfwv    0x20000016       0x11 C:\Users\jjj\Desktop\OSAHS_project\M8266WIFI\libM8266WIFIDrv_STM32F4xx.a(M8266WIFIDrv_STM32F4xx.o)
 .data.wtnbsm.6297
                0x20000027        0x1 C:\Users\jjj\Desktop\OSAHS_project\M8266WIFI\libM8266WIFIDrv_STM32F4xx.a(M8266WIFIDrv_STM32F4xx.o)
 .data.wtpstc.6299
                0x20000028        0x2 C:\Users\jjj\Desktop\OSAHS_project\M8266WIFI\libM8266WIFIDrv_STM32F4xx.a(M8266WIFIDrv_STM32F4xx.o)
 *fill*         0x2000002a        0x6 
 .data.impure_data
                0x20000030      0x428 c:/progra~2/gnuarm~1/102021~1.10/bin/../lib/gcc/arm-none-eabi/10.3.1/../../../../arm-none-eabi/lib/thumb/v7e-m+fp/hard\libg.a(lib_a-impure.o)
 .data.__atexit_recursive_mutex
                0x20000458        0x4 c:/progra~2/gnuarm~1/102021~1.10/bin/../lib/gcc/arm-none-eabi/10.3.1/../../../../arm-none-eabi/lib/thumb/v7e-m+fp/hard\libg.a(lib_a-__call_atexit.o)
                0x20000458                __atexit_recursive_mutex
                0x2000045c                . = ALIGN (0x4)
                0x2000045c                _edata = .
                0x0800adc8                _siccmram = LOADADDR (.ccmram)

.igot.plt       0x2000045c        0x0 load address 0x0800adc8
 .igot.plt      0x2000045c        0x0 c:/progra~2/gnuarm~1/102021~1.10/bin/../lib/gcc/arm-none-eabi/10.3.1/thumb/v7e-m+fp/hard/crtbegin.o

.ccmram         0x10000000        0x0 load address 0x0800adc8
                0x10000000                . = ALIGN (0x4)
                0x10000000                _sccmram = .
 *(.ccmram)
 *(.ccmram*)
                0x10000000                . = ALIGN (0x4)
                0x10000000                _eccmram = .
                0x10000000                . = ALIGN (0x4)

.bss            0x2000045c     0x4d34
                0x2000045c                _sbss = .
                0x2000045c                __bss_start__ = _sbss
 *(.bss)
 .bss           0x2000045c       0x1c c:/progra~2/gnuarm~1/102021~1.10/bin/../lib/gcc/arm-none-eabi/10.3.1/thumb/v7e-m+fp/hard/crtbegin.o
 *(.bss*)
 .bss.channelData
                0x20000478       0x20 CMakeFiles/OSAHS_project.elf.dir/ADS1299/ADS1298.c.obj
                0x20000478                channelData
 .bss.channelvalue
                0x20000498       0x10 CMakeFiles/OSAHS_project.elf.dir/ADS1299/ADS1298.c.obj
                0x20000498                channelvalue
 .bss.ecg_eeg_sendbuff
                0x200004a8       0x20 CMakeFiles/OSAHS_project.elf.dir/ADS1299/ADS1298.c.obj
                0x200004a8                ecg_eeg_sendbuff
 .bss.lead_open_flag
                0x200004c8        0x4 CMakeFiles/OSAHS_project.elf.dir/ADS1299/ADS1298.c.obj
                0x200004c8                lead_open_flag
 .bss.regData   0x200004cc       0x18 CMakeFiles/OSAHS_project.elf.dir/ADS1299/ADS1298.c.obj
                0x200004cc                regData
 .bss.stat_1    0x200004e4        0x4 CMakeFiles/OSAHS_project.elf.dir/ADS1299/ADS1298.c.obj
                0x200004e4                stat_1
 .bss.stat_2    0x200004e8        0x4 CMakeFiles/OSAHS_project.elf.dir/ADS1299/ADS1298.c.obj
                0x200004e8                stat_2
 .bss.adc1_flag
                0x200004ec        0x4 CMakeFiles/OSAHS_project.elf.dir/Core/Src/adc.c.obj
                0x200004ec                adc1_flag
 .bss.adc1_value
                0x200004f0      0x31e CMakeFiles/OSAHS_project.elf.dir/Core/Src/adc.c.obj
                0x200004f0                adc1_value
 *fill*         0x2000080e        0x2 
 .bss.adc2_flag
                0x20000810        0x4 CMakeFiles/OSAHS_project.elf.dir/Core/Src/adc.c.obj
                0x20000810                adc2_flag
 .bss.adc2_value
                0x20000814        0x2 CMakeFiles/OSAHS_project.elf.dir/Core/Src/adc.c.obj
                0x20000814                adc2_value
 *fill*         0x20000816        0x2 
 .bss.adc_buffer
                0x20000818      0x3e8 CMakeFiles/OSAHS_project.elf.dir/Core/Src/adc.c.obj
                0x20000818                adc_buffer
 .bss.collect_num
                0x20000c00        0x4 CMakeFiles/OSAHS_project.elf.dir/Core/Src/adc.c.obj
 .bss.hadc1     0x20000c04       0x48 CMakeFiles/OSAHS_project.elf.dir/Core/Src/adc.c.obj
                0x20000c04                hadc1
 .bss.hadc2     0x20000c4c       0x48 CMakeFiles/OSAHS_project.elf.dir/Core/Src/adc.c.obj
                0x20000c4c                hadc2
 .bss.hdma_adc1
                0x20000c94       0x60 CMakeFiles/OSAHS_project.elf.dir/Core/Src/adc.c.obj
                0x20000c94                hdma_adc1
 .bss.hdma_adc2
                0x20000cf4       0x60 CMakeFiles/OSAHS_project.elf.dir/Core/Src/adc.c.obj
                0x20000cf4                hdma_adc2
 .bss.power     0x20000d54       0x10 CMakeFiles/OSAHS_project.elf.dir/Core/Src/adc.c.obj
                0x20000d54                power
 .bss.power_count
                0x20000d64        0x1 CMakeFiles/OSAHS_project.elf.dir/Core/Src/adc.c.obj
                0x20000d64                power_count
 *fill*         0x20000d65        0x3 
 .bss.start_adc_flag
                0x20000d68        0x4 CMakeFiles/OSAHS_project.elf.dir/Core/Src/adc.c.obj
                0x20000d68                start_adc_flag
 .bss.ADS1299_TaskHandle
                0x20000d6c        0x4 CMakeFiles/OSAHS_project.elf.dir/Core/Src/freertos.c.obj
                0x20000d6c                ADS1299_TaskHandle
 .bss.ADS_BinarySemHandle
                0x20000d70        0x4 CMakeFiles/OSAHS_project.elf.dir/Core/Src/freertos.c.obj
                0x20000d70                ADS_BinarySemHandle
 .bss.Breath_BinarySemHandle